[117925.744200] NVMeVirt: Version 1.10 for >> Samsung 970 Pro SSD <<
[117925.744207] NVMeVirt: Storage: 0x100100000-0x300000000 (8191 MiB)
[117925.749117] NVMeVirt: Total Capacity(GiB,MiB)=2,2048 chs=2 luns=4 lines=8192 blk-size(MiB,KiB)=0,64 line-size(MiB,KiB)=0,256
[117925.755727] NVMeVirt: [chmodel_init] bandwidth 800 max_credits 26 tx_time 152
[117925.762800] NVMeVirt: [chmodel_init] bandwidth 800 max_credits 26 tx_time 152
[117925.762817] NVMeVirt: [chmodel_init] bandwidth 3360 max_credits 110 tx_time 36
[117925.764069] NVMeVirt: pqueue: Copyright (c) 2014, Volkan Yazıcı <volkan.yazici@gmail.com>. All rights reserved.
[117925.764106] NVMeVirt: Init FTL instance with 2 channels (524288 pages)
[117925.764107] NVMeVirt: GC victim policy: cat-fig7 k=7 scale_pct=400 age_ratio=7
[117925.770674] NVMeVirt: [chmodel_init] bandwidth 800 max_credits 26 tx_time 152
[117925.777250] NVMeVirt: [chmodel_init] bandwidth 800 max_credits 26 tx_time 152
[117925.777265] NVMeVirt: [chmodel_init] bandwidth 3360 max_credits 110 tx_time 36
[117925.778590] NVMeVirt: Init FTL instance with 2 channels (524288 pages)
[117925.778591] NVMeVirt: GC victim policy: cat-fig7 k=7 scale_pct=400 age_ratio=7
[117925.785103] NVMeVirt: [chmodel_init] bandwidth 800 max_credits 26 tx_time 152
[117925.792377] NVMeVirt: [chmodel_init] bandwidth 800 max_credits 26 tx_time 152
[117925.792401] NVMeVirt: [chmodel_init] bandwidth 3360 max_credits 110 tx_time 36
[117925.794201] NVMeVirt: Init FTL instance with 2 channels (524288 pages)
[117925.794204] NVMeVirt: GC victim policy: cat-fig7 k=7 scale_pct=400 age_ratio=7
[117925.802645] NVMeVirt: [chmodel_init] bandwidth 800 max_credits 26 tx_time 152
[117925.809461] NVMeVirt: [chmodel_init] bandwidth 800 max_credits 26 tx_time 152
[117925.809476] NVMeVirt: [chmodel_init] bandwidth 3360 max_credits 110 tx_time 36
[117925.810733] NVMeVirt: Init FTL instance with 2 channels (524288 pages)
[117925.810734] NVMeVirt: GC victim policy: cat-fig7 k=7 scale_pct=400 age_ratio=7
[117925.810739] NVMeVirt: FTL physical space: 8588886016, logical space: 8026996276 (physical/logical * 100 = 107)
[117925.810740] NVMeVirt: ns 0/1: size 7655 MiB
[117925.810782] PCI host bridge to bus 0001:10
[117925.810783] pci_bus 0001:10: root bus resource [io  0x0000-0xffff]
[117925.810786] pci_bus 0001:10: root bus resource [mem 0x00000000-0x3fffffffffff]
[117925.810787] pci_bus 0001:10: root bus resource [bus 00-ff]
[117925.810793] pci 0001:10:00.0: [0c51:0110] type 00 class 0x010802 PCIe Endpoint
[117925.810796] pci 0001:10:00.0: BAR 0 [mem 0x100000000-0x100003fff 64bit]
[117925.810798] pci 0001:10:00.0: enabling Extended Tags
[117925.810915] NVMeVirt: Virtual PCI bus created (node 0)
[117925.811309] NVMeVirt: nvmev_io_worker_0 started on cpu 2 (node 0)
[117925.811342] NVMeVirt: nvmev_dispatcher started on cpu 1 (node 0)
[117925.811463] nvme nvme1: pci function 0001:10:00.0
[117925.815506] nvme nvme1: 20/0/0 default/read/poll queues
[117925.817982] NVMeVirt: Virtual NVMe device created
[117926.875626] EXT4-fs (nvme1n1): mounted filesystem d665b171-b530-4844-8366-8b57014376cc r/w with ordered data mode. Quota mode: none.
[117926.905933] iCAT_SQLITE_LOAD_START run=20260830-062402-75835
[118004.519456] iCAT_SQLITE_LOAD_END run=20260830-062402-75835
[118004.980162] sh (75973): drop_caches: 3
[118005.007052] iCAT_SQLITE_RUN_START run=20260830-062402-75835
[118008.559350] sh (75972): drop_caches: 3
[118012.602584] sh (75972): drop_caches: 3
[118016.646914] sh (75972): drop_caches: 3
[118020.693177] sh (75972): drop_caches: 3
[118024.738340] sh (75972): drop_caches: 3
[118028.784052] sh (75972): drop_caches: 3
[118032.829114] sh (75972): drop_caches: 3
[118036.869403] sh (75972): drop_caches: 3
[118040.915222] sh (75972): drop_caches: 3
[118044.959808] sh (75972): drop_caches: 3
[118049.006110] sh (75972): drop_caches: 3
[118053.050234] sh (75972): drop_caches: 3
[118057.095229] sh (75972): drop_caches: 3
[118061.139208] sh (75972): drop_caches: 3
[118065.181417] sh (75972): drop_caches: 3
[118069.227447] sh (75972): drop_caches: 3
[118073.272233] sh (75972): drop_caches: 3
[118077.316215] sh (75972): drop_caches: 3
[118081.362813] sh (75972): drop_caches: 3
[118085.408453] sh (75972): drop_caches: 3
[118089.455276] sh (75972): drop_caches: 3
[118093.502803] sh (75972): drop_caches: 3
[118097.545733] sh (75972): drop_caches: 3
[118101.589635] sh (75972): drop_caches: 3
[118105.634615] sh (75972): drop_caches: 3
[118109.681089] sh (75972): drop_caches: 3
[118113.725066] sh (75972): drop_caches: 3
[118117.772108] sh (75972): drop_caches: 3
[118121.818320] sh (75972): drop_caches: 3
[118125.865116] sh (75972): drop_caches: 3
[118129.912926] sh (75972): drop_caches: 3
[118133.953222] sh (75972): drop_caches: 3
[118137.997314] sh (75972): drop_caches: 3
[118142.042123] sh (75972): drop_caches: 3
[118146.080573] sh (75972): drop_caches: 3
[118150.119152] sh (75972): drop_caches: 3
[118154.164963] sh (75972): drop_caches: 3
[118158.211201] sh (75972): drop_caches: 3
[118162.252452] sh (75972): drop_caches: 3
[118166.296877] sh (75972): drop_caches: 3
[118170.342652] sh (75972): drop_caches: 3
[118174.388485] sh (75972): drop_caches: 3
[118178.432020] sh (75972): drop_caches: 3
[118182.474834] sh (75972): drop_caches: 3
[118186.522555] sh (75972): drop_caches: 3
[118190.566350] sh (75972): drop_caches: 3
[118194.611578] sh (75972): drop_caches: 3
[118198.656761] sh (75972): drop_caches: 3
[118202.701718] sh (75972): drop_caches: 3
[118206.745986] sh (75972): drop_caches: 3
[118210.790421] sh (75972): drop_caches: 3
[118214.835644] sh (75972): drop_caches: 3
[118218.879451] sh (75972): drop_caches: 3
[118222.917573] sh (75972): drop_caches: 3
[118226.956468] sh (75972): drop_caches: 3
[118231.000434] sh (75972): drop_caches: 3
[118235.048288] sh (75972): drop_caches: 3
[118239.087485] sh (75972): drop_caches: 3
[118243.134177] sh (75972): drop_caches: 3
[118247.180159] sh (75972): drop_caches: 3
[118251.224322] sh (75972): drop_caches: 3
[118255.268512] sh (75972): drop_caches: 3
[118259.306478] sh (75972): drop_caches: 3
[118263.352753] sh (75972): drop_caches: 3
[118267.400100] sh (75972): drop_caches: 3
[118271.445933] sh (75972): drop_caches: 3
[118275.492585] sh (75972): drop_caches: 3
[118279.535036] sh (75972): drop_caches: 3
[118283.581597] sh (75972): drop_caches: 3
[118287.628013] sh (75972): drop_caches: 3
[118291.673670] sh (75972): drop_caches: 3
[118295.716869] sh (75972): drop_caches: 3
[118299.761473] sh (75972): drop_caches: 3
[118303.806282] sh (75972): drop_caches: 3
[118307.850258] sh (75972): drop_caches: 3
[118311.897068] sh (75972): drop_caches: 3
[118315.936987] sh (75972): drop_caches: 3
[118319.980439] sh (75972): drop_caches: 3
[118324.026866] sh (75972): drop_caches: 3
[118328.070393] sh (75972): drop_caches: 3
[118332.113643] sh (75972): drop_caches: 3
[118336.160236] sh (75972): drop_caches: 3
[118340.203019] sh (75972): drop_caches: 3
[118344.246886] sh (75972): drop_caches: 3
[118348.291475] sh (75972): drop_caches: 3
[118352.335889] sh (75972): drop_caches: 3
[118356.379714] sh (75972): drop_caches: 3
[118360.422569] sh (75972): drop_caches: 3
[118364.468896] sh (75972): drop_caches: 3
[118368.514435] sh (75972): drop_caches: 3
[118372.559948] sh (75972): drop_caches: 3
[118376.605400] sh (75972): drop_caches: 3
[118380.649940] sh (75972): drop_caches: 3
[118384.697000] sh (75972): drop_caches: 3
[118388.741603] sh (75972): drop_caches: 3
[118392.785185] sh (75972): drop_caches: 3
[118396.834998] sh (75972): drop_caches: 3
[118400.881414] sh (75972): drop_caches: 3
[118404.926232] sh (75972): drop_caches: 3
[118408.972818] sh (75972): drop_caches: 3
[118413.020002] sh (75972): drop_caches: 3
[118417.063352] sh (75972): drop_caches: 3
[118421.108441] sh (75972): drop_caches: 3
[118425.157096] sh (75972): drop_caches: 3
[118429.201735] sh (75972): drop_caches: 3
[118433.246835] sh (75972): drop_caches: 3
[118437.292698] sh (75972): drop_caches: 3
[118441.339606] sh (75972): drop_caches: 3
[118445.383449] sh (75972): drop_caches: 3
[118449.429051] sh (75972): drop_caches: 3
[118453.475100] sh (75972): drop_caches: 3
[118457.519674] sh (75972): drop_caches: 3
[118461.569494] sh (75972): drop_caches: 3
[118465.616688] sh (75972): drop_caches: 3
[118469.663028] sh (75972): drop_caches: 3
[118473.711124] sh (75972): drop_caches: 3
[118477.758073] sh (75972): drop_caches: 3
[118481.799981] sh (75972): drop_caches: 3
[118485.845942] sh (75972): drop_caches: 3
[118489.891015] sh (75972): drop_caches: 3
[118493.931083] sh (75972): drop_caches: 3
[118497.974561] sh (75972): drop_caches: 3
[118502.020402] sh (75972): drop_caches: 3
[118506.065405] sh (75972): drop_caches: 3
[118510.105295] sh (75972): drop_caches: 3
[118514.151493] sh (75972): drop_caches: 3
[118518.196965] sh (75972): drop_caches: 3
[118522.243033] sh (75972): drop_caches: 3
[118526.290152] sh (75972): drop_caches: 3
[118530.335150] sh (75972): drop_caches: 3
[118534.379348] sh (75972): drop_caches: 3
[118538.425479] sh (75972): drop_caches: 3
[118542.469700] sh (75972): drop_caches: 3
[118546.517153] sh (75972): drop_caches: 3
[118550.560432] sh (75972): drop_caches: 3
[118554.605243] sh (75972): drop_caches: 3
[118558.649446] sh (75972): drop_caches: 3
[118562.693592] sh (75972): drop_caches: 3
[118566.731427] sh (75972): drop_caches: 3
[118570.774192] sh (75972): drop_caches: 3
[118574.817733] sh (75972): drop_caches: 3
[118578.862712] sh (75972): drop_caches: 3
[118582.907317] sh (75972): drop_caches: 3
[118586.949590] sh (75972): drop_caches: 3
[118590.993257] sh (75972): drop_caches: 3
[118595.039652] sh (75972): drop_caches: 3
[118599.084323] sh (75972): drop_caches: 3
[118603.127607] sh (75972): drop_caches: 3
[118607.172320] sh (75972): drop_caches: 3
[118611.217189] sh (75972): drop_caches: 3
[118615.261017] sh (75972): drop_caches: 3
[118619.297787] sh (75972): drop_caches: 3
[118623.345548] sh (75972): drop_caches: 3
[118627.389757] sh (75972): drop_caches: 3
[118631.435617] sh (75972): drop_caches: 3
[118635.480163] sh (75972): drop_caches: 3
[118639.524769] sh (75972): drop_caches: 3
[118643.564454] sh (75972): drop_caches: 3
[118647.606654] sh (75972): drop_caches: 3
[118651.651901] sh (75972): drop_caches: 3
[118655.695763] sh (75972): drop_caches: 3
[118659.740631] sh (75972): drop_caches: 3
[118663.785817] sh (75972): drop_caches: 3
[118667.834392] sh (75972): drop_caches: 3
[118671.880312] sh (75972): drop_caches: 3
[118675.926007] sh (75972): drop_caches: 3
[118679.969289] sh (75972): drop_caches: 3
[118684.014327] sh (75972): drop_caches: 3
[118688.058895] sh (75972): drop_caches: 3
[118692.103057] sh (75972): drop_caches: 3
[118696.148340] sh (75972): drop_caches: 3
[118700.195427] sh (75972): drop_caches: 3
[118704.238909] sh (75972): drop_caches: 3
[118708.280093] sh (75972): drop_caches: 3
[118712.325774] sh (75972): drop_caches: 3
[118716.373864] sh (75972): drop_caches: 3
[118720.412880] sh (75972): drop_caches: 3
[118724.457694] sh (75972): drop_caches: 3
[118728.500797] sh (75972): drop_caches: 3
[118732.546428] sh (75972): drop_caches: 3
[118736.591540] sh (75972): drop_caches: 3
[118740.633524] sh (75972): drop_caches: 3
[118744.677565] sh (75972): drop_caches: 3
[118748.724083] sh (75972): drop_caches: 3
[118752.769729] sh (75972): drop_caches: 3
[118756.815547] sh (75972): drop_caches: 3
[118760.860220] sh (75972): drop_caches: 3
[118764.906361] sh (75972): drop_caches: 3
[118768.951672] sh (75972): drop_caches: 3
[118772.998352] sh (75972): drop_caches: 3
[118777.044757] sh (75972): drop_caches: 3
[118781.089178] sh (75972): drop_caches: 3
[118785.138035] sh (75972): drop_caches: 3
[118789.185300] sh (75972): drop_caches: 3
[118793.230546] sh (75972): drop_caches: 3
[118797.276239] sh (75972): drop_caches: 3
[118801.324513] sh (75972): drop_caches: 3
[118805.372085] sh (75972): drop_caches: 3
[118809.419130] sh (75972): drop_caches: 3
[118813.462632] sh (75972): drop_caches: 3
[118817.509021] sh (75972): drop_caches: 3
[118821.552848] sh (75972): drop_caches: 3
[118825.595976] sh (75972): drop_caches: 3
[118829.643662] sh (75972): drop_caches: 3
[118833.688948] sh (75972): drop_caches: 3
[118837.734151] sh (75972): drop_caches: 3
[118841.781283] sh (75972): drop_caches: 3
[118845.827047] sh (75972): drop_caches: 3
[118849.873309] sh (75972): drop_caches: 3
[118853.911530] sh (75972): drop_caches: 3
[118857.950645] sh (75972): drop_caches: 3
[118861.993904] sh (75972): drop_caches: 3
[118866.041599] sh (75972): drop_caches: 3
[118870.079608] sh (75972): drop_caches: 3
[118874.118142] sh (75972): drop_caches: 3
[118878.161816] sh (75972): drop_caches: 3
[118882.209224] sh (75972): drop_caches: 3
[118886.254703] sh (75972): drop_caches: 3
[118890.298022] sh (75972): drop_caches: 3
[118894.345373] sh (75972): drop_caches: 3
[118898.387430] sh (75972): drop_caches: 3
[118902.433008] sh (75972): drop_caches: 3
[118906.476428] sh (75972): drop_caches: 3
[118910.520246] sh (75972): drop_caches: 3
[118914.563912] sh (75972): drop_caches: 3
[118918.613034] sh (75972): drop_caches: 3
[118922.658718] sh (75972): drop_caches: 3
[118926.704486] sh (75972): drop_caches: 3
[118930.750644] sh (75972): drop_caches: 3
[118934.796329] sh (75972): drop_caches: 3
[118938.842297] sh (75972): drop_caches: 3
[118942.888373] sh (75972): drop_caches: 3
[118946.925784] sh (75972): drop_caches: 3
[118950.963324] sh (75972): drop_caches: 3
[118955.008853] sh (75972): drop_caches: 3
[118959.055809] sh (75972): drop_caches: 3
[118963.100016] sh (75972): drop_caches: 3
[118967.145527] sh (75972): drop_caches: 3
[118971.186978] sh (75972): drop_caches: 3
[118975.232760] sh (75972): drop_caches: 3
[118979.272072] sh (75972): drop_caches: 3
[118983.316989] sh (75972): drop_caches: 3
[118987.359215] sh (75972): drop_caches: 3
[118991.406567] sh (75972): drop_caches: 3
[118995.452971] sh (75972): drop_caches: 3
[118999.496018] sh (75972): drop_caches: 3
[119003.542337] sh (75972): drop_caches: 3
[119007.588097] sh (75972): drop_caches: 3
[119011.635209] sh (75972): drop_caches: 3
[119015.679627] sh (75972): drop_caches: 3
[119019.727146] sh (75972): drop_caches: 3
[119023.772735] sh (75972): drop_caches: 3
[119027.818693] sh (75972): drop_caches: 3
[119031.864943] sh (75972): drop_caches: 3
[119035.909927] sh (75972): drop_caches: 3
[119039.953293] sh (75972): drop_caches: 3
[119043.996362] sh (75972): drop_caches: 3
[119048.033941] sh (75972): drop_caches: 3
[119052.078094] sh (75972): drop_caches: 3
[119056.124296] sh (75972): drop_caches: 3
[119060.170001] sh (75972): drop_caches: 3
[119064.215439] sh (75972): drop_caches: 3
[119068.253520] sh (75972): drop_caches: 3
[119072.292773] sh (75972): drop_caches: 3
[119076.338381] sh (75972): drop_caches: 3
[119080.381546] sh (75972): drop_caches: 3
[119084.425905] sh (75972): drop_caches: 3
[119088.472701] sh (75972): drop_caches: 3
[119092.517272] sh (75972): drop_caches: 3
[119096.564257] sh (75972): drop_caches: 3
[119100.609327] sh (75972): drop_caches: 3
[119104.655048] sh (75972): drop_caches: 3
[119108.701012] sh (75972): drop_caches: 3
[119112.745978] sh (75972): drop_caches: 3
[119116.789683] sh (75972): drop_caches: 3
[119120.832782] sh (75972): drop_caches: 3
[119124.870991] sh (75972): drop_caches: 3
[119128.915109] sh (75972): drop_caches: 3
[119132.961645] sh (75972): drop_caches: 3
[119137.007217] sh (75972): drop_caches: 3
[119141.050773] sh (75972): drop_caches: 3
[119145.097538] sh (75972): drop_caches: 3
[119149.143965] sh (75972): drop_caches: 3
[119153.189715] sh (75972): drop_caches: 3
[119157.235479] sh (75972): drop_caches: 3
[119161.279826] sh (75972): drop_caches: 3
[119165.325142] sh (75972): drop_caches: 3
[119169.368147] sh (75972): drop_caches: 3
[119173.414250] sh (75972): drop_caches: 3
[119177.457420] sh (75972): drop_caches: 3
[119181.506499] sh (75972): drop_caches: 3
[119185.550139] sh (75972): drop_caches: 3
[119189.594588] sh (75972): drop_caches: 3
[119193.640159] sh (75972): drop_caches: 3
[119197.681362] sh (75972): drop_caches: 3
[119201.725946] sh (75972): drop_caches: 3
[119205.772061] sh (75972): drop_caches: 3
[119209.817651] sh (75972): drop_caches: 3
[119213.866119] sh (75972): drop_caches: 3
[119217.905903] sh (75972): drop_caches: 3
[119221.946637] sh (75972): drop_caches: 3
[119225.989945] sh (75972): drop_caches: 3
[119230.035254] sh (75972): drop_caches: 3
[119234.074238] sh (75972): drop_caches: 3
[119238.114104] sh (75972): drop_caches: 3
[119242.158758] sh (75972): drop_caches: 3
[119246.201587] sh (75972): drop_caches: 3
[119250.246869] sh (75972): drop_caches: 3
[119254.290495] sh (75972): drop_caches: 3
[119258.338919] sh (75972): drop_caches: 3
[119262.381945] sh (75972): drop_caches: 3
[119266.428084] sh (75972): drop_caches: 3
[119270.471656] sh (75972): drop_caches: 3
[119274.514896] sh (75972): drop_caches: 3
[119278.558416] sh (75972): drop_caches: 3
[119282.603178] sh (75972): drop_caches: 3
[119286.648306] sh (75972): drop_caches: 3
[119290.694514] sh (75972): drop_caches: 3
[119294.739452] sh (75972): drop_caches: 3
[119298.784743] sh (75972): drop_caches: 3
[119302.832267] sh (75972): drop_caches: 3
[119306.879943] sh (75972): drop_caches: 3
[119310.920242] sh (75972): drop_caches: 3
[119314.961731] sh (75972): drop_caches: 3
[119319.004905] sh (75972): drop_caches: 3
[119323.049555] sh (75972): drop_caches: 3
[119327.093797] sh (75972): drop_caches: 3
[119331.138602] sh (75972): drop_caches: 3
[119335.182624] sh (75972): drop_caches: 3
[119339.227907] sh (75972): drop_caches: 3
[119343.271211] sh (75972): drop_caches: 3
[119347.314256] sh (75972): drop_caches: 3
[119351.357221] sh (75972): drop_caches: 3
[119355.400818] sh (75972): drop_caches: 3
[119359.445244] sh (75972): drop_caches: 3
[119363.490945] sh (75972): drop_caches: 3
[119367.537390] sh (75972): drop_caches: 3
[119371.582685] sh (75972): drop_caches: 3
[119375.632299] sh (75972): drop_caches: 3
[119379.675612] sh (75972): drop_caches: 3
[119383.724027] sh (75972): drop_caches: 3
[119387.769040] sh (75972): drop_caches: 3
[119391.815145] sh (75972): drop_caches: 3
[119395.860210] sh (75972): drop_caches: 3
[119399.904974] sh (75972): drop_caches: 3
[119403.951581] sh (75972): drop_caches: 3
[119407.994965] sh (75972): drop_caches: 3
[119412.041661] sh (75972): drop_caches: 3
[119416.085907] sh (75972): drop_caches: 3
[119420.131554] sh (75972): drop_caches: 3
[119424.176800] sh (75972): drop_caches: 3
[119428.222754] sh (75972): drop_caches: 3
[119432.266670] sh (75972): drop_caches: 3
[119436.309399] sh (75972): drop_caches: 3
[119440.357885] sh (75972): drop_caches: 3
[119444.405283] sh (75972): drop_caches: 3
[119448.449396] sh (75972): drop_caches: 3
[119452.489088] sh (75972): drop_caches: 3
[119456.532893] sh (75972): drop_caches: 3
[119460.577851] sh (75972): drop_caches: 3
[119464.626704] sh (75972): drop_caches: 3
[119468.669042] sh (75972): drop_caches: 3
[119472.713025] sh (75972): drop_caches: 3
[119476.758909] sh (75972): drop_caches: 3
[119480.803918] sh (75972): drop_caches: 3
[119484.850532] sh (75972): drop_caches: 3
[119488.893346] sh (75972): drop_caches: 3
[119492.938785] sh (75972): drop_caches: 3
[119496.981551] sh (75972): drop_caches: 3
[119501.027738] sh (75972): drop_caches: 3
[119505.051997] sh (75972): drop_caches: 3
[119505.099876] iCAT_SQLITE_RUN_END run=20260830-062402-75835
[119505.117670] EXT4-fs (nvme1n1): unmounting filesystem d665b171-b530-4844-8366-8b57014376cc.
[119505.198584] pci_bus 0001:10: busn_res: [bus 10-ff] is released
[119505.198628] NVMeVirt: GC stats: policy=cat-fig7 host_pages=32402218 gc_pages=15255354 gc_count=744642 WAF=1.470 k=7 scale_pct=400 age_ratio=7
[119505.264415] NVMeVirt: Virtual NVMe device closed
