[94361.917157] NVMeVirt: Version 1.10 for >> Samsung 970 Pro SSD <<
[94361.917167] NVMeVirt: Storage: 0x100100000-0x300000000 (8191 MiB)
[94361.924559] NVMeVirt: Total Capacity(GiB,MiB)=2,2048 chs=2 luns=4 lines=8192 blk-size(MiB,KiB)=0,64 line-size(MiB,KiB)=0,256
[94361.934676] NVMeVirt: [chmodel_init] bandwidth 800 max_credits 26 tx_time 152
[94361.941261] NVMeVirt: [chmodel_init] bandwidth 800 max_credits 26 tx_time 152
[94361.941276] NVMeVirt: [chmodel_init] bandwidth 3360 max_credits 110 tx_time 36
[94361.942490] NVMeVirt: pqueue: Copyright (c) 2014, Volkan Yazıcı <volkan.yazici@gmail.com>. All rights reserved.
[94361.942524] NVMeVirt: Init FTL instance with 2 channels (524288 pages)
[94361.942525] NVMeVirt: GC victim policy: cat-fig7 k=4 scale_pct=400 age_ratio=7
[94361.949131] NVMeVirt: [chmodel_init] bandwidth 800 max_credits 26 tx_time 152
[94361.955665] NVMeVirt: [chmodel_init] bandwidth 800 max_credits 26 tx_time 152
[94361.955679] NVMeVirt: [chmodel_init] bandwidth 3360 max_credits 110 tx_time 36
[94361.956925] NVMeVirt: Init FTL instance with 2 channels (524288 pages)
[94361.956926] NVMeVirt: GC victim policy: cat-fig7 k=4 scale_pct=400 age_ratio=7
[94361.963457] NVMeVirt: [chmodel_init] bandwidth 800 max_credits 26 tx_time 152
[94361.969918] NVMeVirt: [chmodel_init] bandwidth 800 max_credits 26 tx_time 152
[94361.969932] NVMeVirt: [chmodel_init] bandwidth 3360 max_credits 110 tx_time 36
[94361.971190] NVMeVirt: Init FTL instance with 2 channels (524288 pages)
[94361.971191] NVMeVirt: GC victim policy: cat-fig7 k=4 scale_pct=400 age_ratio=7
[94361.977696] NVMeVirt: [chmodel_init] bandwidth 800 max_credits 26 tx_time 152
[94361.984190] NVMeVirt: [chmodel_init] bandwidth 800 max_credits 26 tx_time 152
[94361.984205] NVMeVirt: [chmodel_init] bandwidth 3360 max_credits 110 tx_time 36
[94361.985461] NVMeVirt: Init FTL instance with 2 channels (524288 pages)
[94361.985462] NVMeVirt: GC victim policy: cat-fig7 k=4 scale_pct=400 age_ratio=7
[94361.985466] NVMeVirt: FTL physical space: 8588886016, logical space: 8026996276 (physical/logical * 100 = 107)
[94361.985468] NVMeVirt: ns 0/1: size 7655 MiB
[94361.985509] PCI host bridge to bus 0001:10
[94361.985511] pci_bus 0001:10: root bus resource [io  0x0000-0xffff]
[94361.985513] pci_bus 0001:10: root bus resource [mem 0x00000000-0x3fffffffffff]
[94361.985514] pci_bus 0001:10: root bus resource [bus 00-ff]
[94361.985520] pci 0001:10:00.0: [0c51:0110] type 00 class 0x010802 PCIe Endpoint
[94361.985523] pci 0001:10:00.0: BAR 0 [mem 0x100000000-0x100003fff 64bit]
[94361.985525] pci 0001:10:00.0: enabling Extended Tags
[94361.985639] NVMeVirt: Virtual PCI bus created (node 0)
[94361.986094] NVMeVirt: nvmev_io_worker_0 started on cpu 2 (node 0)
[94361.986193] NVMeVirt: nvmev_dispatcher started on cpu 1 (node 0)
[94361.986365] nvme nvme1: pci function 0001:10:00.0
[94361.990450] nvme nvme1: 20/0/0 default/read/poll queues
[94361.992886] NVMeVirt: Virtual NVMe device created
[94363.055633] EXT4-fs (nvme1n1): mounted filesystem 717848f2-5c2a-422e-8a11-787946f6154e r/w with ordered data mode. Quota mode: none.
[94363.085516] iCAT_SQLITE_LOAD_START run=20260829-235118-65444
[94441.084992] iCAT_SQLITE_LOAD_END run=20260829-235118-65444
[94441.484018] sh (65575): drop_caches: 3
[94441.511289] iCAT_SQLITE_RUN_START run=20260829-235118-65444
[94445.131930] sh (65574): drop_caches: 3
[94449.180882] sh (65574): drop_caches: 3
[94453.224205] sh (65574): drop_caches: 3
[94457.273793] sh (65574): drop_caches: 3
[94461.322047] sh (65574): drop_caches: 3
[94465.374090] sh (65574): drop_caches: 3
[94469.424020] sh (65574): drop_caches: 3
[94473.471235] sh (65574): drop_caches: 3
[94477.518768] sh (65574): drop_caches: 3
[94481.566340] sh (65574): drop_caches: 3
[94485.616041] sh (65574): drop_caches: 3
[94489.657339] sh (65574): drop_caches: 3
[94493.708267] sh (65574): drop_caches: 3
[94497.749004] sh (65574): drop_caches: 3
[94501.795353] sh (65574): drop_caches: 3
[94505.839300] sh (65574): drop_caches: 3
[94509.887464] sh (65574): drop_caches: 3
[94513.935538] sh (65574): drop_caches: 3
[94517.984093] sh (65574): drop_caches: 3
[94522.032389] sh (65574): drop_caches: 3
[94526.081603] sh (65574): drop_caches: 3
[94530.130276] sh (65574): drop_caches: 3
[94534.169718] sh (65574): drop_caches: 3
[94538.212042] sh (65574): drop_caches: 3
[94542.258919] sh (65574): drop_caches: 3
[94546.304959] sh (65574): drop_caches: 3
[94550.351669] sh (65574): drop_caches: 3
[94554.401013] sh (65574): drop_caches: 3
[94558.451703] sh (65574): drop_caches: 3
[94562.502430] sh (65574): drop_caches: 3
[94566.551745] sh (65574): drop_caches: 3
[94570.592766] sh (65574): drop_caches: 3
[94574.643074] sh (65574): drop_caches: 3
[94578.683310] sh (65574): drop_caches: 3
[94582.736084] sh (65574): drop_caches: 3
[94586.782990] sh (65574): drop_caches: 3
[94590.830509] sh (65574): drop_caches: 3
[94594.880758] sh (65574): drop_caches: 3
[94598.929694] sh (65574): drop_caches: 3
[94602.978159] sh (65574): drop_caches: 3
[94607.029592] sh (65574): drop_caches: 3
[94611.077263] sh (65574): drop_caches: 3
[94615.124747] sh (65574): drop_caches: 3
[94619.167714] sh (65574): drop_caches: 3
[94623.216092] sh (65574): drop_caches: 3
[94627.267146] sh (65574): drop_caches: 3
[94631.312427] sh (65574): drop_caches: 3
[94635.359185] sh (65574): drop_caches: 3
[94639.408243] sh (65574): drop_caches: 3
[94643.450068] sh (65574): drop_caches: 3
[94647.496660] sh (65574): drop_caches: 3
[94651.544666] sh (65574): drop_caches: 3
[94655.590892] sh (65574): drop_caches: 3
[94659.640138] sh (65574): drop_caches: 3
[94663.686434] sh (65574): drop_caches: 3
[94667.729059] sh (65574): drop_caches: 3
[94671.775278] sh (65574): drop_caches: 3
[94675.816278] sh (65574): drop_caches: 3
[94679.864150] sh (65574): drop_caches: 3
[94683.910160] sh (65574): drop_caches: 3
[94687.958554] sh (65574): drop_caches: 3
[94692.004450] sh (65574): drop_caches: 3
[94696.047537] sh (65574): drop_caches: 3
[94700.095286] sh (65574): drop_caches: 3
[94704.146147] sh (65574): drop_caches: 3
[94708.194892] sh (65574): drop_caches: 3
[94712.243683] sh (65574): drop_caches: 3
[94716.291906] sh (65574): drop_caches: 3
[94720.340763] sh (65574): drop_caches: 3
[94724.389734] sh (65574): drop_caches: 3
[94728.437758] sh (65574): drop_caches: 3
[94732.484249] sh (65574): drop_caches: 3
[94736.535853] sh (65574): drop_caches: 3
[94740.585536] sh (65574): drop_caches: 3
[94744.634951] sh (65574): drop_caches: 3
[94748.684047] sh (65574): drop_caches: 3
[94752.733065] sh (65574): drop_caches: 3
[94756.779199] sh (65574): drop_caches: 3
[94760.825316] sh (65574): drop_caches: 3
[94764.875128] sh (65574): drop_caches: 3
[94768.922402] sh (65574): drop_caches: 3
[94772.968906] sh (65574): drop_caches: 3
[94777.015218] sh (65574): drop_caches: 3
[94781.062578] sh (65574): drop_caches: 3
[94785.111628] sh (65574): drop_caches: 3
[94789.152491] sh (65574): drop_caches: 3
[94793.201126] sh (65574): drop_caches: 3
[94797.247740] sh (65574): drop_caches: 3
[94801.293673] sh (65574): drop_caches: 3
[94805.340754] sh (65574): drop_caches: 3
[94809.387045] sh (65574): drop_caches: 3
[94813.434605] sh (65574): drop_caches: 3
[94817.482224] sh (65574): drop_caches: 3
[94821.529928] sh (65574): drop_caches: 3
[94825.577114] sh (65574): drop_caches: 3
[94829.625190] sh (65574): drop_caches: 3
[94833.664453] sh (65574): drop_caches: 3
[94837.715391] sh (65574): drop_caches: 3
[94841.765211] sh (65574): drop_caches: 3
[94845.809290] sh (65574): drop_caches: 3
[94849.852186] sh (65574): drop_caches: 3
[94853.897677] sh (65574): drop_caches: 3
[94857.952079] sh (65574): drop_caches: 3
[94861.998009] sh (65574): drop_caches: 3
[94866.049564] sh (65574): drop_caches: 3
[94870.089136] sh (65574): drop_caches: 3
[94874.135494] sh (65574): drop_caches: 3
[94878.180298] sh (65574): drop_caches: 3
[94882.227062] sh (65574): drop_caches: 3
[94886.285932] sh (65574): drop_caches: 3
[94886.314855] audit: type=1400 audit(1788015603.263:65): apparmor="DENIED" operation="capable" class="cap" profile="/usr/sbin/cupsd" pid=65796 comm="cupsd" capability=12  capname="net_admin"
[94890.346013] sh (65574): drop_caches: 3
[94894.410560] sh (65574): drop_caches: 3
[94898.474117] sh (65574): drop_caches: 3
[94902.537186] sh (65574): drop_caches: 3
[94906.596573] sh (65574): drop_caches: 3
[94910.658120] sh (65574): drop_caches: 3
[94914.721914] sh (65574): drop_caches: 3
[94918.791423] sh (65574): drop_caches: 3
[94922.838478] sh (65574): drop_caches: 3
[94926.887470] sh (65574): drop_caches: 3
[94930.935758] sh (65574): drop_caches: 3
[94934.981007] sh (65574): drop_caches: 3
[94939.029726] sh (65574): drop_caches: 3
[94943.077602] sh (65574): drop_caches: 3
[94947.126132] sh (65574): drop_caches: 3
[94951.169934] sh (65574): drop_caches: 3
[94955.217119] sh (65574): drop_caches: 3
[94959.266163] sh (65574): drop_caches: 3
[94963.311259] sh (65574): drop_caches: 3
[94967.351789] sh (65574): drop_caches: 3
[94971.398307] sh (65574): drop_caches: 3
[94975.444856] sh (65574): drop_caches: 3
[94979.493898] sh (65574): drop_caches: 3
[94983.540627] sh (65574): drop_caches: 3
[94987.588771] sh (65574): drop_caches: 3
[94991.637646] sh (65574): drop_caches: 3
[94995.685585] sh (65574): drop_caches: 3
[94999.733843] sh (65574): drop_caches: 3
[95003.782571] sh (65574): drop_caches: 3
[95007.830631] sh (65574): drop_caches: 3
[95011.877934] sh (65574): drop_caches: 3
[95015.921120] sh (65574): drop_caches: 3
[95019.961020] sh (65574): drop_caches: 3
[95024.003550] sh (65574): drop_caches: 3
[95028.049391] sh (65574): drop_caches: 3
[95032.099921] sh (65574): drop_caches: 3
[95036.141611] sh (65574): drop_caches: 3
[95040.189520] sh (65574): drop_caches: 3
[95044.239109] sh (65574): drop_caches: 3
[95048.288950] sh (65574): drop_caches: 3
[95052.332973] sh (65574): drop_caches: 3
[95056.379117] sh (65574): drop_caches: 3
[95060.427153] sh (65574): drop_caches: 3
[95064.475688] sh (65574): drop_caches: 3
[95068.525269] sh (65574): drop_caches: 3
[95072.574166] sh (65574): drop_caches: 3
[95076.621568] sh (65574): drop_caches: 3
[95080.671846] sh (65574): drop_caches: 3
[95084.720232] sh (65574): drop_caches: 3
[95088.768959] sh (65574): drop_caches: 3
[95092.815097] sh (65574): drop_caches: 3
[95096.862446] sh (65574): drop_caches: 3
[95100.909667] sh (65574): drop_caches: 3
[95104.958345] sh (65574): drop_caches: 3
[95108.998094] sh (65574): drop_caches: 3
[95113.047113] sh (65574): drop_caches: 3
[95117.095512] sh (65574): drop_caches: 3
[95121.141251] sh (65574): drop_caches: 3
[95125.190872] sh (65574): drop_caches: 3
[95129.239222] sh (65574): drop_caches: 3
[95133.288946] sh (65574): drop_caches: 3
[95137.338563] sh (65574): drop_caches: 3
[95141.385384] sh (65574): drop_caches: 3
[95145.433367] sh (65574): drop_caches: 3
[95149.479277] sh (65574): drop_caches: 3
[95153.530343] sh (65574): drop_caches: 3
[95157.578504] sh (65574): drop_caches: 3
[95161.619919] sh (65574): drop_caches: 3
[95165.669206] sh (65574): drop_caches: 3
[95169.716276] sh (65574): drop_caches: 3
[95173.765858] sh (65574): drop_caches: 3
[95177.815586] sh (65574): drop_caches: 3
[95181.863069] sh (65574): drop_caches: 3
[95185.905578] sh (65574): drop_caches: 3
[95189.955370] sh (65574): drop_caches: 3
[95194.005760] sh (65574): drop_caches: 3
[95198.046471] sh (65574): drop_caches: 3
[95202.093886] sh (65574): drop_caches: 3
[95206.141097] sh (65574): drop_caches: 3
[95210.185793] sh (65574): drop_caches: 3
[95214.224905] sh (65574): drop_caches: 3
[95218.272917] sh (65574): drop_caches: 3
[95222.319314] sh (65574): drop_caches: 3
[95226.361603] sh (65574): drop_caches: 3
[95230.411453] sh (65574): drop_caches: 3
[95234.460453] sh (65574): drop_caches: 3
[95238.508381] sh (65574): drop_caches: 3
[95242.557782] sh (65574): drop_caches: 3
[95246.608312] sh (65574): drop_caches: 3
[95250.655230] sh (65574): drop_caches: 3
[95254.702359] sh (65574): drop_caches: 3
[95258.749450] sh (65574): drop_caches: 3
[95262.798498] sh (65574): drop_caches: 3
[95266.847384] sh (65574): drop_caches: 3
[95270.896951] sh (65574): drop_caches: 3
[95274.944579] sh (65574): drop_caches: 3
[95278.992864] sh (65574): drop_caches: 3
[95283.039471] sh (65574): drop_caches: 3
[95287.091842] sh (65574): drop_caches: 3
[95291.140012] sh (65574): drop_caches: 3
[95295.183352] sh (65574): drop_caches: 3
[95299.234068] sh (65574): drop_caches: 3
[95303.277883] sh (65574): drop_caches: 3
[95307.328017] sh (65574): drop_caches: 3
[95311.376742] sh (65574): drop_caches: 3
[95315.425602] sh (65574): drop_caches: 3
[95319.469441] sh (65574): drop_caches: 3
[95323.518410] sh (65574): drop_caches: 3
[95327.561687] sh (65574): drop_caches: 3
[95331.608697] sh (65574): drop_caches: 3
[95335.655438] sh (65574): drop_caches: 3
[95339.704182] sh (65574): drop_caches: 3
[95343.750821] sh (65574): drop_caches: 3
[95347.802657] sh (65574): drop_caches: 3
[95351.852490] sh (65574): drop_caches: 3
[95355.899378] sh (65574): drop_caches: 3
[95359.949862] sh (65574): drop_caches: 3
[95363.998819] sh (65574): drop_caches: 3
[95368.048585] sh (65574): drop_caches: 3
[95372.096541] sh (65574): drop_caches: 3
[95376.138845] sh (65574): drop_caches: 3
[95380.188378] sh (65574): drop_caches: 3
[95384.236665] sh (65574): drop_caches: 3
[95388.286759] sh (65574): drop_caches: 3
[95392.336569] sh (65574): drop_caches: 3
[95396.385352] sh (65574): drop_caches: 3
[95400.432193] sh (65574): drop_caches: 3
[95404.482588] sh (65574): drop_caches: 3
[95408.532021] sh (65574): drop_caches: 3
[95412.580884] sh (65574): drop_caches: 3
[95416.632546] sh (65574): drop_caches: 3
[95420.682891] sh (65574): drop_caches: 3
[95424.731588] sh (65574): drop_caches: 3
[95428.778075] sh (65574): drop_caches: 3
[95432.828770] sh (65574): drop_caches: 3
[95436.875880] sh (65574): drop_caches: 3
[95440.926826] sh (65574): drop_caches: 3
[95444.975370] sh (65574): drop_caches: 3
[95449.021868] sh (65574): drop_caches: 3
[95453.072703] sh (65574): drop_caches: 3
[95457.119249] sh (65574): drop_caches: 3
[95461.167962] sh (65574): drop_caches: 3
[95465.209823] sh (65574): drop_caches: 3
[95469.259633] sh (65574): drop_caches: 3
[95473.306949] sh (65574): drop_caches: 3
[95477.349558] sh (65574): drop_caches: 3
[95481.390904] sh (65574): drop_caches: 3
[95485.437966] sh (65574): drop_caches: 3
[95489.484843] sh (65574): drop_caches: 3
[95493.533251] sh (65574): drop_caches: 3
[95497.580395] sh (65574): drop_caches: 3
[95501.626524] sh (65574): drop_caches: 3
[95505.677568] sh (65574): drop_caches: 3
[95509.718471] sh (65574): drop_caches: 3
[95513.760582] sh (65574): drop_caches: 3
[95517.807711] sh (65574): drop_caches: 3
[95521.858182] sh (65574): drop_caches: 3
[95525.905540] sh (65574): drop_caches: 3
[95529.954444] sh (65574): drop_caches: 3
[95534.002200] sh (65574): drop_caches: 3
[95538.049401] sh (65574): drop_caches: 3
[95542.097265] sh (65574): drop_caches: 3
[95546.141044] sh (65574): drop_caches: 3
[95550.185526] sh (65574): drop_caches: 3
[95554.233988] sh (65574): drop_caches: 3
[95558.282352] sh (65574): drop_caches: 3
[95562.324964] sh (65574): drop_caches: 3
[95566.371333] sh (65574): drop_caches: 3
[95570.420162] sh (65574): drop_caches: 3
[95574.470900] sh (65574): drop_caches: 3
[95578.521781] sh (65574): drop_caches: 3
[95582.571203] sh (65574): drop_caches: 3
[95586.621584] sh (65574): drop_caches: 3
[95590.668983] sh (65574): drop_caches: 3
[95594.717346] sh (65574): drop_caches: 3
[95598.766280] sh (65574): drop_caches: 3
[95602.813226] sh (65574): drop_caches: 3
[95606.861862] sh (65574): drop_caches: 3
[95610.911835] sh (65574): drop_caches: 3
[95614.961481] sh (65574): drop_caches: 3
[95619.009598] sh (65574): drop_caches: 3
[95623.062362] sh (65574): drop_caches: 3
[95627.111574] sh (65574): drop_caches: 3
[95631.155240] sh (65574): drop_caches: 3
[95635.208212] sh (65574): drop_caches: 3
[95639.256783] sh (65574): drop_caches: 3
[95643.302734] sh (65574): drop_caches: 3
[95647.351741] sh (65574): drop_caches: 3
[95651.392085] sh (65574): drop_caches: 3
[95655.446132] sh (65574): drop_caches: 3
[95659.489895] sh (65574): drop_caches: 3
[95663.538433] sh (65574): drop_caches: 3
[95667.589454] sh (65574): drop_caches: 3
[95671.636154] sh (65574): drop_caches: 3
[95675.683804] sh (65574): drop_caches: 3
[95679.734720] sh (65574): drop_caches: 3
[95683.783428] sh (65574): drop_caches: 3
[95687.831686] sh (65574): drop_caches: 3
[95691.880713] sh (65574): drop_caches: 3
[95695.925522] sh (65574): drop_caches: 3
[95699.969793] sh (65574): drop_caches: 3
[95704.021154] sh (65574): drop_caches: 3
[95708.068906] sh (65574): drop_caches: 3
[95712.117063] sh (65574): drop_caches: 3
[95716.167311] sh (65574): drop_caches: 3
[95720.217803] sh (65574): drop_caches: 3
[95724.267315] sh (65574): drop_caches: 3
[95728.310431] sh (65574): drop_caches: 3
[95732.360419] sh (65574): drop_caches: 3
[95736.409753] sh (65574): drop_caches: 3
[95740.458007] sh (65574): drop_caches: 3
[95744.508131] sh (65574): drop_caches: 3
[95748.555028] sh (65574): drop_caches: 3
[95752.604018] sh (65574): drop_caches: 3
[95756.651254] sh (65574): drop_caches: 3
[95760.699256] sh (65574): drop_caches: 3
[95764.746473] sh (65574): drop_caches: 3
[95768.797106] sh (65574): drop_caches: 3
[95772.845670] sh (65574): drop_caches: 3
[95776.895680] sh (65574): drop_caches: 3
[95780.946200] sh (65574): drop_caches: 3
[95784.991813] sh (65574): drop_caches: 3
[95789.041296] sh (65574): drop_caches: 3
[95793.089529] sh (65574): drop_caches: 3
[95797.136000] sh (65574): drop_caches: 3
[95801.184421] sh (65574): drop_caches: 3
[95805.232171] sh (65574): drop_caches: 3
[95809.278357] sh (65574): drop_caches: 3
[95813.328545] sh (65574): drop_caches: 3
[95817.369468] sh (65574): drop_caches: 3
[95821.419496] sh (65574): drop_caches: 3
[95825.462700] sh (65574): drop_caches: 3
[95829.510313] sh (65574): drop_caches: 3
[95833.556946] sh (65574): drop_caches: 3
[95837.608383] sh (65574): drop_caches: 3
[95841.657754] sh (65574): drop_caches: 3
[95845.706470] sh (65574): drop_caches: 3
[95849.753234] sh (65574): drop_caches: 3
[95853.803602] sh (65574): drop_caches: 3
[95857.854264] sh (65574): drop_caches: 3
[95861.900980] sh (65574): drop_caches: 3
[95865.949859] sh (65574): drop_caches: 3
[95869.996450] sh (65574): drop_caches: 3
[95874.045802] sh (65574): drop_caches: 3
[95878.092389] sh (65574): drop_caches: 3
[95882.134772] sh (65574): drop_caches: 3
[95886.178043] sh (65574): drop_caches: 3
[95890.221025] sh (65574): drop_caches: 3
[95894.270020] sh (65574): drop_caches: 3
[95898.313486] sh (65574): drop_caches: 3
[95902.362592] sh (65574): drop_caches: 3
[95906.406003] sh (65574): drop_caches: 3
[95910.448923] sh (65574): drop_caches: 3
[95914.500787] sh (65574): drop_caches: 3
[95918.549710] sh (65574): drop_caches: 3
[95922.595975] sh (65574): drop_caches: 3
[95926.644383] sh (65574): drop_caches: 3
[95930.693907] sh (65574): drop_caches: 3
[95934.743511] sh (65574): drop_caches: 3
[95938.791875] sh (65574): drop_caches: 3
[95942.840277] sh (65574): drop_caches: 3
[95946.879575] sh (65574): drop_caches: 3
[95946.930480] iCAT_SQLITE_RUN_END run=20260829-235118-65444
[95946.950659] EXT4-fs (nvme1n1): unmounting filesystem 717848f2-5c2a-422e-8a11-787946f6154e.
[95947.038894] pci_bus 0001:10: busn_res: [bus 10-ff] is released
[95947.038941] NVMeVirt: GC stats: policy=cat-fig7 host_pages=32424824 gc_pages=16007574 gc_count=756750 WAF=1.493 k=4 scale_pct=400 age_ratio=7
[95947.111530] NVMeVirt: Virtual NVMe device closed
