[103828.587778] NVMeVirt: Version 1.10 for >> Samsung 970 Pro SSD <<
[103828.587791] NVMeVirt: Storage: 0x100100000-0x300000000 (8191 MiB)
[103828.595173] NVMeVirt: Total Capacity(GiB,MiB)=2,2048 chs=2 luns=4 lines=8192 blk-size(MiB,KiB)=0,64 line-size(MiB,KiB)=0,256
[103828.604446] NVMeVirt: [chmodel_init] bandwidth 800 max_credits 26 tx_time 152
[103828.613050] NVMeVirt: [chmodel_init] bandwidth 800 max_credits 26 tx_time 152
[103828.613064] NVMeVirt: [chmodel_init] bandwidth 3360 max_credits 110 tx_time 36
[103828.614444] NVMeVirt: pqueue: Copyright (c) 2014, Volkan Yazıcı <volkan.yazici@gmail.com>. All rights reserved.
[103828.614482] NVMeVirt: Init FTL instance with 2 channels (524288 pages)
[103828.614484] NVMeVirt: GC victim policy: cat-fig7 k=7 scale_pct=50 age_ratio=7
[103828.621177] NVMeVirt: [chmodel_init] bandwidth 800 max_credits 26 tx_time 152
[103828.627722] NVMeVirt: [chmodel_init] bandwidth 800 max_credits 26 tx_time 152
[103828.627736] NVMeVirt: [chmodel_init] bandwidth 3360 max_credits 110 tx_time 36
[103828.628983] NVMeVirt: Init FTL instance with 2 channels (524288 pages)
[103828.628984] NVMeVirt: GC victim policy: cat-fig7 k=7 scale_pct=50 age_ratio=7
[103828.635430] NVMeVirt: [chmodel_init] bandwidth 800 max_credits 26 tx_time 152
[103828.641863] NVMeVirt: [chmodel_init] bandwidth 800 max_credits 26 tx_time 152
[103828.641877] NVMeVirt: [chmodel_init] bandwidth 3360 max_credits 110 tx_time 36
[103828.643129] NVMeVirt: Init FTL instance with 2 channels (524288 pages)
[103828.643131] NVMeVirt: GC victim policy: cat-fig7 k=7 scale_pct=50 age_ratio=7
[103828.649609] NVMeVirt: [chmodel_init] bandwidth 800 max_credits 26 tx_time 152
[103828.656087] NVMeVirt: [chmodel_init] bandwidth 800 max_credits 26 tx_time 152
[103828.656102] NVMeVirt: [chmodel_init] bandwidth 3360 max_credits 110 tx_time 36
[103828.657354] NVMeVirt: Init FTL instance with 2 channels (524288 pages)
[103828.657356] NVMeVirt: GC victim policy: cat-fig7 k=7 scale_pct=50 age_ratio=7
[103828.657360] NVMeVirt: FTL physical space: 8588886016, logical space: 8026996276 (physical/logical * 100 = 107)
[103828.657361] NVMeVirt: ns 0/1: size 7655 MiB
[103828.657403] PCI host bridge to bus 0001:10
[103828.657405] pci_bus 0001:10: root bus resource [io  0x0000-0xffff]
[103828.657407] pci_bus 0001:10: root bus resource [mem 0x00000000-0x3fffffffffff]
[103828.657408] pci_bus 0001:10: root bus resource [bus 00-ff]
[103828.657414] pci 0001:10:00.0: [0c51:0110] type 00 class 0x010802 PCIe Endpoint
[103828.657417] pci 0001:10:00.0: BAR 0 [mem 0x100000000-0x100003fff 64bit]
[103828.657418] pci 0001:10:00.0: enabling Extended Tags
[103828.657532] NVMeVirt: Virtual PCI bus created (node 0)
[103828.658052] NVMeVirt: nvmev_io_worker_0 started on cpu 2 (node 0)
[103828.658124] NVMeVirt: nvmev_dispatcher started on cpu 1 (node 0)
[103828.658345] nvme nvme1: pci function 0001:10:00.0
[103828.662529] nvme nvme1: 20/0/0 default/read/poll queues
[103828.665811] NVMeVirt: Virtual NVMe device created
[103829.728236] EXT4-fs (nvme1n1): mounted filesystem 640db615-a79c-40fe-9d68-1f57e75ea994 r/w with ordered data mode. Quota mode: none.
[103829.759652] iCAT_SQLITE_LOAD_START run=20260830-022905-70110
[103908.327726] iCAT_SQLITE_LOAD_END run=20260830-022905-70110
[103908.717756] sh (70237): drop_caches: 3
[103908.752803] iCAT_SQLITE_RUN_START run=20260830-022905-70110
[103912.374565] sh (70238): drop_caches: 3
[103916.422441] sh (70238): drop_caches: 3
[103920.470178] sh (70238): drop_caches: 3
[103924.518266] sh (70238): drop_caches: 3
[103928.566343] sh (70238): drop_caches: 3
[103932.615493] sh (70238): drop_caches: 3
[103936.664216] sh (70238): drop_caches: 3
[103940.711542] sh (70238): drop_caches: 3
[103944.763940] sh (70238): drop_caches: 3
[103948.815165] sh (70238): drop_caches: 3
[103952.864863] sh (70238): drop_caches: 3
[103956.915704] sh (70238): drop_caches: 3
[103960.965567] sh (70238): drop_caches: 3
[103965.015169] sh (70238): drop_caches: 3
[103969.069626] sh (70238): drop_caches: 3
[103973.119348] sh (70238): drop_caches: 3
[103977.166406] sh (70238): drop_caches: 3
[103981.215793] sh (70238): drop_caches: 3
[103985.265932] sh (70238): drop_caches: 3
[103989.316968] sh (70238): drop_caches: 3
[103993.365630] sh (70238): drop_caches: 3
[103997.415133] sh (70238): drop_caches: 3
[104001.456480] sh (70238): drop_caches: 3
[104005.506922] sh (70238): drop_caches: 3
[104009.557161] sh (70238): drop_caches: 3
[104013.606246] sh (70238): drop_caches: 3
[104017.656050] sh (70238): drop_caches: 3
[104021.703300] sh (70238): drop_caches: 3
[104025.753994] sh (70238): drop_caches: 3
[104029.804129] sh (70238): drop_caches: 3
[104033.855215] sh (70238): drop_caches: 3
[104037.905020] sh (70238): drop_caches: 3
[104041.954428] sh (70238): drop_caches: 3
[104045.999372] sh (70238): drop_caches: 3
[104050.049608] sh (70238): drop_caches: 3
[104054.094847] sh (70238): drop_caches: 3
[104058.143356] sh (70238): drop_caches: 3
[104062.185677] sh (70238): drop_caches: 3
[104066.228955] sh (70238): drop_caches: 3
[104070.272770] sh (70238): drop_caches: 3
[104074.321014] sh (70238): drop_caches: 3
[104078.369088] sh (70238): drop_caches: 3
[104082.417992] sh (70238): drop_caches: 3
[104086.467494] sh (70238): drop_caches: 3
[104090.510608] sh (70238): drop_caches: 3
[104094.560482] sh (70238): drop_caches: 3
[104098.607414] sh (70238): drop_caches: 3
[104102.658950] sh (70238): drop_caches: 3
[104106.708178] sh (70238): drop_caches: 3
[104110.756103] sh (70238): drop_caches: 3
[104114.804216] sh (70238): drop_caches: 3
[104118.851625] sh (70238): drop_caches: 3
[104122.901777] sh (70238): drop_caches: 3
[104126.954366] sh (70238): drop_caches: 3
[104131.000730] sh (70238): drop_caches: 3
[104135.050014] sh (70238): drop_caches: 3
[104139.091135] sh (70238): drop_caches: 3
[104143.139747] sh (70238): drop_caches: 3
[104147.187644] sh (70238): drop_caches: 3
[104151.235944] sh (70238): drop_caches: 3
[104155.283661] sh (70238): drop_caches: 3
[104159.330894] sh (70238): drop_caches: 3
[104163.374723] sh (70238): drop_caches: 3
[104167.421409] sh (70238): drop_caches: 3
[104171.470427] sh (70238): drop_caches: 3
[104175.518251] sh (70238): drop_caches: 3
[104179.559903] sh (70238): drop_caches: 3
[104183.603255] sh (70238): drop_caches: 3
[104187.651076] sh (70238): drop_caches: 3
[104191.697418] sh (70238): drop_caches: 3
[104195.746533] sh (70238): drop_caches: 3
[104199.795874] sh (70238): drop_caches: 3
[104203.845747] sh (70238): drop_caches: 3
[104207.897767] sh (70238): drop_caches: 3
[104211.945540] sh (70238): drop_caches: 3
[104215.996424] sh (70238): drop_caches: 3
[104220.046042] sh (70238): drop_caches: 3
[104224.098020] sh (70238): drop_caches: 3
[104228.145131] sh (70238): drop_caches: 3
[104232.197246] sh (70238): drop_caches: 3
[104236.245000] sh (70238): drop_caches: 3
[104240.295442] sh (70238): drop_caches: 3
[104244.345170] sh (70238): drop_caches: 3
[104248.393657] sh (70238): drop_caches: 3
[104252.441656] sh (70238): drop_caches: 3
[104256.492256] sh (70238): drop_caches: 3
[104260.539259] sh (70238): drop_caches: 3
[104264.590589] sh (70238): drop_caches: 3
[104268.634514] sh (70238): drop_caches: 3
[104272.683449] sh (70238): drop_caches: 3
[104276.734498] sh (70238): drop_caches: 3
[104280.784448] sh (70238): drop_caches: 3
[104284.834338] sh (70238): drop_caches: 3
[104288.884540] sh (70238): drop_caches: 3
[104292.935019] sh (70238): drop_caches: 3
[104296.984362] sh (70238): drop_caches: 3
[104301.035148] sh (70238): drop_caches: 3
[104305.082397] sh (70238): drop_caches: 3
[104309.132295] sh (70238): drop_caches: 3
[104313.182107] sh (70238): drop_caches: 3
[104317.236213] sh (70238): drop_caches: 3
[104321.285542] sh (70238): drop_caches: 3
[104325.332959] sh (70238): drop_caches: 3
[104329.381382] sh (70238): drop_caches: 3
[104333.431932] sh (70238): drop_caches: 3
[104337.480095] sh (70238): drop_caches: 3
[104341.532046] sh (70238): drop_caches: 3
[104345.581701] sh (70238): drop_caches: 3
[104349.629559] sh (70238): drop_caches: 3
[104353.679314] sh (70238): drop_caches: 3
[104357.723315] sh (70238): drop_caches: 3
[104361.772736] sh (70238): drop_caches: 3
[104365.823863] sh (70238): drop_caches: 3
[104369.871287] sh (70238): drop_caches: 3
[104373.920885] sh (70238): drop_caches: 3
[104377.971277] sh (70238): drop_caches: 3
[104382.021807] sh (70238): drop_caches: 3
[104386.064771] sh (70238): drop_caches: 3
[104390.106798] sh (70238): drop_caches: 3
[104394.159282] sh (70238): drop_caches: 3
[104398.207142] sh (70238): drop_caches: 3
[104402.252177] sh (70238): drop_caches: 3
[104406.300806] sh (70238): drop_caches: 3
[104410.348904] sh (70238): drop_caches: 3
[104414.398970] sh (70238): drop_caches: 3
[104418.448361] sh (70238): drop_caches: 3
[104422.496928] sh (70238): drop_caches: 3
[104426.543298] sh (70238): drop_caches: 3
[104430.592687] sh (70238): drop_caches: 3
[104434.633303] sh (70238): drop_caches: 3
[104438.684309] sh (70238): drop_caches: 3
[104442.732755] sh (70238): drop_caches: 3
[104446.777308] sh (70238): drop_caches: 3
[104450.828021] sh (70238): drop_caches: 3
[104454.878849] sh (70238): drop_caches: 3
[104458.929674] sh (70238): drop_caches: 3
[104462.981773] sh (70238): drop_caches: 3
[104467.029142] sh (70238): drop_caches: 3
[104471.072636] sh (70238): drop_caches: 3
[104475.119089] sh (70238): drop_caches: 3
[104479.166667] sh (70238): drop_caches: 3
[104483.217175] sh (70238): drop_caches: 3
[104487.264534] sh (70238): drop_caches: 3
[104491.312431] sh (70238): drop_caches: 3
[104495.361178] sh (70238): drop_caches: 3
[104499.409380] sh (70238): drop_caches: 3
[104503.458699] sh (70238): drop_caches: 3
[104507.506410] sh (70238): drop_caches: 3
[104511.553620] sh (70238): drop_caches: 3
[104515.602153] sh (70238): drop_caches: 3
[104519.649787] sh (70238): drop_caches: 3
[104523.696466] sh (70238): drop_caches: 3
[104527.749081] sh (70238): drop_caches: 3
[104531.798856] sh (70238): drop_caches: 3
[104535.844359] sh (70238): drop_caches: 3
[104539.893449] sh (70238): drop_caches: 3
[104543.940573] sh (70238): drop_caches: 3
[104547.992502] sh (70238): drop_caches: 3
[104552.039186] sh (70238): drop_caches: 3
[104556.087714] sh (70238): drop_caches: 3
[104560.135390] sh (70238): drop_caches: 3
[104564.185136] sh (70238): drop_caches: 3
[104568.235597] sh (70238): drop_caches: 3
[104572.285054] sh (70238): drop_caches: 3
[104576.332242] sh (70238): drop_caches: 3
[104580.380991] sh (70238): drop_caches: 3
[104584.431347] sh (70238): drop_caches: 3
[104588.481076] sh (70238): drop_caches: 3
[104592.530374] sh (70238): drop_caches: 3
[104596.580086] sh (70238): drop_caches: 3
[104600.627418] sh (70238): drop_caches: 3
[104604.678454] sh (70238): drop_caches: 3
[104608.721672] sh (70238): drop_caches: 3
[104612.769758] sh (70238): drop_caches: 3
[104616.818749] sh (70238): drop_caches: 3
[104620.870261] sh (70238): drop_caches: 3
[104624.920704] sh (70238): drop_caches: 3
[104628.964362] sh (70238): drop_caches: 3
[104633.007988] sh (70238): drop_caches: 3
[104637.059755] sh (70238): drop_caches: 3
[104641.107412] sh (70238): drop_caches: 3
[104645.158099] sh (70238): drop_caches: 3
[104649.207286] sh (70238): drop_caches: 3
[104653.257140] sh (70238): drop_caches: 3
[104657.305251] sh (70238): drop_caches: 3
[104661.353699] sh (70238): drop_caches: 3
[104665.402343] sh (70238): drop_caches: 3
[104669.451174] sh (70238): drop_caches: 3
[104673.498427] sh (70238): drop_caches: 3
[104677.545888] sh (70238): drop_caches: 3
[104681.592710] sh (70238): drop_caches: 3
[104685.636762] sh (70238): drop_caches: 3
[104689.684612] sh (70238): drop_caches: 3
[104693.731793] sh (70238): drop_caches: 3
[104697.779947] sh (70238): drop_caches: 3
[104701.827627] sh (70238): drop_caches: 3
[104705.881394] sh (70238): drop_caches: 3
[104709.925040] sh (70238): drop_caches: 3
[104713.976537] sh (70238): drop_caches: 3
[104718.021664] sh (70238): drop_caches: 3
[104722.062425] sh (70238): drop_caches: 3
[104726.106263] sh (70238): drop_caches: 3
[104730.153785] sh (70238): drop_caches: 3
[104734.205068] sh (70238): drop_caches: 3
[104738.246649] sh (70238): drop_caches: 3
[104742.298188] sh (70238): drop_caches: 3
[104746.345548] sh (70238): drop_caches: 3
[104750.396069] sh (70238): drop_caches: 3
[104754.445155] sh (70238): drop_caches: 3
[104758.494798] sh (70238): drop_caches: 3
[104762.543590] sh (70238): drop_caches: 3
[104766.594616] sh (70238): drop_caches: 3
[104770.643670] sh (70238): drop_caches: 3
[104774.692764] sh (70238): drop_caches: 3
[104778.743144] sh (70238): drop_caches: 3
[104782.793099] sh (70238): drop_caches: 3
[104786.841575] sh (70238): drop_caches: 3
[104790.890724] sh (70238): drop_caches: 3
[104794.936343] sh (70238): drop_caches: 3
[104798.990219] sh (70238): drop_caches: 3
[104803.033555] sh (70238): drop_caches: 3
[104807.077851] sh (70238): drop_caches: 3
[104811.128364] sh (70238): drop_caches: 3
[104815.177217] sh (70238): drop_caches: 3
[104819.229363] sh (70238): drop_caches: 3
[104823.271804] sh (70238): drop_caches: 3
[104827.319855] sh (70238): drop_caches: 3
[104831.371954] sh (70238): drop_caches: 3
[104835.419919] sh (70238): drop_caches: 3
[104839.469981] sh (70238): drop_caches: 3
[104843.518296] sh (70238): drop_caches: 3
[104847.570084] sh (70238): drop_caches: 3
[104851.618147] sh (70238): drop_caches: 3
[104855.664681] sh (70238): drop_caches: 3
[104859.713937] sh (70238): drop_caches: 3
[104863.763216] sh (70238): drop_caches: 3
[104867.809938] sh (70238): drop_caches: 3
[104871.857018] sh (70238): drop_caches: 3
[104875.905832] sh (70238): drop_caches: 3
[104879.953707] sh (70238): drop_caches: 3
[104884.000645] sh (70238): drop_caches: 3
[104888.049051] sh (70238): drop_caches: 3
[104892.097425] sh (70238): drop_caches: 3
[104896.137953] sh (70238): drop_caches: 3
[104900.190256] sh (70238): drop_caches: 3
[104904.238486] sh (70238): drop_caches: 3
[104908.290085] sh (70238): drop_caches: 3
[104912.337767] sh (70238): drop_caches: 3
[104916.388694] sh (70238): drop_caches: 3
[104920.439014] sh (70238): drop_caches: 3
[104924.480975] sh (70238): drop_caches: 3
[104928.528202] sh (70238): drop_caches: 3
[104932.579761] sh (70238): drop_caches: 3
[104936.627805] sh (70238): drop_caches: 3
[104940.674506] sh (70238): drop_caches: 3
[104944.723916] sh (70238): drop_caches: 3
[104948.772525] sh (70238): drop_caches: 3
[104952.823216] sh (70238): drop_caches: 3
[104956.869429] sh (70238): drop_caches: 3
[104960.918064] sh (70238): drop_caches: 3
[104964.964928] sh (70238): drop_caches: 3
[104969.011923] sh (70238): drop_caches: 3
[104973.055171] sh (70238): drop_caches: 3
[104977.101539] sh (70238): drop_caches: 3
[104981.148968] sh (70238): drop_caches: 3
[104985.197997] sh (70238): drop_caches: 3
[104989.245064] sh (70238): drop_caches: 3
[104993.294958] sh (70238): drop_caches: 3
[104997.344179] sh (70238): drop_caches: 3
[105001.392537] sh (70238): drop_caches: 3
[105005.439283] sh (70238): drop_caches: 3
[105009.488986] sh (70238): drop_caches: 3
[105013.530839] sh (70238): drop_caches: 3
[105017.577386] sh (70238): drop_caches: 3
[105021.628371] sh (70238): drop_caches: 3
[105025.676672] sh (70238): drop_caches: 3
[105029.725001] sh (70238): drop_caches: 3
[105033.769942] sh (70238): drop_caches: 3
[105037.819474] sh (70238): drop_caches: 3
[105041.867019] sh (70238): drop_caches: 3
[105045.916201] sh (70238): drop_caches: 3
[105049.962927] sh (70238): drop_caches: 3
[105054.014741] sh (70238): drop_caches: 3
[105058.057254] sh (70238): drop_caches: 3
[105062.105099] sh (70238): drop_caches: 3
[105066.152823] sh (70238): drop_caches: 3
[105070.200953] sh (70238): drop_caches: 3
[105074.243306] sh (70238): drop_caches: 3
[105078.286470] sh (70238): drop_caches: 3
[105082.334464] sh (70238): drop_caches: 3
[105086.382446] sh (70238): drop_caches: 3
[105090.428849] sh (70238): drop_caches: 3
[105094.477545] sh (70238): drop_caches: 3
[105098.525024] sh (70238): drop_caches: 3
[105102.568624] sh (70238): drop_caches: 3
[105106.619309] sh (70238): drop_caches: 3
[105110.664564] sh (70238): drop_caches: 3
[105114.713451] sh (70238): drop_caches: 3
[105118.759905] sh (70238): drop_caches: 3
[105122.808454] sh (70238): drop_caches: 3
[105126.857864] sh (70238): drop_caches: 3
[105130.907254] sh (70238): drop_caches: 3
[105134.956545] sh (70238): drop_caches: 3
[105139.005545] sh (70238): drop_caches: 3
[105143.049745] sh (70238): drop_caches: 3
[105147.096053] sh (70238): drop_caches: 3
[105151.144967] sh (70238): drop_caches: 3
[105155.194771] sh (70238): drop_caches: 3
[105159.242917] sh (70238): drop_caches: 3
[105163.290078] sh (70238): drop_caches: 3
[105167.339530] sh (70238): drop_caches: 3
[105171.381940] sh (70238): drop_caches: 3
[105175.431094] sh (70238): drop_caches: 3
[105179.475496] sh (70238): drop_caches: 3
[105183.524199] sh (70238): drop_caches: 3
[105187.575019] sh (70238): drop_caches: 3
[105191.622898] sh (70238): drop_caches: 3
[105195.673573] sh (70238): drop_caches: 3
[105199.723214] sh (70238): drop_caches: 3
[105203.771179] sh (70238): drop_caches: 3
[105207.814034] sh (70238): drop_caches: 3
[105211.860340] sh (70238): drop_caches: 3
[105215.908388] sh (70238): drop_caches: 3
[105219.956689] sh (70238): drop_caches: 3
[105224.006149] sh (70238): drop_caches: 3
[105228.053611] sh (70238): drop_caches: 3
[105232.100643] sh (70238): drop_caches: 3
[105236.153093] sh (70238): drop_caches: 3
[105240.201673] sh (70238): drop_caches: 3
[105244.250273] sh (70238): drop_caches: 3
[105248.297932] sh (70238): drop_caches: 3
[105252.346881] sh (70238): drop_caches: 3
[105256.395851] sh (70238): drop_caches: 3
[105260.440476] sh (70238): drop_caches: 3
[105264.491147] sh (70238): drop_caches: 3
[105268.539941] sh (70238): drop_caches: 3
[105272.592401] sh (70238): drop_caches: 3
[105276.641950] sh (70238): drop_caches: 3
[105280.689038] sh (70238): drop_caches: 3
[105284.735098] sh (70238): drop_caches: 3
[105288.782306] sh (70238): drop_caches: 3
[105292.831223] sh (70238): drop_caches: 3
[105296.884574] sh (70238): drop_caches: 3
[105300.931804] sh (70238): drop_caches: 3
[105304.978979] sh (70238): drop_caches: 3
[105309.022445] sh (70238): drop_caches: 3
[105313.065007] sh (70238): drop_caches: 3
[105317.108895] sh (70238): drop_caches: 3
[105321.158214] sh (70238): drop_caches: 3
[105325.209768] sh (70238): drop_caches: 3
[105329.258666] sh (70238): drop_caches: 3
[105333.306862] sh (70238): drop_caches: 3
[105337.355679] sh (70238): drop_caches: 3
[105341.403288] sh (70238): drop_caches: 3
[105345.450977] sh (70238): drop_caches: 3
[105349.503437] sh (70238): drop_caches: 3
[105353.553183] sh (70238): drop_caches: 3
[105357.593799] sh (70238): drop_caches: 3
[105361.641003] sh (70238): drop_caches: 3
[105365.682689] sh (70238): drop_caches: 3
[105369.732707] sh (70238): drop_caches: 3
[105373.783723] sh (70238): drop_caches: 3
[105377.830725] sh (70238): drop_caches: 3
[105381.872904] sh (70238): drop_caches: 3
[105385.920988] sh (70238): drop_caches: 3
[105389.962646] sh (70238): drop_caches: 3
[105390.011439] iCAT_SQLITE_RUN_END run=20260830-022905-70110
[105390.030599] EXT4-fs (nvme1n1): unmounting filesystem 640db615-a79c-40fe-9d68-1f57e75ea994.
[105390.107486] pci_bus 0001:10: busn_res: [bus 10-ff] is released
[105390.107543] NVMeVirt: GC stats: policy=cat-fig7 host_pages=32358562 gc_pages=9090755 gc_count=647639 WAF=1.280 k=7 scale_pct=50 age_ratio=7
[105390.180417] NVMeVirt: Virtual NVMe device closed
