[138631.781814] NVMeVirt: Version 1.10 for >> Samsung 970 Pro SSD <<
[138631.781823] NVMeVirt: Storage: 0x100100000-0x300000000 (8191 MiB)
[138631.789202] NVMeVirt: Total Capacity(GiB,MiB)=2,2048 chs=2 luns=4 lines=8192 blk-size(MiB,KiB)=0,64 line-size(MiB,KiB)=0,256
[138631.802640] NVMeVirt: [chmodel_init] bandwidth 800 max_credits 26 tx_time 152
[138631.811901] NVMeVirt: [chmodel_init] bandwidth 800 max_credits 26 tx_time 152
[138631.811920] NVMeVirt: [chmodel_init] bandwidth 3360 max_credits 110 tx_time 36
[138631.813170] NVMeVirt: pqueue: Copyright (c) 2014, Volkan Yazıcı <volkan.yazici@gmail.com>. All rights reserved.
[138631.813207] NVMeVirt: Init FTL instance with 2 channels (524288 pages)
[138631.813208] NVMeVirt: GC victim policy: cat-fig7 k=10 scale_pct=200 age_ratio=16
[138631.819861] NVMeVirt: [chmodel_init] bandwidth 800 max_credits 26 tx_time 152
[138631.826449] NVMeVirt: [chmodel_init] bandwidth 800 max_credits 26 tx_time 152
[138631.826464] NVMeVirt: [chmodel_init] bandwidth 3360 max_credits 110 tx_time 36
[138631.827747] NVMeVirt: Init FTL instance with 2 channels (524288 pages)
[138631.827748] NVMeVirt: GC victim policy: cat-fig7 k=10 scale_pct=200 age_ratio=16
[138631.834246] NVMeVirt: [chmodel_init] bandwidth 800 max_credits 26 tx_time 152
[138631.840630] NVMeVirt: [chmodel_init] bandwidth 800 max_credits 26 tx_time 152
[138631.840646] NVMeVirt: [chmodel_init] bandwidth 3360 max_credits 110 tx_time 36
[138631.841931] NVMeVirt: Init FTL instance with 2 channels (524288 pages)
[138631.841932] NVMeVirt: GC victim policy: cat-fig7 k=10 scale_pct=200 age_ratio=16
[138631.848351] NVMeVirt: [chmodel_init] bandwidth 800 max_credits 26 tx_time 152
[138631.854844] NVMeVirt: [chmodel_init] bandwidth 800 max_credits 26 tx_time 152
[138631.854858] NVMeVirt: [chmodel_init] bandwidth 3360 max_credits 110 tx_time 36
[138631.856122] NVMeVirt: Init FTL instance with 2 channels (524288 pages)
[138631.856123] NVMeVirt: GC victim policy: cat-fig7 k=10 scale_pct=200 age_ratio=16
[138631.856127] NVMeVirt: FTL physical space: 8588886016, logical space: 8026996276 (physical/logical * 100 = 107)
[138631.856128] NVMeVirt: ns 0/1: size 7655 MiB
[138631.856170] PCI host bridge to bus 0001:10
[138631.856172] pci_bus 0001:10: root bus resource [io  0x0000-0xffff]
[138631.856175] pci_bus 0001:10: root bus resource [mem 0x00000000-0x3fffffffffff]
[138631.856176] pci_bus 0001:10: root bus resource [bus 00-ff]
[138631.856182] pci 0001:10:00.0: [0c51:0110] type 00 class 0x010802 PCIe Endpoint
[138631.856185] pci 0001:10:00.0: BAR 0 [mem 0x100000000-0x100003fff 64bit]
[138631.856187] pci 0001:10:00.0: enabling Extended Tags
[138631.856297] NVMeVirt: Virtual PCI bus created (node 0)
[138631.856738] NVMeVirt: nvmev_dispatcher started on cpu 1 (node 0)
[138631.856783] NVMeVirt: nvmev_io_worker_0 started on cpu 2 (node 0)
[138631.856954] nvme nvme1: pci function 0001:10:00.0
[138631.860096] nvme nvme1: 20/0/0 default/read/poll queues
[138631.864257] NVMeVirt: Virtual NVMe device created
[138632.925746] EXT4-fs (nvme1n1): mounted filesystem dda73851-f51c-41c5-a688-a4cfe668c87b r/w with ordered data mode. Quota mode: none.
[138632.956184] iCAT_SQLITE_LOAD_START run=20260830-120909-142159
[138712.656151] iCAT_SQLITE_LOAD_END run=20260830-120909-142159
[138713.079230] sh (142289): drop_caches: 3
[138713.107813] iCAT_SQLITE_RUN_START run=20260830-120909-142159
[138716.696207] sh (142290): drop_caches: 3
[138720.741493] sh (142290): drop_caches: 3
[138724.787109] sh (142290): drop_caches: 3
[138728.830469] sh (142290): drop_caches: 3
[138732.879096] sh (142290): drop_caches: 3
[138736.925226] sh (142290): drop_caches: 3
[138740.967166] sh (142290): drop_caches: 3
[138745.017372] sh (142290): drop_caches: 3
[138749.063279] sh (142290): drop_caches: 3
[138753.111670] sh (142290): drop_caches: 3
[138757.156747] sh (142290): drop_caches: 3
[138761.203449] sh (142290): drop_caches: 3
[138765.247513] sh (142290): drop_caches: 3
[138769.296562] sh (142290): drop_caches: 3
[138773.344393] sh (142290): drop_caches: 3
[138777.386324] sh (142290): drop_caches: 3
[138781.433287] sh (142290): drop_caches: 3
[138785.479634] sh (142290): drop_caches: 3
[138789.525328] sh (142290): drop_caches: 3
[138793.570996] sh (142290): drop_caches: 3
[138797.617145] sh (142290): drop_caches: 3
[138801.662496] sh (142290): drop_caches: 3
[138805.708450] sh (142290): drop_caches: 3
[138809.748234] sh (142290): drop_caches: 3
[138813.794731] sh (142290): drop_caches: 3
[138817.840297] sh (142290): drop_caches: 3
[138821.882889] sh (142290): drop_caches: 3
[138825.923242] sh (142290): drop_caches: 3
[138829.967741] sh (142290): drop_caches: 3
[138834.011830] sh (142290): drop_caches: 3
[138838.055282] sh (142290): drop_caches: 3
[138842.101457] sh (142290): drop_caches: 3
[138846.146016] sh (142290): drop_caches: 3
[138850.191443] sh (142290): drop_caches: 3
[138854.238617] sh (142290): drop_caches: 3
[138858.284138] sh (142290): drop_caches: 3
[138862.327798] sh (142290): drop_caches: 3
[138866.373876] sh (142290): drop_caches: 3
[138870.413175] sh (142290): drop_caches: 3
[138874.459507] sh (142290): drop_caches: 3
[138878.502405] sh (142290): drop_caches: 3
[138882.547729] sh (142290): drop_caches: 3
[138886.592604] sh (142290): drop_caches: 3
[138890.637725] sh (142290): drop_caches: 3
[138894.685256] sh (142290): drop_caches: 3
[138898.725345] sh (142290): drop_caches: 3
[138902.763260] sh (142290): drop_caches: 3
[138906.807061] sh (142290): drop_caches: 3
[138910.849806] sh (142290): drop_caches: 3
[138914.894226] sh (142290): drop_caches: 3
[138918.938787] sh (142290): drop_caches: 3
[138922.984871] sh (142290): drop_caches: 3
[138927.029765] sh (142290): drop_caches: 3
[138931.075454] sh (142290): drop_caches: 3
[138935.119639] sh (142290): drop_caches: 3
[138939.163097] sh (142290): drop_caches: 3
[138943.205952] sh (142290): drop_caches: 3
[138947.245816] sh (142290): drop_caches: 3
[138951.290820] sh (142290): drop_caches: 3
[138955.336219] sh (142290): drop_caches: 3
[138959.381586] sh (142290): drop_caches: 3
[138963.425576] sh (142290): drop_caches: 3
[138967.471323] sh (142290): drop_caches: 3
[138971.517646] sh (142290): drop_caches: 3
[138975.563467] sh (142290): drop_caches: 3
[138979.607206] sh (142290): drop_caches: 3
[138983.652347] sh (142290): drop_caches: 3
[138987.698358] sh (142290): drop_caches: 3
[138991.744589] sh (142290): drop_caches: 3
[138995.790535] sh (142290): drop_caches: 3
[138999.836044] sh (142290): drop_caches: 3
[139003.881096] sh (142290): drop_caches: 3
[139007.927933] sh (142290): drop_caches: 3
[139011.974189] sh (142290): drop_caches: 3
[139016.019286] sh (142290): drop_caches: 3
[139020.065921] sh (142290): drop_caches: 3
[139024.110964] sh (142290): drop_caches: 3
[139028.156849] sh (142290): drop_caches: 3
[139032.205825] sh (142290): drop_caches: 3
[139036.254554] sh (142290): drop_caches: 3
[139040.301627] sh (142290): drop_caches: 3
[139044.345154] sh (142290): drop_caches: 3
[139048.390868] sh (142290): drop_caches: 3
[139052.438970] sh (142290): drop_caches: 3
[139056.485358] sh (142290): drop_caches: 3
[139060.532415] sh (142290): drop_caches: 3
[139064.576680] sh (142290): drop_caches: 3
[139068.621838] sh (142290): drop_caches: 3
[139072.667675] sh (142290): drop_caches: 3
[139076.717301] sh (142290): drop_caches: 3
[139080.764494] sh (142290): drop_caches: 3
[139084.808702] sh (142290): drop_caches: 3
[139088.856224] sh (142290): drop_caches: 3
[139092.903270] sh (142290): drop_caches: 3
[139096.950487] sh (142290): drop_caches: 3
[139100.996231] sh (142290): drop_caches: 3
[139105.043493] sh (142290): drop_caches: 3
[139109.090752] sh (142290): drop_caches: 3
[139113.128590] sh (142290): drop_caches: 3
[139117.173450] sh (142290): drop_caches: 3
[139121.220964] sh (142290): drop_caches: 3
[139125.268352] sh (142290): drop_caches: 3
[139129.312133] sh (142290): drop_caches: 3
[139133.356811] sh (142290): drop_caches: 3
[139137.395099] sh (142290): drop_caches: 3
[139141.440265] sh (142290): drop_caches: 3
[139145.485025] sh (142290): drop_caches: 3
[139149.532649] sh (142290): drop_caches: 3
[139153.579387] sh (142290): drop_caches: 3
[139157.624269] sh (142290): drop_caches: 3
[139161.672952] sh (142290): drop_caches: 3
[139165.721055] sh (142290): drop_caches: 3
[139169.759110] sh (142290): drop_caches: 3
[139173.804803] sh (142290): drop_caches: 3
[139177.853068] sh (142290): drop_caches: 3
[139181.895496] sh (142290): drop_caches: 3
[139185.935711] sh (142290): drop_caches: 3
[139189.981728] sh (142290): drop_caches: 3
[139194.027327] sh (142290): drop_caches: 3
[139198.071244] sh (142290): drop_caches: 3
[139202.116698] sh (142290): drop_caches: 3
[139206.162080] sh (142290): drop_caches: 3
[139210.206885] sh (142290): drop_caches: 3
[139214.253830] sh (142290): drop_caches: 3
[139218.300216] sh (142290): drop_caches: 3
[139222.343552] sh (142290): drop_caches: 3
[139226.390113] sh (142290): drop_caches: 3
[139230.437529] sh (142290): drop_caches: 3
[139234.482574] sh (142290): drop_caches: 3
[139238.526781] sh (142290): drop_caches: 3
[139242.571690] sh (142290): drop_caches: 3
[139246.616466] sh (142290): drop_caches: 3
[139250.663027] sh (142290): drop_caches: 3
[139254.708921] sh (142290): drop_caches: 3
[139258.750022] sh (142290): drop_caches: 3
[139262.793820] sh (142290): drop_caches: 3
[139266.841370] sh (142290): drop_caches: 3
[139270.889782] sh (142290): drop_caches: 3
[139274.929185] sh (142290): drop_caches: 3
[139278.973198] sh (142290): drop_caches: 3
[139283.019525] sh (142290): drop_caches: 3
[139287.063364] sh (142290): drop_caches: 3
[139291.107492] sh (142290): drop_caches: 3
[139295.152685] sh (142290): drop_caches: 3
[139299.198959] sh (142290): drop_caches: 3
[139303.245607] sh (142290): drop_caches: 3
[139307.291591] sh (142290): drop_caches: 3
[139311.336984] sh (142290): drop_caches: 3
[139315.382272] sh (142290): drop_caches: 3
[139319.427075] sh (142290): drop_caches: 3
[139323.473165] sh (142290): drop_caches: 3
[139327.519214] sh (142290): drop_caches: 3
[139331.565038] sh (142290): drop_caches: 3
[139335.609441] sh (142290): drop_caches: 3
[139339.659960] sh (142290): drop_caches: 3
[139343.703785] sh (142290): drop_caches: 3
[139347.749900] sh (142290): drop_caches: 3
[139351.795243] sh (142290): drop_caches: 3
[139355.840752] sh (142290): drop_caches: 3
[139359.884970] sh (142290): drop_caches: 3
[139363.928915] sh (142290): drop_caches: 3
[139367.973875] sh (142290): drop_caches: 3
[139372.016354] sh (142290): drop_caches: 3
[139376.061255] sh (142290): drop_caches: 3
[139380.106446] sh (142290): drop_caches: 3
[139384.153112] sh (142290): drop_caches: 3
[139388.198192] sh (142290): drop_caches: 3
[139392.242988] sh (142290): drop_caches: 3
[139396.287856] sh (142290): drop_caches: 3
[139400.334557] sh (142290): drop_caches: 3
[139404.382078] sh (142290): drop_caches: 3
[139408.426304] sh (142290): drop_caches: 3
[139412.470000] sh (142290): drop_caches: 3
[139416.515183] sh (142290): drop_caches: 3
[139420.561585] sh (142290): drop_caches: 3
[139424.604608] sh (142290): drop_caches: 3
[139428.648238] sh (142290): drop_caches: 3
[139432.692399] sh (142290): drop_caches: 3
[139436.734482] sh (142290): drop_caches: 3
[139440.780130] sh (142290): drop_caches: 3
[139444.823850] sh (142290): drop_caches: 3
[139448.872140] sh (142290): drop_caches: 3
[139452.918062] sh (142290): drop_caches: 3
[139456.964538] sh (142290): drop_caches: 3
[139461.013183] sh (142290): drop_caches: 3
[139465.062095] sh (142290): drop_caches: 3
[139469.108042] sh (142290): drop_caches: 3
[139473.154983] sh (142290): drop_caches: 3
[139477.201201] sh (142290): drop_caches: 3
[139481.248042] sh (142290): drop_caches: 3
[139485.291819] sh (142290): drop_caches: 3
[139489.339420] sh (142290): drop_caches: 3
[139493.383057] sh (142290): drop_caches: 3
[139497.422946] sh (142290): drop_caches: 3
[139501.469067] sh (142290): drop_caches: 3
[139505.513284] sh (142290): drop_caches: 3
[139509.559855] sh (142290): drop_caches: 3
[139513.604165] sh (142290): drop_caches: 3
[139517.648847] sh (142290): drop_caches: 3
[139521.695112] sh (142290): drop_caches: 3
[139525.735609] sh (142290): drop_caches: 3
[139529.782785] sh (142290): drop_caches: 3
[139533.832435] sh (142290): drop_caches: 3
[139537.876950] sh (142290): drop_caches: 3
[139541.916729] sh (142290): drop_caches: 3
[139545.967450] sh (142290): drop_caches: 3
[139550.016104] sh (142290): drop_caches: 3
[139554.063018] sh (142290): drop_caches: 3
[139558.112026] sh (142290): drop_caches: 3
[139562.160207] sh (142290): drop_caches: 3
[139566.203437] sh (142290): drop_caches: 3
[139570.252925] sh (142290): drop_caches: 3
[139574.296868] sh (142290): drop_caches: 3
[139578.341863] sh (142290): drop_caches: 3
[139582.390807] sh (142290): drop_caches: 3
[139586.437401] sh (142290): drop_caches: 3
[139590.483852] sh (142290): drop_caches: 3
[139594.529522] sh (142290): drop_caches: 3
[139598.576268] sh (142290): drop_caches: 3
[139602.614654] sh (142290): drop_caches: 3
[139606.659536] sh (142290): drop_caches: 3
[139610.705028] sh (142290): drop_caches: 3
[139614.745334] sh (142290): drop_caches: 3
[139618.788703] sh (142290): drop_caches: 3
[139622.835239] sh (142290): drop_caches: 3
[139626.882212] sh (142290): drop_caches: 3
[139630.928750] sh (142290): drop_caches: 3
[139634.972969] sh (142290): drop_caches: 3
[139639.019717] sh (142290): drop_caches: 3
[139643.067666] sh (142290): drop_caches: 3
[139647.113690] sh (142290): drop_caches: 3
[139651.159547] sh (142290): drop_caches: 3
[139655.203007] sh (142290): drop_caches: 3
[139659.249943] sh (142290): drop_caches: 3
[139663.296958] sh (142290): drop_caches: 3
[139667.337548] sh (142290): drop_caches: 3
[139671.382724] sh (142290): drop_caches: 3
[139675.427980] sh (142290): drop_caches: 3
[139679.475101] sh (142290): drop_caches: 3
[139683.519598] sh (142290): drop_caches: 3
[139687.566527] sh (142290): drop_caches: 3
[139691.612565] sh (142290): drop_caches: 3
[139695.655312] sh (142290): drop_caches: 3
[139699.701107] sh (142290): drop_caches: 3
[139703.748778] sh (142290): drop_caches: 3
[139707.796418] sh (142290): drop_caches: 3
[139711.842132] sh (142290): drop_caches: 3
[139715.888771] sh (142290): drop_caches: 3
[139719.934306] sh (142290): drop_caches: 3
[139723.978848] sh (142290): drop_caches: 3
[139728.022996] sh (142290): drop_caches: 3
[139732.070635] sh (142290): drop_caches: 3
[139736.115851] sh (142290): drop_caches: 3
[139740.161690] sh (142290): drop_caches: 3
[139744.207537] sh (142290): drop_caches: 3
[139748.253122] sh (142290): drop_caches: 3
[139752.297223] sh (142290): drop_caches: 3
[139756.342340] sh (142290): drop_caches: 3
[139760.389104] sh (142290): drop_caches: 3
[139764.433030] sh (142290): drop_caches: 3
[139768.473601] sh (142290): drop_caches: 3
[139772.522582] sh (142290): drop_caches: 3
[139776.567967] sh (142290): drop_caches: 3
[139780.616453] sh (142290): drop_caches: 3
[139784.666288] sh (142290): drop_caches: 3
[139788.714966] sh (142290): drop_caches: 3
[139792.763081] sh (142290): drop_caches: 3
[139796.808555] sh (142290): drop_caches: 3
[139800.857689] sh (142290): drop_caches: 3
[139804.905375] sh (142290): drop_caches: 3
[139808.951714] sh (142290): drop_caches: 3
[139812.997711] sh (142290): drop_caches: 3
[139817.044989] sh (142290): drop_caches: 3
[139821.090310] sh (142290): drop_caches: 3
[139825.138235] sh (142290): drop_caches: 3
[139829.183081] sh (142290): drop_caches: 3
[139833.229465] sh (142290): drop_caches: 3
[139837.277655] sh (142290): drop_caches: 3
[139841.326558] sh (142290): drop_caches: 3
[139845.372977] sh (142290): drop_caches: 3
[139849.422588] sh (142290): drop_caches: 3
[139853.462566] sh (142290): drop_caches: 3
[139857.509832] sh (142290): drop_caches: 3
[139861.553930] sh (142290): drop_caches: 3
[139865.601877] sh (142290): drop_caches: 3
[139869.648795] sh (142290): drop_caches: 3
[139873.697125] sh (142290): drop_caches: 3
[139877.738423] sh (142290): drop_caches: 3
[139881.789773] sh (142290): drop_caches: 3
[139885.833682] sh (142290): drop_caches: 3
[139889.875779] sh (142290): drop_caches: 3
[139893.912995] sh (142290): drop_caches: 3
[139897.961201] sh (142290): drop_caches: 3
[139902.006597] sh (142290): drop_caches: 3
[139906.052671] sh (142290): drop_caches: 3
[139910.098485] sh (142290): drop_caches: 3
[139914.141933] sh (142290): drop_caches: 3
[139918.190074] sh (142290): drop_caches: 3
[139922.233826] sh (142290): drop_caches: 3
[139926.281536] sh (142290): drop_caches: 3
[139930.320971] sh (142290): drop_caches: 3
[139934.367297] sh (142290): drop_caches: 3
[139938.414691] sh (142290): drop_caches: 3
[139942.458616] sh (142290): drop_caches: 3
[139946.502631] sh (142290): drop_caches: 3
[139950.554173] sh (142290): drop_caches: 3
[139954.600459] sh (142290): drop_caches: 3
[139958.644115] sh (142290): drop_caches: 3
[139962.689865] sh (142290): drop_caches: 3
[139966.728421] sh (142290): drop_caches: 3
[139970.772843] sh (142290): drop_caches: 3
[139974.818977] sh (142290): drop_caches: 3
[139978.864502] sh (142290): drop_caches: 3
[139982.908576] sh (142290): drop_caches: 3
[139986.951383] sh (142290): drop_caches: 3
[139990.995954] sh (142290): drop_caches: 3
[139995.040644] sh (142290): drop_caches: 3
[139999.088406] sh (142290): drop_caches: 3
[140003.132170] sh (142290): drop_caches: 3
[140007.177189] sh (142290): drop_caches: 3
[140011.221740] sh (142290): drop_caches: 3
[140015.268175] sh (142290): drop_caches: 3
[140019.307219] sh (142290): drop_caches: 3
[140023.350823] sh (142290): drop_caches: 3
[140027.390591] sh (142290): drop_caches: 3
[140031.437433] sh (142290): drop_caches: 3
[140035.484485] sh (142290): drop_caches: 3
[140039.531148] sh (142290): drop_caches: 3
[140043.579932] sh (142290): drop_caches: 3
[140047.626580] sh (142290): drop_caches: 3
[140051.675087] sh (142290): drop_caches: 3
[140055.723592] sh (142290): drop_caches: 3
[140059.770178] sh (142290): drop_caches: 3
[140063.816041] sh (142290): drop_caches: 3
[140067.859615] sh (142290): drop_caches: 3
[140071.905465] sh (142290): drop_caches: 3
[140075.948726] sh (142290): drop_caches: 3
[140079.996727] sh (142290): drop_caches: 3
[140084.043617] sh (142290): drop_caches: 3
[140088.089086] sh (142290): drop_caches: 3
[140092.134317] sh (142290): drop_caches: 3
[140096.177536] sh (142290): drop_caches: 3
[140100.221548] sh (142290): drop_caches: 3
[140104.267758] sh (142290): drop_caches: 3
[140108.314629] sh (142290): drop_caches: 3
[140112.359513] sh (142290): drop_caches: 3
[140116.404760] sh (142290): drop_caches: 3
[140120.450279] sh (142290): drop_caches: 3
[140124.495684] sh (142290): drop_caches: 3
[140128.541026] sh (142290): drop_caches: 3
[140132.586561] sh (142290): drop_caches: 3
[140136.632960] sh (142290): drop_caches: 3
[140140.679457] sh (142290): drop_caches: 3
[140144.725368] sh (142290): drop_caches: 3
[140148.770624] sh (142290): drop_caches: 3
[140152.813869] sh (142290): drop_caches: 3
[140156.860928] sh (142290): drop_caches: 3
[140160.905900] sh (142290): drop_caches: 3
[140164.952917] sh (142290): drop_caches: 3
[140168.997292] sh (142290): drop_caches: 3
[140173.041902] sh (142290): drop_caches: 3
[140177.084774] sh (142290): drop_caches: 3
[140181.123816] sh (142290): drop_caches: 3
[140185.161244] sh (142290): drop_caches: 3
[140185.208190] iCAT_SQLITE_RUN_END run=20260830-120909-142159
[140185.226871] EXT4-fs (nvme1n1): unmounting filesystem dda73851-f51c-41c5-a688-a4cfe668c87b.
[140185.308079] pci_bus 0001:10: busn_res: [bus 10-ff] is released
[140185.308108] NVMeVirt: GC stats: policy=cat-fig7 host_pages=32317700 gc_pages=8986872 gc_count=645377 WAF=1.278 k=10 scale_pct=200 age_ratio=16
[140185.374406] NVMeVirt: Virtual NVMe device closed
