[111641.471142] NVMeVirt: Version 1.10 for >> Samsung 970 Pro SSD <<
[111641.471154] NVMeVirt: Storage: 0x100100000-0x300000000 (8191 MiB)
[111641.478348] NVMeVirt: Total Capacity(GiB,MiB)=2,2048 chs=2 luns=4 lines=8192 blk-size(MiB,KiB)=0,64 line-size(MiB,KiB)=0,256
[111641.488839] NVMeVirt: [chmodel_init] bandwidth 800 max_credits 26 tx_time 152
[111641.497225] NVMeVirt: [chmodel_init] bandwidth 800 max_credits 26 tx_time 152
[111641.497240] NVMeVirt: [chmodel_init] bandwidth 3360 max_credits 110 tx_time 36
[111641.498492] NVMeVirt: pqueue: Copyright (c) 2014, Volkan Yazıcı <volkan.yazici@gmail.com>. All rights reserved.
[111641.498529] NVMeVirt: Init FTL instance with 2 channels (524288 pages)
[111641.498530] NVMeVirt: GC victim policy: cat-fig7 k=7 scale_pct=200 age_ratio=4
[111641.505242] NVMeVirt: [chmodel_init] bandwidth 800 max_credits 26 tx_time 152
[111641.511839] NVMeVirt: [chmodel_init] bandwidth 800 max_credits 26 tx_time 152
[111641.511853] NVMeVirt: [chmodel_init] bandwidth 3360 max_credits 110 tx_time 36
[111641.513113] NVMeVirt: Init FTL instance with 2 channels (524288 pages)
[111641.513114] NVMeVirt: GC victim policy: cat-fig7 k=7 scale_pct=200 age_ratio=4
[111641.519567] NVMeVirt: [chmodel_init] bandwidth 800 max_credits 26 tx_time 152
[111641.526056] NVMeVirt: [chmodel_init] bandwidth 800 max_credits 26 tx_time 152
[111641.526070] NVMeVirt: [chmodel_init] bandwidth 3360 max_credits 110 tx_time 36
[111641.527330] NVMeVirt: Init FTL instance with 2 channels (524288 pages)
[111641.527331] NVMeVirt: GC victim policy: cat-fig7 k=7 scale_pct=200 age_ratio=4
[111641.533841] NVMeVirt: [chmodel_init] bandwidth 800 max_credits 26 tx_time 152
[111641.540344] NVMeVirt: [chmodel_init] bandwidth 800 max_credits 26 tx_time 152
[111641.540358] NVMeVirt: [chmodel_init] bandwidth 3360 max_credits 110 tx_time 36
[111641.541640] NVMeVirt: Init FTL instance with 2 channels (524288 pages)
[111641.541641] NVMeVirt: GC victim policy: cat-fig7 k=7 scale_pct=200 age_ratio=4
[111641.541644] NVMeVirt: FTL physical space: 8588886016, logical space: 8026996276 (physical/logical * 100 = 107)
[111641.541646] NVMeVirt: ns 0/1: size 7655 MiB
[111641.541687] PCI host bridge to bus 0001:10
[111641.541688] pci_bus 0001:10: root bus resource [io  0x0000-0xffff]
[111641.541690] pci_bus 0001:10: root bus resource [mem 0x00000000-0x3fffffffffff]
[111641.541692] pci_bus 0001:10: root bus resource [bus 00-ff]
[111641.541698] pci 0001:10:00.0: [0c51:0110] type 00 class 0x010802 PCIe Endpoint
[111641.541701] pci 0001:10:00.0: BAR 0 [mem 0x100000000-0x100003fff 64bit]
[111641.541703] pci 0001:10:00.0: enabling Extended Tags
[111641.541812] NVMeVirt: Virtual PCI bus created (node 0)
[111641.542366] NVMeVirt: nvmev_io_worker_0 started on cpu 2 (node 0)
[111641.542448] NVMeVirt: nvmev_dispatcher started on cpu 1 (node 0)
[111641.542611] nvme nvme1: pci function 0001:10:00.0
[111641.546960] nvme nvme1: 20/0/0 default/read/poll queues
[111641.549179] NVMeVirt: Virtual NVMe device created
[111642.610305] EXT4-fs (nvme1n1): mounted filesystem b81b2bb0-4319-4cf7-b67f-577b40a7f8d0 r/w with ordered data mode. Quota mode: none.
[111642.641837] iCAT_SQLITE_LOAD_START run=20260830-043918-73256
[111721.186619] iCAT_SQLITE_LOAD_END run=20260830-043918-73256
[111721.594735] sh (73383): drop_caches: 3
[111721.626749] iCAT_SQLITE_RUN_START run=20260830-043918-73256
[111725.229792] sh (73381): drop_caches: 3
[111729.274436] sh (73381): drop_caches: 3
[111733.321244] sh (73381): drop_caches: 3
[111737.371736] sh (73381): drop_caches: 3
[111741.419373] sh (73381): drop_caches: 3
[111745.467470] sh (73381): drop_caches: 3
[111749.518743] sh (73381): drop_caches: 3
[111753.569656] sh (73381): drop_caches: 3
[111757.617989] sh (73381): drop_caches: 3
[111761.667406] sh (73381): drop_caches: 3
[111765.715002] sh (73381): drop_caches: 3
[111769.764775] sh (73381): drop_caches: 3
[111773.811190] sh (73381): drop_caches: 3
[111777.858278] sh (73381): drop_caches: 3
[111781.904356] sh (73381): drop_caches: 3
[111785.946266] sh (73381): drop_caches: 3
[111789.990862] sh (73381): drop_caches: 3
[111794.034811] sh (73381): drop_caches: 3
[111798.081411] sh (73381): drop_caches: 3
[111802.131007] sh (73381): drop_caches: 3
[111806.171230] sh (73381): drop_caches: 3
[111810.220476] sh (73381): drop_caches: 3
[111814.268695] sh (73381): drop_caches: 3
[111818.320366] sh (73381): drop_caches: 3
[111822.361712] sh (73381): drop_caches: 3
[111826.411275] sh (73381): drop_caches: 3
[111830.458809] sh (73381): drop_caches: 3
[111834.506914] sh (73381): drop_caches: 3
[111838.551503] sh (73381): drop_caches: 3
[111842.600656] sh (73381): drop_caches: 3
[111846.650977] sh (73381): drop_caches: 3
[111850.702159] sh (73381): drop_caches: 3
[111854.752500] sh (73381): drop_caches: 3
[111858.803028] sh (73381): drop_caches: 3
[111862.853977] sh (73381): drop_caches: 3
[111866.902466] sh (73381): drop_caches: 3
[111870.952536] sh (73381): drop_caches: 3
[111874.995269] sh (73381): drop_caches: 3
[111879.038715] sh (73381): drop_caches: 3
[111883.087972] sh (73381): drop_caches: 3
[111887.136121] sh (73381): drop_caches: 3
[111891.185307] sh (73381): drop_caches: 3
[111895.232367] sh (73381): drop_caches: 3
[111899.284736] sh (73381): drop_caches: 3
[111903.333958] sh (73381): drop_caches: 3
[111907.380445] sh (73381): drop_caches: 3
[111911.427371] sh (73381): drop_caches: 3
[111915.476843] sh (73381): drop_caches: 3
[111919.526548] sh (73381): drop_caches: 3
[111923.576734] sh (73381): drop_caches: 3
[111927.626327] sh (73381): drop_caches: 3
[111931.676879] sh (73381): drop_caches: 3
[111935.724089] sh (73381): drop_caches: 3
[111939.777395] sh (73381): drop_caches: 3
[111943.830310] sh (73381): drop_caches: 3
[111947.878777] sh (73381): drop_caches: 3
[111951.927807] sh (73381): drop_caches: 3
[111955.975596] sh (73381): drop_caches: 3
[111960.025350] sh (73381): drop_caches: 3
[111964.074309] sh (73381): drop_caches: 3
[111968.125114] sh (73381): drop_caches: 3
[111972.174068] sh (73381): drop_caches: 3
[111976.220740] sh (73381): drop_caches: 3
[111980.273936] sh (73381): drop_caches: 3
[111984.322606] sh (73381): drop_caches: 3
[111988.364377] sh (73381): drop_caches: 3
[111992.413107] sh (73381): drop_caches: 3
[111996.462898] sh (73381): drop_caches: 3
[112000.503485] sh (73381): drop_caches: 3
[112004.551572] sh (73381): drop_caches: 3
[112008.597342] sh (73381): drop_caches: 3
[112012.647975] sh (73381): drop_caches: 3
[112016.697848] sh (73381): drop_caches: 3
[112020.746563] sh (73381): drop_caches: 3
[112024.796690] sh (73381): drop_caches: 3
[112028.838527] sh (73381): drop_caches: 3
[112032.887128] sh (73381): drop_caches: 3
[112036.934796] sh (73381): drop_caches: 3
[112040.984700] sh (73381): drop_caches: 3
[112045.032369] sh (73381): drop_caches: 3
[112049.078859] sh (73381): drop_caches: 3
[112053.122626] sh (73381): drop_caches: 3
[112057.171942] sh (73381): drop_caches: 3
[112061.221016] sh (73381): drop_caches: 3
[112065.267809] sh (73381): drop_caches: 3
[112069.314410] sh (73381): drop_caches: 3
[112073.362807] sh (73381): drop_caches: 3
[112077.412840] sh (73381): drop_caches: 3
[112081.462659] sh (73381): drop_caches: 3
[112085.512165] sh (73381): drop_caches: 3
[112089.559431] sh (73381): drop_caches: 3
[112093.602257] sh (73381): drop_caches: 3
[112097.651829] sh (73381): drop_caches: 3
[112101.699955] sh (73381): drop_caches: 3
[112105.748796] sh (73381): drop_caches: 3
[112109.797883] sh (73381): drop_caches: 3
[112113.848749] sh (73381): drop_caches: 3
[112117.897798] sh (73381): drop_caches: 3
[112121.946626] sh (73381): drop_caches: 3
[112125.987640] sh (73381): drop_caches: 3
[112130.035582] sh (73381): drop_caches: 3
[112134.087582] sh (73381): drop_caches: 3
[112138.135488] sh (73381): drop_caches: 3
[112142.179528] sh (73381): drop_caches: 3
[112146.228208] sh (73381): drop_caches: 3
[112150.277037] sh (73381): drop_caches: 3
[112154.324093] sh (73381): drop_caches: 3
[112158.374472] sh (73381): drop_caches: 3
[112162.424452] sh (73381): drop_caches: 3
[112166.471435] sh (73381): drop_caches: 3
[112170.524847] sh (73381): drop_caches: 3
[112174.574455] sh (73381): drop_caches: 3
[112178.621171] sh (73381): drop_caches: 3
[112182.666002] sh (73381): drop_caches: 3
[112186.716610] sh (73381): drop_caches: 3
[112190.764449] sh (73381): drop_caches: 3
[112194.812290] sh (73381): drop_caches: 3
[112198.854229] sh (73381): drop_caches: 3
[112202.902709] sh (73381): drop_caches: 3
[112206.943925] sh (73381): drop_caches: 3
[112210.986758] sh (73381): drop_caches: 3
[112215.030733] sh (73381): drop_caches: 3
[112219.072773] sh (73381): drop_caches: 3
[112223.121999] sh (73381): drop_caches: 3
[112227.169433] sh (73381): drop_caches: 3
[112231.216361] sh (73381): drop_caches: 3
[112235.265552] sh (73381): drop_caches: 3
[112239.315138] sh (73381): drop_caches: 3
[112243.364468] sh (73381): drop_caches: 3
[112247.416221] sh (73381): drop_caches: 3
[112251.467501] sh (73381): drop_caches: 3
[112255.517032] sh (73381): drop_caches: 3
[112259.564266] sh (73381): drop_caches: 3
[112263.613348] sh (73381): drop_caches: 3
[112267.666726] sh (73381): drop_caches: 3
[112271.714517] sh (73381): drop_caches: 3
[112275.756366] sh (73381): drop_caches: 3
[112279.797608] sh (73381): drop_caches: 3
[112283.847460] sh (73381): drop_caches: 3
[112287.899002] sh (73381): drop_caches: 3
[112291.945520] sh (73381): drop_caches: 3
[112295.993675] sh (73381): drop_caches: 3
[112300.040608] sh (73381): drop_caches: 3
[112304.081284] sh (73381): drop_caches: 3
[112308.133693] sh (73381): drop_caches: 3
[112312.182579] sh (73381): drop_caches: 3
[112316.231837] sh (73381): drop_caches: 3
[112320.281218] sh (73381): drop_caches: 3
[112324.330863] sh (73381): drop_caches: 3
[112328.382910] sh (73381): drop_caches: 3
[112332.432071] sh (73381): drop_caches: 3
[112336.478542] sh (73381): drop_caches: 3
[112340.529846] sh (73381): drop_caches: 3
[112344.581924] sh (73381): drop_caches: 3
[112348.633384] sh (73381): drop_caches: 3
[112352.680192] sh (73381): drop_caches: 3
[112356.729798] sh (73381): drop_caches: 3
[112360.776625] sh (73381): drop_caches: 3
[112364.821117] sh (73381): drop_caches: 3
[112368.860908] sh (73381): drop_caches: 3
[112372.910023] sh (73381): drop_caches: 3
[112376.959245] sh (73381): drop_caches: 3
[112381.009311] sh (73381): drop_caches: 3
[112385.058217] sh (73381): drop_caches: 3
[112389.105315] sh (73381): drop_caches: 3
[112393.155333] sh (73381): drop_caches: 3
[112397.203251] sh (73381): drop_caches: 3
[112401.253458] sh (73381): drop_caches: 3
[112405.302608] sh (73381): drop_caches: 3
[112409.346109] sh (73381): drop_caches: 3
[112413.393823] sh (73381): drop_caches: 3
[112417.443616] sh (73381): drop_caches: 3
[112421.495947] sh (73381): drop_caches: 3
[112425.549073] sh (73381): drop_caches: 3
[112429.599600] sh (73381): drop_caches: 3
[112433.647206] sh (73381): drop_caches: 3
[112437.693674] sh (73381): drop_caches: 3
[112441.741649] sh (73381): drop_caches: 3
[112445.788294] sh (73381): drop_caches: 3
[112449.837514] sh (73381): drop_caches: 3
[112453.887353] sh (73381): drop_caches: 3
[112457.929265] sh (73381): drop_caches: 3
[112461.973926] sh (73381): drop_caches: 3
[112466.017931] sh (73381): drop_caches: 3
[112470.064705] sh (73381): drop_caches: 3
[112474.115131] sh (73381): drop_caches: 3
[112478.159848] sh (73381): drop_caches: 3
[112482.205733] sh (73381): drop_caches: 3
[112486.255082] sh (73381): drop_caches: 3
[112490.305719] sh (73381): drop_caches: 3
[112494.353828] sh (73381): drop_caches: 3
[112498.404687] sh (73381): drop_caches: 3
[112502.451458] sh (73381): drop_caches: 3
[112506.500917] sh (73381): drop_caches: 3
[112510.549260] sh (73381): drop_caches: 3
[112514.594392] sh (73381): drop_caches: 3
[112518.640785] sh (73381): drop_caches: 3
[112522.689326] sh (73381): drop_caches: 3
[112526.739436] sh (73381): drop_caches: 3
[112530.786018] sh (73381): drop_caches: 3
[112534.837331] sh (73381): drop_caches: 3
[112538.887301] sh (73381): drop_caches: 3
[112542.936418] sh (73381): drop_caches: 3
[112546.977542] sh (73381): drop_caches: 3
[112551.021898] sh (73381): drop_caches: 3
[112555.069518] sh (73381): drop_caches: 3
[112559.114628] sh (73381): drop_caches: 3
[112563.161287] sh (73381): drop_caches: 3
[112567.211389] sh (73381): drop_caches: 3
[112571.258147] sh (73381): drop_caches: 3
[112575.308068] sh (73381): drop_caches: 3
[112579.357881] sh (73381): drop_caches: 3
[112583.406999] sh (73381): drop_caches: 3
[112587.457700] sh (73381): drop_caches: 3
[112591.504661] sh (73381): drop_caches: 3
[112595.555066] sh (73381): drop_caches: 3
[112599.595367] sh (73381): drop_caches: 3
[112603.644478] sh (73381): drop_caches: 3
[112607.694207] sh (73381): drop_caches: 3
[112611.740754] sh (73381): drop_caches: 3
[112615.789633] sh (73381): drop_caches: 3
[112619.838614] sh (73381): drop_caches: 3
[112623.886607] sh (73381): drop_caches: 3
[112627.933682] sh (73381): drop_caches: 3
[112631.981977] sh (73381): drop_caches: 3
[112636.025103] sh (73381): drop_caches: 3
[112640.072726] sh (73381): drop_caches: 3
[112644.121845] sh (73381): drop_caches: 3
[112648.173296] sh (73381): drop_caches: 3
[112652.217874] sh (73381): drop_caches: 3
[112656.267264] sh (73381): drop_caches: 3
[112660.315061] sh (73381): drop_caches: 3
[112664.364218] sh (73381): drop_caches: 3
[112668.411865] sh (73381): drop_caches: 3
[112672.458539] sh (73381): drop_caches: 3
[112676.507465] sh (73381): drop_caches: 3
[112680.560198] sh (73381): drop_caches: 3
[112684.608793] sh (73381): drop_caches: 3
[112688.657324] sh (73381): drop_caches: 3
[112692.709791] sh (73381): drop_caches: 3
[112696.761762] sh (73381): drop_caches: 3
[112700.813320] sh (73381): drop_caches: 3
[112704.863762] sh (73381): drop_caches: 3
[112708.913087] sh (73381): drop_caches: 3
[112712.965589] sh (73381): drop_caches: 3
[112717.015024] sh (73381): drop_caches: 3
[112721.062609] sh (73381): drop_caches: 3
[112725.104846] sh (73381): drop_caches: 3
[112729.152339] sh (73381): drop_caches: 3
[112733.203343] sh (73381): drop_caches: 3
[112737.251800] sh (73381): drop_caches: 3
[112741.300587] sh (73381): drop_caches: 3
[112745.347990] sh (73381): drop_caches: 3
[112749.395594] sh (73381): drop_caches: 3
[112753.444536] sh (73381): drop_caches: 3
[112757.494777] sh (73381): drop_caches: 3
[112761.544368] sh (73381): drop_caches: 3
[112765.595448] sh (73381): drop_caches: 3
[112769.643648] sh (73381): drop_caches: 3
[112773.690598] sh (73381): drop_caches: 3
[112777.738896] sh (73381): drop_caches: 3
[112781.789770] sh (73381): drop_caches: 3
[112785.839700] sh (73381): drop_caches: 3
[112789.883448] sh (73381): drop_caches: 3
[112793.933001] sh (73381): drop_caches: 3
[112797.983191] sh (73381): drop_caches: 3
[112802.026049] sh (73381): drop_caches: 3
[112806.075992] sh (73381): drop_caches: 3
[112810.122741] sh (73381): drop_caches: 3
[112814.165788] sh (73381): drop_caches: 3
[112818.215928] sh (73381): drop_caches: 3
[112822.265133] sh (73381): drop_caches: 3
[112826.308513] sh (73381): drop_caches: 3
[112830.358579] sh (73381): drop_caches: 3
[112834.407693] sh (73381): drop_caches: 3
[112838.455208] sh (73381): drop_caches: 3
[112842.504684] sh (73381): drop_caches: 3
[112846.553957] sh (73381): drop_caches: 3
[112850.603740] sh (73381): drop_caches: 3
[112854.653644] sh (73381): drop_caches: 3
[112858.701748] sh (73381): drop_caches: 3
[112862.750675] sh (73381): drop_caches: 3
[112866.798271] sh (73381): drop_caches: 3
[112870.849270] sh (73381): drop_caches: 3
[112874.899729] sh (73381): drop_caches: 3
[112878.946510] sh (73381): drop_caches: 3
[112882.992941] sh (73381): drop_caches: 3
[112887.042429] sh (73381): drop_caches: 3
[112891.095393] sh (73381): drop_caches: 3
[112895.137035] sh (73381): drop_caches: 3
[112899.183890] sh (73381): drop_caches: 3
[112903.236650] sh (73381): drop_caches: 3
[112907.282348] sh (73381): drop_caches: 3
[112911.332025] sh (73381): drop_caches: 3
[112915.383880] sh (73381): drop_caches: 3
[112919.434199] sh (73381): drop_caches: 3
[112923.483734] sh (73381): drop_caches: 3
[112927.531444] sh (73381): drop_caches: 3
[112931.579649] sh (73381): drop_caches: 3
[112935.629295] sh (73381): drop_caches: 3
[112939.679365] sh (73381): drop_caches: 3
[112943.729002] sh (73381): drop_caches: 3
[112947.777805] sh (73381): drop_caches: 3
[112951.826957] sh (73381): drop_caches: 3
[112955.870093] sh (73381): drop_caches: 3
[112959.917576] sh (73381): drop_caches: 3
[112963.964462] sh (73381): drop_caches: 3
[112968.012413] sh (73381): drop_caches: 3
[112972.062890] sh (73381): drop_caches: 3
[112976.111363] sh (73381): drop_caches: 3
[112980.160702] sh (73381): drop_caches: 3
[112984.210293] sh (73381): drop_caches: 3
[112988.251804] sh (73381): drop_caches: 3
[112992.294436] sh (73381): drop_caches: 3
[112996.342716] sh (73381): drop_caches: 3
[113000.384148] sh (73381): drop_caches: 3
[113004.433831] sh (73381): drop_caches: 3
[113008.480865] sh (73381): drop_caches: 3
[113012.532853] sh (73381): drop_caches: 3
[113016.581819] sh (73381): drop_caches: 3
[113020.630568] sh (73381): drop_caches: 3
[113024.680616] sh (73381): drop_caches: 3
[113028.730675] sh (73381): drop_caches: 3
[113032.780850] sh (73381): drop_caches: 3
[113036.828295] sh (73381): drop_caches: 3
[113040.878167] sh (73381): drop_caches: 3
[113044.928086] sh (73381): drop_caches: 3
[113048.976867] sh (73381): drop_caches: 3
[113053.023851] sh (73381): drop_caches: 3
[113057.072951] sh (73381): drop_caches: 3
[113061.122561] sh (73381): drop_caches: 3
[113065.171836] sh (73381): drop_caches: 3
[113069.221719] sh (73381): drop_caches: 3
[113073.268350] sh (73381): drop_caches: 3
[113077.319409] sh (73381): drop_caches: 3
[113081.360151] sh (73381): drop_caches: 3
[113085.407859] sh (73381): drop_caches: 3
[113089.456467] sh (73381): drop_caches: 3
[113093.504987] sh (73381): drop_caches: 3
[113097.560039] sh (73381): drop_caches: 3
[113101.609142] sh (73381): drop_caches: 3
[113105.658685] sh (73381): drop_caches: 3
[113109.706698] sh (73381): drop_caches: 3
[113113.756964] sh (73381): drop_caches: 3
[113117.804846] sh (73381): drop_caches: 3
[113121.854755] sh (73381): drop_caches: 3
[113125.898440] sh (73381): drop_caches: 3
[113129.949803] sh (73381): drop_caches: 3
[113133.991463] sh (73381): drop_caches: 3
[113138.034046] sh (73381): drop_caches: 3
[113142.084357] sh (73381): drop_caches: 3
[113146.133667] sh (73381): drop_caches: 3
[113150.177017] sh (73381): drop_caches: 3
[113154.226953] sh (73381): drop_caches: 3
[113158.275691] sh (73381): drop_caches: 3
[113162.324292] sh (73381): drop_caches: 3
[113166.373655] sh (73381): drop_caches: 3
[113170.423011] sh (73381): drop_caches: 3
[113174.465414] sh (73381): drop_caches: 3
[113178.516043] sh (73381): drop_caches: 3
[113182.564639] sh (73381): drop_caches: 3
[113186.612027] sh (73381): drop_caches: 3
[113190.661352] sh (73381): drop_caches: 3
[113194.709210] sh (73381): drop_caches: 3
[113198.758885] sh (73381): drop_caches: 3
[113202.807858] sh (73381): drop_caches: 3
[113206.856726] sh (73381): drop_caches: 3
[113210.903479] sh (73381): drop_caches: 3
[113214.954244] sh (73381): drop_caches: 3
[113218.986693] sh (73381): drop_caches: 3
[113219.032249] iCAT_SQLITE_RUN_END run=20260830-043918-73256
[113219.053359] EXT4-fs (nvme1n1): unmounting filesystem b81b2bb0-4319-4cf7-b67f-577b40a7f8d0.
[113219.149964] pci_bus 0001:10: busn_res: [bus 10-ff] is released
[113219.150005] NVMeVirt: GC stats: policy=cat-fig7 host_pages=32384879 gc_pages=14383596 gc_count=730751 WAF=1.444 k=7 scale_pct=200 age_ratio=4
[113219.217994] NVMeVirt: Virtual NVMe device closed
