[69352.218086] NVMeVirt: Version 1.10 for >> Samsung 970 Pro SSD <<
[69352.218094] NVMeVirt: Storage: 0x100100000-0x300000000 (8191 MiB)
[69352.225519] NVMeVirt: Total Capacity(GiB,MiB)=2,2048 chs=2 luns=4 lines=8192 blk-size(MiB,KiB)=0,64 line-size(MiB,KiB)=0,256
[69352.235587] NVMeVirt: [chmodel_init] bandwidth 800 max_credits 26 tx_time 152
[69352.242259] NVMeVirt: [chmodel_init] bandwidth 800 max_credits 26 tx_time 152
[69352.242274] NVMeVirt: [chmodel_init] bandwidth 3360 max_credits 110 tx_time 36
[69352.243493] NVMeVirt: pqueue: Copyright (c) 2014, Volkan Yazıcı <volkan.yazici@gmail.com>. All rights reserved.
[69352.243530] NVMeVirt: Init FTL instance with 2 channels (524288 pages)
[69352.243531] NVMeVirt: GC victim policy: cat-fig7 k=2 scale_pct=400 age_ratio=4
[69352.250063] NVMeVirt: [chmodel_init] bandwidth 800 max_credits 26 tx_time 152
[69352.256518] NVMeVirt: [chmodel_init] bandwidth 800 max_credits 26 tx_time 152
[69352.256533] NVMeVirt: [chmodel_init] bandwidth 3360 max_credits 110 tx_time 36
[69352.257767] NVMeVirt: Init FTL instance with 2 channels (524288 pages)
[69352.257768] NVMeVirt: GC victim policy: cat-fig7 k=2 scale_pct=400 age_ratio=4
[69352.264220] NVMeVirt: [chmodel_init] bandwidth 800 max_credits 26 tx_time 152
[69352.270710] NVMeVirt: [chmodel_init] bandwidth 800 max_credits 26 tx_time 152
[69352.270724] NVMeVirt: [chmodel_init] bandwidth 3360 max_credits 110 tx_time 36
[69352.271999] NVMeVirt: Init FTL instance with 2 channels (524288 pages)
[69352.272000] NVMeVirt: GC victim policy: cat-fig7 k=2 scale_pct=400 age_ratio=4
[69352.278592] NVMeVirt: [chmodel_init] bandwidth 800 max_credits 26 tx_time 152
[69352.284957] NVMeVirt: [chmodel_init] bandwidth 800 max_credits 26 tx_time 152
[69352.284971] NVMeVirt: [chmodel_init] bandwidth 3360 max_credits 110 tx_time 36
[69352.286243] NVMeVirt: Init FTL instance with 2 channels (524288 pages)
[69352.286244] NVMeVirt: GC victim policy: cat-fig7 k=2 scale_pct=400 age_ratio=4
[69352.286249] NVMeVirt: FTL physical space: 8588886016, logical space: 8026996276 (physical/logical * 100 = 107)
[69352.286250] NVMeVirt: ns 0/1: size 7655 MiB
[69352.286293] PCI host bridge to bus 0001:10
[69352.286294] pci_bus 0001:10: root bus resource [io  0x0000-0xffff]
[69352.286297] pci_bus 0001:10: root bus resource [mem 0x00000000-0x3fffffffffff]
[69352.286298] pci_bus 0001:10: root bus resource [bus 00-ff]
[69352.286304] pci 0001:10:00.0: [0c51:0110] type 00 class 0x010802 PCIe Endpoint
[69352.286307] pci 0001:10:00.0: BAR 0 [mem 0x100000000-0x100003fff 64bit]
[69352.286308] pci 0001:10:00.0: enabling Extended Tags
[69352.286419] NVMeVirt: Virtual PCI bus created (node 0)
[69352.286863] NVMeVirt: nvmev_io_worker_0 started on cpu 2 (node 0)
[69352.286960] NVMeVirt: nvmev_dispatcher started on cpu 1 (node 0)
[69352.287283] nvme nvme1: pci function 0001:10:00.0
[69352.289746] nvme nvme1: 20/0/0 default/read/poll queues
[69352.293452] NVMeVirt: Virtual NVMe device created
[69353.354179] EXT4-fs (nvme1n1): mounted filesystem 737ec7e6-7f6f-47ec-acde-05c547e65755 r/w with ordered data mode. Quota mode: none.
[69353.384295] iCAT_SQLITE_LOAD_START run=20260829-165428-54393
[69430.858353] iCAT_SQLITE_LOAD_END run=20260829-165428-54393
[69431.279728] sh (54524): drop_caches: 3
[69431.314333] iCAT_SQLITE_RUN_START run=20260829-165428-54393
[69434.902005] sh (54525): drop_caches: 3
[69438.947309] sh (54525): drop_caches: 3
[69442.991771] sh (54525): drop_caches: 3
[69447.039518] sh (54525): drop_caches: 3
[69451.084154] sh (54525): drop_caches: 3
[69455.127543] sh (54525): drop_caches: 3
[69459.171793] sh (54525): drop_caches: 3
[69463.216862] sh (54525): drop_caches: 3
[69467.263251] sh (54525): drop_caches: 3
[69471.306461] sh (54525): drop_caches: 3
[69475.350889] sh (54525): drop_caches: 3
[69479.391455] sh (54525): drop_caches: 3
[69483.439862] sh (54525): drop_caches: 3
[69487.485116] sh (54525): drop_caches: 3
[69491.525184] sh (54525): drop_caches: 3
[69495.565281] sh (54525): drop_caches: 3
[69499.609491] sh (54525): drop_caches: 3
[69503.656758] sh (54525): drop_caches: 3
[69507.702470] sh (54525): drop_caches: 3
[69511.747851] sh (54525): drop_caches: 3
[69515.791893] sh (54525): drop_caches: 3
[69519.837170] sh (54525): drop_caches: 3
[69523.881338] sh (54525): drop_caches: 3
[69527.926229] sh (54525): drop_caches: 3
[69531.971910] sh (54525): drop_caches: 3
[69536.016961] sh (54525): drop_caches: 3
[69540.063043] sh (54525): drop_caches: 3
[69544.108891] sh (54525): drop_caches: 3
[69548.154455] sh (54525): drop_caches: 3
[69552.199182] sh (54525): drop_caches: 3
[69556.243478] sh (54525): drop_caches: 3
[69560.289103] sh (54525): drop_caches: 3
[69564.335868] sh (54525): drop_caches: 3
[69568.380705] sh (54525): drop_caches: 3
[69572.427279] sh (54525): drop_caches: 3
[69576.472663] sh (54525): drop_caches: 3
[69580.517495] sh (54525): drop_caches: 3
[69584.563694] sh (54525): drop_caches: 3
[69588.607871] sh (54525): drop_caches: 3
[69592.652273] sh (54525): drop_caches: 3
[69596.698339] sh (54525): drop_caches: 3
[69600.741826] sh (54525): drop_caches: 3
[69604.787648] sh (54525): drop_caches: 3
[69608.834659] sh (54525): drop_caches: 3
[69612.878475] sh (54525): drop_caches: 3
[69616.925790] sh (54525): drop_caches: 3
[69620.968959] sh (54525): drop_caches: 3
[69625.013206] sh (54525): drop_caches: 3
[69629.057322] sh (54525): drop_caches: 3
[69633.100629] sh (54525): drop_caches: 3
[69637.149445] sh (54525): drop_caches: 3
[69641.192609] sh (54525): drop_caches: 3
[69645.234353] sh (54525): drop_caches: 3
[69649.279050] sh (54525): drop_caches: 3
[69653.321288] sh (54525): drop_caches: 3
[69657.366360] sh (54525): drop_caches: 3
[69661.409063] sh (54525): drop_caches: 3
[69665.454096] sh (54525): drop_caches: 3
[69669.500630] sh (54525): drop_caches: 3
[69673.546014] sh (54525): drop_caches: 3
[69677.591423] sh (54525): drop_caches: 3
[69681.637276] sh (54525): drop_caches: 3
[69685.680288] sh (54525): drop_caches: 3
[69689.727068] sh (54525): drop_caches: 3
[69693.772400] sh (54525): drop_caches: 3
[69697.818277] sh (54525): drop_caches: 3
[69701.861730] sh (54525): drop_caches: 3
[69705.905295] sh (54525): drop_caches: 3
[69709.947697] sh (54525): drop_caches: 3
[69713.990871] sh (54525): drop_caches: 3
[69718.034883] sh (54525): drop_caches: 3
[69722.079896] sh (54525): drop_caches: 3
[69726.126070] sh (54525): drop_caches: 3
[69730.171524] sh (54525): drop_caches: 3
[69734.215391] sh (54525): drop_caches: 3
[69738.260251] sh (54525): drop_caches: 3
[69742.308368] sh (54525): drop_caches: 3
[69746.355662] sh (54525): drop_caches: 3
[69750.395745] sh (54525): drop_caches: 3
[69754.440607] sh (54525): drop_caches: 3
[69758.484841] sh (54525): drop_caches: 3
[69762.524643] sh (54525): drop_caches: 3
[69766.564366] sh (54525): drop_caches: 3
[69770.608698] sh (54525): drop_caches: 3
[69774.651523] sh (54525): drop_caches: 3
[69778.695140] sh (54525): drop_caches: 3
[69782.738142] sh (54525): drop_caches: 3
[69786.783687] sh (54525): drop_caches: 3
[69790.829203] sh (54525): drop_caches: 3
[69794.872956] sh (54525): drop_caches: 3
[69798.918691] sh (54525): drop_caches: 3
[69802.963230] sh (54525): drop_caches: 3
[69807.008707] sh (54525): drop_caches: 3
[69811.053642] sh (54525): drop_caches: 3
[69815.101372] sh (54525): drop_caches: 3
[69819.139754] sh (54525): drop_caches: 3
[69823.182533] sh (54525): drop_caches: 3
[69827.226970] sh (54525): drop_caches: 3
[69831.271980] sh (54525): drop_caches: 3
[69835.315070] sh (54525): drop_caches: 3
[69839.353900] sh (54525): drop_caches: 3
[69843.391475] sh (54525): drop_caches: 3
[69847.437047] sh (54525): drop_caches: 3
[69851.481333] sh (54525): drop_caches: 3
[69855.529197] sh (54525): drop_caches: 3
[69859.573518] sh (54525): drop_caches: 3
[69863.618234] sh (54525): drop_caches: 3
[69867.660811] sh (54525): drop_caches: 3
[69871.705728] sh (54525): drop_caches: 3
[69875.756044] sh (54525): drop_caches: 3
[69879.802271] sh (54525): drop_caches: 3
[69883.846767] sh (54525): drop_caches: 3
[69887.891073] sh (54525): drop_caches: 3
[69891.936873] sh (54525): drop_caches: 3
[69895.973944] sh (54525): drop_caches: 3
[69900.018492] sh (54525): drop_caches: 3
[69904.060927] sh (54525): drop_caches: 3
[69908.107420] sh (54525): drop_caches: 3
[69912.153031] sh (54525): drop_caches: 3
[69916.198909] sh (54525): drop_caches: 3
[69920.243994] sh (54525): drop_caches: 3
[69924.289976] sh (54525): drop_caches: 3
[69928.336604] sh (54525): drop_caches: 3
[69932.384970] sh (54525): drop_caches: 3
[69936.429823] sh (54525): drop_caches: 3
[69940.473186] sh (54525): drop_caches: 3
[69944.519341] sh (54525): drop_caches: 3
[69948.566339] sh (54525): drop_caches: 3
[69952.611103] sh (54525): drop_caches: 3
[69956.653731] sh (54525): drop_caches: 3
[69960.700402] sh (54525): drop_caches: 3
[69964.745148] sh (54525): drop_caches: 3
[69968.787921] sh (54525): drop_caches: 3
[69972.829650] sh (54525): drop_caches: 3
[69976.874728] sh (54525): drop_caches: 3
[69980.919442] sh (54525): drop_caches: 3
[69984.966213] sh (54525): drop_caches: 3
[69989.009834] sh (54525): drop_caches: 3
[69993.052944] sh (54525): drop_caches: 3
[69997.095135] sh (54525): drop_caches: 3
[70001.134363] sh (54525): drop_caches: 3
[70005.181040] sh (54525): drop_caches: 3
[70009.227607] sh (54525): drop_caches: 3
[70013.273828] sh (54525): drop_caches: 3
[70017.318675] sh (54525): drop_caches: 3
[70021.364967] sh (54525): drop_caches: 3
[70025.409416] sh (54525): drop_caches: 3
[70029.455344] sh (54525): drop_caches: 3
[70033.500956] sh (54525): drop_caches: 3
[70037.545636] sh (54525): drop_caches: 3
[70041.590372] sh (54525): drop_caches: 3
[70045.628558] sh (54525): drop_caches: 3
[70049.673866] sh (54525): drop_caches: 3
[70053.718265] sh (54525): drop_caches: 3
[70057.761324] sh (54525): drop_caches: 3
[70061.809361] sh (54525): drop_caches: 3
[70065.854854] sh (54525): drop_caches: 3
[70069.900383] sh (54525): drop_caches: 3
[70073.944738] sh (54525): drop_caches: 3
[70077.989791] sh (54525): drop_caches: 3
[70082.037251] sh (54525): drop_caches: 3
[70086.081588] sh (54525): drop_caches: 3
[70090.126299] sh (54525): drop_caches: 3
[70094.169656] sh (54525): drop_caches: 3
[70098.213929] sh (54525): drop_caches: 3
[70102.260099] sh (54525): drop_caches: 3
[70106.306338] sh (54525): drop_caches: 3
[70110.351616] sh (54525): drop_caches: 3
[70114.390288] sh (54525): drop_caches: 3
[70118.433501] sh (54525): drop_caches: 3
[70122.479270] sh (54525): drop_caches: 3
[70126.516048] sh (54525): drop_caches: 3
[70130.555695] sh (54525): drop_caches: 3
[70134.600722] sh (54525): drop_caches: 3
[70138.645403] sh (54525): drop_caches: 3
[70142.689635] sh (54525): drop_caches: 3
[70146.733022] sh (54525): drop_caches: 3
[70150.779951] sh (54525): drop_caches: 3
[70154.825915] sh (54525): drop_caches: 3
[70158.869527] sh (54525): drop_caches: 3
[70162.914274] sh (54525): drop_caches: 3
[70166.958588] sh (54525): drop_caches: 3
[70171.003202] sh (54525): drop_caches: 3
[70175.048316] sh (54525): drop_caches: 3
[70179.090863] sh (54525): drop_caches: 3
[70183.135556] sh (54525): drop_caches: 3
[70187.179368] sh (54525): drop_caches: 3
[70191.224621] sh (54525): drop_caches: 3
[70195.266742] sh (54525): drop_caches: 3
[70199.310632] sh (54525): drop_caches: 3
[70203.347055] sh (54525): drop_caches: 3
[70207.385659] sh (54525): drop_caches: 3
[70211.427890] sh (54525): drop_caches: 3
[70215.474835] sh (54525): drop_caches: 3
[70219.520898] sh (54525): drop_caches: 3
[70223.564294] sh (54525): drop_caches: 3
[70227.609344] sh (54525): drop_caches: 3
[70231.656217] sh (54525): drop_caches: 3
[70235.700228] sh (54525): drop_caches: 3
[70239.747624] sh (54525): drop_caches: 3
[70243.791496] sh (54525): drop_caches: 3
[70247.838426] sh (54525): drop_caches: 3
[70251.882756] sh (54525): drop_caches: 3
[70255.927994] sh (54525): drop_caches: 3
[70259.974324] sh (54525): drop_caches: 3
[70264.018803] sh (54525): drop_caches: 3
[70268.061765] sh (54525): drop_caches: 3
[70272.109879] sh (54525): drop_caches: 3
[70276.152550] sh (54525): drop_caches: 3
[70280.196860] sh (54525): drop_caches: 3
[70284.241017] sh (54525): drop_caches: 3
[70288.285471] sh (54525): drop_caches: 3
[70292.329815] sh (54525): drop_caches: 3
[70296.373996] sh (54525): drop_caches: 3
[70300.411221] sh (54525): drop_caches: 3
[70304.455817] sh (54525): drop_caches: 3
[70308.501334] sh (54525): drop_caches: 3
[70312.544736] sh (54525): drop_caches: 3
[70316.592799] sh (54525): drop_caches: 3
[70320.635284] sh (54525): drop_caches: 3
[70324.680352] sh (54525): drop_caches: 3
[70328.728957] sh (54525): drop_caches: 3
[70332.773883] sh (54525): drop_caches: 3
[70336.818543] sh (54525): drop_caches: 3
[70340.862947] sh (54525): drop_caches: 3
[70344.907275] sh (54525): drop_caches: 3
[70348.945406] sh (54525): drop_caches: 3
[70352.992030] sh (54525): drop_caches: 3
[70357.034629] sh (54525): drop_caches: 3
[70361.078107] sh (54525): drop_caches: 3
[70365.122369] sh (54525): drop_caches: 3
[70369.169881] sh (54525): drop_caches: 3
[70373.213322] sh (54525): drop_caches: 3
[70377.251448] sh (54525): drop_caches: 3
[70381.294169] sh (54525): drop_caches: 3
[70385.340283] sh (54525): drop_caches: 3
[70389.386211] sh (54525): drop_caches: 3
[70393.429693] sh (54525): drop_caches: 3
[70397.474781] sh (54525): drop_caches: 3
[70401.519619] sh (54525): drop_caches: 3
[70405.559631] sh (54525): drop_caches: 3
[70409.604703] sh (54525): drop_caches: 3
[70413.650564] sh (54525): drop_caches: 3
[70417.696100] sh (54525): drop_caches: 3
[70421.741842] sh (54525): drop_caches: 3
[70425.786233] sh (54525): drop_caches: 3
[70429.831790] sh (54525): drop_caches: 3
[70433.878911] sh (54525): drop_caches: 3
[70437.923337] sh (54525): drop_caches: 3
[70441.967386] sh (54525): drop_caches: 3
[70446.011459] sh (54525): drop_caches: 3
[70450.055190] sh (54525): drop_caches: 3
[70454.095245] sh (54525): drop_caches: 3
[70458.138269] sh (54525): drop_caches: 3
[70462.182311] sh (54525): drop_caches: 3
[70466.224483] sh (54525): drop_caches: 3
[70470.267902] sh (54525): drop_caches: 3
[70474.311215] sh (54525): drop_caches: 3
[70478.348914] sh (54525): drop_caches: 3
[70482.386170] sh (54525): drop_caches: 3
[70486.429215] sh (54525): drop_caches: 3
[70490.473617] sh (54525): drop_caches: 3
[70494.511830] sh (54525): drop_caches: 3
[70498.550624] sh (54525): drop_caches: 3
[70502.596117] sh (54525): drop_caches: 3
[70506.639964] sh (54525): drop_caches: 3
[70510.682713] sh (54525): drop_caches: 3
[70514.727358] sh (54525): drop_caches: 3
[70518.770815] sh (54525): drop_caches: 3
[70522.815268] sh (54525): drop_caches: 3
[70526.858718] sh (54525): drop_caches: 3
[70530.899874] sh (54525): drop_caches: 3
[70534.946749] sh (54525): drop_caches: 3
[70538.991850] sh (54525): drop_caches: 3
[70543.037156] sh (54525): drop_caches: 3
[70547.082454] sh (54525): drop_caches: 3
[70551.125622] sh (54525): drop_caches: 3
[70555.170523] sh (54525): drop_caches: 3
[70559.217134] sh (54525): drop_caches: 3
[70563.261688] sh (54525): drop_caches: 3
[70567.306069] sh (54525): drop_caches: 3
[70571.343383] sh (54525): drop_caches: 3
[70575.382421] sh (54525): drop_caches: 3
[70579.426224] sh (54525): drop_caches: 3
[70583.471806] sh (54525): drop_caches: 3
[70587.516130] sh (54525): drop_caches: 3
[70591.558862] sh (54525): drop_caches: 3
[70595.597559] sh (54525): drop_caches: 3
[70599.643867] sh (54525): drop_caches: 3
[70603.687877] sh (54525): drop_caches: 3
[70607.732680] sh (54525): drop_caches: 3
[70611.777756] sh (54525): drop_caches: 3
[70615.821163] sh (54525): drop_caches: 3
[70619.867921] sh (54525): drop_caches: 3
[70623.913435] sh (54525): drop_caches: 3
[70627.958090] sh (54525): drop_caches: 3
[70632.001936] sh (54525): drop_caches: 3
[70636.048639] sh (54525): drop_caches: 3
[70640.091673] sh (54525): drop_caches: 3
[70644.137187] sh (54525): drop_caches: 3
[70648.184022] sh (54525): drop_caches: 3
[70652.229730] sh (54525): drop_caches: 3
[70656.275528] sh (54525): drop_caches: 3
[70660.319466] sh (54525): drop_caches: 3
[70664.362525] sh (54525): drop_caches: 3
[70668.407190] sh (54525): drop_caches: 3
[70672.450266] sh (54525): drop_caches: 3
[70676.496202] sh (54525): drop_caches: 3
[70680.540691] sh (54525): drop_caches: 3
[70684.585269] sh (54525): drop_caches: 3
[70688.631486] sh (54525): drop_caches: 3
[70692.674947] sh (54525): drop_caches: 3
[70696.719756] sh (54525): drop_caches: 3
[70700.764121] sh (54525): drop_caches: 3
[70704.806508] sh (54525): drop_caches: 3
[70708.851641] sh (54525): drop_caches: 3
[70712.898575] sh (54525): drop_caches: 3
[70716.944943] sh (54525): drop_caches: 3
[70720.988960] sh (54525): drop_caches: 3
[70725.034163] sh (54525): drop_caches: 3
[70729.079087] sh (54525): drop_caches: 3
[70733.122654] sh (54525): drop_caches: 3
[70737.165358] sh (54525): drop_caches: 3
[70741.209670] sh (54525): drop_caches: 3
[70745.253962] sh (54525): drop_caches: 3
[70749.298707] sh (54525): drop_caches: 3
[70753.342234] sh (54525): drop_caches: 3
[70757.382169] sh (54525): drop_caches: 3
[70761.426223] sh (54525): drop_caches: 3
[70765.470746] sh (54525): drop_caches: 3
[70769.515457] sh (54525): drop_caches: 3
[70773.559356] sh (54525): drop_caches: 3
[70777.601093] sh (54525): drop_caches: 3
[70781.647904] sh (54525): drop_caches: 3
[70785.692781] sh (54525): drop_caches: 3
[70789.739369] sh (54525): drop_caches: 3
[70793.781869] sh (54525): drop_caches: 3
[70797.825668] sh (54525): drop_caches: 3
[70801.871260] sh (54525): drop_caches: 3
[70805.915707] sh (54525): drop_caches: 3
[70809.960330] sh (54525): drop_caches: 3
[70814.004820] sh (54525): drop_caches: 3
[70818.046903] sh (54525): drop_caches: 3
[70822.091674] sh (54525): drop_caches: 3
[70826.135013] sh (54525): drop_caches: 3
[70830.185239] sh (54525): drop_caches: 3
[70834.230670] sh (54525): drop_caches: 3
[70838.274295] sh (54525): drop_caches: 3
[70842.320663] sh (54525): drop_caches: 3
[70846.357245] sh (54525): drop_caches: 3
[70850.397864] sh (54525): drop_caches: 3
[70854.439960] sh (54525): drop_caches: 3
[70858.481023] sh (54525): drop_caches: 3
[70862.519031] sh (54525): drop_caches: 3
[70866.558622] sh (54525): drop_caches: 3
[70870.603384] sh (54525): drop_caches: 3
[70874.647586] sh (54525): drop_caches: 3
[70878.694165] sh (54525): drop_caches: 3
[70882.742009] sh (54525): drop_caches: 3
[70886.789380] sh (54525): drop_caches: 3
[70890.833556] sh (54525): drop_caches: 3
[70894.878147] sh (54525): drop_caches: 3
[70898.922392] sh (54525): drop_caches: 3
[70902.968524] sh (54525): drop_caches: 3
[70907.015498] sh (54525): drop_caches: 3
[70911.061276] sh (54525): drop_caches: 3
[70915.106345] sh (54525): drop_caches: 3
[70919.152943] sh (54525): drop_caches: 3
[70923.197288] sh (54525): drop_caches: 3
[70927.242502] sh (54525): drop_caches: 3
[70931.285326] sh (54525): drop_caches: 3
[70935.322093] sh (54525): drop_caches: 3
[70935.367567] iCAT_SQLITE_RUN_END run=20260829-165428-54393
[70935.387351] EXT4-fs (nvme1n1): unmounting filesystem 737ec7e6-7f6f-47ec-acde-05c547e65755.
[70935.455114] pci_bus 0001:10: busn_res: [bus 10-ff] is released
[70935.455169] NVMeVirt: GC stats: policy=cat-fig7 host_pages=32419657 gc_pages=16300804 gc_count=761250 WAF=1.502 k=2 scale_pct=400 age_ratio=4
[70935.529070] NVMeVirt: Virtual NVMe device closed
