[114796.636756] NVMeVirt: Version 1.10 for >> Samsung 970 Pro SSD <<
[114796.636765] NVMeVirt: Storage: 0x100100000-0x300000000 (8191 MiB)
[114796.644173] NVMeVirt: Total Capacity(GiB,MiB)=2,2048 chs=2 luns=4 lines=8192 blk-size(MiB,KiB)=0,64 line-size(MiB,KiB)=0,256
[114796.658491] NVMeVirt: [chmodel_init] bandwidth 800 max_credits 26 tx_time 152
[114796.666304] NVMeVirt: [chmodel_init] bandwidth 800 max_credits 26 tx_time 152
[114796.666318] NVMeVirt: [chmodel_init] bandwidth 3360 max_credits 110 tx_time 36
[114796.667552] NVMeVirt: pqueue: Copyright (c) 2014, Volkan Yazıcı <volkan.yazici@gmail.com>. All rights reserved.
[114796.667595] NVMeVirt: Init FTL instance with 2 channels (524288 pages)
[114796.667596] NVMeVirt: GC victim policy: cat-fig7 k=7 scale_pct=200 age_ratio=16
[114796.674249] NVMeVirt: [chmodel_init] bandwidth 800 max_credits 26 tx_time 152
[114796.680801] NVMeVirt: [chmodel_init] bandwidth 800 max_credits 26 tx_time 152
[114796.680814] NVMeVirt: [chmodel_init] bandwidth 3360 max_credits 110 tx_time 36
[114796.682062] NVMeVirt: Init FTL instance with 2 channels (524288 pages)
[114796.682063] NVMeVirt: GC victim policy: cat-fig7 k=7 scale_pct=200 age_ratio=16
[114796.688476] NVMeVirt: [chmodel_init] bandwidth 800 max_credits 26 tx_time 152
[114796.694904] NVMeVirt: [chmodel_init] bandwidth 800 max_credits 26 tx_time 152
[114796.694919] NVMeVirt: [chmodel_init] bandwidth 3360 max_credits 110 tx_time 36
[114796.696189] NVMeVirt: Init FTL instance with 2 channels (524288 pages)
[114796.696190] NVMeVirt: GC victim policy: cat-fig7 k=7 scale_pct=200 age_ratio=16
[114796.702715] NVMeVirt: [chmodel_init] bandwidth 800 max_credits 26 tx_time 152
[114796.709166] NVMeVirt: [chmodel_init] bandwidth 800 max_credits 26 tx_time 152
[114796.709180] NVMeVirt: [chmodel_init] bandwidth 3360 max_credits 110 tx_time 36
[114796.710428] NVMeVirt: Init FTL instance with 2 channels (524288 pages)
[114796.710429] NVMeVirt: GC victim policy: cat-fig7 k=7 scale_pct=200 age_ratio=16
[114796.710433] NVMeVirt: FTL physical space: 8588886016, logical space: 8026996276 (physical/logical * 100 = 107)
[114796.710434] NVMeVirt: ns 0/1: size 7655 MiB
[114796.710477] PCI host bridge to bus 0001:10
[114796.710479] pci_bus 0001:10: root bus resource [io  0x0000-0xffff]
[114796.710481] pci_bus 0001:10: root bus resource [mem 0x00000000-0x3fffffffffff]
[114796.710483] pci_bus 0001:10: root bus resource [bus 00-ff]
[114796.710489] pci 0001:10:00.0: [0c51:0110] type 00 class 0x010802 PCIe Endpoint
[114796.710492] pci 0001:10:00.0: BAR 0 [mem 0x100000000-0x100003fff 64bit]
[114796.710493] pci 0001:10:00.0: enabling Extended Tags
[114796.710608] NVMeVirt: Virtual PCI bus created (node 0)
[114796.711132] NVMeVirt: nvmev_io_worker_0 started on cpu 2 (node 0)
[114796.711274] NVMeVirt: nvmev_dispatcher started on cpu 1 (node 0)
[114796.711416] nvme nvme1: pci function 0001:10:00.0
[114796.715264] nvme nvme1: 20/0/0 default/read/poll queues
[114796.717889] NVMeVirt: Virtual NVMe device created
[114797.780477] EXT4-fs (nvme1n1): mounted filesystem 6539cc3f-7f6d-47ae-9099-0aba5b6d29ab r/w with ordered data mode. Quota mode: none.
[114797.810191] iCAT_SQLITE_LOAD_START run=20260830-053153-74529
[114876.123650] iCAT_SQLITE_LOAD_END run=20260830-053153-74529
[114876.564900] sh (74662): drop_caches: 3
[114876.593912] iCAT_SQLITE_RUN_START run=20260830-053153-74529
[114880.164979] sh (74661): drop_caches: 3
[114884.211662] sh (74661): drop_caches: 3
[114888.255239] sh (74661): drop_caches: 3
[114892.300530] sh (74661): drop_caches: 3
[114896.344919] sh (74661): drop_caches: 3
[114900.391171] sh (74661): drop_caches: 3
[114904.434435] sh (74661): drop_caches: 3
[114908.481004] sh (74661): drop_caches: 3
[114912.525709] sh (74661): drop_caches: 3
[114916.574270] sh (74661): drop_caches: 3
[114920.621004] sh (74661): drop_caches: 3
[114924.668541] sh (74661): drop_caches: 3
[114928.714643] sh (74661): drop_caches: 3
[114932.760957] sh (74661): drop_caches: 3
[114936.812243] sh (74661): drop_caches: 3
[114940.852894] sh (74661): drop_caches: 3
[114944.897616] sh (74661): drop_caches: 3
[114948.942810] sh (74661): drop_caches: 3
[114952.990659] sh (74661): drop_caches: 3
[114957.036404] sh (74661): drop_caches: 3
[114961.081969] sh (74661): drop_caches: 3
[114965.125630] sh (74661): drop_caches: 3
[114969.172786] sh (74661): drop_caches: 3
[114973.218207] sh (74661): drop_caches: 3
[114977.262365] sh (74661): drop_caches: 3
[114981.309170] sh (74661): drop_caches: 3
[114985.356286] sh (74661): drop_caches: 3
[114989.399856] sh (74661): drop_caches: 3
[114993.448233] sh (74661): drop_caches: 3
[114997.494128] sh (74661): drop_caches: 3
[115001.537496] sh (74661): drop_caches: 3
[115005.584700] sh (74661): drop_caches: 3
[115009.630051] sh (74661): drop_caches: 3
[115013.676182] sh (74661): drop_caches: 3
[115017.720904] sh (74661): drop_caches: 3
[115021.765857] sh (74661): drop_caches: 3
[115025.809947] sh (74661): drop_caches: 3
[115029.857457] sh (74661): drop_caches: 3
[115033.906012] sh (74661): drop_caches: 3
[115037.955578] sh (74661): drop_caches: 3
[115041.995597] sh (74661): drop_caches: 3
[115046.040939] sh (74661): drop_caches: 3
[115050.085936] sh (74661): drop_caches: 3
[115054.124250] sh (74661): drop_caches: 3
[115058.163555] sh (74661): drop_caches: 3
[115062.210327] sh (74661): drop_caches: 3
[115066.256995] sh (74661): drop_caches: 3
[115070.303998] sh (74661): drop_caches: 3
[115074.350143] sh (74661): drop_caches: 3
[115078.395837] sh (74661): drop_caches: 3
[115082.440088] sh (74661): drop_caches: 3
[115086.485475] sh (74661): drop_caches: 3
[115090.531224] sh (74661): drop_caches: 3
[115094.577087] sh (74661): drop_caches: 3
[115098.621423] sh (74661): drop_caches: 3
[115102.667565] sh (74661): drop_caches: 3
[115106.709575] sh (74661): drop_caches: 3
[115110.750471] sh (74661): drop_caches: 3
[115114.795902] sh (74661): drop_caches: 3
[115118.839009] sh (74661): drop_caches: 3
[115122.885954] sh (74661): drop_caches: 3
[115126.933546] sh (74661): drop_caches: 3
[115130.974686] sh (74661): drop_caches: 3
[115135.020563] sh (74661): drop_caches: 3
[115139.063956] sh (74661): drop_caches: 3
[115143.110885] sh (74661): drop_caches: 3
[115147.159823] sh (74661): drop_caches: 3
[115151.205667] sh (74661): drop_caches: 3
[115155.250922] sh (74661): drop_caches: 3
[115159.298657] sh (74661): drop_caches: 3
[115163.343162] sh (74661): drop_caches: 3
[115167.390014] sh (74661): drop_caches: 3
[115171.437580] sh (74661): drop_caches: 3
[115175.484833] sh (74661): drop_caches: 3
[115179.530857] sh (74661): drop_caches: 3
[115183.577511] sh (74661): drop_caches: 3
[115187.620046] sh (74661): drop_caches: 3
[115191.666202] sh (74661): drop_caches: 3
[115195.713199] sh (74661): drop_caches: 3
[115199.759626] sh (74661): drop_caches: 3
[115203.804740] sh (74661): drop_caches: 3
[115207.850561] sh (74661): drop_caches: 3
[115211.896824] sh (74661): drop_caches: 3
[115215.943901] sh (74661): drop_caches: 3
[115219.989513] sh (74661): drop_caches: 3
[115224.033716] sh (74661): drop_caches: 3
[115228.081778] sh (74661): drop_caches: 3
[115232.130407] sh (74661): drop_caches: 3
[115236.179303] sh (74661): drop_caches: 3
[115240.228171] sh (74661): drop_caches: 3
[115244.271525] sh (74661): drop_caches: 3
[115248.318511] sh (74661): drop_caches: 3
[115252.362467] sh (74661): drop_caches: 3
[115256.410492] sh (74661): drop_caches: 3
[115260.457046] sh (74661): drop_caches: 3
[115264.508052] sh (74661): drop_caches: 3
[115268.553187] sh (74661): drop_caches: 3
[115272.598542] sh (74661): drop_caches: 3
[115276.642376] sh (74661): drop_caches: 3
[115280.689896] sh (74661): drop_caches: 3
[115284.736131] sh (74661): drop_caches: 3
[115288.781484] sh (74661): drop_caches: 3
[115292.827887] sh (74661): drop_caches: 3
[115296.873712] sh (74661): drop_caches: 3
[115300.915499] sh (74661): drop_caches: 3
[115304.962647] sh (74661): drop_caches: 3
[115309.008207] sh (74661): drop_caches: 3
[115313.052937] sh (74661): drop_caches: 3
[115317.101241] sh (74661): drop_caches: 3
[115321.147444] sh (74661): drop_caches: 3
[115325.196193] sh (74661): drop_caches: 3
[115329.242647] sh (74661): drop_caches: 3
[115333.290068] sh (74661): drop_caches: 3
[115337.336373] sh (74661): drop_caches: 3
[115341.381374] sh (74661): drop_caches: 3
[115345.428633] sh (74661): drop_caches: 3
[115349.473476] sh (74661): drop_caches: 3
[115353.520595] sh (74661): drop_caches: 3
[115357.565142] sh (74661): drop_caches: 3
[115361.610679] sh (74661): drop_caches: 3
[115365.658697] sh (74661): drop_caches: 3
[115369.702723] sh (74661): drop_caches: 3
[115373.747798] sh (74661): drop_caches: 3
[115377.798209] sh (74661): drop_caches: 3
[115381.841834] sh (74661): drop_caches: 3
[115385.885450] sh (74661): drop_caches: 3
[115389.930412] sh (74661): drop_caches: 3
[115393.970931] sh (74661): drop_caches: 3
[115398.017194] sh (74661): drop_caches: 3
[115402.061146] sh (74661): drop_caches: 3
[115406.108155] sh (74661): drop_caches: 3
[115410.148111] sh (74661): drop_caches: 3
[115414.195165] sh (74661): drop_caches: 3
[115418.239487] sh (74661): drop_caches: 3
[115422.286199] sh (74661): drop_caches: 3
[115426.330672] sh (74661): drop_caches: 3
[115430.374919] sh (74661): drop_caches: 3
[115434.419758] sh (74661): drop_caches: 3
[115438.457135] sh (74661): drop_caches: 3
[115442.500157] sh (74661): drop_caches: 3
[115446.548514] sh (74661): drop_caches: 3
[115450.592159] sh (74661): drop_caches: 3
[115454.640470] sh (74661): drop_caches: 3
[115458.685404] sh (74661): drop_caches: 3
[115462.730743] sh (74661): drop_caches: 3
[115466.776579] sh (74661): drop_caches: 3
[115470.821859] sh (74661): drop_caches: 3
[115474.867770] sh (74661): drop_caches: 3
[115478.911170] sh (74661): drop_caches: 3
[115482.950760] sh (74661): drop_caches: 3
[115486.991263] sh (74661): drop_caches: 3
[115491.035895] sh (74661): drop_caches: 3
[115495.079901] sh (74661): drop_caches: 3
[115499.124351] sh (74661): drop_caches: 3
[115503.170948] sh (74661): drop_caches: 3
[115507.216358] sh (74661): drop_caches: 3
[115511.262019] sh (74661): drop_caches: 3
[115515.305291] sh (74661): drop_caches: 3
[115519.351468] sh (74661): drop_caches: 3
[115523.395610] sh (74661): drop_caches: 3
[115527.441184] sh (74661): drop_caches: 3
[115531.489413] sh (74661): drop_caches: 3
[115535.535025] sh (74661): drop_caches: 3
[115539.581378] sh (74661): drop_caches: 3
[115543.626714] sh (74661): drop_caches: 3
[115547.672830] sh (74661): drop_caches: 3
[115551.716014] sh (74661): drop_caches: 3
[115555.760604] sh (74661): drop_caches: 3
[115559.807523] sh (74661): drop_caches: 3
[115563.853377] sh (74661): drop_caches: 3
[115567.899541] sh (74661): drop_caches: 3
[115571.946224] sh (74661): drop_caches: 3
[115575.991788] sh (74661): drop_caches: 3
[115580.036792] sh (74661): drop_caches: 3
[115584.084248] sh (74661): drop_caches: 3
[115588.127730] sh (74661): drop_caches: 3
[115592.171529] sh (74661): drop_caches: 3
[115596.214099] sh (74661): drop_caches: 3
[115600.255644] sh (74661): drop_caches: 3
[115604.301424] sh (74661): drop_caches: 3
[115608.347012] sh (74661): drop_caches: 3
[115612.390380] sh (74661): drop_caches: 3
[115616.436252] sh (74661): drop_caches: 3
[115620.482112] sh (74661): drop_caches: 3
[115624.528530] sh (74661): drop_caches: 3
[115628.574238] sh (74661): drop_caches: 3
[115632.620205] sh (74661): drop_caches: 3
[115636.666375] sh (74661): drop_caches: 3
[115640.712139] sh (74661): drop_caches: 3
[115644.755932] sh (74661): drop_caches: 3
[115648.797223] sh (74661): drop_caches: 3
[115652.842121] sh (74661): drop_caches: 3
[115656.887895] sh (74661): drop_caches: 3
[115660.934332] sh (74661): drop_caches: 3
[115664.980995] sh (74661): drop_caches: 3
[115669.025183] sh (74661): drop_caches: 3
[115673.069263] sh (74661): drop_caches: 3
[115677.114710] sh (74661): drop_caches: 3
[115681.158643] sh (74661): drop_caches: 3
[115685.202512] sh (74661): drop_caches: 3
[115689.248510] sh (74661): drop_caches: 3
[115693.294097] sh (74661): drop_caches: 3
[115697.339600] sh (74661): drop_caches: 3
[115701.385410] sh (74661): drop_caches: 3
[115705.430634] sh (74661): drop_caches: 3
[115709.475600] sh (74661): drop_caches: 3
[115713.520628] sh (74661): drop_caches: 3
[115717.567674] sh (74661): drop_caches: 3
[115721.611725] sh (74661): drop_caches: 3
[115725.661283] sh (74661): drop_caches: 3
[115729.704495] sh (74661): drop_caches: 3
[115733.750555] sh (74661): drop_caches: 3
[115737.797721] sh (74661): drop_caches: 3
[115741.844364] sh (74661): drop_caches: 3
[115745.891863] sh (74661): drop_caches: 3
[115749.938217] sh (74661): drop_caches: 3
[115753.980200] sh (74661): drop_caches: 3
[115758.029674] sh (74661): drop_caches: 3
[115762.076044] sh (74661): drop_caches: 3
[115766.116078] sh (74661): drop_caches: 3
[115770.159421] sh (74661): drop_caches: 3
[115774.206683] sh (74661): drop_caches: 3
[115778.253289] sh (74661): drop_caches: 3
[115782.301323] sh (74661): drop_caches: 3
[115786.349159] sh (74661): drop_caches: 3
[115790.394608] sh (74661): drop_caches: 3
[115794.438714] sh (74661): drop_caches: 3
[115798.483356] sh (74661): drop_caches: 3
[115802.529370] sh (74661): drop_caches: 3
[115806.574798] sh (74661): drop_caches: 3
[115810.621538] sh (74661): drop_caches: 3
[115814.671484] sh (74661): drop_caches: 3
[115818.720288] sh (74661): drop_caches: 3
[115822.767453] sh (74661): drop_caches: 3
[115826.811004] sh (74661): drop_caches: 3
[115830.848518] sh (74661): drop_caches: 3
[115834.895184] sh (74661): drop_caches: 3
[115838.943688] sh (74661): drop_caches: 3
[115842.986186] sh (74661): drop_caches: 3
[115847.031971] sh (74661): drop_caches: 3
[115851.075033] sh (74661): drop_caches: 3
[115855.119292] sh (74661): drop_caches: 3
[115859.163854] sh (74661): drop_caches: 3
[115863.207295] sh (74661): drop_caches: 3
[115867.252554] sh (74661): drop_caches: 3
[115871.298503] sh (74661): drop_caches: 3
[115875.344223] sh (74661): drop_caches: 3
[115879.387705] sh (74661): drop_caches: 3
[115883.434194] sh (74661): drop_caches: 3
[115887.481564] sh (74661): drop_caches: 3
[115891.527577] sh (74661): drop_caches: 3
[115895.574319] sh (74661): drop_caches: 3
[115899.620169] sh (74661): drop_caches: 3
[115903.666436] sh (74661): drop_caches: 3
[115907.712726] sh (74661): drop_caches: 3
[115911.758902] sh (74661): drop_caches: 3
[115915.804179] sh (74661): drop_caches: 3
[115919.849854] sh (74661): drop_caches: 3
[115923.894158] sh (74661): drop_caches: 3
[115927.939824] sh (74661): drop_caches: 3
[115931.986587] sh (74661): drop_caches: 3
[115936.031890] sh (74661): drop_caches: 3
[115940.076379] sh (74661): drop_caches: 3
[115944.121275] sh (74661): drop_caches: 3
[115948.165821] sh (74661): drop_caches: 3
[115952.209431] sh (74661): drop_caches: 3
[115956.254543] sh (74661): drop_caches: 3
[115960.298924] sh (74661): drop_caches: 3
[115964.346609] sh (74661): drop_caches: 3
[115968.391576] sh (74661): drop_caches: 3
[115972.437130] sh (74661): drop_caches: 3
[115976.482542] sh (74661): drop_caches: 3
[115980.525941] sh (74661): drop_caches: 3
[115984.571404] sh (74661): drop_caches: 3
[115988.616719] sh (74661): drop_caches: 3
[115992.660497] sh (74661): drop_caches: 3
[115996.707868] sh (74661): drop_caches: 3
[116000.751273] sh (74661): drop_caches: 3
[116004.798034] sh (74661): drop_caches: 3
[116008.838883] sh (74661): drop_caches: 3
[116012.883554] sh (74661): drop_caches: 3
[116016.931050] sh (74661): drop_caches: 3
[116020.977076] sh (74661): drop_caches: 3
[116025.021566] sh (74661): drop_caches: 3
[116029.067469] sh (74661): drop_caches: 3
[116033.116113] sh (74661): drop_caches: 3
[116037.163265] sh (74661): drop_caches: 3
[116041.208689] sh (74661): drop_caches: 3
[116045.255885] sh (74661): drop_caches: 3
[116049.303035] sh (74661): drop_caches: 3
[116053.348666] sh (74661): drop_caches: 3
[116057.396098] sh (74661): drop_caches: 3
[116061.442018] sh (74661): drop_caches: 3
[116065.487976] sh (74661): drop_caches: 3
[116069.533557] sh (74661): drop_caches: 3
[116073.580293] sh (74661): drop_caches: 3
[116077.623970] sh (74661): drop_caches: 3
[116081.667604] sh (74661): drop_caches: 3
[116085.718372] sh (74661): drop_caches: 3
[116089.762850] sh (74661): drop_caches: 3
[116093.802745] sh (74661): drop_caches: 3
[116097.847350] sh (74661): drop_caches: 3
[116101.894106] sh (74661): drop_caches: 3
[116105.932682] sh (74661): drop_caches: 3
[116109.971162] sh (74661): drop_caches: 3
[116114.017772] sh (74661): drop_caches: 3
[116118.060443] sh (74661): drop_caches: 3
[116122.102179] sh (74661): drop_caches: 3
[116126.142298] sh (74661): drop_caches: 3
[116130.187609] sh (74661): drop_caches: 3
[116134.233889] sh (74661): drop_caches: 3
[116138.276858] sh (74661): drop_caches: 3
[116142.328010] sh (74661): drop_caches: 3
[116146.373607] sh (74661): drop_caches: 3
[116150.418944] sh (74661): drop_caches: 3
[116154.465154] sh (74661): drop_caches: 3
[116158.511750] sh (74661): drop_caches: 3
[116162.555219] sh (74661): drop_caches: 3
[116166.603101] sh (74661): drop_caches: 3
[116170.642877] sh (74661): drop_caches: 3
[116174.687799] sh (74661): drop_caches: 3
[116178.730365] sh (74661): drop_caches: 3
[116182.774022] sh (74661): drop_caches: 3
[116186.820528] sh (74661): drop_caches: 3
[116190.860624] sh (74661): drop_caches: 3
[116194.905768] sh (74661): drop_caches: 3
[116198.947016] sh (74661): drop_caches: 3
[116202.986049] sh (74661): drop_caches: 3
[116207.032259] sh (74661): drop_caches: 3
[116211.078243] sh (74661): drop_caches: 3
[116215.124343] sh (74661): drop_caches: 3
[116219.169154] sh (74661): drop_caches: 3
[116223.215464] sh (74661): drop_caches: 3
[116227.258942] sh (74661): drop_caches: 3
[116231.304177] sh (74661): drop_caches: 3
[116235.348357] sh (74661): drop_caches: 3
[116239.395673] sh (74661): drop_caches: 3
[116243.443258] sh (74661): drop_caches: 3
[116247.488808] sh (74661): drop_caches: 3
[116251.535079] sh (74661): drop_caches: 3
[116255.581675] sh (74661): drop_caches: 3
[116259.626654] sh (74661): drop_caches: 3
[116263.673889] sh (74661): drop_caches: 3
[116267.720180] sh (74661): drop_caches: 3
[116271.766563] sh (74661): drop_caches: 3
[116275.812854] sh (74661): drop_caches: 3
[116279.859365] sh (74661): drop_caches: 3
[116283.905747] sh (74661): drop_caches: 3
[116287.952123] sh (74661): drop_caches: 3
[116291.999761] sh (74661): drop_caches: 3
[116296.043386] sh (74661): drop_caches: 3
[116300.092907] sh (74661): drop_caches: 3
[116304.139376] sh (74661): drop_caches: 3
[116308.184185] sh (74661): drop_caches: 3
[116312.232566] sh (74661): drop_caches: 3
[116316.277974] sh (74661): drop_caches: 3
[116320.321880] sh (74661): drop_caches: 3
[116324.360887] sh (74661): drop_caches: 3
[116328.405365] sh (74661): drop_caches: 3
[116332.450900] sh (74661): drop_caches: 3
[116336.495329] sh (74661): drop_caches: 3
[116340.541711] sh (74661): drop_caches: 3
[116344.566381] sh (74661): drop_caches: 3
[116344.616176] iCAT_SQLITE_RUN_END run=20260830-053153-74529
[116344.636622] EXT4-fs (nvme1n1): unmounting filesystem 6539cc3f-7f6d-47ae-9099-0aba5b6d29ab.
[116344.705279] pci_bus 0001:10: busn_res: [bus 10-ff] is released
[116344.705330] NVMeVirt: GC stats: policy=cat-fig7 host_pages=32312893 gc_pages=9331650 gc_count=650690 WAF=1.288 k=7 scale_pct=200 age_ratio=16
[116344.777740] NVMeVirt: Virtual NVMe device closed
