[77201.793167] NVMeVirt: Version 1.10 for >> Samsung 970 Pro SSD <<
[77201.793176] NVMeVirt: Storage: 0x100100000-0x300000000 (8191 MiB)
[77201.800734] NVMeVirt: Total Capacity(GiB,MiB)=2,2048 chs=2 luns=4 lines=8192 blk-size(MiB,KiB)=0,64 line-size(MiB,KiB)=0,256
[77201.810620] NVMeVirt: [chmodel_init] bandwidth 800 max_credits 26 tx_time 152
[77201.817317] NVMeVirt: [chmodel_init] bandwidth 800 max_credits 26 tx_time 152
[77201.817331] NVMeVirt: [chmodel_init] bandwidth 3360 max_credits 110 tx_time 36
[77201.818545] NVMeVirt: pqueue: Copyright (c) 2014, Volkan Yazıcı <volkan.yazici@gmail.com>. All rights reserved.
[77201.818581] NVMeVirt: Init FTL instance with 2 channels (524288 pages)
[77201.818582] NVMeVirt: GC victim policy: cat-fig7 k=4 scale_pct=25 age_ratio=16
[77201.825031] NVMeVirt: [chmodel_init] bandwidth 800 max_credits 26 tx_time 152
[77201.831469] NVMeVirt: [chmodel_init] bandwidth 800 max_credits 26 tx_time 152
[77201.831484] NVMeVirt: [chmodel_init] bandwidth 3360 max_credits 110 tx_time 36
[77201.832738] NVMeVirt: Init FTL instance with 2 channels (524288 pages)
[77201.832739] NVMeVirt: GC victim policy: cat-fig7 k=4 scale_pct=25 age_ratio=16
[77201.839252] NVMeVirt: [chmodel_init] bandwidth 800 max_credits 26 tx_time 152
[77201.845743] NVMeVirt: [chmodel_init] bandwidth 800 max_credits 26 tx_time 152
[77201.845757] NVMeVirt: [chmodel_init] bandwidth 3360 max_credits 110 tx_time 36
[77201.846994] NVMeVirt: Init FTL instance with 2 channels (524288 pages)
[77201.846995] NVMeVirt: GC victim policy: cat-fig7 k=4 scale_pct=25 age_ratio=16
[77201.853594] NVMeVirt: [chmodel_init] bandwidth 800 max_credits 26 tx_time 152
[77201.860203] NVMeVirt: [chmodel_init] bandwidth 800 max_credits 26 tx_time 152
[77201.860218] NVMeVirt: [chmodel_init] bandwidth 3360 max_credits 110 tx_time 36
[77201.861504] NVMeVirt: Init FTL instance with 2 channels (524288 pages)
[77201.861506] NVMeVirt: GC victim policy: cat-fig7 k=4 scale_pct=25 age_ratio=16
[77201.861511] NVMeVirt: FTL physical space: 8588886016, logical space: 8026996276 (physical/logical * 100 = 107)
[77201.861512] NVMeVirt: ns 0/1: size 7655 MiB
[77201.861557] PCI host bridge to bus 0001:10
[77201.861558] pci_bus 0001:10: root bus resource [io  0x0000-0xffff]
[77201.861560] pci_bus 0001:10: root bus resource [mem 0x00000000-0x3fffffffffff]
[77201.861562] pci_bus 0001:10: root bus resource [bus 00-ff]
[77201.861568] pci 0001:10:00.0: [0c51:0110] type 00 class 0x010802 PCIe Endpoint
[77201.861570] pci 0001:10:00.0: BAR 0 [mem 0x100000000-0x100003fff 64bit]
[77201.861572] pci 0001:10:00.0: enabling Extended Tags
[77201.861685] NVMeVirt: Virtual PCI bus created (node 0)
[77201.862169] NVMeVirt: nvmev_io_worker_0 started on cpu 2 (node 0)
[77201.862338] NVMeVirt: nvmev_dispatcher started on cpu 1 (node 0)
[77201.862548] nvme nvme1: pci function 0001:10:00.0
[77201.866637] nvme nvme1: 20/0/0 default/read/poll queues
[77201.869101] NVMeVirt: Virtual NVMe device created
[77202.930834] EXT4-fs (nvme1n1): mounted filesystem 9e3fbb4d-1181-433e-89bf-489feececebf r/w with ordered data mode. Quota mode: none.
[77202.961241] iCAT_SQLITE_LOAD_START run=20260829-190518-57553
[77280.008568] iCAT_SQLITE_LOAD_END run=20260829-190518-57553
[77280.444766] sh (57687): drop_caches: 3
[77280.478442] iCAT_SQLITE_RUN_START run=20260829-190518-57553
[77284.049211] sh (57689): drop_caches: 3
[77288.094800] sh (57689): drop_caches: 3
[77292.139895] sh (57689): drop_caches: 3
[77296.187113] sh (57689): drop_caches: 3
[77300.235204] sh (57689): drop_caches: 3
[77304.281113] sh (57689): drop_caches: 3
[77308.326814] sh (57689): drop_caches: 3
[77312.371783] sh (57689): drop_caches: 3
[77316.416046] sh (57689): drop_caches: 3
[77320.464148] sh (57689): drop_caches: 3
[77324.512074] sh (57689): drop_caches: 3
[77328.558392] sh (57689): drop_caches: 3
[77332.603737] sh (57689): drop_caches: 3
[77336.650797] sh (57689): drop_caches: 3
[77340.698629] sh (57689): drop_caches: 3
[77344.738873] sh (57689): drop_caches: 3
[77348.785555] sh (57689): drop_caches: 3
[77352.830204] sh (57689): drop_caches: 3
[77356.877088] sh (57689): drop_caches: 3
[77360.915453] sh (57689): drop_caches: 3
[77364.959708] sh (57689): drop_caches: 3
[77368.999063] sh (57689): drop_caches: 3
[77373.047185] sh (57689): drop_caches: 3
[77377.091183] sh (57689): drop_caches: 3
[77381.139595] sh (57689): drop_caches: 3
[77385.185180] sh (57689): drop_caches: 3
[77389.231814] sh (57689): drop_caches: 3
[77393.278042] sh (57689): drop_caches: 3
[77397.324110] sh (57689): drop_caches: 3
[77401.369046] sh (57689): drop_caches: 3
[77405.414091] sh (57689): drop_caches: 3
[77409.461249] sh (57689): drop_caches: 3
[77413.507221] sh (57689): drop_caches: 3
[77417.552229] sh (57689): drop_caches: 3
[77421.599807] sh (57689): drop_caches: 3
[77425.646150] sh (57689): drop_caches: 3
[77429.692765] sh (57689): drop_caches: 3
[77433.740123] sh (57689): drop_caches: 3
[77437.786391] sh (57689): drop_caches: 3
[77441.830335] sh (57689): drop_caches: 3
[77445.876775] sh (57689): drop_caches: 3
[77449.923839] sh (57689): drop_caches: 3
[77453.971188] sh (57689): drop_caches: 3
[77458.019328] sh (57689): drop_caches: 3
[77462.065441] sh (57689): drop_caches: 3
[77466.111391] sh (57689): drop_caches: 3
[77470.161184] sh (57689): drop_caches: 3
[77474.208768] sh (57689): drop_caches: 3
[77478.253312] sh (57689): drop_caches: 3
[77482.302058] sh (57689): drop_caches: 3
[77486.343001] sh (57689): drop_caches: 3
[77490.388713] sh (57689): drop_caches: 3
[77494.436744] sh (57689): drop_caches: 3
[77498.477534] sh (57689): drop_caches: 3
[77502.519908] sh (57689): drop_caches: 3
[77506.564382] sh (57689): drop_caches: 3
[77510.609280] sh (57689): drop_caches: 3
[77514.655082] sh (57689): drop_caches: 3
[77518.700566] sh (57689): drop_caches: 3
[77522.745487] sh (57689): drop_caches: 3
[77526.792088] sh (57689): drop_caches: 3
[77530.836336] sh (57689): drop_caches: 3
[77534.882153] sh (57689): drop_caches: 3
[77538.926387] sh (57689): drop_caches: 3
[77542.970169] sh (57689): drop_caches: 3
[77547.016229] sh (57689): drop_caches: 3
[77551.062308] sh (57689): drop_caches: 3
[77555.110454] sh (57689): drop_caches: 3
[77559.157582] sh (57689): drop_caches: 3
[77563.205093] sh (57689): drop_caches: 3
[77567.248803] sh (57689): drop_caches: 3
[77571.293202] sh (57689): drop_caches: 3
[77575.332685] sh (57689): drop_caches: 3
[77579.382530] sh (57689): drop_caches: 3
[77583.427849] sh (57689): drop_caches: 3
[77587.474175] sh (57689): drop_caches: 3
[77591.517312] sh (57689): drop_caches: 3
[77595.563467] sh (57689): drop_caches: 3
[77599.609837] sh (57689): drop_caches: 3
[77603.653493] sh (57689): drop_caches: 3
[77607.697645] sh (57689): drop_caches: 3
[77611.737530] sh (57689): drop_caches: 3
[77615.781442] sh (57689): drop_caches: 3
[77619.830003] sh (57689): drop_caches: 3
[77623.876086] sh (57689): drop_caches: 3
[77627.921621] sh (57689): drop_caches: 3
[77631.966147] sh (57689): drop_caches: 3
[77636.011471] sh (57689): drop_caches: 3
[77640.056479] sh (57689): drop_caches: 3
[77644.099896] sh (57689): drop_caches: 3
[77648.146592] sh (57689): drop_caches: 3
[77652.192652] sh (57689): drop_caches: 3
[77656.238694] sh (57689): drop_caches: 3
[77660.283419] sh (57689): drop_caches: 3
[77664.329784] sh (57689): drop_caches: 3
[77668.375709] sh (57689): drop_caches: 3
[77672.419997] sh (57689): drop_caches: 3
[77676.466863] sh (57689): drop_caches: 3
[77680.513802] sh (57689): drop_caches: 3
[77684.559946] sh (57689): drop_caches: 3
[77688.597566] sh (57689): drop_caches: 3
[77692.642758] sh (57689): drop_caches: 3
[77696.691813] sh (57689): drop_caches: 3
[77700.739543] sh (57689): drop_caches: 3
[77704.780537] sh (57689): drop_caches: 3
[77708.826288] sh (57689): drop_caches: 3
[77712.875795] sh (57689): drop_caches: 3
[77716.920037] sh (57689): drop_caches: 3
[77720.966841] sh (57689): drop_caches: 3
[77725.012698] sh (57689): drop_caches: 3
[77729.053802] sh (57689): drop_caches: 3
[77733.101420] sh (57689): drop_caches: 3
[77737.145764] sh (57689): drop_caches: 3
[77741.191739] sh (57689): drop_caches: 3
[77745.237514] sh (57689): drop_caches: 3
[77749.282431] sh (57689): drop_caches: 3
[77753.330094] sh (57689): drop_caches: 3
[77757.375111] sh (57689): drop_caches: 3
[77761.423669] sh (57689): drop_caches: 3
[77765.470645] sh (57689): drop_caches: 3
[77769.516179] sh (57689): drop_caches: 3
[77773.563339] sh (57689): drop_caches: 3
[77777.609002] sh (57689): drop_caches: 3
[77781.654579] sh (57689): drop_caches: 3
[77785.702591] sh (57689): drop_caches: 3
[77789.749418] sh (57689): drop_caches: 3
[77793.795803] sh (57689): drop_caches: 3
[77797.840756] sh (57689): drop_caches: 3
[77801.888413] sh (57689): drop_caches: 3
[77805.932435] sh (57689): drop_caches: 3
[77809.978032] sh (57689): drop_caches: 3
[77814.023393] sh (57689): drop_caches: 3
[77818.067968] sh (57689): drop_caches: 3
[77822.113176] sh (57689): drop_caches: 3
[77826.156330] sh (57689): drop_caches: 3
[77830.200073] sh (57689): drop_caches: 3
[77834.246056] sh (57689): drop_caches: 3
[77838.291326] sh (57689): drop_caches: 3
[77842.330194] sh (57689): drop_caches: 3
[77846.375292] sh (57689): drop_caches: 3
[77850.421806] sh (57689): drop_caches: 3
[77854.464991] sh (57689): drop_caches: 3
[77858.504401] sh (57689): drop_caches: 3
[77862.550759] sh (57689): drop_caches: 3
[77866.595253] sh (57689): drop_caches: 3
[77870.638950] sh (57689): drop_caches: 3
[77874.685406] sh (57689): drop_caches: 3
[77878.730523] sh (57689): drop_caches: 3
[77882.777298] sh (57689): drop_caches: 3
[77886.822906] sh (57689): drop_caches: 3
[77890.866948] sh (57689): drop_caches: 3
[77894.910686] sh (57689): drop_caches: 3
[77898.953045] sh (57689): drop_caches: 3
[77902.998721] sh (57689): drop_caches: 3
[77907.044404] sh (57689): drop_caches: 3
[77911.090534] sh (57689): drop_caches: 3
[77915.136871] sh (57689): drop_caches: 3
[77919.184755] sh (57689): drop_caches: 3
[77923.228028] sh (57689): drop_caches: 3
[77927.274706] sh (57689): drop_caches: 3
[77931.315051] sh (57689): drop_caches: 3
[77935.355548] sh (57689): drop_caches: 3
[77939.399484] sh (57689): drop_caches: 3
[77943.447377] sh (57689): drop_caches: 3
[77947.493779] sh (57689): drop_caches: 3
[77951.537562] sh (57689): drop_caches: 3
[77955.584575] sh (57689): drop_caches: 3
[77959.631126] sh (57689): drop_caches: 3
[77963.677555] sh (57689): drop_caches: 3
[77967.723926] sh (57689): drop_caches: 3
[77971.773412] sh (57689): drop_caches: 3
[77975.820331] sh (57689): drop_caches: 3
[77979.866128] sh (57689): drop_caches: 3
[77983.912727] sh (57689): drop_caches: 3
[77987.961606] sh (57689): drop_caches: 3
[77992.010059] sh (57689): drop_caches: 3
[77996.061889] sh (57689): drop_caches: 3
[78000.107412] sh (57689): drop_caches: 3
[78004.154967] sh (57689): drop_caches: 3
[78008.201443] sh (57689): drop_caches: 3
[78012.248148] sh (57689): drop_caches: 3
[78016.290504] sh (57689): drop_caches: 3
[78020.338182] sh (57689): drop_caches: 3
[78024.384940] sh (57689): drop_caches: 3
[78028.431083] sh (57689): drop_caches: 3
[78032.474638] sh (57689): drop_caches: 3
[78036.520298] sh (57689): drop_caches: 3
[78040.565473] sh (57689): drop_caches: 3
[78044.612388] sh (57689): drop_caches: 3
[78048.659113] sh (57689): drop_caches: 3
[78052.708806] sh (57689): drop_caches: 3
[78056.752109] sh (57689): drop_caches: 3
[78060.797209] sh (57689): drop_caches: 3
[78064.842666] sh (57689): drop_caches: 3
[78068.886794] sh (57689): drop_caches: 3
[78072.932003] sh (57689): drop_caches: 3
[78076.977379] sh (57689): drop_caches: 3
[78081.021384] sh (57689): drop_caches: 3
[78085.066858] sh (57689): drop_caches: 3
[78089.105514] sh (57689): drop_caches: 3
[78093.151092] sh (57689): drop_caches: 3
[78097.196797] sh (57689): drop_caches: 3
[78101.241012] sh (57689): drop_caches: 3
[78105.284540] sh (57689): drop_caches: 3
[78109.329230] sh (57689): drop_caches: 3
[78113.374168] sh (57689): drop_caches: 3
[78117.420113] sh (57689): drop_caches: 3
[78121.467336] sh (57689): drop_caches: 3
[78125.511567] sh (57689): drop_caches: 3
[78129.559043] sh (57689): drop_caches: 3
[78133.605431] sh (57689): drop_caches: 3
[78137.651358] sh (57689): drop_caches: 3
[78141.695866] sh (57689): drop_caches: 3
[78145.742511] sh (57689): drop_caches: 3
[78149.788797] sh (57689): drop_caches: 3
[78153.834489] sh (57689): drop_caches: 3
[78157.878129] sh (57689): drop_caches: 3
[78161.923174] sh (57689): drop_caches: 3
[78165.966684] sh (57689): drop_caches: 3
[78170.013058] sh (57689): drop_caches: 3
[78174.056255] sh (57689): drop_caches: 3
[78178.101582] sh (57689): drop_caches: 3
[78182.150407] sh (57689): drop_caches: 3
[78186.197273] sh (57689): drop_caches: 3
[78190.245186] sh (57689): drop_caches: 3
[78194.290877] sh (57689): drop_caches: 3
[78198.331323] sh (57689): drop_caches: 3
[78202.378497] sh (57689): drop_caches: 3
[78206.424189] sh (57689): drop_caches: 3
[78210.461496] sh (57689): drop_caches: 3
[78214.501649] sh (57689): drop_caches: 3
[78218.545445] sh (57689): drop_caches: 3
[78222.591447] sh (57689): drop_caches: 3
[78226.636850] sh (57689): drop_caches: 3
[78230.682810] sh (57689): drop_caches: 3
[78234.723584] sh (57689): drop_caches: 3
[78238.769902] sh (57689): drop_caches: 3
[78242.815769] sh (57689): drop_caches: 3
[78246.865165] sh (57689): drop_caches: 3
[78250.911186] sh (57689): drop_caches: 3
[78254.956185] sh (57689): drop_caches: 3
[78259.004151] sh (57689): drop_caches: 3
[78263.051267] sh (57689): drop_caches: 3
[78267.090583] sh (57689): drop_caches: 3
[78271.135501] sh (57689): drop_caches: 3
[78275.182736] sh (57689): drop_caches: 3
[78279.227359] sh (57689): drop_caches: 3
[78283.272476] sh (57689): drop_caches: 3
[78287.313045] sh (57689): drop_caches: 3
[78291.357858] sh (57689): drop_caches: 3
[78295.402270] sh (57689): drop_caches: 3
[78299.446956] sh (57689): drop_caches: 3
[78303.491728] sh (57689): drop_caches: 3
[78307.536425] sh (57689): drop_caches: 3
[78311.579451] sh (57689): drop_caches: 3
[78315.625317] sh (57689): drop_caches: 3
[78319.668837] sh (57689): drop_caches: 3
[78323.712357] sh (57689): drop_caches: 3
[78327.756637] sh (57689): drop_caches: 3
[78331.803134] sh (57689): drop_caches: 3
[78335.849003] sh (57689): drop_caches: 3
[78339.893467] sh (57689): drop_caches: 3
[78343.931334] sh (57689): drop_caches: 3
[78347.978051] sh (57689): drop_caches: 3
[78352.024148] sh (57689): drop_caches: 3
[78356.070560] sh (57689): drop_caches: 3
[78360.116004] sh (57689): drop_caches: 3
[78364.162135] sh (57689): drop_caches: 3
[78368.209638] sh (57689): drop_caches: 3
[78372.257985] sh (57689): drop_caches: 3
[78376.305148] sh (57689): drop_caches: 3
[78380.351842] sh (57689): drop_caches: 3
[78384.400436] sh (57689): drop_caches: 3
[78388.447654] sh (57689): drop_caches: 3
[78392.493218] sh (57689): drop_caches: 3
[78396.538707] sh (57689): drop_caches: 3
[78400.584949] sh (57689): drop_caches: 3
[78404.630271] sh (57689): drop_caches: 3
[78408.676260] sh (57689): drop_caches: 3
[78412.721526] sh (57689): drop_caches: 3
[78416.766468] sh (57689): drop_caches: 3
[78420.815273] sh (57689): drop_caches: 3
[78424.863503] sh (57689): drop_caches: 3
[78428.911742] sh (57689): drop_caches: 3
[78432.957140] sh (57689): drop_caches: 3
[78437.002682] sh (57689): drop_caches: 3
[78441.046699] sh (57689): drop_caches: 3
[78445.092198] sh (57689): drop_caches: 3
[78449.137637] sh (57689): drop_caches: 3
[78453.181903] sh (57689): drop_caches: 3
[78457.230727] sh (57689): drop_caches: 3
[78461.274896] sh (57689): drop_caches: 3
[78465.320226] sh (57689): drop_caches: 3
[78469.363318] sh (57689): drop_caches: 3
[78473.410131] sh (57689): drop_caches: 3
[78477.454947] sh (57689): drop_caches: 3
[78481.500715] sh (57689): drop_caches: 3
[78485.548479] sh (57689): drop_caches: 3
[78489.595841] sh (57689): drop_caches: 3
[78493.640554] sh (57689): drop_caches: 3
[78497.684745] sh (57689): drop_caches: 3
[78501.728299] sh (57689): drop_caches: 3
[78505.773684] sh (57689): drop_caches: 3
[78509.819528] sh (57689): drop_caches: 3
[78513.865659] sh (57689): drop_caches: 3
[78517.911194] sh (57689): drop_caches: 3
[78521.954337] sh (57689): drop_caches: 3
[78526.001757] sh (57689): drop_caches: 3
[78530.046393] sh (57689): drop_caches: 3
[78534.089272] sh (57689): drop_caches: 3
[78538.135143] sh (57689): drop_caches: 3
[78542.178638] sh (57689): drop_caches: 3
[78546.223734] sh (57689): drop_caches: 3
[78550.267220] sh (57689): drop_caches: 3
[78554.306335] sh (57689): drop_caches: 3
[78558.348643] sh (57689): drop_caches: 3
[78562.395845] sh (57689): drop_caches: 3
[78566.440523] sh (57689): drop_caches: 3
[78570.479858] sh (57689): drop_caches: 3
[78574.517186] sh (57689): drop_caches: 3
[78578.564172] sh (57689): drop_caches: 3
[78582.607843] sh (57689): drop_caches: 3
[78586.656319] sh (57689): drop_caches: 3
[78590.699690] sh (57689): drop_caches: 3
[78594.739065] sh (57689): drop_caches: 3
[78598.782579] sh (57689): drop_caches: 3
[78602.826614] sh (57689): drop_caches: 3
[78606.870802] sh (57689): drop_caches: 3
[78610.914622] sh (57689): drop_caches: 3
[78614.960587] sh (57689): drop_caches: 3
[78619.006872] sh (57689): drop_caches: 3
[78623.050423] sh (57689): drop_caches: 3
[78627.094344] sh (57689): drop_caches: 3
[78631.137135] sh (57689): drop_caches: 3
[78635.179953] sh (57689): drop_caches: 3
[78639.221941] sh (57689): drop_caches: 3
[78643.270142] sh (57689): drop_caches: 3
[78647.311120] sh (57689): drop_caches: 3
[78651.357770] sh (57689): drop_caches: 3
[78655.403615] sh (57689): drop_caches: 3
[78659.447034] sh (57689): drop_caches: 3
[78663.493372] sh (57689): drop_caches: 3
[78667.538746] sh (57689): drop_caches: 3
[78671.577686] sh (57689): drop_caches: 3
[78675.623427] sh (57689): drop_caches: 3
[78679.669867] sh (57689): drop_caches: 3
[78683.718197] sh (57689): drop_caches: 3
[78687.764294] sh (57689): drop_caches: 3
[78691.815798] sh (57689): drop_caches: 3
[78695.863064] sh (57689): drop_caches: 3
[78699.910130] sh (57689): drop_caches: 3
[78703.955153] sh (57689): drop_caches: 3
[78708.001274] sh (57689): drop_caches: 3
[78712.048404] sh (57689): drop_caches: 3
[78716.093932] sh (57689): drop_caches: 3
[78720.139255] sh (57689): drop_caches: 3
[78724.182047] sh (57689): drop_caches: 3
[78728.214547] sh (57689): drop_caches: 3
[78728.265839] iCAT_SQLITE_RUN_END run=20260829-190518-57553
[78728.286687] EXT4-fs (nvme1n1): unmounting filesystem 9e3fbb4d-1181-433e-89bf-489feececebf.
[78728.360676] pci_bus 0001:10: busn_res: [bus 10-ff] is released
[78728.360720] NVMeVirt: GC stats: policy=cat-fig7 host_pages=32249095 gc_pages=5771774 gc_count=594069 WAF=1.178 k=4 scale_pct=25 age_ratio=16
[78728.425353] NVMeVirt: Virtual NVMe device closed
