[132302.590651] NVMeVirt: Version 1.10 for >> Samsung 970 Pro SSD <<
[132302.590660] NVMeVirt: Storage: 0x100100000-0x300000000 (8191 MiB)
[132302.598143] NVMeVirt: Total Capacity(GiB,MiB)=2,2048 chs=2 luns=4 lines=8192 blk-size(MiB,KiB)=0,64 line-size(MiB,KiB)=0,256
[132302.607241] NVMeVirt: [chmodel_init] bandwidth 800 max_credits 26 tx_time 152
[132302.614052] NVMeVirt: [chmodel_init] bandwidth 800 max_credits 26 tx_time 152
[132302.614066] NVMeVirt: [chmodel_init] bandwidth 3360 max_credits 110 tx_time 36
[132302.615279] NVMeVirt: pqueue: Copyright (c) 2014, Volkan Yazıcı <volkan.yazici@gmail.com>. All rights reserved.
[132302.615316] NVMeVirt: Init FTL instance with 2 channels (524288 pages)
[132302.615317] NVMeVirt: GC victim policy: cat-fig7 k=10 scale_pct=100 age_ratio=7
[132302.621879] NVMeVirt: [chmodel_init] bandwidth 800 max_credits 26 tx_time 152
[132302.628429] NVMeVirt: [chmodel_init] bandwidth 800 max_credits 26 tx_time 152
[132302.628443] NVMeVirt: [chmodel_init] bandwidth 3360 max_credits 110 tx_time 36
[132302.629709] NVMeVirt: Init FTL instance with 2 channels (524288 pages)
[132302.629711] NVMeVirt: GC victim policy: cat-fig7 k=10 scale_pct=100 age_ratio=7
[132302.636271] NVMeVirt: [chmodel_init] bandwidth 800 max_credits 26 tx_time 152
[132302.642764] NVMeVirt: [chmodel_init] bandwidth 800 max_credits 26 tx_time 152
[132302.642778] NVMeVirt: [chmodel_init] bandwidth 3360 max_credits 110 tx_time 36
[132302.644038] NVMeVirt: Init FTL instance with 2 channels (524288 pages)
[132302.644039] NVMeVirt: GC victim policy: cat-fig7 k=10 scale_pct=100 age_ratio=7
[132302.650540] NVMeVirt: [chmodel_init] bandwidth 800 max_credits 26 tx_time 152
[132302.656998] NVMeVirt: [chmodel_init] bandwidth 800 max_credits 26 tx_time 152
[132302.657010] NVMeVirt: [chmodel_init] bandwidth 3360 max_credits 110 tx_time 36
[132302.658263] NVMeVirt: Init FTL instance with 2 channels (524288 pages)
[132302.658264] NVMeVirt: GC victim policy: cat-fig7 k=10 scale_pct=100 age_ratio=7
[132302.658268] NVMeVirt: FTL physical space: 8588886016, logical space: 8026996276 (physical/logical * 100 = 107)
[132302.658269] NVMeVirt: ns 0/1: size 7655 MiB
[132302.658310] PCI host bridge to bus 0001:10
[132302.658312] pci_bus 0001:10: root bus resource [io  0x0000-0xffff]
[132302.658314] pci_bus 0001:10: root bus resource [mem 0x00000000-0x3fffffffffff]
[132302.658315] pci_bus 0001:10: root bus resource [bus 00-ff]
[132302.658321] pci 0001:10:00.0: [0c51:0110] type 00 class 0x010802 PCIe Endpoint
[132302.658324] pci 0001:10:00.0: BAR 0 [mem 0x100000000-0x100003fff 64bit]
[132302.658325] pci 0001:10:00.0: enabling Extended Tags
[132302.658436] NVMeVirt: Virtual PCI bus created (node 0)
[132302.659034] NVMeVirt: nvmev_io_worker_0 started on cpu 2 (node 0)
[132302.659163] NVMeVirt: nvmev_dispatcher started on cpu 1 (node 0)
[132302.659319] nvme nvme1: pci function 0001:10:00.0
[132302.663932] nvme nvme1: 20/0/0 default/read/poll queues
[132302.667133] NVMeVirt: Virtual NVMe device created
[132303.728728] EXT4-fs (nvme1n1): mounted filesystem 1959e3df-ddb8-4f55-b823-97701166797f r/w with ordered data mode. Quota mode: none.
[132303.760548] iCAT_SQLITE_LOAD_START run=20260830-102339-134068
[132384.195413] iCAT_SQLITE_LOAD_END run=20260830-102339-134068
[132384.560412] sh (134571): drop_caches: 3
[132384.587380] iCAT_SQLITE_RUN_START run=20260830-102339-134068
[132388.240644] sh (134568): drop_caches: 3
[132392.292690] sh (134568): drop_caches: 3
[132396.343192] sh (134568): drop_caches: 3
[132400.394497] sh (134568): drop_caches: 3
[132404.444638] sh (134568): drop_caches: 3
[132408.496224] sh (134568): drop_caches: 3
[132412.546546] sh (134568): drop_caches: 3
[132416.590126] sh (134568): drop_caches: 3
[132420.635721] sh (134568): drop_caches: 3
[132424.684919] sh (134568): drop_caches: 3
[132428.735940] sh (134568): drop_caches: 3
[132432.786231] sh (134568): drop_caches: 3
[132436.834924] sh (134568): drop_caches: 3
[132440.878865] sh (134568): drop_caches: 3
[132444.922752] sh (134568): drop_caches: 3
[132448.969272] sh (134568): drop_caches: 3
[132453.016739] sh (134568): drop_caches: 3
[132457.068422] sh (134568): drop_caches: 3
[132461.112135] sh (134568): drop_caches: 3
[132465.161024] sh (134568): drop_caches: 3
[132469.213255] sh (134568): drop_caches: 3
[132473.255392] sh (134568): drop_caches: 3
[132477.309749] sh (134568): drop_caches: 3
[132481.356951] sh (134568): drop_caches: 3
[132485.405671] sh (134568): drop_caches: 3
[132489.456725] sh (134568): drop_caches: 3
[132493.506620] sh (134568): drop_caches: 3
[132497.559569] sh (134568): drop_caches: 3
[132501.610731] sh (134568): drop_caches: 3
[132505.661889] sh (134568): drop_caches: 3
[132509.705903] sh (134568): drop_caches: 3
[132513.757877] sh (134568): drop_caches: 3
[132517.802928] sh (134568): drop_caches: 3
[132521.849655] sh (134568): drop_caches: 3
[132525.903569] sh (134568): drop_caches: 3
[132529.946697] sh (134568): drop_caches: 3
[132533.992002] sh (134568): drop_caches: 3
[132538.042267] sh (134568): drop_caches: 3
[132542.083262] sh (134568): drop_caches: 3
[132546.125599] sh (134568): drop_caches: 3
[132550.176990] sh (134568): drop_caches: 3
[132554.227861] sh (134568): drop_caches: 3
[132558.275068] sh (134568): drop_caches: 3
[132562.325149] sh (134568): drop_caches: 3
[132566.373796] sh (134568): drop_caches: 3
[132570.423723] sh (134568): drop_caches: 3
[132574.475785] sh (134568): drop_caches: 3
[132578.525980] sh (134568): drop_caches: 3
[132582.576258] sh (134568): drop_caches: 3
[132586.624248] sh (134568): drop_caches: 3
[132590.672892] sh (134568): drop_caches: 3
[132594.720768] sh (134568): drop_caches: 3
[132598.772035] sh (134568): drop_caches: 3
[132602.815464] sh (134568): drop_caches: 3
[132606.866853] sh (134568): drop_caches: 3
[132610.911617] sh (134568): drop_caches: 3
[132614.964589] sh (134568): drop_caches: 3
[132619.010177] sh (134568): drop_caches: 3
[132623.059367] sh (134568): drop_caches: 3
[132627.102516] sh (134568): drop_caches: 3
[132631.143289] sh (134568): drop_caches: 3
[132635.193745] sh (134568): drop_caches: 3
[132639.244577] sh (134568): drop_caches: 3
[132643.290593] sh (134568): drop_caches: 3
[132647.340953] sh (134568): drop_caches: 3
[132651.388328] sh (134568): drop_caches: 3
[132655.438622] sh (134568): drop_caches: 3
[132659.489085] sh (134568): drop_caches: 3
[132663.534011] sh (134568): drop_caches: 3
[132667.584668] sh (134568): drop_caches: 3
[132671.633350] sh (134568): drop_caches: 3
[132675.684765] sh (134568): drop_caches: 3
[132679.734298] sh (134568): drop_caches: 3
[132683.785672] sh (134568): drop_caches: 3
[132687.837807] sh (134568): drop_caches: 3
[132691.884616] sh (134568): drop_caches: 3
[132695.935277] sh (134568): drop_caches: 3
[132699.984811] sh (134568): drop_caches: 3
[132704.031415] sh (134568): drop_caches: 3
[132708.075687] sh (134568): drop_caches: 3
[132712.125548] sh (134568): drop_caches: 3
[132716.174269] sh (134568): drop_caches: 3
[132720.227773] sh (134568): drop_caches: 3
[132724.278633] sh (134568): drop_caches: 3
[132728.327544] sh (134568): drop_caches: 3
[132732.377548] sh (134568): drop_caches: 3
[132736.426697] sh (134568): drop_caches: 3
[132740.477893] sh (134568): drop_caches: 3
[132744.526819] sh (134568): drop_caches: 3
[132748.578564] sh (134568): drop_caches: 3
[132752.627971] sh (134568): drop_caches: 3
[132756.677615] sh (134568): drop_caches: 3
[132760.727328] sh (134568): drop_caches: 3
[132764.775481] sh (134568): drop_caches: 3
[132768.821888] sh (134568): drop_caches: 3
[132772.868650] sh (134568): drop_caches: 3
[132776.917385] sh (134568): drop_caches: 3
[132780.968866] sh (134568): drop_caches: 3
[132785.017429] sh (134568): drop_caches: 3
[132789.068150] sh (134568): drop_caches: 3
[132793.110378] sh (134568): drop_caches: 3
[132797.162711] sh (134568): drop_caches: 3
[132801.205547] sh (134568): drop_caches: 3
[132805.253583] sh (134568): drop_caches: 3
[132809.303758] sh (134568): drop_caches: 3
[132813.356100] sh (134568): drop_caches: 3
[132817.405302] sh (134568): drop_caches: 3
[132821.451341] sh (134568): drop_caches: 3
[132825.501152] sh (134568): drop_caches: 3
[132829.549570] sh (134568): drop_caches: 3
[132833.597041] sh (134568): drop_caches: 3
[132837.646370] sh (134568): drop_caches: 3
[132841.695698] sh (134568): drop_caches: 3
[132845.743641] sh (134568): drop_caches: 3
[132849.786729] sh (134568): drop_caches: 3
[132853.830155] sh (134568): drop_caches: 3
[132857.881000] sh (134568): drop_caches: 3
[132861.922946] sh (134568): drop_caches: 3
[132865.969144] sh (134568): drop_caches: 3
[132870.019709] sh (134568): drop_caches: 3
[132874.070356] sh (134568): drop_caches: 3
[132878.114103] sh (134568): drop_caches: 3
[132882.157351] sh (134568): drop_caches: 3
[132886.197752] sh (134568): drop_caches: 3
[132890.249168] sh (134568): drop_caches: 3
[132894.299431] sh (134568): drop_caches: 3
[132898.349774] sh (134568): drop_caches: 3
[132902.400222] sh (134568): drop_caches: 3
[132906.449322] sh (134568): drop_caches: 3
[132910.498837] sh (134568): drop_caches: 3
[132914.547497] sh (134568): drop_caches: 3
[132918.597814] sh (134568): drop_caches: 3
[132922.648368] sh (134568): drop_caches: 3
[132926.695896] sh (134568): drop_caches: 3
[132930.744609] sh (134568): drop_caches: 3
[132934.787133] sh (134568): drop_caches: 3
[132938.832050] sh (134568): drop_caches: 3
[132942.882280] sh (134568): drop_caches: 3
[132946.931010] sh (134568): drop_caches: 3
[132950.973331] sh (134568): drop_caches: 3
[132955.022304] sh (134568): drop_caches: 3
[132959.072283] sh (134568): drop_caches: 3
[132963.123159] sh (134568): drop_caches: 3
[132967.167984] sh (134568): drop_caches: 3
[132971.217164] sh (134568): drop_caches: 3
[132975.272102] sh (134568): drop_caches: 3
[132979.319610] sh (134568): drop_caches: 3
[132983.372436] sh (134568): drop_caches: 3
[132987.422711] sh (134568): drop_caches: 3
[132991.463695] sh (134568): drop_caches: 3
[132995.512064] sh (134568): drop_caches: 3
[132999.560795] sh (134568): drop_caches: 3
[133003.610193] sh (134568): drop_caches: 3
[133007.658601] sh (134568): drop_caches: 3
[133011.708104] sh (134568): drop_caches: 3
[133015.757448] sh (134568): drop_caches: 3
[133019.807270] sh (134568): drop_caches: 3
[133023.849875] sh (134568): drop_caches: 3
[133027.899341] sh (134568): drop_caches: 3
[133031.947380] sh (134568): drop_caches: 3
[133035.995084] sh (134568): drop_caches: 3
[133040.041957] sh (134568): drop_caches: 3
[133044.083753] sh (134568): drop_caches: 3
[133048.126936] sh (134568): drop_caches: 3
[133052.172201] sh (134568): drop_caches: 3
[133056.221510] sh (134568): drop_caches: 3
[133060.270453] sh (134568): drop_caches: 3
[133064.314833] sh (134568): drop_caches: 3
[133068.367153] sh (134568): drop_caches: 3
[133072.418246] sh (134568): drop_caches: 3
[133076.467401] sh (134568): drop_caches: 3
[133080.515390] sh (134568): drop_caches: 3
[133084.562350] sh (134568): drop_caches: 3
[133088.610051] sh (134568): drop_caches: 3
[133092.660409] sh (134568): drop_caches: 3
[133096.710099] sh (134568): drop_caches: 3
[133100.760232] sh (134568): drop_caches: 3
[133104.813296] sh (134568): drop_caches: 3
[133108.859643] sh (134568): drop_caches: 3
[133112.910312] sh (134568): drop_caches: 3
[133116.960739] sh (134568): drop_caches: 3
[133121.010270] sh (134568): drop_caches: 3
[133125.059569] sh (134568): drop_caches: 3
[133129.101750] sh (134568): drop_caches: 3
[133133.150060] sh (134568): drop_caches: 3
[133137.190022] sh (134568): drop_caches: 3
[133141.233393] sh (134568): drop_caches: 3
[133145.281184] sh (134568): drop_caches: 3
[133149.332972] sh (134568): drop_caches: 3
[133153.374266] sh (134568): drop_caches: 3
[133157.422736] sh (134568): drop_caches: 3
[133161.470395] sh (134568): drop_caches: 3
[133165.520391] sh (134568): drop_caches: 3
[133169.569510] sh (134568): drop_caches: 3
[133173.616313] sh (134568): drop_caches: 3
[133177.667240] sh (134568): drop_caches: 3
[133181.710735] sh (134568): drop_caches: 3
[133185.760391] sh (134568): drop_caches: 3
[133189.803944] sh (134568): drop_caches: 3
[133193.853448] sh (134568): drop_caches: 3
[133197.903528] sh (134568): drop_caches: 3
[133201.952615] sh (134568): drop_caches: 3
[133205.997928] sh (134568): drop_caches: 3
[133210.049500] sh (134568): drop_caches: 3
[133214.099571] sh (134568): drop_caches: 3
[133218.140543] sh (134568): drop_caches: 3
[133222.184591] sh (134568): drop_caches: 3
[133226.239205] sh (134568): drop_caches: 3
[133230.290317] sh (134568): drop_caches: 3
[133234.338400] sh (134568): drop_caches: 3
[133238.387152] sh (134568): drop_caches: 3
[133242.428092] sh (134568): drop_caches: 3
[133246.478735] sh (134568): drop_caches: 3
[133250.530970] sh (134568): drop_caches: 3
[133254.579269] sh (134568): drop_caches: 3
[133258.626621] sh (134568): drop_caches: 3
[133262.679380] sh (134568): drop_caches: 3
[133266.731759] sh (134568): drop_caches: 3
[133270.780351] sh (134568): drop_caches: 3
[133274.823105] sh (134568): drop_caches: 3
[133278.866732] sh (134568): drop_caches: 3
[133282.914346] sh (134568): drop_caches: 3
[133286.961742] sh (134568): drop_caches: 3
[133291.009874] sh (134568): drop_caches: 3
[133295.057843] sh (134568): drop_caches: 3
[133299.108091] sh (134568): drop_caches: 3
[133303.158741] sh (134568): drop_caches: 3
[133307.199957] sh (134568): drop_caches: 3
[133311.243686] sh (134568): drop_caches: 3
[133315.286555] sh (134568): drop_caches: 3
[133319.331293] sh (134568): drop_caches: 3
[133323.379980] sh (134568): drop_caches: 3
[133327.430389] sh (134568): drop_caches: 3
[133331.480214] sh (134568): drop_caches: 3
[133335.523673] sh (134568): drop_caches: 3
[133339.576223] sh (134568): drop_caches: 3
[133343.620673] sh (134568): drop_caches: 3
[133347.671149] sh (134568): drop_caches: 3
[133351.719637] sh (134568): drop_caches: 3
[133355.770653] sh (134568): drop_caches: 3
[133359.819876] sh (134568): drop_caches: 3
[133363.868380] sh (134568): drop_caches: 3
[133367.917952] sh (134568): drop_caches: 3
[133371.964499] sh (134568): drop_caches: 3
[133376.011624] sh (134568): drop_caches: 3
[133380.062153] sh (134568): drop_caches: 3
[133384.112808] sh (134568): drop_caches: 3
[133388.163391] sh (134568): drop_caches: 3
[133392.214312] sh (134568): drop_caches: 3
[133396.265847] sh (134568): drop_caches: 3
[133400.305313] sh (134568): drop_caches: 3
[133404.353889] sh (134568): drop_caches: 3
[133408.402862] sh (134568): drop_caches: 3
[133412.453395] sh (134568): drop_caches: 3
[133416.501779] sh (134568): drop_caches: 3
[133420.550734] sh (134568): drop_caches: 3
[133424.600301] sh (134568): drop_caches: 3
[133428.644820] sh (134568): drop_caches: 3
[133432.691195] sh (134568): drop_caches: 3
[133436.746194] sh (134568): drop_caches: 3
[133440.796680] sh (134568): drop_caches: 3
[133444.845547] sh (134568): drop_caches: 3
[133448.886764] sh (134568): drop_caches: 3
[133452.939010] sh (134568): drop_caches: 3
[133456.989041] sh (134568): drop_caches: 3
[133461.040168] sh (134568): drop_caches: 3
[133465.090187] sh (134568): drop_caches: 3
[133469.142399] sh (134568): drop_caches: 3
[133473.190321] sh (134568): drop_caches: 3
[133477.237811] sh (134568): drop_caches: 3
[133481.280291] sh (134568): drop_caches: 3
[133485.324955] sh (134568): drop_caches: 3
[133489.366064] sh (134568): drop_caches: 3
[133493.416765] sh (134568): drop_caches: 3
[133497.467166] sh (134568): drop_caches: 3
[133501.516744] sh (134568): drop_caches: 3
[133505.565455] sh (134568): drop_caches: 3
[133509.615185] sh (134568): drop_caches: 3
[133513.663088] sh (134568): drop_caches: 3
[133517.714298] sh (134568): drop_caches: 3
[133521.761129] sh (134568): drop_caches: 3
[133525.806999] sh (134568): drop_caches: 3
[133529.854415] sh (134568): drop_caches: 3
[133533.904369] sh (134568): drop_caches: 3
[133537.954394] sh (134568): drop_caches: 3
[133541.996657] sh (134568): drop_caches: 3
[133546.046263] sh (134568): drop_caches: 3
[133550.096737] sh (134568): drop_caches: 3
[133554.148713] sh (134568): drop_caches: 3
[133558.196693] sh (134568): drop_caches: 3
[133562.237980] sh (134568): drop_caches: 3
[133566.288013] sh (134568): drop_caches: 3
[133570.336419] sh (134568): drop_caches: 3
[133574.384506] sh (134568): drop_caches: 3
[133578.433568] sh (134568): drop_caches: 3
[133582.480634] sh (134568): drop_caches: 3
[133586.530437] sh (134568): drop_caches: 3
[133590.577616] sh (134568): drop_caches: 3
[133594.626101] sh (134568): drop_caches: 3
[133598.676007] sh (134568): drop_caches: 3
[133602.725970] sh (134568): drop_caches: 3
[133606.775230] sh (134568): drop_caches: 3
[133610.818408] sh (134568): drop_caches: 3
[133614.871465] sh (134568): drop_caches: 3
[133618.914011] sh (134568): drop_caches: 3
[133622.963573] sh (134568): drop_caches: 3
[133627.012437] sh (134568): drop_caches: 3
[133631.059559] sh (134568): drop_caches: 3
[133635.108839] sh (134568): drop_caches: 3
[133639.160072] sh (134568): drop_caches: 3
[133643.211186] sh (134568): drop_caches: 3
[133647.261097] sh (134568): drop_caches: 3
[133651.312114] sh (134568): drop_caches: 3
[133655.355587] sh (134568): drop_caches: 3
[133659.406869] sh (134568): drop_caches: 3
[133663.449937] sh (134568): drop_caches: 3
[133667.500222] sh (134568): drop_caches: 3
[133671.549101] sh (134568): drop_caches: 3
[133675.597206] sh (134568): drop_caches: 3
[133679.648135] sh (134568): drop_caches: 3
[133683.698297] sh (134568): drop_caches: 3
[133687.746945] sh (134568): drop_caches: 3
[133691.787447] sh (134568): drop_caches: 3
[133695.832749] sh (134568): drop_caches: 3
[133699.880878] sh (134568): drop_caches: 3
[133703.930502] sh (134568): drop_caches: 3
[133707.979500] sh (134568): drop_caches: 3
[133712.027990] sh (134568): drop_caches: 3
[133716.078249] sh (134568): drop_caches: 3
[133720.125143] sh (134568): drop_caches: 3
[133724.173327] sh (134568): drop_caches: 3
[133728.217277] sh (134568): drop_caches: 3
[133732.264433] sh (134568): drop_caches: 3
[133736.316359] sh (134568): drop_caches: 3
[133740.365907] sh (134568): drop_caches: 3
[133744.415823] sh (134568): drop_caches: 3
[133748.462900] sh (134568): drop_caches: 3
[133752.505575] sh (134568): drop_caches: 3
[133756.554099] sh (134568): drop_caches: 3
[133760.601825] sh (134568): drop_caches: 3
[133764.650660] sh (134568): drop_caches: 3
[133768.697956] sh (134568): drop_caches: 3
[133772.748678] sh (134568): drop_caches: 3
[133776.796614] sh (134568): drop_caches: 3
[133780.839088] sh (134568): drop_caches: 3
[133784.888113] sh (134568): drop_caches: 3
[133788.935155] sh (134568): drop_caches: 3
[133792.982956] sh (134568): drop_caches: 3
[133797.034013] sh (134568): drop_caches: 3
[133801.082559] sh (134568): drop_caches: 3
[133805.130116] sh (134568): drop_caches: 3
[133809.183729] sh (134568): drop_caches: 3
[133813.233074] sh (134568): drop_caches: 3
[133817.283446] sh (134568): drop_caches: 3
[133821.335780] sh (134568): drop_caches: 3
[133825.383169] sh (134568): drop_caches: 3
[133829.435864] sh (134568): drop_caches: 3
[133833.484687] sh (134568): drop_caches: 3
[133837.525971] sh (134568): drop_caches: 3
[133841.566486] sh (134568): drop_caches: 3
[133845.618122] sh (134568): drop_caches: 3
[133849.669512] sh (134568): drop_caches: 3
[133853.718009] sh (134568): drop_caches: 3
[133857.763022] sh (134568): drop_caches: 3
[133861.805104] sh (134568): drop_caches: 3
[133865.854122] sh (134568): drop_caches: 3
[133869.896996] sh (134568): drop_caches: 3
[133873.941529] sh (134568): drop_caches: 3
[133877.984882] sh (134568): drop_caches: 3
[133882.033980] sh (134568): drop_caches: 3
[133886.083544] sh (134568): drop_caches: 3
[133890.115023] sh (134568): drop_caches: 3
[133890.164644] iCAT_SQLITE_RUN_END run=20260830-102339-134068
[133890.184091] EXT4-fs (nvme1n1): unmounting filesystem 1959e3df-ddb8-4f55-b823-97701166797f.
[133890.262123] pci_bus 0001:10: busn_res: [bus 10-ff] is released
[133890.262171] NVMeVirt: GC stats: policy=cat-fig7 host_pages=32412200 gc_pages=10882884 gc_count=676480 WAF=1.335 k=10 scale_pct=100 age_ratio=7
[133890.326083] NVMeVirt: Virtual NVMe device closed
