[106935.505094] NVMeVirt: Version 1.10 for >> Samsung 970 Pro SSD <<
[106935.505107] NVMeVirt: Storage: 0x100100000-0x300000000 (8191 MiB)
[106935.513946] NVMeVirt: Total Capacity(GiB,MiB)=2,2048 chs=2 luns=4 lines=8192 blk-size(MiB,KiB)=0,64 line-size(MiB,KiB)=0,256
[106935.525628] NVMeVirt: [chmodel_init] bandwidth 800 max_credits 26 tx_time 152
[106935.535009] NVMeVirt: [chmodel_init] bandwidth 800 max_credits 26 tx_time 152
[106935.535026] NVMeVirt: [chmodel_init] bandwidth 3360 max_credits 110 tx_time 36
[106935.536495] NVMeVirt: pqueue: Copyright (c) 2014, Volkan Yazıcı <volkan.yazici@gmail.com>. All rights reserved.
[106935.536546] NVMeVirt: Init FTL instance with 2 channels (524288 pages)
[106935.536547] NVMeVirt: GC victim policy: cat-fig7 k=7 scale_pct=100 age_ratio=4
[106935.547567] NVMeVirt: [chmodel_init] bandwidth 800 max_credits 26 tx_time 152
[106935.554323] NVMeVirt: [chmodel_init] bandwidth 800 max_credits 26 tx_time 152
[106935.554337] NVMeVirt: [chmodel_init] bandwidth 3360 max_credits 110 tx_time 36
[106935.555593] NVMeVirt: Init FTL instance with 2 channels (524288 pages)
[106935.555595] NVMeVirt: GC victim policy: cat-fig7 k=7 scale_pct=100 age_ratio=4
[106935.562047] NVMeVirt: [chmodel_init] bandwidth 800 max_credits 26 tx_time 152
[106935.568488] NVMeVirt: [chmodel_init] bandwidth 800 max_credits 26 tx_time 152
[106935.568502] NVMeVirt: [chmodel_init] bandwidth 3360 max_credits 110 tx_time 36
[106935.569764] NVMeVirt: Init FTL instance with 2 channels (524288 pages)
[106935.569765] NVMeVirt: GC victim policy: cat-fig7 k=7 scale_pct=100 age_ratio=4
[106935.576213] NVMeVirt: [chmodel_init] bandwidth 800 max_credits 26 tx_time 152
[106935.582649] NVMeVirt: [chmodel_init] bandwidth 800 max_credits 26 tx_time 152
[106935.582662] NVMeVirt: [chmodel_init] bandwidth 3360 max_credits 110 tx_time 36
[106935.583908] NVMeVirt: Init FTL instance with 2 channels (524288 pages)
[106935.583909] NVMeVirt: GC victim policy: cat-fig7 k=7 scale_pct=100 age_ratio=4
[106935.583913] NVMeVirt: FTL physical space: 8588886016, logical space: 8026996276 (physical/logical * 100 = 107)
[106935.583914] NVMeVirt: ns 0/1: size 7655 MiB
[106935.583956] PCI host bridge to bus 0001:10
[106935.583958] pci_bus 0001:10: root bus resource [io  0x0000-0xffff]
[106935.583960] pci_bus 0001:10: root bus resource [mem 0x00000000-0x3fffffffffff]
[106935.583961] pci_bus 0001:10: root bus resource [bus 00-ff]
[106935.583967] pci 0001:10:00.0: [0c51:0110] type 00 class 0x010802 PCIe Endpoint
[106935.583970] pci 0001:10:00.0: BAR 0 [mem 0x100000000-0x100003fff 64bit]
[106935.583972] pci 0001:10:00.0: enabling Extended Tags
[106935.584083] NVMeVirt: Virtual PCI bus created (node 0)
[106935.584681] NVMeVirt: nvmev_io_worker_0 started on cpu 2 (node 0)
[106935.584715] NVMeVirt: nvmev_dispatcher started on cpu 1 (node 0)
[106935.585074] nvme nvme1: pci function 0001:10:00.0
[106935.589951] nvme nvme1: 20/0/0 default/read/poll queues
[106935.593151] NVMeVirt: Virtual NVMe device created
[106936.654959] EXT4-fs (nvme1n1): mounted filesystem 08977433-169d-44be-9568-ef71742fbe26 r/w with ordered data mode. Quota mode: none.
[106936.686446] iCAT_SQLITE_LOAD_START run=20260830-032052-71360
[107015.402318] iCAT_SQLITE_LOAD_END run=20260830-032052-71360
[107015.816327] sh (71490): drop_caches: 3
[107015.845268] iCAT_SQLITE_RUN_START run=20260830-032052-71360
[107019.446226] sh (71487): drop_caches: 3
[107023.495061] sh (71487): drop_caches: 3
[107027.547532] sh (71487): drop_caches: 3
[107031.597522] sh (71487): drop_caches: 3
[107035.647439] sh (71487): drop_caches: 3
[107039.697422] sh (71487): drop_caches: 3
[107043.746031] sh (71487): drop_caches: 3
[107047.795933] sh (71487): drop_caches: 3
[107051.845365] sh (71487): drop_caches: 3
[107055.888459] sh (71487): drop_caches: 3
[107059.939308] sh (71487): drop_caches: 3
[107063.989568] sh (71487): drop_caches: 3
[107068.042306] sh (71487): drop_caches: 3
[107072.090321] sh (71487): drop_caches: 3
[107076.139369] sh (71487): drop_caches: 3
[107080.182108] sh (71487): drop_caches: 3
[107084.232124] sh (71487): drop_caches: 3
[107088.281609] sh (71487): drop_caches: 3
[107092.332107] sh (71487): drop_caches: 3
[107096.381274] sh (71487): drop_caches: 3
[107100.431000] sh (71487): drop_caches: 3
[107104.478377] sh (71487): drop_caches: 3
[107108.529636] sh (71487): drop_caches: 3
[107112.577019] sh (71487): drop_caches: 3
[107116.618690] sh (71487): drop_caches: 3
[107120.669740] sh (71487): drop_caches: 3
[107124.718472] sh (71487): drop_caches: 3
[107128.767815] sh (71487): drop_caches: 3
[107132.815590] sh (71487): drop_caches: 3
[107136.867187] sh (71487): drop_caches: 3
[107140.914340] sh (71487): drop_caches: 3
[107144.964874] sh (71487): drop_caches: 3
[107149.014481] sh (71487): drop_caches: 3
[107153.063937] sh (71487): drop_caches: 3
[107157.111721] sh (71487): drop_caches: 3
[107161.161130] sh (71487): drop_caches: 3
[107165.212038] sh (71487): drop_caches: 3
[107169.260782] sh (71487): drop_caches: 3
[107173.301256] sh (71487): drop_caches: 3
[107177.352482] sh (71487): drop_caches: 3
[107181.403060] sh (71487): drop_caches: 3
[107185.452695] sh (71487): drop_caches: 3
[107189.501959] sh (71487): drop_caches: 3
[107193.548554] sh (71487): drop_caches: 3
[107197.597046] sh (71487): drop_caches: 3
[107201.643554] sh (71487): drop_caches: 3
[107205.695542] sh (71487): drop_caches: 3
[107209.744483] sh (71487): drop_caches: 3
[107213.793317] sh (71487): drop_caches: 3
[107217.842003] sh (71487): drop_caches: 3
[107221.890920] sh (71487): drop_caches: 3
[107225.940465] sh (71487): drop_caches: 3
[107229.987819] sh (71487): drop_caches: 3
[107234.030835] sh (71487): drop_caches: 3
[107238.073005] sh (71487): drop_caches: 3
[107242.121113] sh (71487): drop_caches: 3
[107246.170654] sh (71487): drop_caches: 3
[107250.213120] sh (71487): drop_caches: 3
[107254.257260] sh (71487): drop_caches: 3
[107258.305536] sh (71487): drop_caches: 3
[107262.355833] sh (71487): drop_caches: 3
[107266.403080] sh (71487): drop_caches: 3
[107270.452402] sh (71487): drop_caches: 3
[107274.501546] sh (71487): drop_caches: 3
[107278.553509] sh (71487): drop_caches: 3
[107282.602445] sh (71487): drop_caches: 3
[107286.651572] sh (71487): drop_caches: 3
[107290.700943] sh (71487): drop_caches: 3
[107294.750636] sh (71487): drop_caches: 3
[107298.802369] sh (71487): drop_caches: 3
[107302.851022] sh (71487): drop_caches: 3
[107306.895439] sh (71487): drop_caches: 3
[107310.947770] sh (71487): drop_caches: 3
[107314.998256] sh (71487): drop_caches: 3
[107319.039077] sh (71487): drop_caches: 3
[107323.083598] sh (71487): drop_caches: 3
[107327.133964] sh (71487): drop_caches: 3
[107331.181393] sh (71487): drop_caches: 3
[107335.232150] sh (71487): drop_caches: 3
[107339.281971] sh (71487): drop_caches: 3
[107343.330596] sh (71487): drop_caches: 3
[107347.372984] sh (71487): drop_caches: 3
[107351.414845] sh (71487): drop_caches: 3
[107355.461427] sh (71487): drop_caches: 3
[107359.512898] sh (71487): drop_caches: 3
[107363.562689] sh (71487): drop_caches: 3
[107367.611382] sh (71487): drop_caches: 3
[107371.659127] sh (71487): drop_caches: 3
[107375.709934] sh (71487): drop_caches: 3
[107379.759204] sh (71487): drop_caches: 3
[107383.809857] sh (71487): drop_caches: 3
[107387.858063] sh (71487): drop_caches: 3
[107391.909491] sh (71487): drop_caches: 3
[107395.958590] sh (71487): drop_caches: 3
[107400.009817] sh (71487): drop_caches: 3
[107404.062525] sh (71487): drop_caches: 3
[107408.110993] sh (71487): drop_caches: 3
[107412.151416] sh (71487): drop_caches: 3
[107416.200928] sh (71487): drop_caches: 3
[107420.248925] sh (71487): drop_caches: 3
[107424.298132] sh (71487): drop_caches: 3
[107428.345968] sh (71487): drop_caches: 3
[107432.394611] sh (71487): drop_caches: 3
[107436.442950] sh (71487): drop_caches: 3
[107440.491969] sh (71487): drop_caches: 3
[107444.542636] sh (71487): drop_caches: 3
[107448.593156] sh (71487): drop_caches: 3
[107452.642219] sh (71487): drop_caches: 3
[107456.686325] sh (71487): drop_caches: 3
[107460.735500] sh (71487): drop_caches: 3
[107464.783649] sh (71487): drop_caches: 3
[107468.831938] sh (71487): drop_caches: 3
[107472.881172] sh (71487): drop_caches: 3
[107476.930479] sh (71487): drop_caches: 3
[107480.978797] sh (71487): drop_caches: 3
[107485.029229] sh (71487): drop_caches: 3
[107489.078256] sh (71487): drop_caches: 3
[107493.125493] sh (71487): drop_caches: 3
[107497.168356] sh (71487): drop_caches: 3
[107501.213575] sh (71487): drop_caches: 3
[107505.260036] sh (71487): drop_caches: 3
[107509.311227] sh (71487): drop_caches: 3
[107513.359494] sh (71487): drop_caches: 3
[107517.408961] sh (71487): drop_caches: 3
[107521.450098] sh (71487): drop_caches: 3
[107525.498505] sh (71487): drop_caches: 3
[107529.547970] sh (71487): drop_caches: 3
[107533.598234] sh (71487): drop_caches: 3
[107537.646611] sh (71487): drop_caches: 3
[107541.696404] sh (71487): drop_caches: 3
[107545.746020] sh (71487): drop_caches: 3
[107549.794045] sh (71487): drop_caches: 3
[107553.842549] sh (71487): drop_caches: 3
[107557.890358] sh (71487): drop_caches: 3
[107561.940553] sh (71487): drop_caches: 3
[107565.987100] sh (71487): drop_caches: 3
[107570.031362] sh (71487): drop_caches: 3
[107574.074332] sh (71487): drop_caches: 3
[107578.122456] sh (71487): drop_caches: 3
[107582.170576] sh (71487): drop_caches: 3
[107586.216756] sh (71487): drop_caches: 3
[107590.264839] sh (71487): drop_caches: 3
[107594.316788] sh (71487): drop_caches: 3
[107598.364868] sh (71487): drop_caches: 3
[107602.408456] sh (71487): drop_caches: 3
[107606.455297] sh (71487): drop_caches: 3
[107610.507270] sh (71487): drop_caches: 3
[107614.556318] sh (71487): drop_caches: 3
[107618.604401] sh (71487): drop_caches: 3
[107622.650022] sh (71487): drop_caches: 3
[107626.699094] sh (71487): drop_caches: 3
[107630.745133] sh (71487): drop_caches: 3
[107634.795821] sh (71487): drop_caches: 3
[107638.844794] sh (71487): drop_caches: 3
[107642.892962] sh (71487): drop_caches: 3
[107646.937349] sh (71487): drop_caches: 3
[107650.985217] sh (71487): drop_caches: 3
[107655.026622] sh (71487): drop_caches: 3
[107659.070218] sh (71487): drop_caches: 3
[107663.120166] sh (71487): drop_caches: 3
[107667.169718] sh (71487): drop_caches: 3
[107671.216142] sh (71487): drop_caches: 3
[107675.265341] sh (71487): drop_caches: 3
[107679.315305] sh (71487): drop_caches: 3
[107683.364404] sh (71487): drop_caches: 3
[107687.410064] sh (71487): drop_caches: 3
[107691.458966] sh (71487): drop_caches: 3
[107695.509204] sh (71487): drop_caches: 3
[107699.558579] sh (71487): drop_caches: 3
[107703.608272] sh (71487): drop_caches: 3
[107707.658941] sh (71487): drop_caches: 3
[107711.706780] sh (71487): drop_caches: 3
[107715.759386] sh (71487): drop_caches: 3
[107719.810917] sh (71487): drop_caches: 3
[107723.860178] sh (71487): drop_caches: 3
[107727.910606] sh (71487): drop_caches: 3
[107731.959737] sh (71487): drop_caches: 3
[107736.007836] sh (71487): drop_caches: 3
[107740.058386] sh (71487): drop_caches: 3
[107744.107649] sh (71487): drop_caches: 3
[107748.157341] sh (71487): drop_caches: 3
[107752.204174] sh (71487): drop_caches: 3
[107756.253066] sh (71487): drop_caches: 3
[107760.302720] sh (71487): drop_caches: 3
[107764.353079] sh (71487): drop_caches: 3
[107768.397310] sh (71487): drop_caches: 3
[107772.440756] sh (71487): drop_caches: 3
[107776.489130] sh (71487): drop_caches: 3
[107780.540244] sh (71487): drop_caches: 3
[107784.590175] sh (71487): drop_caches: 3
[107788.639779] sh (71487): drop_caches: 3
[107792.680957] sh (71487): drop_caches: 3
[107796.727025] sh (71487): drop_caches: 3
[107800.775120] sh (71487): drop_caches: 3
[107804.822403] sh (71487): drop_caches: 3
[107808.871399] sh (71487): drop_caches: 3
[107812.918003] sh (71487): drop_caches: 3
[107816.966955] sh (71487): drop_caches: 3
[107821.013542] sh (71487): drop_caches: 3
[107825.061422] sh (71487): drop_caches: 3
[107829.110657] sh (71487): drop_caches: 3
[107833.161098] sh (71487): drop_caches: 3
[107837.208900] sh (71487): drop_caches: 3
[107841.257545] sh (71487): drop_caches: 3
[107845.303820] sh (71487): drop_caches: 3
[107849.351087] sh (71487): drop_caches: 3
[107853.398844] sh (71487): drop_caches: 3
[107857.441210] sh (71487): drop_caches: 3
[107861.490695] sh (71487): drop_caches: 3
[107865.537947] sh (71487): drop_caches: 3
[107869.585226] sh (71487): drop_caches: 3
[107873.632597] sh (71487): drop_caches: 3
[107877.680822] sh (71487): drop_caches: 3
[107881.727440] sh (71487): drop_caches: 3
[107885.776119] sh (71487): drop_caches: 3
[107889.826360] sh (71487): drop_caches: 3
[107893.873023] sh (71487): drop_caches: 3
[107897.920408] sh (71487): drop_caches: 3
[107901.972077] sh (71487): drop_caches: 3
[107906.018787] sh (71487): drop_caches: 3
[107910.061215] sh (71487): drop_caches: 3
[107914.110598] sh (71487): drop_caches: 3
[107918.158535] sh (71487): drop_caches: 3
[107922.200874] sh (71487): drop_caches: 3
[107926.244437] sh (71487): drop_caches: 3
[107930.294574] sh (71487): drop_caches: 3
[107934.340902] sh (71487): drop_caches: 3
[107938.390610] sh (71487): drop_caches: 3
[107942.440369] sh (71487): drop_caches: 3
[107946.482559] sh (71487): drop_caches: 3
[107950.531134] sh (71487): drop_caches: 3
[107954.581417] sh (71487): drop_caches: 3
[107958.630511] sh (71487): drop_caches: 3
[107962.678028] sh (71487): drop_caches: 3
[107966.728018] sh (71487): drop_caches: 3
[107970.776826] sh (71487): drop_caches: 3
[107974.826395] sh (71487): drop_caches: 3
[107978.878882] sh (71487): drop_caches: 3
[107982.929020] sh (71487): drop_caches: 3
[107986.973592] sh (71487): drop_caches: 3
[107991.021562] sh (71487): drop_caches: 3
[107995.063380] sh (71487): drop_caches: 3
[107999.110680] sh (71487): drop_caches: 3
[108003.163197] sh (71487): drop_caches: 3
[108007.212509] sh (71487): drop_caches: 3
[108011.258868] sh (71487): drop_caches: 3
[108015.307186] sh (71487): drop_caches: 3
[108019.356694] sh (71487): drop_caches: 3
[108023.406652] sh (71487): drop_caches: 3
[108027.454456] sh (71487): drop_caches: 3
[108031.501605] sh (71487): drop_caches: 3
[108035.550890] sh (71487): drop_caches: 3
[108039.600329] sh (71487): drop_caches: 3
[108043.648124] sh (71487): drop_caches: 3
[108047.689970] sh (71487): drop_caches: 3
[108051.740862] sh (71487): drop_caches: 3
[108055.790800] sh (71487): drop_caches: 3
[108059.839858] sh (71487): drop_caches: 3
[108063.889183] sh (71487): drop_caches: 3
[108067.938170] sh (71487): drop_caches: 3
[108071.985496] sh (71487): drop_caches: 3
[108076.033912] sh (71487): drop_caches: 3
[108080.076251] sh (71487): drop_caches: 3
[108084.126091] sh (71487): drop_caches: 3
[108088.175437] sh (71487): drop_caches: 3
[108092.221959] sh (71487): drop_caches: 3
[108096.274983] sh (71487): drop_caches: 3
[108100.322046] sh (71487): drop_caches: 3
[108104.370622] sh (71487): drop_caches: 3
[108108.419808] sh (71487): drop_caches: 3
[108112.468171] sh (71487): drop_caches: 3
[108116.517100] sh (71487): drop_caches: 3
[108120.557972] sh (71487): drop_caches: 3
[108124.606034] sh (71487): drop_caches: 3
[108128.656011] sh (71487): drop_caches: 3
[108132.703708] sh (71487): drop_caches: 3
[108136.752544] sh (71487): drop_caches: 3
[108140.799519] sh (71487): drop_caches: 3
[108144.848310] sh (71487): drop_caches: 3
[108148.898368] sh (71487): drop_caches: 3
[108152.949066] sh (71487): drop_caches: 3
[108156.997797] sh (71487): drop_caches: 3
[108161.046358] sh (71487): drop_caches: 3
[108165.095147] sh (71487): drop_caches: 3
[108169.142524] sh (71487): drop_caches: 3
[108173.188280] sh (71487): drop_caches: 3
[108177.238307] sh (71487): drop_caches: 3
[108181.288494] sh (71487): drop_caches: 3
[108185.337487] sh (71487): drop_caches: 3
[108189.387039] sh (71487): drop_caches: 3
[108193.435058] sh (71487): drop_caches: 3
[108197.485516] sh (71487): drop_caches: 3
[108201.534453] sh (71487): drop_caches: 3
[108205.583750] sh (71487): drop_caches: 3
[108209.633159] sh (71487): drop_caches: 3
[108213.673709] sh (71487): drop_caches: 3
[108217.720343] sh (71487): drop_caches: 3
[108221.769159] sh (71487): drop_caches: 3
[108225.818296] sh (71487): drop_caches: 3
[108229.864833] sh (71487): drop_caches: 3
[108233.917682] sh (71487): drop_caches: 3
[108237.958848] sh (71487): drop_caches: 3
[108242.005365] sh (71487): drop_caches: 3
[108246.046420] sh (71487): drop_caches: 3
[108250.092275] sh (71487): drop_caches: 3
[108254.140675] sh (71487): drop_caches: 3
[108258.190691] sh (71487): drop_caches: 3
[108262.233528] sh (71487): drop_caches: 3
[108266.284911] sh (71487): drop_caches: 3
[108270.335764] sh (71487): drop_caches: 3
[108274.384407] sh (71487): drop_caches: 3
[108278.435086] sh (71487): drop_caches: 3
[108282.483610] sh (71487): drop_caches: 3
[108286.533332] sh (71487): drop_caches: 3
[108290.581996] sh (71487): drop_caches: 3
[108294.626354] sh (71487): drop_caches: 3
[108298.674469] sh (71487): drop_caches: 3
[108302.724057] sh (71487): drop_caches: 3
[108306.773446] sh (71487): drop_caches: 3
[108310.821522] sh (71487): drop_caches: 3
[108314.868145] sh (71487): drop_caches: 3
[108318.916256] sh (71487): drop_caches: 3
[108322.965879] sh (71487): drop_caches: 3
[108327.015280] sh (71487): drop_caches: 3
[108331.058309] sh (71487): drop_caches: 3
[108335.105644] sh (71487): drop_caches: 3
[108339.157818] sh (71487): drop_caches: 3
[108343.199626] sh (71487): drop_caches: 3
[108347.247874] sh (71487): drop_caches: 3
[108351.299041] sh (71487): drop_caches: 3
[108355.346531] sh (71487): drop_caches: 3
[108359.396155] sh (71487): drop_caches: 3
[108363.436541] sh (71487): drop_caches: 3
[108367.489023] sh (71487): drop_caches: 3
[108371.537403] sh (71487): drop_caches: 3
[108375.588143] sh (71487): drop_caches: 3
[108379.635786] sh (71487): drop_caches: 3
[108383.686884] sh (71487): drop_caches: 3
[108387.736991] sh (71487): drop_caches: 3
[108391.783909] sh (71487): drop_caches: 3
[108395.825827] sh (71487): drop_caches: 3
[108399.874695] sh (71487): drop_caches: 3
[108403.925174] sh (71487): drop_caches: 3
[108407.974376] sh (71487): drop_caches: 3
[108412.021194] sh (71487): drop_caches: 3
[108416.071987] sh (71487): drop_caches: 3
[108420.117846] sh (71487): drop_caches: 3
[108424.167558] sh (71487): drop_caches: 3
[108428.214784] sh (71487): drop_caches: 3
[108432.263079] sh (71487): drop_caches: 3
[108436.310581] sh (71487): drop_caches: 3
[108440.357797] sh (71487): drop_caches: 3
[108444.408887] sh (71487): drop_caches: 3
[108448.457363] sh (71487): drop_caches: 3
[108452.509772] sh (71487): drop_caches: 3
[108456.560027] sh (71487): drop_caches: 3
[108460.609156] sh (71487): drop_caches: 3
[108464.657767] sh (71487): drop_caches: 3
[108468.701356] sh (71487): drop_caches: 3
[108472.749464] sh (71487): drop_caches: 3
[108476.796271] sh (71487): drop_caches: 3
[108480.846772] sh (71487): drop_caches: 3
[108484.890655] sh (71487): drop_caches: 3
[108488.930147] sh (71487): drop_caches: 3
[108492.979731] sh (71487): drop_caches: 3
[108497.021654] sh (71487): drop_caches: 3
[108501.067787] sh (71487): drop_caches: 3
[108505.116535] sh (71487): drop_caches: 3
[108509.166363] sh (71487): drop_caches: 3
[108513.218411] sh (71487): drop_caches: 3
[108517.267959] sh (71487): drop_caches: 3
[108521.316999] sh (71487): drop_caches: 3
[108525.357663] sh (71487): drop_caches: 3
[108525.409188] iCAT_SQLITE_RUN_END run=20260830-032052-71360
[108525.429892] EXT4-fs (nvme1n1): unmounting filesystem 08977433-169d-44be-9568-ef71742fbe26.
[108525.521528] pci_bus 0001:10: busn_res: [bus 10-ff] is released
[108525.521566] NVMeVirt: GC stats: policy=cat-fig7 host_pages=32436888 gc_pages=13659726 gc_count=720253 WAF=1.421 k=7 scale_pct=100 age_ratio=4
[108525.594685] NVMeVirt: Virtual NVMe device closed
