[143338.802327] NVMeVirt: Version 1.10 for >> Samsung 970 Pro SSD <<
[143338.802332] NVMeVirt: Storage: 0x100100000-0x300000000 (8191 MiB)
[143338.807864] NVMeVirt: Total Capacity(GiB,MiB)=2,2048 chs=2 luns=4 lines=8192 blk-size(MiB,KiB)=0,64 line-size(MiB,KiB)=0,256
[143338.818420] NVMeVirt: [chmodel_init] bandwidth 800 max_credits 26 tx_time 152
[143338.825103] NVMeVirt: [chmodel_init] bandwidth 800 max_credits 26 tx_time 152
[143338.825116] NVMeVirt: [chmodel_init] bandwidth 3360 max_credits 110 tx_time 36
[143338.826347] NVMeVirt: pqueue: Copyright (c) 2014, Volkan Yazıcı <volkan.yazici@gmail.com>. All rights reserved.
[143338.826383] NVMeVirt: Init FTL instance with 2 channels (524288 pages)
[143338.826385] NVMeVirt: GC victim policy: cat-fig7 k=10 scale_pct=400 age_ratio=16
[143338.832914] NVMeVirt: [chmodel_init] bandwidth 800 max_credits 26 tx_time 152
[143338.839410] NVMeVirt: [chmodel_init] bandwidth 800 max_credits 26 tx_time 152
[143338.839424] NVMeVirt: [chmodel_init] bandwidth 3360 max_credits 110 tx_time 36
[143338.840661] NVMeVirt: Init FTL instance with 2 channels (524288 pages)
[143338.840663] NVMeVirt: GC victim policy: cat-fig7 k=10 scale_pct=400 age_ratio=16
[143338.847155] NVMeVirt: [chmodel_init] bandwidth 800 max_credits 26 tx_time 152
[143338.853683] NVMeVirt: [chmodel_init] bandwidth 800 max_credits 26 tx_time 152
[143338.853698] NVMeVirt: [chmodel_init] bandwidth 3360 max_credits 110 tx_time 36
[143338.854957] NVMeVirt: Init FTL instance with 2 channels (524288 pages)
[143338.854958] NVMeVirt: GC victim policy: cat-fig7 k=10 scale_pct=400 age_ratio=16
[143338.861499] NVMeVirt: [chmodel_init] bandwidth 800 max_credits 26 tx_time 152
[143338.868049] NVMeVirt: [chmodel_init] bandwidth 800 max_credits 26 tx_time 152
[143338.868063] NVMeVirt: [chmodel_init] bandwidth 3360 max_credits 110 tx_time 36
[143338.869335] NVMeVirt: Init FTL instance with 2 channels (524288 pages)
[143338.869336] NVMeVirt: GC victim policy: cat-fig7 k=10 scale_pct=400 age_ratio=16
[143338.869340] NVMeVirt: FTL physical space: 8588886016, logical space: 8026996276 (physical/logical * 100 = 107)
[143338.869341] NVMeVirt: ns 0/1: size 7655 MiB
[143338.869383] PCI host bridge to bus 0001:10
[143338.869385] pci_bus 0001:10: root bus resource [io  0x0000-0xffff]
[143338.869387] pci_bus 0001:10: root bus resource [mem 0x00000000-0x3fffffffffff]
[143338.869389] pci_bus 0001:10: root bus resource [bus 00-ff]
[143338.869394] pci 0001:10:00.0: [0c51:0110] type 00 class 0x010802 PCIe Endpoint
[143338.869397] pci 0001:10:00.0: BAR 0 [mem 0x100000000-0x100003fff 64bit]
[143338.869399] pci 0001:10:00.0: enabling Extended Tags
[143338.869507] NVMeVirt: Virtual PCI bus created (node 0)
[143338.869936] NVMeVirt: nvmev_dispatcher started on cpu 1 (node 0)
[143338.870004] NVMeVirt: nvmev_io_worker_0 started on cpu 2 (node 0)
[143338.870115] nvme nvme1: pci function 0001:10:00.0
[143338.874980] nvme nvme1: 20/0/0 default/read/poll queues
[143338.877153] NVMeVirt: Virtual NVMe device created
[143339.938775] EXT4-fs (nvme1n1): mounted filesystem 87006bbd-c70e-4ae0-92a9-c3d955f08c72 r/w with ordered data mode. Quota mode: none.
[143339.971518] iCAT_SQLITE_LOAD_START run=20260830-132736-144053
[143417.391541] iCAT_SQLITE_LOAD_END run=20260830-132736-144053
[143417.830313] sh (144184): drop_caches: 3
[143417.865463] iCAT_SQLITE_RUN_START run=20260830-132736-144053
[143421.432450] sh (144185): drop_caches: 3
[143425.477554] sh (144185): drop_caches: 3
[143429.522365] sh (144185): drop_caches: 3
[143433.566585] sh (144185): drop_caches: 3
[143437.609900] sh (144185): drop_caches: 3
[143441.661133] sh (144185): drop_caches: 3
[143445.700080] sh (144185): drop_caches: 3
[143449.742429] sh (144185): drop_caches: 3
[143453.790840] sh (144185): drop_caches: 3
[143457.836839] sh (144185): drop_caches: 3
[143461.876529] sh (144185): drop_caches: 3
[143465.920370] sh (144185): drop_caches: 3
[143469.967848] sh (144185): drop_caches: 3
[143474.014498] sh (144185): drop_caches: 3
[143478.060274] sh (144185): drop_caches: 3
[143482.098092] sh (144185): drop_caches: 3
[143486.144684] sh (144185): drop_caches: 3
[143490.190323] sh (144185): drop_caches: 3
[143494.237519] sh (144185): drop_caches: 3
[143498.282028] sh (144185): drop_caches: 3
[143502.325957] sh (144185): drop_caches: 3
[143506.373638] sh (144185): drop_caches: 3
[143510.419831] sh (144185): drop_caches: 3
[143514.464959] sh (144185): drop_caches: 3
[143518.509855] sh (144185): drop_caches: 3
[143522.556418] sh (144185): drop_caches: 3
[143526.599746] sh (144185): drop_caches: 3
[143530.644582] sh (144185): drop_caches: 3
[143534.683269] sh (144185): drop_caches: 3
[143538.723498] sh (144185): drop_caches: 3
[143542.771502] sh (144185): drop_caches: 3
[143546.816276] sh (144185): drop_caches: 3
[143550.862321] sh (144185): drop_caches: 3
[143554.905887] sh (144185): drop_caches: 3
[143558.951588] sh (144185): drop_caches: 3
[143562.996137] sh (144185): drop_caches: 3
[143567.042522] sh (144185): drop_caches: 3
[143571.090681] sh (144185): drop_caches: 3
[143575.130623] sh (144185): drop_caches: 3
[143579.174543] sh (144185): drop_caches: 3
[143583.220950] sh (144185): drop_caches: 3
[143587.265383] sh (144185): drop_caches: 3
[143591.310953] sh (144185): drop_caches: 3
[143595.353871] sh (144185): drop_caches: 3
[143599.398853] sh (144185): drop_caches: 3
[143603.444438] sh (144185): drop_caches: 3
[143607.489788] sh (144185): drop_caches: 3
[143611.535174] sh (144185): drop_caches: 3
[143615.581847] sh (144185): drop_caches: 3
[143619.627945] sh (144185): drop_caches: 3
[143623.672728] sh (144185): drop_caches: 3
[143627.715315] sh (144185): drop_caches: 3
[143631.761644] sh (144185): drop_caches: 3
[143635.807587] sh (144185): drop_caches: 3
[143639.854049] sh (144185): drop_caches: 3
[143643.899798] sh (144185): drop_caches: 3
[143647.948316] sh (144185): drop_caches: 3
[143651.988701] sh (144185): drop_caches: 3
[143656.032571] sh (144185): drop_caches: 3
[143660.076872] sh (144185): drop_caches: 3
[143664.126029] sh (144185): drop_caches: 3
[143668.169661] sh (144185): drop_caches: 3
[143672.215552] sh (144185): drop_caches: 3
[143676.261627] sh (144185): drop_caches: 3
[143680.305675] sh (144185): drop_caches: 3
[143684.349158] sh (144185): drop_caches: 3
[143688.393387] sh (144185): drop_caches: 3
[143692.436875] sh (144185): drop_caches: 3
[143696.481402] sh (144185): drop_caches: 3
[143700.526592] sh (144185): drop_caches: 3
[143704.571529] sh (144185): drop_caches: 3
[143708.614939] sh (144185): drop_caches: 3
[143712.662377] sh (144185): drop_caches: 3
[143716.700542] sh (144185): drop_caches: 3
[143720.745809] sh (144185): drop_caches: 3
[143724.789291] sh (144185): drop_caches: 3
[143728.837437] sh (144185): drop_caches: 3
[143732.883438] sh (144185): drop_caches: 3
[143736.931614] sh (144185): drop_caches: 3
[143740.976385] sh (144185): drop_caches: 3
[143745.022709] sh (144185): drop_caches: 3
[143749.071997] sh (144185): drop_caches: 3
[143753.117388] sh (144185): drop_caches: 3
[143757.163878] sh (144185): drop_caches: 3
[143761.209606] sh (144185): drop_caches: 3
[143765.257120] sh (144185): drop_caches: 3
[143769.302496] sh (144185): drop_caches: 3
[143773.347302] sh (144185): drop_caches: 3
[143777.391880] sh (144185): drop_caches: 3
[143781.438603] sh (144185): drop_caches: 3
[143785.483676] sh (144185): drop_caches: 3
[143789.527720] sh (144185): drop_caches: 3
[143793.570211] sh (144185): drop_caches: 3
[143797.615451] sh (144185): drop_caches: 3
[143801.661226] sh (144185): drop_caches: 3
[143805.703147] sh (144185): drop_caches: 3
[143809.749605] sh (144185): drop_caches: 3
[143813.794139] sh (144185): drop_caches: 3
[143817.840640] sh (144185): drop_caches: 3
[143821.879727] sh (144185): drop_caches: 3
[143825.925931] sh (144185): drop_caches: 3
[143829.969311] sh (144185): drop_caches: 3
[143834.013346] sh (144185): drop_caches: 3
[143838.056890] sh (144185): drop_caches: 3
[143842.094662] sh (144185): drop_caches: 3
[143846.139810] sh (144185): drop_caches: 3
[143850.182932] sh (144185): drop_caches: 3
[143854.226098] sh (144185): drop_caches: 3
[143858.273705] sh (144185): drop_caches: 3
[143862.319308] sh (144185): drop_caches: 3
[143866.364508] sh (144185): drop_caches: 3
[143870.414432] sh (144185): drop_caches: 3
[143874.459667] sh (144185): drop_caches: 3
[143878.504699] sh (144185): drop_caches: 3
[143882.551405] sh (144185): drop_caches: 3
[143886.596650] sh (144185): drop_caches: 3
[143890.642477] sh (144185): drop_caches: 3
[143894.682614] sh (144185): drop_caches: 3
[143898.723296] sh (144185): drop_caches: 3
[143902.767921] sh (144185): drop_caches: 3
[143906.812592] sh (144185): drop_caches: 3
[143910.857687] sh (144185): drop_caches: 3
[143914.900722] sh (144185): drop_caches: 3
[143918.948038] sh (144185): drop_caches: 3
[143922.992015] sh (144185): drop_caches: 3
[143927.039311] sh (144185): drop_caches: 3
[143931.084583] sh (144185): drop_caches: 3
[143935.132646] sh (144185): drop_caches: 3
[143939.179333] sh (144185): drop_caches: 3
[143943.223452] sh (144185): drop_caches: 3
[143947.273357] sh (144185): drop_caches: 3
[143951.319222] sh (144185): drop_caches: 3
[143955.365109] sh (144185): drop_caches: 3
[143959.409275] sh (144185): drop_caches: 3
[143963.455528] sh (144185): drop_caches: 3
[143967.502472] sh (144185): drop_caches: 3
[143971.548337] sh (144185): drop_caches: 3
[143975.593682] sh (144185): drop_caches: 3
[143979.635182] sh (144185): drop_caches: 3
[143983.684116] sh (144185): drop_caches: 3
[143987.732741] sh (144185): drop_caches: 3
[143991.779448] sh (144185): drop_caches: 3
[143995.824118] sh (144185): drop_caches: 3
[143999.868959] sh (144185): drop_caches: 3
[144003.914687] sh (144185): drop_caches: 3
[144007.958965] sh (144185): drop_caches: 3
[144012.005105] sh (144185): drop_caches: 3
[144016.050044] sh (144185): drop_caches: 3
[144020.095711] sh (144185): drop_caches: 3
[144024.134570] sh (144185): drop_caches: 3
[144028.179335] sh (144185): drop_caches: 3
[144032.226815] sh (144185): drop_caches: 3
[144036.270669] sh (144185): drop_caches: 3
[144040.317291] sh (144185): drop_caches: 3
[144044.364129] sh (144185): drop_caches: 3
[144048.408014] sh (144185): drop_caches: 3
[144052.453184] sh (144185): drop_caches: 3
[144056.494993] sh (144185): drop_caches: 3
[144060.542012] sh (144185): drop_caches: 3
[144064.587898] sh (144185): drop_caches: 3
[144068.630978] sh (144185): drop_caches: 3
[144072.674622] sh (144185): drop_caches: 3
[144076.714973] sh (144185): drop_caches: 3
[144080.761043] sh (144185): drop_caches: 3
[144084.806446] sh (144185): drop_caches: 3
[144088.853222] sh (144185): drop_caches: 3
[144092.895892] sh (144185): drop_caches: 3
[144096.941906] sh (144185): drop_caches: 3
[144100.988424] sh (144185): drop_caches: 3
[144105.033510] sh (144185): drop_caches: 3
[144109.076600] sh (144185): drop_caches: 3
[144113.125030] sh (144185): drop_caches: 3
[144117.169594] sh (144185): drop_caches: 3
[144121.215112] sh (144185): drop_caches: 3
[144125.262366] sh (144185): drop_caches: 3
[144129.306624] sh (144185): drop_caches: 3
[144133.351801] sh (144185): drop_caches: 3
[144137.397829] sh (144185): drop_caches: 3
[144141.443563] sh (144185): drop_caches: 3
[144145.490881] sh (144185): drop_caches: 3
[144149.535844] sh (144185): drop_caches: 3
[144153.579446] sh (144185): drop_caches: 3
[144157.622935] sh (144185): drop_caches: 3
[144161.659910] sh (144185): drop_caches: 3
[144165.698510] sh (144185): drop_caches: 3
[144169.744358] sh (144185): drop_caches: 3
[144173.791337] sh (144185): drop_caches: 3
[144177.838250] sh (144185): drop_caches: 3
[144181.877076] sh (144185): drop_caches: 3
[144185.922693] sh (144185): drop_caches: 3
[144189.966908] sh (144185): drop_caches: 3
[144194.012754] sh (144185): drop_caches: 3
[144198.057375] sh (144185): drop_caches: 3
[144202.094462] sh (144185): drop_caches: 3
[144206.143273] sh (144185): drop_caches: 3
[144210.191077] sh (144185): drop_caches: 3
[144214.239525] sh (144185): drop_caches: 3
[144218.287684] sh (144185): drop_caches: 3
[144222.335722] sh (144185): drop_caches: 3
[144226.381740] sh (144185): drop_caches: 3
[144230.428946] sh (144185): drop_caches: 3
[144234.474081] sh (144185): drop_caches: 3
[144238.519687] sh (144185): drop_caches: 3
[144242.562959] sh (144185): drop_caches: 3
[144246.609966] sh (144185): drop_caches: 3
[144250.657308] sh (144185): drop_caches: 3
[144254.694809] sh (144185): drop_caches: 3
[144258.744513] sh (144185): drop_caches: 3
[144262.789565] sh (144185): drop_caches: 3
[144266.835658] sh (144185): drop_caches: 3
[144270.880129] sh (144185): drop_caches: 3
[144274.926505] sh (144185): drop_caches: 3
[144278.969493] sh (144185): drop_caches: 3
[144283.013104] sh (144185): drop_caches: 3
[144287.058445] sh (144185): drop_caches: 3
[144291.103704] sh (144185): drop_caches: 3
[144295.147070] sh (144185): drop_caches: 3
[144299.193168] sh (144185): drop_caches: 3
[144303.239682] sh (144185): drop_caches: 3
[144307.280328] sh (144185): drop_caches: 3
[144311.323896] sh (144185): drop_caches: 3
[144315.368190] sh (144185): drop_caches: 3
[144319.413985] sh (144185): drop_caches: 3
[144323.461000] sh (144185): drop_caches: 3
[144327.506732] sh (144185): drop_caches: 3
[144331.554024] sh (144185): drop_caches: 3
[144335.599115] sh (144185): drop_caches: 3
[144339.643376] sh (144185): drop_caches: 3
[144343.689304] sh (144185): drop_caches: 3
[144347.732666] sh (144185): drop_caches: 3
[144351.777873] sh (144185): drop_caches: 3
[144355.822589] sh (144185): drop_caches: 3
[144359.866667] sh (144185): drop_caches: 3
[144363.910012] sh (144185): drop_caches: 3
[144367.956053] sh (144185): drop_caches: 3
[144371.999631] sh (144185): drop_caches: 3
[144376.044247] sh (144185): drop_caches: 3
[144380.089210] sh (144185): drop_caches: 3
[144384.132485] sh (144185): drop_caches: 3
[144388.178355] sh (144185): drop_caches: 3
[144392.224573] sh (144185): drop_caches: 3
[144396.272266] sh (144185): drop_caches: 3
[144400.317451] sh (144185): drop_caches: 3
[144404.363254] sh (144185): drop_caches: 3
[144408.407665] sh (144185): drop_caches: 3
[144412.451045] sh (144185): drop_caches: 3
[144416.497217] sh (144185): drop_caches: 3
[144420.542917] sh (144185): drop_caches: 3
[144424.588014] sh (144185): drop_caches: 3
[144428.632636] sh (144185): drop_caches: 3
[144432.675162] sh (144185): drop_caches: 3
[144436.713251] sh (144185): drop_caches: 3
[144440.756449] sh (144185): drop_caches: 3
[144444.801924] sh (144185): drop_caches: 3
[144448.847655] sh (144185): drop_caches: 3
[144452.894968] sh (144185): drop_caches: 3
[144456.939304] sh (144185): drop_caches: 3
[144460.986569] sh (144185): drop_caches: 3
[144465.030635] sh (144185): drop_caches: 3
[144469.078330] sh (144185): drop_caches: 3
[144473.125551] sh (144185): drop_caches: 3
[144477.165468] sh (144185): drop_caches: 3
[144481.211485] sh (144185): drop_caches: 3
[144485.257714] sh (144185): drop_caches: 3
[144489.303881] sh (144185): drop_caches: 3
[144493.349802] sh (144185): drop_caches: 3
[144497.395639] sh (144185): drop_caches: 3
[144501.440892] sh (144185): drop_caches: 3
[144505.485930] sh (144185): drop_caches: 3
[144509.530807] sh (144185): drop_caches: 3
[144513.576082] sh (144185): drop_caches: 3
[144517.622176] sh (144185): drop_caches: 3
[144521.657727] sh (144185): drop_caches: 3
[144525.698311] sh (144185): drop_caches: 3
[144529.746631] sh (144185): drop_caches: 3
[144533.791892] sh (144185): drop_caches: 3
[144537.831695] sh (144185): drop_caches: 3
[144541.871292] sh (144185): drop_caches: 3
[144545.916386] sh (144185): drop_caches: 3
[144549.964330] sh (144185): drop_caches: 3
[144554.010867] sh (144185): drop_caches: 3
[144558.057506] sh (144185): drop_caches: 3
[144562.099013] sh (144185): drop_caches: 3
[144566.146184] sh (144185): drop_caches: 3
[144570.189531] sh (144185): drop_caches: 3
[144574.233985] sh (144185): drop_caches: 3
[144578.277419] sh (144185): drop_caches: 3
[144582.323050] sh (144185): drop_caches: 3
[144586.367451] sh (144185): drop_caches: 3
[144590.411672] sh (144185): drop_caches: 3
[144594.457361] sh (144185): drop_caches: 3
[144598.503553] sh (144185): drop_caches: 3
[144602.549235] sh (144185): drop_caches: 3
[144606.595407] sh (144185): drop_caches: 3
[144610.640575] sh (144185): drop_caches: 3
[144614.678805] sh (144185): drop_caches: 3
[144618.717338] sh (144185): drop_caches: 3
[144622.761206] sh (144185): drop_caches: 3
[144626.804832] sh (144185): drop_caches: 3
[144630.851401] sh (144185): drop_caches: 3
[144634.897710] sh (144185): drop_caches: 3
[144638.942900] sh (144185): drop_caches: 3
[144642.989269] sh (144185): drop_caches: 3
[144647.032771] sh (144185): drop_caches: 3
[144651.077053] sh (144185): drop_caches: 3
[144655.123262] sh (144185): drop_caches: 3
[144659.171298] sh (144185): drop_caches: 3
[144663.216559] sh (144185): drop_caches: 3
[144667.262826] sh (144185): drop_caches: 3
[144671.311346] sh (144185): drop_caches: 3
[144675.354668] sh (144185): drop_caches: 3
[144679.404558] sh (144185): drop_caches: 3
[144683.449531] sh (144185): drop_caches: 3
[144687.492525] sh (144185): drop_caches: 3
[144691.537106] sh (144185): drop_caches: 3
[144695.584179] sh (144185): drop_caches: 3
[144699.627025] sh (144185): drop_caches: 3
[144703.676989] sh (144185): drop_caches: 3
[144707.721641] sh (144185): drop_caches: 3
[144711.760059] sh (144185): drop_caches: 3
[144715.805179] sh (144185): drop_caches: 3
[144719.848973] sh (144185): drop_caches: 3
[144723.894880] sh (144185): drop_caches: 3
[144727.940827] sh (144185): drop_caches: 3
[144731.986213] sh (144185): drop_caches: 3
[144736.032315] sh (144185): drop_caches: 3
[144740.077743] sh (144185): drop_caches: 3
[144744.125073] sh (144185): drop_caches: 3
[144748.170378] sh (144185): drop_caches: 3
[144752.215897] sh (144185): drop_caches: 3
[144756.262779] sh (144185): drop_caches: 3
[144760.308228] sh (144185): drop_caches: 3
[144764.353828] sh (144185): drop_caches: 3
[144768.401059] sh (144185): drop_caches: 3
[144772.443186] sh (144185): drop_caches: 3
[144776.491411] sh (144185): drop_caches: 3
[144780.534235] sh (144185): drop_caches: 3
[144784.582006] sh (144185): drop_caches: 3
[144788.620433] sh (144185): drop_caches: 3
[144792.667338] sh (144185): drop_caches: 3
[144796.707631] sh (144185): drop_caches: 3
[144800.754072] sh (144185): drop_caches: 3
[144804.799266] sh (144185): drop_caches: 3
[144808.845103] sh (144185): drop_caches: 3
[144812.889647] sh (144185): drop_caches: 3
[144816.937490] sh (144185): drop_caches: 3
[144820.981995] sh (144185): drop_caches: 3
[144825.026127] sh (144185): drop_caches: 3
[144829.072624] sh (144185): drop_caches: 3
[144833.119154] sh (144185): drop_caches: 3
[144837.164530] sh (144185): drop_caches: 3
[144841.210888] sh (144185): drop_caches: 3
[144845.256311] sh (144185): drop_caches: 3
[144849.303044] sh (144185): drop_caches: 3
[144853.348701] sh (144185): drop_caches: 3
[144857.396291] sh (144185): drop_caches: 3
[144861.442158] sh (144185): drop_caches: 3
[144865.486931] sh (144185): drop_caches: 3
[144869.534232] sh (144185): drop_caches: 3
[144873.579603] sh (144185): drop_caches: 3
[144877.623380] sh (144185): drop_caches: 3
[144881.661448] sh (144185): drop_caches: 3
[144885.703787] sh (144185): drop_caches: 3
[144889.747486] sh (144185): drop_caches: 3
[144893.791382] sh (144185): drop_caches: 3
[144897.828833] sh (144185): drop_caches: 3
[144901.856905] sh (144185): drop_caches: 3
[144901.909854] iCAT_SQLITE_RUN_END run=20260830-132736-144053
[144901.929563] EXT4-fs (nvme1n1): unmounting filesystem 87006bbd-c70e-4ae0-92a9-c3d955f08c72.
[144901.994714] pci_bus 0001:10: busn_res: [bus 10-ff] is released
[144901.994744] NVMeVirt: GC stats: policy=cat-fig7 host_pages=32351563 gc_pages=13350023 gc_count=714081 WAF=1.412 k=10 scale_pct=400 age_ratio=16
[144902.057711] NVMeVirt: Virtual NVMe device closed
