[70935.711021] NVMeVirt: Version 1.10 for >> Samsung 970 Pro SSD <<
[70935.711029] NVMeVirt: Storage: 0x100100000-0x300000000 (8191 MiB)
[70935.718465] NVMeVirt: Total Capacity(GiB,MiB)=2,2048 chs=2 luns=4 lines=8192 blk-size(MiB,KiB)=0,64 line-size(MiB,KiB)=0,256
[70935.729151] NVMeVirt: [chmodel_init] bandwidth 800 max_credits 26 tx_time 152
[70935.735761] NVMeVirt: [chmodel_init] bandwidth 800 max_credits 26 tx_time 152
[70935.735774] NVMeVirt: [chmodel_init] bandwidth 3360 max_credits 110 tx_time 36
[70935.736992] NVMeVirt: pqueue: Copyright (c) 2014, Volkan Yazıcı <volkan.yazici@gmail.com>. All rights reserved.
[70935.737028] NVMeVirt: Init FTL instance with 2 channels (524288 pages)
[70935.737029] NVMeVirt: GC victim policy: cat-fig7 k=2 scale_pct=400 age_ratio=7
[70935.743589] NVMeVirt: [chmodel_init] bandwidth 800 max_credits 26 tx_time 152
[70935.750084] NVMeVirt: [chmodel_init] bandwidth 800 max_credits 26 tx_time 152
[70935.750098] NVMeVirt: [chmodel_init] bandwidth 3360 max_credits 110 tx_time 36
[70935.751338] NVMeVirt: Init FTL instance with 2 channels (524288 pages)
[70935.751339] NVMeVirt: GC victim policy: cat-fig7 k=2 scale_pct=400 age_ratio=7
[70935.757813] NVMeVirt: [chmodel_init] bandwidth 800 max_credits 26 tx_time 152
[70935.764295] NVMeVirt: [chmodel_init] bandwidth 800 max_credits 26 tx_time 152
[70935.764308] NVMeVirt: [chmodel_init] bandwidth 3360 max_credits 110 tx_time 36
[70935.765612] NVMeVirt: Init FTL instance with 2 channels (524288 pages)
[70935.765613] NVMeVirt: GC victim policy: cat-fig7 k=2 scale_pct=400 age_ratio=7
[70935.772097] NVMeVirt: [chmodel_init] bandwidth 800 max_credits 26 tx_time 152
[70935.778507] NVMeVirt: [chmodel_init] bandwidth 800 max_credits 26 tx_time 152
[70935.778520] NVMeVirt: [chmodel_init] bandwidth 3360 max_credits 110 tx_time 36
[70935.779761] NVMeVirt: Init FTL instance with 2 channels (524288 pages)
[70935.779762] NVMeVirt: GC victim policy: cat-fig7 k=2 scale_pct=400 age_ratio=7
[70935.779766] NVMeVirt: FTL physical space: 8588886016, logical space: 8026996276 (physical/logical * 100 = 107)
[70935.779767] NVMeVirt: ns 0/1: size 7655 MiB
[70935.779804] PCI host bridge to bus 0001:10
[70935.779806] pci_bus 0001:10: root bus resource [io  0x0000-0xffff]
[70935.779808] pci_bus 0001:10: root bus resource [mem 0x00000000-0x3fffffffffff]
[70935.779809] pci_bus 0001:10: root bus resource [bus 00-ff]
[70935.779815] pci 0001:10:00.0: [0c51:0110] type 00 class 0x010802 PCIe Endpoint
[70935.779818] pci 0001:10:00.0: BAR 0 [mem 0x100000000-0x100003fff 64bit]
[70935.779820] pci 0001:10:00.0: enabling Extended Tags
[70935.779930] NVMeVirt: Virtual PCI bus created (node 0)
[70935.780357] NVMeVirt: nvmev_io_worker_0 started on cpu 2 (node 0)
[70935.780423] NVMeVirt: nvmev_dispatcher started on cpu 1 (node 0)
[70935.780716] nvme nvme1: pci function 0001:10:00.0
[70935.783911] nvme nvme1: 20/0/0 default/read/poll queues
[70935.787888] NVMeVirt: Virtual NVMe device created
[70936.851533] EXT4-fs (nvme1n1): mounted filesystem 243bbae8-a5ff-4e86-9b90-6d7557f38183 r/w with ordered data mode. Quota mode: none.
[70936.884364] iCAT_SQLITE_LOAD_START run=20260829-172052-55026
[71014.431589] iCAT_SQLITE_LOAD_END run=20260829-172052-55026
[71014.843203] sh (55162): drop_caches: 3
[71014.875398] iCAT_SQLITE_RUN_START run=20260829-172052-55026
[71018.472288] sh (55159): drop_caches: 3
[71022.510631] sh (55159): drop_caches: 3
[71026.546572] sh (55159): drop_caches: 3
[71030.592597] sh (55159): drop_caches: 3
[71034.638385] sh (55159): drop_caches: 3
[71038.684859] sh (55159): drop_caches: 3
[71042.731649] sh (55159): drop_caches: 3
[71046.776532] sh (55159): drop_caches: 3
[71050.823432] sh (55159): drop_caches: 3
[71054.869520] sh (55159): drop_caches: 3
[71058.913777] sh (55159): drop_caches: 3
[71062.958803] sh (55159): drop_caches: 3
[71067.003174] sh (55159): drop_caches: 3
[71071.047702] sh (55159): drop_caches: 3
[71075.084429] sh (55159): drop_caches: 3
[71079.123457] sh (55159): drop_caches: 3
[71083.168748] sh (55159): drop_caches: 3
[71087.214045] sh (55159): drop_caches: 3
[71091.258497] sh (55159): drop_caches: 3
[71095.304568] sh (55159): drop_caches: 3
[71099.345259] sh (55159): drop_caches: 3
[71103.384795] sh (55159): drop_caches: 3
[71107.433022] sh (55159): drop_caches: 3
[71111.476134] sh (55159): drop_caches: 3
[71115.524504] sh (55159): drop_caches: 3
[71119.570534] sh (55159): drop_caches: 3
[71123.614759] sh (55159): drop_caches: 3
[71127.660311] sh (55159): drop_caches: 3
[71131.704058] sh (55159): drop_caches: 3
[71135.748077] sh (55159): drop_caches: 3
[71139.791145] sh (55159): drop_caches: 3
[71143.839745] sh (55159): drop_caches: 3
[71147.884840] sh (55159): drop_caches: 3
[71151.921545] sh (55159): drop_caches: 3
[71155.966944] sh (55159): drop_caches: 3
[71160.012333] sh (55159): drop_caches: 3
[71164.057102] sh (55159): drop_caches: 3
[71168.102474] sh (55159): drop_caches: 3
[71172.147613] sh (55159): drop_caches: 3
[71176.191620] sh (55159): drop_caches: 3
[71180.235079] sh (55159): drop_caches: 3
[71184.281050] sh (55159): drop_caches: 3
[71188.326695] sh (55159): drop_caches: 3
[71192.371257] sh (55159): drop_caches: 3
[71196.413210] sh (55159): drop_caches: 3
[71200.455233] sh (55159): drop_caches: 3
[71204.497652] sh (55159): drop_caches: 3
[71208.539493] sh (55159): drop_caches: 3
[71212.581578] sh (55159): drop_caches: 3
[71216.624344] sh (55159): drop_caches: 3
[71220.669133] sh (55159): drop_caches: 3
[71224.712049] sh (55159): drop_caches: 3
[71228.752032] sh (55159): drop_caches: 3
[71232.797013] sh (55159): drop_caches: 3
[71236.842728] sh (55159): drop_caches: 3
[71240.885198] sh (55159): drop_caches: 3
[71244.929495] sh (55159): drop_caches: 3
[71248.975312] sh (55159): drop_caches: 3
[71253.018439] sh (55159): drop_caches: 3
[71257.062085] sh (55159): drop_caches: 3
[71261.108060] sh (55159): drop_caches: 3
[71265.152931] sh (55159): drop_caches: 3
[71269.194799] sh (55159): drop_caches: 3
[71273.241644] sh (55159): drop_caches: 3
[71277.287265] sh (55159): drop_caches: 3
[71281.333771] sh (55159): drop_caches: 3
[71285.376603] sh (55159): drop_caches: 3
[71289.418994] sh (55159): drop_caches: 3
[71293.465898] sh (55159): drop_caches: 3
[71297.510132] sh (55159): drop_caches: 3
[71301.553906] sh (55159): drop_caches: 3
[71305.600262] sh (55159): drop_caches: 3
[71309.643782] sh (55159): drop_caches: 3
[71313.688408] sh (55159): drop_caches: 3
[71317.730809] sh (55159): drop_caches: 3
[71321.776471] sh (55159): drop_caches: 3
[71325.821104] sh (55159): drop_caches: 3
[71329.865046] sh (55159): drop_caches: 3
[71333.908312] sh (55159): drop_caches: 3
[71337.951840] sh (55159): drop_caches: 3
[71341.998123] sh (55159): drop_caches: 3
[71346.044257] sh (55159): drop_caches: 3
[71350.090212] sh (55159): drop_caches: 3
[71354.137147] sh (55159): drop_caches: 3
[71358.184229] sh (55159): drop_caches: 3
[71362.230012] sh (55159): drop_caches: 3
[71366.274311] sh (55159): drop_caches: 3
[71370.318766] sh (55159): drop_caches: 3
[71374.358416] sh (55159): drop_caches: 3
[71378.398619] sh (55159): drop_caches: 3
[71382.444100] sh (55159): drop_caches: 3
[71386.487143] sh (55159): drop_caches: 3
[71390.524885] sh (55159): drop_caches: 3
[71394.562944] sh (55159): drop_caches: 3
[71398.606151] sh (55159): drop_caches: 3
[71402.652184] sh (55159): drop_caches: 3
[71406.695112] sh (55159): drop_caches: 3
[71410.740204] sh (55159): drop_caches: 3
[71414.784604] sh (55159): drop_caches: 3
[71418.829167] sh (55159): drop_caches: 3
[71422.874564] sh (55159): drop_caches: 3
[71426.918008] sh (55159): drop_caches: 3
[71430.963665] sh (55159): drop_caches: 3
[71435.005530] sh (55159): drop_caches: 3
[71439.050712] sh (55159): drop_caches: 3
[71443.094656] sh (55159): drop_caches: 3
[71447.141152] sh (55159): drop_caches: 3
[71451.185102] sh (55159): drop_caches: 3
[71455.229585] sh (55159): drop_caches: 3
[71459.276486] sh (55159): drop_caches: 3
[71463.320227] sh (55159): drop_caches: 3
[71467.357485] sh (55159): drop_caches: 3
[71471.399414] sh (55159): drop_caches: 3
[71475.445440] sh (55159): drop_caches: 3
[71479.489681] sh (55159): drop_caches: 3
[71483.535945] sh (55159): drop_caches: 3
[71487.583098] sh (55159): drop_caches: 3
[71491.627390] sh (55159): drop_caches: 3
[71495.669669] sh (55159): drop_caches: 3
[71499.716687] sh (55159): drop_caches: 3
[71503.760004] sh (55159): drop_caches: 3
[71507.805106] sh (55159): drop_caches: 3
[71511.851641] sh (55159): drop_caches: 3
[71515.897910] sh (55159): drop_caches: 3
[71519.942525] sh (55159): drop_caches: 3
[71523.987605] sh (55159): drop_caches: 3
[71528.031261] sh (55159): drop_caches: 3
[71532.078295] sh (55159): drop_caches: 3
[71536.123571] sh (55159): drop_caches: 3
[71540.166529] sh (55159): drop_caches: 3
[71544.212171] sh (55159): drop_caches: 3
[71548.254960] sh (55159): drop_caches: 3
[71552.300283] sh (55159): drop_caches: 3
[71556.339206] sh (55159): drop_caches: 3
[71560.382095] sh (55159): drop_caches: 3
[71564.425839] sh (55159): drop_caches: 3
[71568.471326] sh (55159): drop_caches: 3
[71572.515589] sh (55159): drop_caches: 3
[71576.560935] sh (55159): drop_caches: 3
[71580.607222] sh (55159): drop_caches: 3
[71584.652660] sh (55159): drop_caches: 3
[71588.697694] sh (55159): drop_caches: 3
[71592.742455] sh (55159): drop_caches: 3
[71596.785495] sh (55159): drop_caches: 3
[71600.833319] sh (55159): drop_caches: 3
[71604.876901] sh (55159): drop_caches: 3
[71608.923301] sh (55159): drop_caches: 3
[71612.967447] sh (55159): drop_caches: 3
[71617.014136] sh (55159): drop_caches: 3
[71621.056610] sh (55159): drop_caches: 3
[71625.100859] sh (55159): drop_caches: 3
[71629.138261] sh (55159): drop_caches: 3
[71633.175494] sh (55159): drop_caches: 3
[71637.219392] sh (55159): drop_caches: 3
[71641.265856] sh (55159): drop_caches: 3
[71645.315233] sh (55159): drop_caches: 3
[71649.360327] sh (55159): drop_caches: 3
[71653.405524] sh (55159): drop_caches: 3
[71657.449670] sh (55159): drop_caches: 3
[71661.491236] sh (55159): drop_caches: 3
[71665.536596] sh (55159): drop_caches: 3
[71669.579606] sh (55159): drop_caches: 3
[71673.624229] sh (55159): drop_caches: 3
[71677.671483] sh (55159): drop_caches: 3
[71681.718226] sh (55159): drop_caches: 3
[71685.763883] sh (55159): drop_caches: 3
[71689.810374] sh (55159): drop_caches: 3
[71693.855630] sh (55159): drop_caches: 3
[71697.902836] sh (55159): drop_caches: 3
[71701.944597] sh (55159): drop_caches: 3
[71705.990627] sh (55159): drop_caches: 3
[71710.037346] sh (55159): drop_caches: 3
[71714.084068] sh (55159): drop_caches: 3
[71718.127852] sh (55159): drop_caches: 3
[71722.170364] sh (55159): drop_caches: 3
[71726.215559] sh (55159): drop_caches: 3
[71730.257024] sh (55159): drop_caches: 3
[71734.307173] sh (55159): drop_caches: 3
[71738.345834] sh (55159): drop_caches: 3
[71742.386179] sh (55159): drop_caches: 3
[71746.430046] sh (55159): drop_caches: 3
[71750.477153] sh (55159): drop_caches: 3
[71754.515528] sh (55159): drop_caches: 3
[71758.555309] sh (55159): drop_caches: 3
[71762.602841] sh (55159): drop_caches: 3
[71766.648142] sh (55159): drop_caches: 3
[71770.694874] sh (55159): drop_caches: 3
[71774.739364] sh (55159): drop_caches: 3
[71778.780937] sh (55159): drop_caches: 3
[71782.827225] sh (55159): drop_caches: 3
[71786.873732] sh (55159): drop_caches: 3
[71790.918177] sh (55159): drop_caches: 3
[71794.963674] sh (55159): drop_caches: 3
[71799.008189] sh (55159): drop_caches: 3
[71803.051485] sh (55159): drop_caches: 3
[71807.096328] sh (55159): drop_caches: 3
[71811.140093] sh (55159): drop_caches: 3
[71815.188717] sh (55159): drop_caches: 3
[71819.234727] sh (55159): drop_caches: 3
[71823.279774] sh (55159): drop_caches: 3
[71827.323123] sh (55159): drop_caches: 3
[71831.362120] sh (55159): drop_caches: 3
[71835.406629] sh (55159): drop_caches: 3
[71839.451689] sh (55159): drop_caches: 3
[71843.498517] sh (55159): drop_caches: 3
[71847.542837] sh (55159): drop_caches: 3
[71851.592466] sh (55159): drop_caches: 3
[71855.637291] sh (55159): drop_caches: 3
[71859.684455] sh (55159): drop_caches: 3
[71863.727061] sh (55159): drop_caches: 3
[71867.773792] sh (55159): drop_caches: 3
[71871.819846] sh (55159): drop_caches: 3
[71875.866112] sh (55159): drop_caches: 3
[71879.911445] sh (55159): drop_caches: 3
[71883.962969] sh (55159): drop_caches: 3
[71888.007674] sh (55159): drop_caches: 3
[71892.054144] sh (55159): drop_caches: 3
[71896.100649] sh (55159): drop_caches: 3
[71900.146093] sh (55159): drop_caches: 3
[71904.189970] sh (55159): drop_caches: 3
[71908.234037] sh (55159): drop_caches: 3
[71912.283593] sh (55159): drop_caches: 3
[71916.321346] sh (55159): drop_caches: 3
[71920.366384] sh (55159): drop_caches: 3
[71924.412616] sh (55159): drop_caches: 3
[71928.456381] sh (55159): drop_caches: 3
[71932.499296] sh (55159): drop_caches: 3
[71936.542229] sh (55159): drop_caches: 3
[71940.583072] sh (55159): drop_caches: 3
[71944.627268] sh (55159): drop_caches: 3
[71948.670952] sh (55159): drop_caches: 3
[71952.716260] sh (55159): drop_caches: 3
[71956.762028] sh (55159): drop_caches: 3
[71960.799386] sh (55159): drop_caches: 3
[71964.842373] sh (55159): drop_caches: 3
[71968.887916] sh (55159): drop_caches: 3
[71972.933378] sh (55159): drop_caches: 3
[71976.978548] sh (55159): drop_caches: 3
[71981.022723] sh (55159): drop_caches: 3
[71985.068116] sh (55159): drop_caches: 3
[71989.107153] sh (55159): drop_caches: 3
[71993.151143] sh (55159): drop_caches: 3
[71997.195813] sh (55159): drop_caches: 3
[72001.239859] sh (55159): drop_caches: 3
[72005.287631] sh (55159): drop_caches: 3
[72009.332520] sh (55159): drop_caches: 3
[72013.375239] sh (55159): drop_caches: 3
[72017.420838] sh (55159): drop_caches: 3
[72021.460504] sh (55159): drop_caches: 3
[72025.506547] sh (55159): drop_caches: 3
[72029.550090] sh (55159): drop_caches: 3
[72033.594722] sh (55159): drop_caches: 3
[72037.632548] sh (55159): drop_caches: 3
[72041.678874] sh (55159): drop_caches: 3
[72045.722242] sh (55159): drop_caches: 3
[72049.763701] sh (55159): drop_caches: 3
[72053.808476] sh (55159): drop_caches: 3
[72057.851559] sh (55159): drop_caches: 3
[72061.897548] sh (55159): drop_caches: 3
[72065.945424] sh (55159): drop_caches: 3
[72069.992698] sh (55159): drop_caches: 3
[72074.037898] sh (55159): drop_caches: 3
[72078.081724] sh (55159): drop_caches: 3
[72082.124586] sh (55159): drop_caches: 3
[72086.169826] sh (55159): drop_caches: 3
[72090.212666] sh (55159): drop_caches: 3
[72094.256987] sh (55159): drop_caches: 3
[72098.299222] sh (55159): drop_caches: 3
[72102.337928] sh (55159): drop_caches: 3
[72106.374694] sh (55159): drop_caches: 3
[72110.422901] sh (55159): drop_caches: 3
[72114.462345] sh (55159): drop_caches: 3
[72118.500164] sh (55159): drop_caches: 3
[72122.540110] sh (55159): drop_caches: 3
[72126.584465] sh (55159): drop_caches: 3
[72130.629249] sh (55159): drop_caches: 3
[72134.673092] sh (55159): drop_caches: 3
[72138.717720] sh (55159): drop_caches: 3
[72142.762285] sh (55159): drop_caches: 3
[72146.806586] sh (55159): drop_caches: 3
[72150.849583] sh (55159): drop_caches: 3
[72154.893821] sh (55159): drop_caches: 3
[72158.939604] sh (55159): drop_caches: 3
[72162.984734] sh (55159): drop_caches: 3
[72167.032381] sh (55159): drop_caches: 3
[72171.075082] sh (55159): drop_caches: 3
[72175.118859] sh (55159): drop_caches: 3
[72179.161579] sh (55159): drop_caches: 3
[72183.204656] sh (55159): drop_caches: 3
[72187.251772] sh (55159): drop_caches: 3
[72191.294297] sh (55159): drop_caches: 3
[72195.331536] sh (55159): drop_caches: 3
[72199.373148] sh (55159): drop_caches: 3
[72203.417064] sh (55159): drop_caches: 3
[72207.462572] sh (55159): drop_caches: 3
[72211.506645] sh (55159): drop_caches: 3
[72215.550859] sh (55159): drop_caches: 3
[72219.597167] sh (55159): drop_caches: 3
[72223.645266] sh (55159): drop_caches: 3
[72227.680643] sh (55159): drop_caches: 3
[72231.726269] sh (55159): drop_caches: 3
[72235.773992] sh (55159): drop_caches: 3
[72239.818665] sh (55159): drop_caches: 3
[72243.862419] sh (55159): drop_caches: 3
[72247.905598] sh (55159): drop_caches: 3
[72251.951055] sh (55159): drop_caches: 3
[72255.996228] sh (55159): drop_caches: 3
[72260.039089] sh (55159): drop_caches: 3
[72264.084890] sh (55159): drop_caches: 3
[72268.129180] sh (55159): drop_caches: 3
[72272.174631] sh (55159): drop_caches: 3
[72276.219091] sh (55159): drop_caches: 3
[72280.262629] sh (55159): drop_caches: 3
[72284.307345] sh (55159): drop_caches: 3
[72288.351694] sh (55159): drop_caches: 3
[72292.394307] sh (55159): drop_caches: 3
[72296.440861] sh (55159): drop_caches: 3
[72300.485884] sh (55159): drop_caches: 3
[72304.531605] sh (55159): drop_caches: 3
[72308.574155] sh (55159): drop_caches: 3
[72312.623950] sh (55159): drop_caches: 3
[72316.672854] sh (55159): drop_caches: 3
[72320.719945] sh (55159): drop_caches: 3
[72324.764056] sh (55159): drop_caches: 3
[72328.806271] sh (55159): drop_caches: 3
[72332.854120] sh (55159): drop_caches: 3
[72336.897060] sh (55159): drop_caches: 3
[72340.942767] sh (55159): drop_caches: 3
[72344.986012] sh (55159): drop_caches: 3
[72349.030370] sh (55159): drop_caches: 3
[72353.073693] sh (55159): drop_caches: 3
[72357.119432] sh (55159): drop_caches: 3
[72361.165656] sh (55159): drop_caches: 3
[72365.210404] sh (55159): drop_caches: 3
[72369.255157] sh (55159): drop_caches: 3
[72373.298022] sh (55159): drop_caches: 3
[72377.336923] sh (55159): drop_caches: 3
[72381.382993] sh (55159): drop_caches: 3
[72385.428387] sh (55159): drop_caches: 3
[72389.473454] sh (55159): drop_caches: 3
[72393.517737] sh (55159): drop_caches: 3
[72397.560661] sh (55159): drop_caches: 3
[72401.605043] sh (55159): drop_caches: 3
[72405.650681] sh (55159): drop_caches: 3
[72409.694329] sh (55159): drop_caches: 3
[72413.739412] sh (55159): drop_caches: 3
[72417.784644] sh (55159): drop_caches: 3
[72421.826875] sh (55159): drop_caches: 3
[72425.870588] sh (55159): drop_caches: 3
[72429.913644] sh (55159): drop_caches: 3
[72433.955927] sh (55159): drop_caches: 3
[72438.003469] sh (55159): drop_caches: 3
[72442.047432] sh (55159): drop_caches: 3
[72446.093316] sh (55159): drop_caches: 3
[72450.136860] sh (55159): drop_caches: 3
[72454.181014] sh (55159): drop_caches: 3
[72458.225702] sh (55159): drop_caches: 3
[72462.268228] sh (55159): drop_caches: 3
[72466.312392] sh (55159): drop_caches: 3
[72470.350485] sh (55159): drop_caches: 3
[72474.391384] sh (55159): drop_caches: 3
[72478.435563] sh (55159): drop_caches: 3
[72482.485438] sh (55159): drop_caches: 3
[72486.523776] sh (55159): drop_caches: 3
[72490.569405] sh (55159): drop_caches: 3
[72494.613865] sh (55159): drop_caches: 3
[72498.661021] sh (55159): drop_caches: 3
[72502.705116] sh (55159): drop_caches: 3
[72506.750379] sh (55159): drop_caches: 3
[72510.793518] sh (55159): drop_caches: 3
[72514.838656] sh (55159): drop_caches: 3
[72518.865521] sh (55159): drop_caches: 3
[72518.917265] iCAT_SQLITE_RUN_END run=20260829-172052-55026
[72518.936630] EXT4-fs (nvme1n1): unmounting filesystem 243bbae8-a5ff-4e86-9b90-6d7557f38183.
[72518.997686] pci_bus 0001:10: busn_res: [bus 10-ff] is released
[72518.997730] NVMeVirt: GC stats: policy=cat-fig7 host_pages=32411276 gc_pages=16297633 gc_count=761070 WAF=1.502 k=2 scale_pct=400 age_ratio=7
[72519.069815] NVMeVirt: Virtual NVMe device closed
