[113219.390621] NVMeVirt: Version 1.10 for >> Samsung 970 Pro SSD <<
[113219.390638] NVMeVirt: Storage: 0x100100000-0x300000000 (8191 MiB)
[113219.398075] NVMeVirt: Total Capacity(GiB,MiB)=2,2048 chs=2 luns=4 lines=8192 blk-size(MiB,KiB)=0,64 line-size(MiB,KiB)=0,256
[113219.406756] NVMeVirt: [chmodel_init] bandwidth 800 max_credits 26 tx_time 152
[113219.415400] NVMeVirt: [chmodel_init] bandwidth 800 max_credits 26 tx_time 152
[113219.415415] NVMeVirt: [chmodel_init] bandwidth 3360 max_credits 110 tx_time 36
[113219.416716] NVMeVirt: pqueue: Copyright (c) 2014, Volkan Yazıcı <volkan.yazici@gmail.com>. All rights reserved.
[113219.416755] NVMeVirt: Init FTL instance with 2 channels (524288 pages)
[113219.416756] NVMeVirt: GC victim policy: cat-fig7 k=7 scale_pct=200 age_ratio=7
[113219.423988] NVMeVirt: [chmodel_init] bandwidth 800 max_credits 26 tx_time 152
[113219.430503] NVMeVirt: [chmodel_init] bandwidth 800 max_credits 26 tx_time 152
[113219.430517] NVMeVirt: [chmodel_init] bandwidth 3360 max_credits 110 tx_time 36
[113219.431775] NVMeVirt: Init FTL instance with 2 channels (524288 pages)
[113219.431776] NVMeVirt: GC victim policy: cat-fig7 k=7 scale_pct=200 age_ratio=7
[113219.438246] NVMeVirt: [chmodel_init] bandwidth 800 max_credits 26 tx_time 152
[113219.444675] NVMeVirt: [chmodel_init] bandwidth 800 max_credits 26 tx_time 152
[113219.444691] NVMeVirt: [chmodel_init] bandwidth 3360 max_credits 110 tx_time 36
[113219.445972] NVMeVirt: Init FTL instance with 2 channels (524288 pages)
[113219.445973] NVMeVirt: GC victim policy: cat-fig7 k=7 scale_pct=200 age_ratio=7
[113219.452422] NVMeVirt: [chmodel_init] bandwidth 800 max_credits 26 tx_time 152
[113219.458851] NVMeVirt: [chmodel_init] bandwidth 800 max_credits 26 tx_time 152
[113219.458867] NVMeVirt: [chmodel_init] bandwidth 3360 max_credits 110 tx_time 36
[113219.460125] NVMeVirt: Init FTL instance with 2 channels (524288 pages)
[113219.460126] NVMeVirt: GC victim policy: cat-fig7 k=7 scale_pct=200 age_ratio=7
[113219.460130] NVMeVirt: FTL physical space: 8588886016, logical space: 8026996276 (physical/logical * 100 = 107)
[113219.460131] NVMeVirt: ns 0/1: size 7655 MiB
[113219.460174] PCI host bridge to bus 0001:10
[113219.460176] pci_bus 0001:10: root bus resource [io  0x0000-0xffff]
[113219.460179] pci_bus 0001:10: root bus resource [mem 0x00000000-0x3fffffffffff]
[113219.460181] pci_bus 0001:10: root bus resource [bus 00-ff]
[113219.460188] pci 0001:10:00.0: [0c51:0110] type 00 class 0x010802 PCIe Endpoint
[113219.460191] pci 0001:10:00.0: BAR 0 [mem 0x100000000-0x100003fff 64bit]
[113219.460194] pci 0001:10:00.0: enabling Extended Tags
[113219.460327] NVMeVirt: Virtual PCI bus created (node 0)
[113219.460893] NVMeVirt: nvmev_dispatcher started on cpu 1 (node 0)
[113219.460940] NVMeVirt: nvmev_io_worker_0 started on cpu 2 (node 0)
[113219.461082] nvme nvme1: pci function 0001:10:00.0
[113219.464292] nvme nvme1: 20/0/0 default/read/poll queues
[113219.468410] NVMeVirt: Virtual NVMe device created
[113220.531057] EXT4-fs (nvme1n1): mounted filesystem 2933c0ea-521e-42aa-8503-0c7b8b823240 r/w with ordered data mode. Quota mode: none.
[113220.562980] iCAT_SQLITE_LOAD_START run=20260830-050536-73877
[113298.758728] iCAT_SQLITE_LOAD_END run=20260830-050536-73877
[113299.162201] sh (74001): drop_caches: 3
[113299.196285] iCAT_SQLITE_RUN_START run=20260830-050536-73877
[113302.806979] sh (74003): drop_caches: 3
[113306.855288] sh (74003): drop_caches: 3
[113310.902261] sh (74003): drop_caches: 3
[113314.950750] sh (74003): drop_caches: 3
[113318.992854] sh (74003): drop_caches: 3
[113323.044254] sh (74003): drop_caches: 3
[113327.094840] sh (74003): drop_caches: 3
[113331.145004] sh (74003): drop_caches: 3
[113335.194355] sh (74003): drop_caches: 3
[113339.243445] sh (74003): drop_caches: 3
[113343.296979] sh (74003): drop_caches: 3
[113347.348177] sh (74003): drop_caches: 3
[113351.396760] sh (74003): drop_caches: 3
[113355.446718] sh (74003): drop_caches: 3
[113359.496287] sh (74003): drop_caches: 3
[113363.540229] sh (74003): drop_caches: 3
[113367.588780] sh (74003): drop_caches: 3
[113371.638749] sh (74003): drop_caches: 3
[113375.688205] sh (74003): drop_caches: 3
[113379.732292] sh (74003): drop_caches: 3
[113383.782486] sh (74003): drop_caches: 3
[113387.832602] sh (74003): drop_caches: 3
[113391.882480] sh (74003): drop_caches: 3
[113395.933687] sh (74003): drop_caches: 3
[113399.983330] sh (74003): drop_caches: 3
[113404.033238] sh (74003): drop_caches: 3
[113408.083421] sh (74003): drop_caches: 3
[113412.131660] sh (74003): drop_caches: 3
[113416.183665] sh (74003): drop_caches: 3
[113420.233743] sh (74003): drop_caches: 3
[113424.281543] sh (74003): drop_caches: 3
[113428.330686] sh (74003): drop_caches: 3
[113432.380541] sh (74003): drop_caches: 3
[113436.427872] sh (74003): drop_caches: 3
[113440.475644] sh (74003): drop_caches: 3
[113444.526020] sh (74003): drop_caches: 3
[113448.575513] sh (74003): drop_caches: 3
[113452.616434] sh (74003): drop_caches: 3
[113456.660404] sh (74003): drop_caches: 3
[113460.707483] sh (74003): drop_caches: 3
[113464.755477] sh (74003): drop_caches: 3
[113468.803597] sh (74003): drop_caches: 3
[113472.849155] sh (74003): drop_caches: 3
[113476.898727] sh (74003): drop_caches: 3
[113480.941732] sh (74003): drop_caches: 3
[113484.989213] sh (74003): drop_caches: 3
[113489.039419] sh (74003): drop_caches: 3
[113493.088205] sh (74003): drop_caches: 3
[113497.134620] sh (74003): drop_caches: 3
[113501.182961] sh (74003): drop_caches: 3
[113505.235644] sh (74003): drop_caches: 3
[113509.283827] sh (74003): drop_caches: 3
[113513.330320] sh (74003): drop_caches: 3
[113517.378781] sh (74003): drop_caches: 3
[113521.429708] sh (74003): drop_caches: 3
[113525.477759] sh (74003): drop_caches: 3
[113529.527881] sh (74003): drop_caches: 3
[113533.575837] sh (74003): drop_caches: 3
[113537.628001] sh (74003): drop_caches: 3
[113541.668649] sh (74003): drop_caches: 3
[113545.715884] sh (74003): drop_caches: 3
[113549.762524] sh (74003): drop_caches: 3
[113553.802479] sh (74003): drop_caches: 3
[113557.852114] sh (74003): drop_caches: 3
[113561.901764] sh (74003): drop_caches: 3
[113565.952774] sh (74003): drop_caches: 3
[113569.994181] sh (74003): drop_caches: 3
[113574.044744] sh (74003): drop_caches: 3
[113578.095187] sh (74003): drop_caches: 3
[113582.144375] sh (74003): drop_caches: 3
[113586.186038] sh (74003): drop_caches: 3
[113590.234113] sh (74003): drop_caches: 3
[113594.283102] sh (74003): drop_caches: 3
[113598.331935] sh (74003): drop_caches: 3
[113602.382413] sh (74003): drop_caches: 3
[113606.432582] sh (74003): drop_caches: 3
[113610.480719] sh (74003): drop_caches: 3
[113614.528257] sh (74003): drop_caches: 3
[113618.576254] sh (74003): drop_caches: 3
[113622.625652] sh (74003): drop_caches: 3
[113626.674800] sh (74003): drop_caches: 3
[113630.723969] sh (74003): drop_caches: 3
[113634.767233] sh (74003): drop_caches: 3
[113638.817341] sh (74003): drop_caches: 3
[113642.866057] sh (74003): drop_caches: 3
[113646.915796] sh (74003): drop_caches: 3
[113650.964074] sh (74003): drop_caches: 3
[113655.006337] sh (74003): drop_caches: 3
[113659.052339] sh (74003): drop_caches: 3
[113663.099740] sh (74003): drop_caches: 3
[113667.146960] sh (74003): drop_caches: 3
[113671.187561] sh (74003): drop_caches: 3
[113675.234315] sh (74003): drop_caches: 3
[113679.282554] sh (74003): drop_caches: 3
[113683.334400] sh (74003): drop_caches: 3
[113687.383399] sh (74003): drop_caches: 3
[113691.430234] sh (74003): drop_caches: 3
[113695.479484] sh (74003): drop_caches: 3
[113699.527061] sh (74003): drop_caches: 3
[113703.575475] sh (74003): drop_caches: 3
[113707.625302] sh (74003): drop_caches: 3
[113711.673780] sh (74003): drop_caches: 3
[113715.721698] sh (74003): drop_caches: 3
[113719.771859] sh (74003): drop_caches: 3
[113723.821091] sh (74003): drop_caches: 3
[113727.865720] sh (74003): drop_caches: 3
[113731.917949] sh (74003): drop_caches: 3
[113735.966754] sh (74003): drop_caches: 3
[113740.016286] sh (74003): drop_caches: 3
[113744.065477] sh (74003): drop_caches: 3
[113748.114757] sh (74003): drop_caches: 3
[113752.163591] sh (74003): drop_caches: 3
[113756.212876] sh (74003): drop_caches: 3
[113760.259980] sh (74003): drop_caches: 3
[113764.312790] sh (74003): drop_caches: 3
[113768.365682] sh (74003): drop_caches: 3
[113772.412682] sh (74003): drop_caches: 3
[113776.461956] sh (74003): drop_caches: 3
[113780.508814] sh (74003): drop_caches: 3
[113784.561130] sh (74003): drop_caches: 3
[113788.607446] sh (74003): drop_caches: 3
[113792.657520] sh (74003): drop_caches: 3
[113796.710435] sh (74003): drop_caches: 3
[113800.758622] sh (74003): drop_caches: 3
[113804.807441] sh (74003): drop_caches: 3
[113808.857220] sh (74003): drop_caches: 3
[113812.906878] sh (74003): drop_caches: 3
[113816.948597] sh (74003): drop_caches: 3
[113820.997813] sh (74003): drop_caches: 3
[113825.047038] sh (74003): drop_caches: 3
[113829.095049] sh (74003): drop_caches: 3
[113833.144168] sh (74003): drop_caches: 3
[113837.190999] sh (74003): drop_caches: 3
[113841.241344] sh (74003): drop_caches: 3
[113845.290810] sh (74003): drop_caches: 3
[113849.337966] sh (74003): drop_caches: 3
[113853.387353] sh (74003): drop_caches: 3
[113857.435165] sh (74003): drop_caches: 3
[113861.477318] sh (74003): drop_caches: 3
[113865.525004] sh (74003): drop_caches: 3
[113869.572394] sh (74003): drop_caches: 3
[113873.621920] sh (74003): drop_caches: 3
[113877.671272] sh (74003): drop_caches: 3
[113881.720081] sh (74003): drop_caches: 3
[113885.767459] sh (74003): drop_caches: 3
[113889.815817] sh (74003): drop_caches: 3
[113893.865284] sh (74003): drop_caches: 3
[113897.914718] sh (74003): drop_caches: 3
[113901.956679] sh (74003): drop_caches: 3
[113905.999101] sh (74003): drop_caches: 3
[113910.049078] sh (74003): drop_caches: 3
[113914.095598] sh (74003): drop_caches: 3
[113918.136064] sh (74003): drop_caches: 3
[113922.179164] sh (74003): drop_caches: 3
[113926.227705] sh (74003): drop_caches: 3
[113930.275385] sh (74003): drop_caches: 3
[113934.324398] sh (74003): drop_caches: 3
[113938.374078] sh (74003): drop_caches: 3
[113942.422500] sh (74003): drop_caches: 3
[113946.471359] sh (74003): drop_caches: 3
[113950.520426] sh (74003): drop_caches: 3
[113954.567421] sh (74003): drop_caches: 3
[113958.616083] sh (74003): drop_caches: 3
[113962.662337] sh (74003): drop_caches: 3
[113966.707752] sh (74003): drop_caches: 3
[113970.754348] sh (74003): drop_caches: 3
[113974.805264] sh (74003): drop_caches: 3
[113978.855312] sh (74003): drop_caches: 3
[113982.901844] sh (74003): drop_caches: 3
[113986.950458] sh (74003): drop_caches: 3
[113990.991512] sh (74003): drop_caches: 3
[113995.042295] sh (74003): drop_caches: 3
[113999.085672] sh (74003): drop_caches: 3
[114003.136288] sh (74003): drop_caches: 3
[114007.185265] sh (74003): drop_caches: 3
[114011.232815] sh (74003): drop_caches: 3
[114015.279769] sh (74003): drop_caches: 3
[114019.327505] sh (74003): drop_caches: 3
[114023.376446] sh (74003): drop_caches: 3
[114027.425274] sh (74003): drop_caches: 3
[114031.473636] sh (74003): drop_caches: 3
[114035.520446] sh (74003): drop_caches: 3
[114039.571088] sh (74003): drop_caches: 3
[114043.620066] sh (74003): drop_caches: 3
[114047.669298] sh (74003): drop_caches: 3
[114051.719852] sh (74003): drop_caches: 3
[114055.768964] sh (74003): drop_caches: 3
[114059.821433] sh (74003): drop_caches: 3
[114063.869970] sh (74003): drop_caches: 3
[114067.917230] sh (74003): drop_caches: 3
[114071.967008] sh (74003): drop_caches: 3
[114076.016243] sh (74003): drop_caches: 3
[114080.065331] sh (74003): drop_caches: 3
[114084.113416] sh (74003): drop_caches: 3
[114088.154754] sh (74003): drop_caches: 3
[114092.202275] sh (74003): drop_caches: 3
[114096.251638] sh (74003): drop_caches: 3
[114100.298060] sh (74003): drop_caches: 3
[114104.347717] sh (74003): drop_caches: 3
[114108.396464] sh (74003): drop_caches: 3
[114112.446863] sh (74003): drop_caches: 3
[114116.493996] sh (74003): drop_caches: 3
[114120.540275] sh (74003): drop_caches: 3
[114124.589064] sh (74003): drop_caches: 3
[114128.638100] sh (74003): drop_caches: 3
[114132.684843] sh (74003): drop_caches: 3
[114136.733368] sh (74003): drop_caches: 3
[114140.779629] sh (74003): drop_caches: 3
[114144.826544] sh (74003): drop_caches: 3
[114148.873239] sh (74003): drop_caches: 3
[114152.914644] sh (74003): drop_caches: 3
[114156.955061] sh (74003): drop_caches: 3
[114161.002748] sh (74003): drop_caches: 3
[114165.048948] sh (74003): drop_caches: 3
[114169.096300] sh (74003): drop_caches: 3
[114173.143707] sh (74003): drop_caches: 3
[114177.190943] sh (74003): drop_caches: 3
[114181.239378] sh (74003): drop_caches: 3
[114185.286234] sh (74003): drop_caches: 3
[114189.335336] sh (74003): drop_caches: 3
[114193.381863] sh (74003): drop_caches: 3
[114197.433153] sh (74003): drop_caches: 3
[114201.480418] sh (74003): drop_caches: 3
[114205.527401] sh (74003): drop_caches: 3
[114209.572784] sh (74003): drop_caches: 3
[114213.620716] sh (74003): drop_caches: 3
[114217.668548] sh (74003): drop_caches: 3
[114221.717196] sh (74003): drop_caches: 3
[114225.765561] sh (74003): drop_caches: 3
[114229.815420] sh (74003): drop_caches: 3
[114233.865058] sh (74003): drop_caches: 3
[114237.911063] sh (74003): drop_caches: 3
[114241.957550] sh (74003): drop_caches: 3
[114245.998099] sh (74003): drop_caches: 3
[114250.047009] sh (74003): drop_caches: 3
[114254.094807] sh (74003): drop_caches: 3
[114258.134434] sh (74003): drop_caches: 3
[114262.177770] sh (74003): drop_caches: 3
[114266.226695] sh (74003): drop_caches: 3
[114270.274983] sh (74003): drop_caches: 3
[114274.321467] sh (74003): drop_caches: 3
[114278.369714] sh (74003): drop_caches: 3
[114282.418784] sh (74003): drop_caches: 3
[114286.466020] sh (74003): drop_caches: 3
[114290.514814] sh (74003): drop_caches: 3
[114294.562239] sh (74003): drop_caches: 3
[114298.611056] sh (74003): drop_caches: 3
[114302.660826] sh (74003): drop_caches: 3
[114306.706803] sh (74003): drop_caches: 3
[114310.754850] sh (74003): drop_caches: 3
[114314.800608] sh (74003): drop_caches: 3
[114318.866792] sh (74003): drop_caches: 3
[114322.915898] sh (74003): drop_caches: 3
[114326.956592] sh (74003): drop_caches: 3
[114330.999367] sh (74003): drop_caches: 3
[114335.046651] sh (74003): drop_caches: 3
[114339.092995] sh (74003): drop_caches: 3
[114343.139656] sh (74003): drop_caches: 3
[114347.185715] sh (74003): drop_caches: 3
[114351.234427] sh (74003): drop_caches: 3
[114355.286054] sh (74003): drop_caches: 3
[114359.333791] sh (74003): drop_caches: 3
[114363.382820] sh (74003): drop_caches: 3
[114367.431158] sh (74003): drop_caches: 3
[114371.479642] sh (74003): drop_caches: 3
[114375.528486] sh (74003): drop_caches: 3
[114379.580599] sh (74003): drop_caches: 3
[114383.628845] sh (74003): drop_caches: 3
[114387.675620] sh (74003): drop_caches: 3
[114391.724182] sh (74003): drop_caches: 3
[114395.770871] sh (74003): drop_caches: 3
[114399.821088] sh (74003): drop_caches: 3
[114403.869144] sh (74003): drop_caches: 3
[114407.915420] sh (74003): drop_caches: 3
[114411.961018] sh (74003): drop_caches: 3
[114416.009059] sh (74003): drop_caches: 3
[114420.057472] sh (74003): drop_caches: 3
[114424.106783] sh (74003): drop_caches: 3
[114428.153161] sh (74003): drop_caches: 3
[114432.202775] sh (74003): drop_caches: 3
[114436.256119] sh (74003): drop_caches: 3
[114440.301667] sh (74003): drop_caches: 3
[114444.345022] sh (74003): drop_caches: 3
[114448.392012] sh (74003): drop_caches: 3
[114452.438644] sh (74003): drop_caches: 3
[114456.484523] sh (74003): drop_caches: 3
[114460.530931] sh (74003): drop_caches: 3
[114464.575079] sh (74003): drop_caches: 3
[114468.621407] sh (74003): drop_caches: 3
[114472.671190] sh (74003): drop_caches: 3
[114476.716561] sh (74003): drop_caches: 3
[114480.762368] sh (74003): drop_caches: 3
[114484.811292] sh (74003): drop_caches: 3
[114488.856411] sh (74003): drop_caches: 3
[114492.899882] sh (74003): drop_caches: 3
[114496.940688] sh (74003): drop_caches: 3
[114500.980126] sh (74003): drop_caches: 3
[114505.023654] sh (74003): drop_caches: 3
[114509.071505] sh (74003): drop_caches: 3
[114513.117937] sh (74003): drop_caches: 3
[114517.163690] sh (74003): drop_caches: 3
[114521.210157] sh (74003): drop_caches: 3
[114525.256435] sh (74003): drop_caches: 3
[114529.302023] sh (74003): drop_caches: 3
[114533.345819] sh (74003): drop_caches: 3
[114537.393283] sh (74003): drop_caches: 3
[114541.439930] sh (74003): drop_caches: 3
[114545.485554] sh (74003): drop_caches: 3
[114549.531116] sh (74003): drop_caches: 3
[114553.575075] sh (74003): drop_caches: 3
[114557.619631] sh (74003): drop_caches: 3
[114561.663202] sh (74003): drop_caches: 3
[114565.709366] sh (74003): drop_caches: 3
[114569.754921] sh (74003): drop_caches: 3
[114573.799234] sh (74003): drop_caches: 3
[114577.838492] sh (74003): drop_caches: 3
[114581.884034] sh (74003): drop_caches: 3
[114585.926973] sh (74003): drop_caches: 3
[114589.967072] sh (74003): drop_caches: 3
[114594.007480] sh (74003): drop_caches: 3
[114598.051950] sh (74003): drop_caches: 3
[114602.101651] sh (74003): drop_caches: 3
[114606.143792] sh (74003): drop_caches: 3
[114610.183874] sh (74003): drop_caches: 3
[114614.229710] sh (74003): drop_caches: 3
[114618.275905] sh (74003): drop_caches: 3
[114622.322495] sh (74003): drop_caches: 3
[114626.368863] sh (74003): drop_caches: 3
[114630.415762] sh (74003): drop_caches: 3
[114634.458543] sh (74003): drop_caches: 3
[114638.503463] sh (74003): drop_caches: 3
[114642.551270] sh (74003): drop_caches: 3
[114646.594623] sh (74003): drop_caches: 3
[114650.641230] sh (74003): drop_caches: 3
[114654.681722] sh (74003): drop_caches: 3
[114658.728022] sh (74003): drop_caches: 3
[114662.772461] sh (74003): drop_caches: 3
[114666.816863] sh (74003): drop_caches: 3
[114670.865664] sh (74003): drop_caches: 3
[114674.913668] sh (74003): drop_caches: 3
[114678.959478] sh (74003): drop_caches: 3
[114682.999001] sh (74003): drop_caches: 3
[114687.045264] sh (74003): drop_caches: 3
[114691.091226] sh (74003): drop_caches: 3
[114695.133644] sh (74003): drop_caches: 3
[114699.179397] sh (74003): drop_caches: 3
[114703.224451] sh (74003): drop_caches: 3
[114707.268355] sh (74003): drop_caches: 3
[114711.311938] sh (74003): drop_caches: 3
[114715.358435] sh (74003): drop_caches: 3
[114719.402553] sh (74003): drop_caches: 3
[114723.439754] sh (74003): drop_caches: 3
[114727.485305] sh (74003): drop_caches: 3
[114731.530040] sh (74003): drop_caches: 3
[114735.575957] sh (74003): drop_caches: 3
[114739.622628] sh (74003): drop_caches: 3
[114743.668831] sh (74003): drop_caches: 3
[114747.715414] sh (74003): drop_caches: 3
[114751.757291] sh (74003): drop_caches: 3
[114755.804115] sh (74003): drop_caches: 3
[114759.847446] sh (74003): drop_caches: 3
[114763.891678] sh (74003): drop_caches: 3
[114767.934902] sh (74003): drop_caches: 3
[114771.980148] sh (74003): drop_caches: 3
[114776.026400] sh (74003): drop_caches: 3
[114780.072976] sh (74003): drop_caches: 3
[114784.118011] sh (74003): drop_caches: 3
[114788.160711] sh (74003): drop_caches: 3
[114792.204832] sh (74003): drop_caches: 3
[114796.246407] sh (74003): drop_caches: 3
[114796.295381] iCAT_SQLITE_RUN_END run=20260830-050536-73877
[114796.315236] EXT4-fs (nvme1n1): unmounting filesystem 2933c0ea-521e-42aa-8503-0c7b8b823240.
[114796.382080] pci_bus 0001:10: busn_res: [bus 10-ff] is released
[114796.382119] NVMeVirt: GC stats: policy=cat-fig7 host_pages=32393804 gc_pages=13858505 gc_count=722686 WAF=1.427 k=7 scale_pct=200 age_ratio=7
[114796.457178] NVMeVirt: Virtual NVMe device closed
