[108525.780372] NVMeVirt: Version 1.10 for >> Samsung 970 Pro SSD <<
[108525.780381] NVMeVirt: Storage: 0x100100000-0x300000000 (8191 MiB)
[108525.787797] NVMeVirt: Total Capacity(GiB,MiB)=2,2048 chs=2 luns=4 lines=8192 blk-size(MiB,KiB)=0,64 line-size(MiB,KiB)=0,256
[108525.801853] NVMeVirt: [chmodel_init] bandwidth 800 max_credits 26 tx_time 152
[108525.809479] NVMeVirt: [chmodel_init] bandwidth 800 max_credits 26 tx_time 152
[108525.809493] NVMeVirt: [chmodel_init] bandwidth 3360 max_credits 110 tx_time 36
[108525.810761] NVMeVirt: pqueue: Copyright (c) 2014, Volkan Yazıcı <volkan.yazici@gmail.com>. All rights reserved.
[108525.810798] NVMeVirt: Init FTL instance with 2 channels (524288 pages)
[108525.810799] NVMeVirt: GC victim policy: cat-fig7 k=7 scale_pct=100 age_ratio=7
[108525.817438] NVMeVirt: [chmodel_init] bandwidth 800 max_credits 26 tx_time 152
[108525.823946] NVMeVirt: [chmodel_init] bandwidth 800 max_credits 26 tx_time 152
[108525.823960] NVMeVirt: [chmodel_init] bandwidth 3360 max_credits 110 tx_time 36
[108525.825200] NVMeVirt: Init FTL instance with 2 channels (524288 pages)
[108525.825201] NVMeVirt: GC victim policy: cat-fig7 k=7 scale_pct=100 age_ratio=7
[108525.831627] NVMeVirt: [chmodel_init] bandwidth 800 max_credits 26 tx_time 152
[108525.838071] NVMeVirt: [chmodel_init] bandwidth 800 max_credits 26 tx_time 152
[108525.838085] NVMeVirt: [chmodel_init] bandwidth 3360 max_credits 110 tx_time 36
[108525.839335] NVMeVirt: Init FTL instance with 2 channels (524288 pages)
[108525.839336] NVMeVirt: GC victim policy: cat-fig7 k=7 scale_pct=100 age_ratio=7
[108525.845825] NVMeVirt: [chmodel_init] bandwidth 800 max_credits 26 tx_time 152
[108525.852260] NVMeVirt: [chmodel_init] bandwidth 800 max_credits 26 tx_time 152
[108525.852275] NVMeVirt: [chmodel_init] bandwidth 3360 max_credits 110 tx_time 36
[108525.853526] NVMeVirt: Init FTL instance with 2 channels (524288 pages)
[108525.853527] NVMeVirt: GC victim policy: cat-fig7 k=7 scale_pct=100 age_ratio=7
[108525.853530] NVMeVirt: FTL physical space: 8588886016, logical space: 8026996276 (physical/logical * 100 = 107)
[108525.853531] NVMeVirt: ns 0/1: size 7655 MiB
[108525.853572] PCI host bridge to bus 0001:10
[108525.853574] pci_bus 0001:10: root bus resource [io  0x0000-0xffff]
[108525.853576] pci_bus 0001:10: root bus resource [mem 0x00000000-0x3fffffffffff]
[108525.853577] pci_bus 0001:10: root bus resource [bus 00-ff]
[108525.853583] pci 0001:10:00.0: [0c51:0110] type 00 class 0x010802 PCIe Endpoint
[108525.853586] pci 0001:10:00.0: BAR 0 [mem 0x100000000-0x100003fff 64bit]
[108525.853588] pci 0001:10:00.0: enabling Extended Tags
[108525.853697] NVMeVirt: Virtual PCI bus created (node 0)
[108525.854241] NVMeVirt: nvmev_io_worker_0 started on cpu 2 (node 0)
[108525.854446] NVMeVirt: nvmev_dispatcher started on cpu 1 (node 0)
[108525.854621] nvme nvme1: pci function 0001:10:00.0
[108525.859115] nvme nvme1: 20/0/0 default/read/poll queues
[108525.862099] NVMeVirt: Virtual NVMe device created
[108526.925663] EXT4-fs (nvme1n1): mounted filesystem c8af6938-8fed-4e59-89e5-0547b8808ce2 r/w with ordered data mode. Quota mode: none.
[108526.956113] iCAT_SQLITE_LOAD_START run=20260830-034722-72004
[108605.988096] iCAT_SQLITE_LOAD_END run=20260830-034722-72004
[108606.377115] sh (72134): drop_caches: 3
[108606.406636] iCAT_SQLITE_RUN_START run=20260830-034722-72004
[108610.031685] sh (72133): drop_caches: 3
[108614.081451] sh (72133): drop_caches: 3
[108618.131750] sh (72133): drop_caches: 3
[108622.182134] sh (72133): drop_caches: 3
[108626.227568] sh (72133): drop_caches: 3
[108630.277617] sh (72133): drop_caches: 3
[108634.325143] sh (72133): drop_caches: 3
[108638.372233] sh (72133): drop_caches: 3
[108642.421495] sh (72133): drop_caches: 3
[108646.470975] sh (72133): drop_caches: 3
[108650.520266] sh (72133): drop_caches: 3
[108654.569723] sh (72133): drop_caches: 3
[108658.611871] sh (72133): drop_caches: 3
[108662.660829] sh (72133): drop_caches: 3
[108666.714861] sh (72133): drop_caches: 3
[108670.763614] sh (72133): drop_caches: 3
[108674.811056] sh (72133): drop_caches: 3
[108678.862081] sh (72133): drop_caches: 3
[108682.911920] sh (72133): drop_caches: 3
[108686.961844] sh (72133): drop_caches: 3
[108691.010379] sh (72133): drop_caches: 3
[108695.053124] sh (72133): drop_caches: 3
[108699.103299] sh (72133): drop_caches: 3
[108703.145575] sh (72133): drop_caches: 3
[108707.195917] sh (72133): drop_caches: 3
[108711.243577] sh (72133): drop_caches: 3
[108715.294501] sh (72133): drop_caches: 3
[108719.344475] sh (72133): drop_caches: 3
[108723.391689] sh (72133): drop_caches: 3
[108727.439498] sh (72133): drop_caches: 3
[108731.489784] sh (72133): drop_caches: 3
[108735.539856] sh (72133): drop_caches: 3
[108739.588858] sh (72133): drop_caches: 3
[108743.637772] sh (72133): drop_caches: 3
[108747.685074] sh (72133): drop_caches: 3
[108751.736605] sh (72133): drop_caches: 3
[108755.787841] sh (72133): drop_caches: 3
[108759.838018] sh (72133): drop_caches: 3
[108763.885983] sh (72133): drop_caches: 3
[108767.936066] sh (72133): drop_caches: 3
[108771.985374] sh (72133): drop_caches: 3
[108776.035785] sh (72133): drop_caches: 3
[108780.082587] sh (72133): drop_caches: 3
[108784.126885] sh (72133): drop_caches: 3
[108788.177121] sh (72133): drop_caches: 3
[108792.226639] sh (72133): drop_caches: 3
[108796.278607] sh (72133): drop_caches: 3
[108800.327455] sh (72133): drop_caches: 3
[108804.378043] sh (72133): drop_caches: 3
[108808.426443] sh (72133): drop_caches: 3
[108812.475449] sh (72133): drop_caches: 3
[108816.524821] sh (72133): drop_caches: 3
[108820.573523] sh (72133): drop_caches: 3
[108824.622714] sh (72133): drop_caches: 3
[108828.670891] sh (72133): drop_caches: 3
[108832.718782] sh (72133): drop_caches: 3
[108836.767588] sh (72133): drop_caches: 3
[108840.812954] sh (72133): drop_caches: 3
[108844.862473] sh (72133): drop_caches: 3
[108848.907961] sh (72133): drop_caches: 3
[108852.959510] sh (72133): drop_caches: 3
[108857.001896] sh (72133): drop_caches: 3
[108861.053077] sh (72133): drop_caches: 3
[108865.100935] sh (72133): drop_caches: 3
[108869.149209] sh (72133): drop_caches: 3
[108873.199750] sh (72133): drop_caches: 3
[108877.240735] sh (72133): drop_caches: 3
[108881.287833] sh (72133): drop_caches: 3
[108885.340423] sh (72133): drop_caches: 3
[108889.389529] sh (72133): drop_caches: 3
[108893.438799] sh (72133): drop_caches: 3
[108897.488681] sh (72133): drop_caches: 3
[108901.538025] sh (72133): drop_caches: 3
[108905.588568] sh (72133): drop_caches: 3
[108909.635094] sh (72133): drop_caches: 3
[108913.684610] sh (72133): drop_caches: 3
[108917.733440] sh (72133): drop_caches: 3
[108921.782036] sh (72133): drop_caches: 3
[108925.831944] sh (72133): drop_caches: 3
[108929.879139] sh (72133): drop_caches: 3
[108933.928134] sh (72133): drop_caches: 3
[108937.977193] sh (72133): drop_caches: 3
[108942.019780] sh (72133): drop_caches: 3
[108946.066632] sh (72133): drop_caches: 3
[108950.117015] sh (72133): drop_caches: 3
[108954.170516] sh (72133): drop_caches: 3
[108958.216597] sh (72133): drop_caches: 3
[108962.264666] sh (72133): drop_caches: 3
[108966.314908] sh (72133): drop_caches: 3
[108970.364822] sh (72133): drop_caches: 3
[108974.414647] sh (72133): drop_caches: 3
[108978.461443] sh (72133): drop_caches: 3
[108982.512842] sh (72133): drop_caches: 3
[108986.562619] sh (72133): drop_caches: 3
[108990.608583] sh (72133): drop_caches: 3
[108994.656014] sh (72133): drop_caches: 3
[108998.709131] sh (72133): drop_caches: 3
[109002.758067] sh (72133): drop_caches: 3
[109006.806181] sh (72133): drop_caches: 3
[109010.854231] sh (72133): drop_caches: 3
[109014.902014] sh (72133): drop_caches: 3
[109018.951091] sh (72133): drop_caches: 3
[109022.997194] sh (72133): drop_caches: 3
[109027.039075] sh (72133): drop_caches: 3
[109031.088612] sh (72133): drop_caches: 3
[109035.137762] sh (72133): drop_caches: 3
[109039.179068] sh (72133): drop_caches: 3
[109043.227037] sh (72133): drop_caches: 3
[109047.273636] sh (72133): drop_caches: 3
[109051.323920] sh (72133): drop_caches: 3
[109055.370573] sh (72133): drop_caches: 3
[109059.418530] sh (72133): drop_caches: 3
[109063.470467] sh (72133): drop_caches: 3
[109067.517555] sh (72133): drop_caches: 3
[109071.564595] sh (72133): drop_caches: 3
[109075.611893] sh (72133): drop_caches: 3
[109079.660770] sh (72133): drop_caches: 3
[109083.712562] sh (72133): drop_caches: 3
[109087.760836] sh (72133): drop_caches: 3
[109091.810146] sh (72133): drop_caches: 3
[109095.858158] sh (72133): drop_caches: 3
[109099.907227] sh (72133): drop_caches: 3
[109103.956791] sh (72133): drop_caches: 3
[109108.006200] sh (72133): drop_caches: 3
[109112.054486] sh (72133): drop_caches: 3
[109116.101311] sh (72133): drop_caches: 3
[109120.151676] sh (72133): drop_caches: 3
[109124.198940] sh (72133): drop_caches: 3
[109128.247605] sh (72133): drop_caches: 3
[109132.298099] sh (72133): drop_caches: 3
[109136.346919] sh (72133): drop_caches: 3
[109140.397871] sh (72133): drop_caches: 3
[109144.438492] sh (72133): drop_caches: 3
[109148.488451] sh (72133): drop_caches: 3
[109152.532663] sh (72133): drop_caches: 3
[109156.579336] sh (72133): drop_caches: 3
[109160.629257] sh (72133): drop_caches: 3
[109164.676453] sh (72133): drop_caches: 3
[109168.719841] sh (72133): drop_caches: 3
[109172.770296] sh (72133): drop_caches: 3
[109176.820545] sh (72133): drop_caches: 3
[109180.870843] sh (72133): drop_caches: 3
[109184.919219] sh (72133): drop_caches: 3
[109188.967901] sh (72133): drop_caches: 3
[109193.020463] sh (72133): drop_caches: 3
[109197.067240] sh (72133): drop_caches: 3
[109201.121225] sh (72133): drop_caches: 3
[109205.171810] sh (72133): drop_caches: 3
[109209.219576] sh (72133): drop_caches: 3
[109213.271035] sh (72133): drop_caches: 3
[109217.321154] sh (72133): drop_caches: 3
[109221.372391] sh (72133): drop_caches: 3
[109225.419172] sh (72133): drop_caches: 3
[109229.461455] sh (72133): drop_caches: 3
[109233.504350] sh (72133): drop_caches: 3
[109237.553566] sh (72133): drop_caches: 3
[109241.600864] sh (72133): drop_caches: 3
[109245.651285] sh (72133): drop_caches: 3
[109249.703118] sh (72133): drop_caches: 3
[109253.751130] sh (72133): drop_caches: 3
[109257.804902] sh (72133): drop_caches: 3
[109261.853870] sh (72133): drop_caches: 3
[109265.900327] sh (72133): drop_caches: 3
[109269.947421] sh (72133): drop_caches: 3
[109273.999227] sh (72133): drop_caches: 3
[109278.044377] sh (72133): drop_caches: 3
[109282.091141] sh (72133): drop_caches: 3
[109286.138080] sh (72133): drop_caches: 3
[109290.179996] sh (72133): drop_caches: 3
[109294.224577] sh (72133): drop_caches: 3
[109298.276702] sh (72133): drop_caches: 3
[109302.324566] sh (72133): drop_caches: 3
[109306.369233] sh (72133): drop_caches: 3
[109310.421458] sh (72133): drop_caches: 3
[109314.472312] sh (72133): drop_caches: 3
[109318.525964] sh (72133): drop_caches: 3
[109322.576222] sh (72133): drop_caches: 3
[109326.621145] sh (72133): drop_caches: 3
[109330.663421] sh (72133): drop_caches: 3
[109334.706760] sh (72133): drop_caches: 3
[109338.756066] sh (72133): drop_caches: 3
[109342.805699] sh (72133): drop_caches: 3
[109346.856389] sh (72133): drop_caches: 3
[109350.906013] sh (72133): drop_caches: 3
[109354.954879] sh (72133): drop_caches: 3
[109359.004722] sh (72133): drop_caches: 3
[109363.047224] sh (72133): drop_caches: 3
[109367.097208] sh (72133): drop_caches: 3
[109371.137091] sh (72133): drop_caches: 3
[109375.189092] sh (72133): drop_caches: 3
[109379.242127] sh (72133): drop_caches: 3
[109383.292489] sh (72133): drop_caches: 3
[109387.342195] sh (72133): drop_caches: 3
[109391.390977] sh (72133): drop_caches: 3
[109395.439220] sh (72133): drop_caches: 3
[109399.488316] sh (72133): drop_caches: 3
[109403.538205] sh (72133): drop_caches: 3
[109407.581893] sh (72133): drop_caches: 3
[109411.631037] sh (72133): drop_caches: 3
[109415.680609] sh (72133): drop_caches: 3
[109419.731712] sh (72133): drop_caches: 3
[109423.778671] sh (72133): drop_caches: 3
[109427.829105] sh (72133): drop_caches: 3
[109431.877467] sh (72133): drop_caches: 3
[109435.926250] sh (72133): drop_caches: 3
[109439.972560] sh (72133): drop_caches: 3
[109444.021587] sh (72133): drop_caches: 3
[109448.070989] sh (72133): drop_caches: 3
[109452.123595] sh (72133): drop_caches: 3
[109456.171230] sh (72133): drop_caches: 3
[109460.218140] sh (72133): drop_caches: 3
[109464.266837] sh (72133): drop_caches: 3
[109468.315782] sh (72133): drop_caches: 3
[109472.362752] sh (72133): drop_caches: 3
[109476.409835] sh (72133): drop_caches: 3
[109480.460872] sh (72133): drop_caches: 3
[109484.509751] sh (72133): drop_caches: 3
[109488.559701] sh (72133): drop_caches: 3
[109492.608665] sh (72133): drop_caches: 3
[109496.652400] sh (72133): drop_caches: 3
[109500.694547] sh (72133): drop_caches: 3
[109504.742124] sh (72133): drop_caches: 3
[109508.790331] sh (72133): drop_caches: 3
[109512.838672] sh (72133): drop_caches: 3
[109516.890324] sh (72133): drop_caches: 3
[109520.939193] sh (72133): drop_caches: 3
[109524.981348] sh (72133): drop_caches: 3
[109529.033293] sh (72133): drop_caches: 3
[109533.083233] sh (72133): drop_caches: 3
[109537.133230] sh (72133): drop_caches: 3
[109541.180740] sh (72133): drop_caches: 3
[109545.229513] sh (72133): drop_caches: 3
[109549.277882] sh (72133): drop_caches: 3
[109553.325009] sh (72133): drop_caches: 3
[109557.372639] sh (72133): drop_caches: 3
[109561.420080] sh (72133): drop_caches: 3
[109565.466453] sh (72133): drop_caches: 3
[109569.516082] sh (72133): drop_caches: 3
[109573.565054] sh (72133): drop_caches: 3
[109577.614095] sh (72133): drop_caches: 3
[109581.662488] sh (72133): drop_caches: 3
[109585.705059] sh (72133): drop_caches: 3
[109589.754169] sh (72133): drop_caches: 3
[109593.796351] sh (72133): drop_caches: 3
[109597.851093] sh (72133): drop_caches: 3
[109601.898848] sh (72133): drop_caches: 3
[109605.947930] sh (72133): drop_caches: 3
[109609.996394] sh (72133): drop_caches: 3
[109614.041077] sh (72133): drop_caches: 3
[109618.090026] sh (72133): drop_caches: 3
[109622.137144] sh (72133): drop_caches: 3
[109626.179988] sh (72133): drop_caches: 3
[109630.221553] sh (72133): drop_caches: 3
[109634.272398] sh (72133): drop_caches: 3
[109638.321294] sh (72133): drop_caches: 3
[109642.371225] sh (72133): drop_caches: 3
[109646.420664] sh (72133): drop_caches: 3
[109650.473589] sh (72133): drop_caches: 3
[109654.518401] sh (72133): drop_caches: 3
[109658.565021] sh (72133): drop_caches: 3
[109662.614133] sh (72133): drop_caches: 3
[109666.664555] sh (72133): drop_caches: 3
[109670.707802] sh (72133): drop_caches: 3
[109674.756110] sh (72133): drop_caches: 3
[109678.798074] sh (72133): drop_caches: 3
[109682.846616] sh (72133): drop_caches: 3
[109686.894796] sh (72133): drop_caches: 3
[109690.942743] sh (72133): drop_caches: 3
[109694.990549] sh (72133): drop_caches: 3
[109699.031819] sh (72133): drop_caches: 3
[109703.081907] sh (72133): drop_caches: 3
[109707.130379] sh (72133): drop_caches: 3
[109711.176794] sh (72133): drop_caches: 3
[109715.225812] sh (72133): drop_caches: 3
[109719.274069] sh (72133): drop_caches: 3
[109723.322407] sh (72133): drop_caches: 3
[109727.372146] sh (72133): drop_caches: 3
[109731.420378] sh (72133): drop_caches: 3
[109735.468204] sh (72133): drop_caches: 3
[109739.519148] sh (72133): drop_caches: 3
[109743.566087] sh (72133): drop_caches: 3
[109747.616958] sh (72133): drop_caches: 3
[109751.665809] sh (72133): drop_caches: 3
[109755.714826] sh (72133): drop_caches: 3
[109759.763623] sh (72133): drop_caches: 3
[109763.812722] sh (72133): drop_caches: 3
[109767.859541] sh (72133): drop_caches: 3
[109771.903193] sh (72133): drop_caches: 3
[109775.952069] sh (72133): drop_caches: 3
[109779.998499] sh (72133): drop_caches: 3
[109784.045514] sh (72133): drop_caches: 3
[109788.094484] sh (72133): drop_caches: 3
[109792.141571] sh (72133): drop_caches: 3
[109796.189556] sh (72133): drop_caches: 3
[109800.236702] sh (72133): drop_caches: 3
[109804.283096] sh (72133): drop_caches: 3
[109808.337269] sh (72133): drop_caches: 3
[109812.385719] sh (72133): drop_caches: 3
[109816.437650] sh (72133): drop_caches: 3
[109820.479542] sh (72133): drop_caches: 3
[109824.528113] sh (72133): drop_caches: 3
[109828.569083] sh (72133): drop_caches: 3
[109832.616613] sh (72133): drop_caches: 3
[109836.664585] sh (72133): drop_caches: 3
[109840.705357] sh (72133): drop_caches: 3
[109844.755283] sh (72133): drop_caches: 3
[109848.804459] sh (72133): drop_caches: 3
[109852.851772] sh (72133): drop_caches: 3
[109856.892991] sh (72133): drop_caches: 3
[109860.942242] sh (72133): drop_caches: 3
[109864.989695] sh (72133): drop_caches: 3
[109869.039418] sh (72133): drop_caches: 3
[109873.088061] sh (72133): drop_caches: 3
[109877.136775] sh (72133): drop_caches: 3
[109881.185272] sh (72133): drop_caches: 3
[109885.235870] sh (72133): drop_caches: 3
[109889.285148] sh (72133): drop_caches: 3
[109893.334588] sh (72133): drop_caches: 3
[109897.380303] sh (72133): drop_caches: 3
[109901.429738] sh (72133): drop_caches: 3
[109905.478012] sh (72133): drop_caches: 3
[109909.523233] sh (72133): drop_caches: 3
[109913.572369] sh (72133): drop_caches: 3
[109917.619351] sh (72133): drop_caches: 3
[109921.666209] sh (72133): drop_caches: 3
[109925.707357] sh (72133): drop_caches: 3
[109929.756148] sh (72133): drop_caches: 3
[109933.808455] sh (72133): drop_caches: 3
[109937.855360] sh (72133): drop_caches: 3
[109941.902435] sh (72133): drop_caches: 3
[109945.950469] sh (72133): drop_caches: 3
[109949.990720] sh (72133): drop_caches: 3
[109954.033484] sh (72133): drop_caches: 3
[109958.081737] sh (72133): drop_caches: 3
[109962.129326] sh (72133): drop_caches: 3
[109966.171591] sh (72133): drop_caches: 3
[109970.212415] sh (72133): drop_caches: 3
[109974.259760] sh (72133): drop_caches: 3
[109978.308702] sh (72133): drop_caches: 3
[109982.356616] sh (72133): drop_caches: 3
[109986.408928] sh (72133): drop_caches: 3
[109990.455906] sh (72133): drop_caches: 3
[109994.504413] sh (72133): drop_caches: 3
[109998.554097] sh (72133): drop_caches: 3
[110002.596247] sh (72133): drop_caches: 3
[110006.644254] sh (72133): drop_caches: 3
[110010.687640] sh (72133): drop_caches: 3
[110014.737741] sh (72133): drop_caches: 3
[110018.785512] sh (72133): drop_caches: 3
[110022.834354] sh (72133): drop_caches: 3
[110026.882199] sh (72133): drop_caches: 3
[110030.928471] sh (72133): drop_caches: 3
[110034.976837] sh (72133): drop_caches: 3
[110039.021258] sh (72133): drop_caches: 3
[110043.071494] sh (72133): drop_caches: 3
[110047.120713] sh (72133): drop_caches: 3
[110051.173382] sh (72133): drop_caches: 3
[110055.220455] sh (72133): drop_caches: 3
[110059.270355] sh (72133): drop_caches: 3
[110063.318278] sh (72133): drop_caches: 3
[110067.366061] sh (72133): drop_caches: 3
[110071.416070] sh (72133): drop_caches: 3
[110075.462579] sh (72133): drop_caches: 3
[110079.512375] sh (72133): drop_caches: 3
[110083.561002] sh (72133): drop_caches: 3
[110087.609004] sh (72133): drop_caches: 3
[110091.658781] sh (72133): drop_caches: 3
[110095.696999] sh (72133): drop_caches: 3
[110095.748571] iCAT_SQLITE_RUN_END run=20260830-034722-72004
[110095.769717] EXT4-fs (nvme1n1): unmounting filesystem c8af6938-8fed-4e59-89e5-0547b8808ce2.
[110095.830840] pci_bus 0001:10: busn_res: [bus 10-ff] is released
[110095.830894] NVMeVirt: GC stats: policy=cat-fig7 host_pages=32373158 gc_pages=11069488 gc_count=678785 WAF=1.341 k=7 scale_pct=100 age_ratio=7
[110095.903501] NVMeVirt: Virtual NVMe device closed
