[97536.433047] NVMeVirt: Version 1.10 for >> Samsung 970 Pro SSD <<
[97536.433056] NVMeVirt: Storage: 0x100100000-0x300000000 (8191 MiB)
[97536.439679] NVMeVirt: Total Capacity(GiB,MiB)=2,2048 chs=2 luns=4 lines=8192 blk-size(MiB,KiB)=0,64 line-size(MiB,KiB)=0,256
[97536.453712] NVMeVirt: [chmodel_init] bandwidth 800 max_credits 26 tx_time 152
[97536.461367] NVMeVirt: [chmodel_init] bandwidth 800 max_credits 26 tx_time 152
[97536.461381] NVMeVirt: [chmodel_init] bandwidth 3360 max_credits 110 tx_time 36
[97536.462596] NVMeVirt: pqueue: Copyright (c) 2014, Volkan Yazıcı <volkan.yazici@gmail.com>. All rights reserved.
[97536.462632] NVMeVirt: Init FTL instance with 2 channels (524288 pages)
[97536.462633] NVMeVirt: GC victim policy: cat-fig7 k=7 scale_pct=25 age_ratio=4
[97536.469263] NVMeVirt: [chmodel_init] bandwidth 800 max_credits 26 tx_time 152
[97536.475738] NVMeVirt: [chmodel_init] bandwidth 800 max_credits 26 tx_time 152
[97536.475752] NVMeVirt: [chmodel_init] bandwidth 3360 max_credits 110 tx_time 36
[97536.477007] NVMeVirt: Init FTL instance with 2 channels (524288 pages)
[97536.477008] NVMeVirt: GC victim policy: cat-fig7 k=7 scale_pct=25 age_ratio=4
[97536.483474] NVMeVirt: [chmodel_init] bandwidth 800 max_credits 26 tx_time 152
[97536.489892] NVMeVirt: [chmodel_init] bandwidth 800 max_credits 26 tx_time 152
[97536.489906] NVMeVirt: [chmodel_init] bandwidth 3360 max_credits 110 tx_time 36
[97536.491154] NVMeVirt: Init FTL instance with 2 channels (524288 pages)
[97536.491155] NVMeVirt: GC victim policy: cat-fig7 k=7 scale_pct=25 age_ratio=4
[97536.497621] NVMeVirt: [chmodel_init] bandwidth 800 max_credits 26 tx_time 152
[97536.504083] NVMeVirt: [chmodel_init] bandwidth 800 max_credits 26 tx_time 152
[97536.504097] NVMeVirt: [chmodel_init] bandwidth 3360 max_credits 110 tx_time 36
[97536.505353] NVMeVirt: Init FTL instance with 2 channels (524288 pages)
[97536.505354] NVMeVirt: GC victim policy: cat-fig7 k=7 scale_pct=25 age_ratio=4
[97536.505358] NVMeVirt: FTL physical space: 8588886016, logical space: 8026996276 (physical/logical * 100 = 107)
[97536.505359] NVMeVirt: ns 0/1: size 7655 MiB
[97536.505402] PCI host bridge to bus 0001:10
[97536.505404] pci_bus 0001:10: root bus resource [io  0x0000-0xffff]
[97536.505406] pci_bus 0001:10: root bus resource [mem 0x00000000-0x3fffffffffff]
[97536.505408] pci_bus 0001:10: root bus resource [bus 00-ff]
[97536.505414] pci 0001:10:00.0: [0c51:0110] type 00 class 0x010802 PCIe Endpoint
[97536.505417] pci 0001:10:00.0: BAR 0 [mem 0x100000000-0x100003fff 64bit]
[97536.505418] pci 0001:10:00.0: enabling Extended Tags
[97536.505526] NVMeVirt: Virtual PCI bus created (node 0)
[97536.506116] NVMeVirt: nvmev_io_worker_0 started on cpu 2 (node 0)
[97536.506237] NVMeVirt: nvmev_dispatcher started on cpu 1 (node 0)
[97536.506383] nvme nvme1: pci function 0001:10:00.0
[97536.510732] nvme nvme1: 20/0/0 default/read/poll queues
[97536.513873] NVMeVirt: Virtual NVMe device created
[97537.576840] EXT4-fs (nvme1n1): mounted filesystem dfcacd02-af9b-4cb0-8262-578320cf5ba5 r/w with ordered data mode. Quota mode: none.
[97537.607782] iCAT_SQLITE_LOAD_START run=20260830-004413-67406
[97616.570281] iCAT_SQLITE_LOAD_END run=20260830-004413-67406
[97616.951567] sh (67536): drop_caches: 3
[97616.979415] iCAT_SQLITE_RUN_START run=20260830-004413-67406
[97620.615759] sh (67537): drop_caches: 3
[97624.662362] sh (67537): drop_caches: 3
[97628.711366] sh (67537): drop_caches: 3
[97632.753833] sh (67537): drop_caches: 3
[97636.803454] sh (67537): drop_caches: 3
[97640.852864] sh (67537): drop_caches: 3
[97644.901418] sh (67537): drop_caches: 3
[97648.951910] sh (67537): drop_caches: 3
[97653.002343] sh (67537): drop_caches: 3
[97657.051896] sh (67537): drop_caches: 3
[97661.101599] sh (67537): drop_caches: 3
[97665.151515] sh (67537): drop_caches: 3
[97669.201230] sh (67537): drop_caches: 3
[97673.251116] sh (67537): drop_caches: 3
[97677.300190] sh (67537): drop_caches: 3
[97681.348564] sh (67537): drop_caches: 3
[97685.399008] sh (67537): drop_caches: 3
[97689.448076] sh (67537): drop_caches: 3
[97693.496240] sh (67537): drop_caches: 3
[97697.545883] sh (67537): drop_caches: 3
[97701.595218] sh (67537): drop_caches: 3
[97705.642153] sh (67537): drop_caches: 3
[97709.691281] sh (67537): drop_caches: 3
[97713.738534] sh (67537): drop_caches: 3
[97717.780786] sh (67537): drop_caches: 3
[97721.830304] sh (67537): drop_caches: 3
[97725.878044] sh (67537): drop_caches: 3
[97729.928748] sh (67537): drop_caches: 3
[97733.980062] sh (67537): drop_caches: 3
[97738.028420] sh (67537): drop_caches: 3
[97742.078745] sh (67537): drop_caches: 3
[97746.121989] sh (67537): drop_caches: 3
[97750.165428] sh (67537): drop_caches: 3
[97754.215479] sh (67537): drop_caches: 3
[97758.263102] sh (67537): drop_caches: 3
[97762.307110] sh (67537): drop_caches: 3
[97766.356187] sh (67537): drop_caches: 3
[97770.398157] sh (67537): drop_caches: 3
[97774.446805] sh (67537): drop_caches: 3
[97778.488774] sh (67537): drop_caches: 3
[97782.536317] sh (67537): drop_caches: 3
[97786.586304] sh (67537): drop_caches: 3
[97790.632618] sh (67537): drop_caches: 3
[97794.680389] sh (67537): drop_caches: 3
[97798.722562] sh (67537): drop_caches: 3
[97802.768896] sh (67537): drop_caches: 3
[97806.817713] sh (67537): drop_caches: 3
[97810.870721] sh (67537): drop_caches: 3
[97814.918047] sh (67537): drop_caches: 3
[97818.965322] sh (67537): drop_caches: 3
[97823.007866] sh (67537): drop_caches: 3
[97827.056432] sh (67537): drop_caches: 3
[97831.103749] sh (67537): drop_caches: 3
[97835.150805] sh (67537): drop_caches: 3
[97839.204150] sh (67537): drop_caches: 3
[97843.252600] sh (67537): drop_caches: 3
[97847.304034] sh (67537): drop_caches: 3
[97851.351067] sh (67537): drop_caches: 3
[97855.398372] sh (67537): drop_caches: 3
[97859.443310] sh (67537): drop_caches: 3
[97863.492347] sh (67537): drop_caches: 3
[97867.541348] sh (67537): drop_caches: 3
[97871.587716] sh (67537): drop_caches: 3
[97875.633673] sh (67537): drop_caches: 3
[97879.686583] sh (67537): drop_caches: 3
[97883.735515] sh (67537): drop_caches: 3
[97887.786153] sh (67537): drop_caches: 3
[97891.835950] sh (67537): drop_caches: 3
[97895.884817] sh (67537): drop_caches: 3
[97899.931726] sh (67537): drop_caches: 3
[97903.981832] sh (67537): drop_caches: 3
[97908.029843] sh (67537): drop_caches: 3
[97912.080194] sh (67537): drop_caches: 3
[97916.128410] sh (67537): drop_caches: 3
[97920.177032] sh (67537): drop_caches: 3
[97924.226966] sh (67537): drop_caches: 3
[97928.277434] sh (67537): drop_caches: 3
[97932.322346] sh (67537): drop_caches: 3
[97936.371811] sh (67537): drop_caches: 3
[97940.412987] sh (67537): drop_caches: 3
[97944.455856] sh (67537): drop_caches: 3
[97948.507751] sh (67537): drop_caches: 3
[97952.556534] sh (67537): drop_caches: 3
[97956.608352] sh (67537): drop_caches: 3
[97960.658750] sh (67537): drop_caches: 3
[97964.709322] sh (67537): drop_caches: 3
[97968.759954] sh (67537): drop_caches: 3
[97972.808357] sh (67537): drop_caches: 3
[97976.857469] sh (67537): drop_caches: 3
[97980.905170] sh (67537): drop_caches: 3
[97984.950075] sh (67537): drop_caches: 3
[97988.997751] sh (67537): drop_caches: 3
[97993.044670] sh (67537): drop_caches: 3
[97997.085488] sh (67537): drop_caches: 3
[98001.139921] sh (67537): drop_caches: 3
[98005.188280] sh (67537): drop_caches: 3
[98009.237425] sh (67537): drop_caches: 3
[98013.279589] sh (67537): drop_caches: 3
[98017.328658] sh (67537): drop_caches: 3
[98021.378416] sh (67537): drop_caches: 3
[98025.426639] sh (67537): drop_caches: 3
[98029.472643] sh (67537): drop_caches: 3
[98033.523095] sh (67537): drop_caches: 3
[98037.574123] sh (67537): drop_caches: 3
[98041.625430] sh (67537): drop_caches: 3
[98045.674313] sh (67537): drop_caches: 3
[98049.723561] sh (67537): drop_caches: 3
[98053.772666] sh (67537): drop_caches: 3
[98057.818694] sh (67537): drop_caches: 3
[98061.868625] sh (67537): drop_caches: 3
[98065.917464] sh (67537): drop_caches: 3
[98069.964517] sh (67537): drop_caches: 3
[98074.014261] sh (67537): drop_caches: 3
[98078.063100] sh (67537): drop_caches: 3
[98082.112151] sh (67537): drop_caches: 3
[98086.154621] sh (67537): drop_caches: 3
[98090.204290] sh (67537): drop_caches: 3
[98094.253148] sh (67537): drop_caches: 3
[98098.295005] sh (67537): drop_caches: 3
[98102.337040] sh (67537): drop_caches: 3
[98106.386588] sh (67537): drop_caches: 3
[98110.435713] sh (67537): drop_caches: 3
[98114.486349] sh (67537): drop_caches: 3
[98118.528779] sh (67537): drop_caches: 3
[98122.578238] sh (67537): drop_caches: 3
[98126.628690] sh (67537): drop_caches: 3
[98130.679534] sh (67537): drop_caches: 3
[98134.729548] sh (67537): drop_caches: 3
[98138.775996] sh (67537): drop_caches: 3
[98142.817476] sh (67537): drop_caches: 3
[98146.865698] sh (67537): drop_caches: 3
[98150.917966] sh (67537): drop_caches: 3
[98154.967143] sh (67537): drop_caches: 3
[98159.015257] sh (67537): drop_caches: 3
[98163.060543] sh (67537): drop_caches: 3
[98167.107295] sh (67537): drop_caches: 3
[98171.148847] sh (67537): drop_caches: 3
[98175.190604] sh (67537): drop_caches: 3
[98179.239006] sh (67537): drop_caches: 3
[98183.287517] sh (67537): drop_caches: 3
[98187.338306] sh (67537): drop_caches: 3
[98191.380115] sh (67537): drop_caches: 3
[98195.428212] sh (67537): drop_caches: 3
[98199.478746] sh (67537): drop_caches: 3
[98203.525406] sh (67537): drop_caches: 3
[98207.567880] sh (67537): drop_caches: 3
[98211.614110] sh (67537): drop_caches: 3
[98215.666385] sh (67537): drop_caches: 3
[98219.715274] sh (67537): drop_caches: 3
[98223.762358] sh (67537): drop_caches: 3
[98227.809319] sh (67537): drop_caches: 3
[98231.862668] sh (67537): drop_caches: 3
[98235.913003] sh (67537): drop_caches: 3
[98239.963187] sh (67537): drop_caches: 3
[98244.009174] sh (67537): drop_caches: 3
[98248.057756] sh (67537): drop_caches: 3
[98252.106742] sh (67537): drop_caches: 3
[98256.156093] sh (67537): drop_caches: 3
[98260.206934] sh (67537): drop_caches: 3
[98264.259249] sh (67537): drop_caches: 3
[98268.308985] sh (67537): drop_caches: 3
[98272.358957] sh (67537): drop_caches: 3
[98276.411588] sh (67537): drop_caches: 3
[98280.466841] sh (67537): drop_caches: 3
[98284.516001] sh (67537): drop_caches: 3
[98288.562916] sh (67537): drop_caches: 3
[98292.606910] sh (67537): drop_caches: 3
[98296.656775] sh (67537): drop_caches: 3
[98300.699478] sh (67537): drop_caches: 3
[98304.747442] sh (67537): drop_caches: 3
[98308.796232] sh (67537): drop_caches: 3
[98312.844571] sh (67537): drop_caches: 3
[98316.885793] sh (67537): drop_caches: 3
[98320.934568] sh (67537): drop_caches: 3
[98324.981394] sh (67537): drop_caches: 3
[98329.030907] sh (67537): drop_caches: 3
[98333.080933] sh (67537): drop_caches: 3
[98337.129938] sh (67537): drop_caches: 3
[98341.179105] sh (67537): drop_caches: 3
[98345.225708] sh (67537): drop_caches: 3
[98349.275083] sh (67537): drop_caches: 3
[98353.323300] sh (67537): drop_caches: 3
[98357.369932] sh (67537): drop_caches: 3
[98361.412634] sh (67537): drop_caches: 3
[98365.457948] sh (67537): drop_caches: 3
[98369.506905] sh (67537): drop_caches: 3
[98373.554060] sh (67537): drop_caches: 3
[98377.600909] sh (67537): drop_caches: 3
[98381.641613] sh (67537): drop_caches: 3
[98385.688147] sh (67537): drop_caches: 3
[98389.736295] sh (67537): drop_caches: 3
[98393.785517] sh (67537): drop_caches: 3
[98397.835481] sh (67537): drop_caches: 3
[98401.883589] sh (67537): drop_caches: 3
[98405.932501] sh (67537): drop_caches: 3
[98409.981733] sh (67537): drop_caches: 3
[98414.030063] sh (67537): drop_caches: 3
[98418.081887] sh (67537): drop_caches: 3
[98422.125101] sh (67537): drop_caches: 3
[98426.168612] sh (67537): drop_caches: 3
[98430.215731] sh (67537): drop_caches: 3
[98434.265033] sh (67537): drop_caches: 3
[98438.308254] sh (67537): drop_caches: 3
[98442.355949] sh (67537): drop_caches: 3
[98446.404833] sh (67537): drop_caches: 3
[98450.453937] sh (67537): drop_caches: 3
[98454.500003] sh (67537): drop_caches: 3
[98458.550911] sh (67537): drop_caches: 3
[98462.598784] sh (67537): drop_caches: 3
[98466.649132] sh (67537): drop_caches: 3
[98470.696423] sh (67537): drop_caches: 3
[98474.742226] sh (67537): drop_caches: 3
[98478.791352] sh (67537): drop_caches: 3
[98482.840338] sh (67537): drop_caches: 3
[98486.887939] sh (67537): drop_caches: 3
[98490.928738] sh (67537): drop_caches: 3
[98494.977644] sh (67537): drop_caches: 3
[98499.018063] sh (67537): drop_caches: 3
[98503.063629] sh (67537): drop_caches: 3
[98507.111247] sh (67537): drop_caches: 3
[98511.153749] sh (67537): drop_caches: 3
[98515.203930] sh (67537): drop_caches: 3
[98519.251415] sh (67537): drop_caches: 3
[98523.298753] sh (67537): drop_caches: 3
[98527.345168] sh (67537): drop_caches: 3
[98531.387915] sh (67537): drop_caches: 3
[98535.438192] sh (67537): drop_caches: 3
[98539.484961] sh (67537): drop_caches: 3
[98543.532885] sh (67537): drop_caches: 3
[98547.579964] sh (67537): drop_caches: 3
[98551.627068] sh (67537): drop_caches: 3
[98555.676526] sh (67537): drop_caches: 3
[98559.725346] sh (67537): drop_caches: 3
[98563.765354] sh (67537): drop_caches: 3
[98567.812648] sh (67537): drop_caches: 3
[98571.860716] sh (67537): drop_caches: 3
[98575.908134] sh (67537): drop_caches: 3
[98579.956214] sh (67537): drop_caches: 3
[98584.001959] sh (67537): drop_caches: 3
[98588.050257] sh (67537): drop_caches: 3
[98592.095813] sh (67537): drop_caches: 3
[98596.147498] sh (67537): drop_caches: 3
[98600.195004] sh (67537): drop_caches: 3
[98604.243458] sh (67537): drop_caches: 3
[98608.289209] sh (67537): drop_caches: 3
[98612.336968] sh (67537): drop_caches: 3
[98616.385691] sh (67537): drop_caches: 3
[98620.433278] sh (67537): drop_caches: 3
[98624.483176] sh (67537): drop_caches: 3
[98628.532935] sh (67537): drop_caches: 3
[98632.579698] sh (67537): drop_caches: 3
[98636.629766] sh (67537): drop_caches: 3
[98640.679219] sh (67537): drop_caches: 3
[98644.727239] sh (67537): drop_caches: 3
[98648.777915] sh (67537): drop_caches: 3
[98652.818283] sh (67537): drop_caches: 3
[98656.863696] sh (67537): drop_caches: 3
[98660.910902] sh (67537): drop_caches: 3
[98664.959863] sh (67537): drop_caches: 3
[98669.007178] sh (67537): drop_caches: 3
[98673.054473] sh (67537): drop_caches: 3
[98677.103327] sh (67537): drop_caches: 3
[98681.152097] sh (67537): drop_caches: 3
[98685.203485] sh (67537): drop_caches: 3
[98689.249768] sh (67537): drop_caches: 3
[98693.299386] sh (67537): drop_caches: 3
[98697.351150] sh (67537): drop_caches: 3
[98701.395604] sh (67537): drop_caches: 3
[98705.442565] sh (67537): drop_caches: 3
[98709.489757] sh (67537): drop_caches: 3
[98713.540457] sh (67537): drop_caches: 3
[98717.589566] sh (67537): drop_caches: 3
[98721.638253] sh (67537): drop_caches: 3
[98725.685742] sh (67537): drop_caches: 3
[98729.737867] sh (67537): drop_caches: 3
[98733.784032] sh (67537): drop_caches: 3
[98737.831191] sh (67537): drop_caches: 3
[98741.875351] sh (67537): drop_caches: 3
[98745.924621] sh (67537): drop_caches: 3
[98749.973972] sh (67537): drop_caches: 3
[98754.023180] sh (67537): drop_caches: 3
[98758.070238] sh (67537): drop_caches: 3
[98762.113469] sh (67537): drop_caches: 3
[98766.156959] sh (67537): drop_caches: 3
[98770.206573] sh (67537): drop_caches: 3
[98774.254687] sh (67537): drop_caches: 3
[98778.298861] sh (67537): drop_caches: 3
[98782.350412] sh (67537): drop_caches: 3
[98786.397303] sh (67537): drop_caches: 3
[98790.443388] sh (67537): drop_caches: 3
[98794.484258] sh (67537): drop_caches: 3
[98798.527272] sh (67537): drop_caches: 3
[98802.573196] sh (67537): drop_caches: 3
[98806.622758] sh (67537): drop_caches: 3
[98810.669918] sh (67537): drop_caches: 3
[98814.720994] sh (67537): drop_caches: 3
[98818.768383] sh (67537): drop_caches: 3
[98822.818841] sh (67537): drop_caches: 3
[98826.866243] sh (67537): drop_caches: 3
[98830.914506] sh (67537): drop_caches: 3
[98834.957709] sh (67537): drop_caches: 3
[98839.010477] sh (67537): drop_caches: 3
[98843.061415] sh (67537): drop_caches: 3
[98847.107892] sh (67537): drop_caches: 3
[98851.152260] sh (67537): drop_caches: 3
[98855.201740] sh (67537): drop_caches: 3
[98859.252136] sh (67537): drop_caches: 3
[98863.301157] sh (67537): drop_caches: 3
[98867.351938] sh (67537): drop_caches: 3
[98871.394934] sh (67537): drop_caches: 3
[98875.445005] sh (67537): drop_caches: 3
[98879.491946] sh (67537): drop_caches: 3
[98883.540612] sh (67537): drop_caches: 3
[98887.588799] sh (67537): drop_caches: 3
[98891.638186] sh (67537): drop_caches: 3
[98895.686028] sh (67537): drop_caches: 3
[98899.734847] sh (67537): drop_caches: 3
[98903.787726] sh (67537): drop_caches: 3
[98907.834713] sh (67537): drop_caches: 3
[98911.883977] sh (67537): drop_caches: 3
[98915.926862] sh (67537): drop_caches: 3
[98919.976081] sh (67537): drop_caches: 3
[98924.020021] sh (67537): drop_caches: 3
[98928.069530] sh (67537): drop_caches: 3
[98932.115834] sh (67537): drop_caches: 3
[98936.167172] sh (67537): drop_caches: 3
[98940.216868] sh (67537): drop_caches: 3
[98944.268077] sh (67537): drop_caches: 3
[98948.316529] sh (67537): drop_caches: 3
[98952.364759] sh (67537): drop_caches: 3
[98956.414332] sh (67537): drop_caches: 3
[98960.463680] sh (67537): drop_caches: 3
[98964.514517] sh (67537): drop_caches: 3
[98968.562562] sh (67537): drop_caches: 3
[98972.611667] sh (67537): drop_caches: 3
[98976.661538] sh (67537): drop_caches: 3
[98980.714059] sh (67537): drop_caches: 3
[98984.757284] sh (67537): drop_caches: 3
[98988.806778] sh (67537): drop_caches: 3
[98992.855558] sh (67537): drop_caches: 3
[98996.900511] sh (67537): drop_caches: 3
[99000.947578] sh (67537): drop_caches: 3
[99004.996134] sh (67537): drop_caches: 3
[99009.045475] sh (67537): drop_caches: 3
[99013.089255] sh (67537): drop_caches: 3
[99017.130283] sh (67537): drop_caches: 3
[99021.176293] sh (67537): drop_caches: 3
[99025.225155] sh (67537): drop_caches: 3
[99029.273599] sh (67537): drop_caches: 3
[99033.322591] sh (67537): drop_caches: 3
[99037.371085] sh (67537): drop_caches: 3
[99041.412196] sh (67537): drop_caches: 3
[99045.461038] sh (67537): drop_caches: 3
[99049.501597] sh (67537): drop_caches: 3
[99053.549404] sh (67537): drop_caches: 3
[99057.596646] sh (67537): drop_caches: 3
[99061.645701] sh (67537): drop_caches: 3
[99065.695892] sh (67537): drop_caches: 3
[99069.741539] sh (67537): drop_caches: 3
[99073.791503] sh (67537): drop_caches: 3
[99077.840411] sh (67537): drop_caches: 3
[99081.889857] sh (67537): drop_caches: 3
[99085.936776] sh (67537): drop_caches: 3
[99089.978728] sh (67537): drop_caches: 3
[99094.024441] sh (67537): drop_caches: 3
[99098.070441] sh (67537): drop_caches: 3
[99102.112181] sh (67537): drop_caches: 3
[99106.152445] sh (67537): drop_caches: 3
[99110.198978] sh (67537): drop_caches: 3
[99114.246608] sh (67537): drop_caches: 3
[99118.289171] sh (67537): drop_caches: 3
[99122.332811] sh (67537): drop_caches: 3
[99126.380493] sh (67537): drop_caches: 3
[99126.429555] iCAT_SQLITE_RUN_END run=20260830-004413-67406
[99126.449986] EXT4-fs (nvme1n1): unmounting filesystem dfcacd02-af9b-4cb0-8262-578320cf5ba5.
[99126.519334] pci_bus 0001:10: busn_res: [bus 10-ff] is released
[99126.519381] NVMeVirt: GC stats: policy=cat-fig7 host_pages=32433475 gc_pages=12389938 gc_count=700359 WAF=1.382 k=7 scale_pct=25 age_ratio=4
[99126.582645] NVMeVirt: Virtual NVMe device closed
