[50376.584983] NVMeVirt: Version 1.10 for >> Samsung 970 Pro SSD <<
[50376.584992] NVMeVirt: Storage: 0x100100000-0x300000000 (8191 MiB)
[50376.592343] NVMeVirt: Total Capacity(GiB,MiB)=2,2048 chs=2 luns=4 lines=8192 blk-size(MiB,KiB)=0,64 line-size(MiB,KiB)=0,256
[50376.606745] NVMeVirt: [chmodel_init] bandwidth 800 max_credits 26 tx_time 152
[50376.614683] NVMeVirt: [chmodel_init] bandwidth 800 max_credits 26 tx_time 152
[50376.614698] NVMeVirt: [chmodel_init] bandwidth 3360 max_credits 110 tx_time 36
[50376.616015] NVMeVirt: pqueue: Copyright (c) 2014, Volkan Yazıcı <volkan.yazici@gmail.com>. All rights reserved.
[50376.616051] NVMeVirt: Init FTL instance with 2 channels (524288 pages)
[50376.616053] NVMeVirt: GC victim policy: cat-fig7 k=2 scale_pct=25 age_ratio=4
[50376.622609] NVMeVirt: [chmodel_init] bandwidth 800 max_credits 26 tx_time 152
[50376.629089] NVMeVirt: [chmodel_init] bandwidth 800 max_credits 26 tx_time 152
[50376.629104] NVMeVirt: [chmodel_init] bandwidth 3360 max_credits 110 tx_time 36
[50376.630356] NVMeVirt: Init FTL instance with 2 channels (524288 pages)
[50376.630358] NVMeVirt: GC victim policy: cat-fig7 k=2 scale_pct=25 age_ratio=4
[50376.636799] NVMeVirt: [chmodel_init] bandwidth 800 max_credits 26 tx_time 152
[50376.643275] NVMeVirt: [chmodel_init] bandwidth 800 max_credits 26 tx_time 152
[50376.643290] NVMeVirt: [chmodel_init] bandwidth 3360 max_credits 110 tx_time 36
[50376.644543] NVMeVirt: Init FTL instance with 2 channels (524288 pages)
[50376.644544] NVMeVirt: GC victim policy: cat-fig7 k=2 scale_pct=25 age_ratio=4
[50376.651030] NVMeVirt: [chmodel_init] bandwidth 800 max_credits 26 tx_time 152
[50376.657458] NVMeVirt: [chmodel_init] bandwidth 800 max_credits 26 tx_time 152
[50376.657472] NVMeVirt: [chmodel_init] bandwidth 3360 max_credits 110 tx_time 36
[50376.658717] NVMeVirt: Init FTL instance with 2 channels (524288 pages)
[50376.658718] NVMeVirt: GC victim policy: cat-fig7 k=2 scale_pct=25 age_ratio=4
[50376.658722] NVMeVirt: FTL physical space: 8588886016, logical space: 8026996276 (physical/logical * 100 = 107)
[50376.658723] NVMeVirt: ns 0/1: size 7655 MiB
[50376.658769] PCI host bridge to bus 0001:10
[50376.658771] pci_bus 0001:10: root bus resource [io  0x0000-0xffff]
[50376.658773] pci_bus 0001:10: root bus resource [mem 0x00000000-0x3fffffffffff]
[50376.658775] pci_bus 0001:10: root bus resource [bus 00-ff]
[50376.658780] pci 0001:10:00.0: [0c51:0110] type 00 class 0x010802 PCIe Endpoint
[50376.658783] pci 0001:10:00.0: BAR 0 [mem 0x100000000-0x100003fff 64bit]
[50376.658785] pci 0001:10:00.0: enabling Extended Tags
[50376.658897] NVMeVirt: Virtual PCI bus created (node 0)
[50376.659350] NVMeVirt: nvmev_dispatcher started on cpu 1 (node 0)
[50376.659404] NVMeVirt: nvmev_io_worker_0 started on cpu 2 (node 0)
[50376.659497] nvme nvme1: pci function 0001:10:00.0
[50376.663416] nvme nvme1: 20/0/0 default/read/poll queues
[50376.667032] NVMeVirt: Virtual NVMe device created
[50377.729337] EXT4-fs (nvme1n1): mounted filesystem f6964066-b4c2-4866-ac68-079f35c39b82 r/w with ordered data mode. Quota mode: none.
[50377.761270] iCAT_SQLITE_LOAD_START run=20260829-113813-46750
[50454.738925] iCAT_SQLITE_LOAD_END run=20260829-113813-46750
[50455.163450] sh (46879): drop_caches: 3
[50455.194744] iCAT_SQLITE_RUN_START run=20260829-113813-46750
[50458.778588] sh (46880): drop_caches: 3
[50462.825141] sh (46880): drop_caches: 3
[50466.872441] sh (46880): drop_caches: 3
[50470.917714] sh (46880): drop_caches: 3
[50474.966866] sh (46880): drop_caches: 3
[50479.012514] sh (46880): drop_caches: 3
[50483.057895] sh (46880): drop_caches: 3
[50487.105388] sh (46880): drop_caches: 3
[50491.154182] sh (46880): drop_caches: 3
[50495.203367] sh (46880): drop_caches: 3
[50499.249197] sh (46880): drop_caches: 3
[50503.294566] sh (46880): drop_caches: 3
[50507.340156] sh (46880): drop_caches: 3
[50511.387130] sh (46880): drop_caches: 3
[50515.425196] sh (46880): drop_caches: 3
[50519.463373] sh (46880): drop_caches: 3
[50523.507357] sh (46880): drop_caches: 3
[50527.548762] sh (46880): drop_caches: 3
[50531.593079] sh (46880): drop_caches: 3
[50535.639505] sh (46880): drop_caches: 3
[50539.683327] sh (46880): drop_caches: 3
[50543.729484] sh (46880): drop_caches: 3
[50547.777040] sh (46880): drop_caches: 3
[50551.820739] sh (46880): drop_caches: 3
[50555.865315] sh (46880): drop_caches: 3
[50559.911718] sh (46880): drop_caches: 3
[50563.958692] sh (46880): drop_caches: 3
[50568.004896] sh (46880): drop_caches: 3
[50572.050757] sh (46880): drop_caches: 3
[50576.096758] sh (46880): drop_caches: 3
[50580.142772] sh (46880): drop_caches: 3
[50584.188343] sh (46880): drop_caches: 3
[50588.234210] sh (46880): drop_caches: 3
[50592.278116] sh (46880): drop_caches: 3
[50596.322602] sh (46880): drop_caches: 3
[50600.370150] sh (46880): drop_caches: 3
[50604.416826] sh (46880): drop_caches: 3
[50608.463544] sh (46880): drop_caches: 3
[50612.510414] sh (46880): drop_caches: 3
[50616.555298] sh (46880): drop_caches: 3
[50620.600887] sh (46880): drop_caches: 3
[50624.647636] sh (46880): drop_caches: 3
[50628.697417] sh (46880): drop_caches: 3
[50632.741956] sh (46880): drop_caches: 3
[50636.789059] sh (46880): drop_caches: 3
[50640.834304] sh (46880): drop_caches: 3
[50644.878338] sh (46880): drop_caches: 3
[50648.923959] sh (46880): drop_caches: 3
[50652.969875] sh (46880): drop_caches: 3
[50657.014188] sh (46880): drop_caches: 3
[50661.059485] sh (46880): drop_caches: 3
[50665.105429] sh (46880): drop_caches: 3
[50669.151977] sh (46880): drop_caches: 3
[50673.198565] sh (46880): drop_caches: 3
[50677.243468] sh (46880): drop_caches: 3
[50681.289988] sh (46880): drop_caches: 3
[50685.336427] sh (46880): drop_caches: 3
[50689.379965] sh (46880): drop_caches: 3
[50693.423284] sh (46880): drop_caches: 3
[50697.470418] sh (46880): drop_caches: 3
[50701.516300] sh (46880): drop_caches: 3
[50705.560776] sh (46880): drop_caches: 3
[50709.604729] sh (46880): drop_caches: 3
[50713.651951] sh (46880): drop_caches: 3
[50717.699031] sh (46880): drop_caches: 3
[50721.745067] sh (46880): drop_caches: 3
[50725.791622] sh (46880): drop_caches: 3
[50729.838760] sh (46880): drop_caches: 3
[50733.882810] sh (46880): drop_caches: 3
[50737.927320] sh (46880): drop_caches: 3
[50741.972202] sh (46880): drop_caches: 3
[50746.018343] sh (46880): drop_caches: 3
[50750.063519] sh (46880): drop_caches: 3
[50754.110850] sh (46880): drop_caches: 3
[50758.159010] sh (46880): drop_caches: 3
[50762.205226] sh (46880): drop_caches: 3
[50766.244844] sh (46880): drop_caches: 3
[50770.291554] sh (46880): drop_caches: 3
[50774.339610] sh (46880): drop_caches: 3
[50778.384581] sh (46880): drop_caches: 3
[50782.430890] sh (46880): drop_caches: 3
[50786.477100] sh (46880): drop_caches: 3
[50790.518034] sh (46880): drop_caches: 3
[50794.558318] sh (46880): drop_caches: 3
[50798.604550] sh (46880): drop_caches: 3
[50802.647866] sh (46880): drop_caches: 3
[50806.687302] sh (46880): drop_caches: 3
[50810.727597] sh (46880): drop_caches: 3
[50814.774651] sh (46880): drop_caches: 3
[50818.821938] sh (46880): drop_caches: 3
[50822.867944] sh (46880): drop_caches: 3
[50826.912326] sh (46880): drop_caches: 3
[50830.958199] sh (46880): drop_caches: 3
[50835.004618] sh (46880): drop_caches: 3
[50839.050006] sh (46880): drop_caches: 3
[50843.097173] sh (46880): drop_caches: 3
[50847.145110] sh (46880): drop_caches: 3
[50851.192166] sh (46880): drop_caches: 3
[50855.237160] sh (46880): drop_caches: 3
[50859.285173] sh (46880): drop_caches: 3
[50863.331993] sh (46880): drop_caches: 3
[50867.378389] sh (46880): drop_caches: 3
[50871.424804] sh (46880): drop_caches: 3
[50875.474141] sh (46880): drop_caches: 3
[50879.523858] sh (46880): drop_caches: 3
[50883.564578] sh (46880): drop_caches: 3
[50887.607770] sh (46880): drop_caches: 3
[50891.655200] sh (46880): drop_caches: 3
[50895.701013] sh (46880): drop_caches: 3
[50899.747199] sh (46880): drop_caches: 3
[50903.792529] sh (46880): drop_caches: 3
[50907.839810] sh (46880): drop_caches: 3
[50911.884165] sh (46880): drop_caches: 3
[50915.929318] sh (46880): drop_caches: 3
[50919.972519] sh (46880): drop_caches: 3
[50924.024718] sh (46880): drop_caches: 3
[50928.070689] sh (46880): drop_caches: 3
[50932.119024] sh (46880): drop_caches: 3
[50936.162292] sh (46880): drop_caches: 3
[50940.207005] sh (46880): drop_caches: 3
[50944.253821] sh (46880): drop_caches: 3
[50948.300304] sh (46880): drop_caches: 3
[50952.345296] sh (46880): drop_caches: 3
[50956.390531] sh (46880): drop_caches: 3
[50960.436294] sh (46880): drop_caches: 3
[50964.482208] sh (46880): drop_caches: 3
[50968.525619] sh (46880): drop_caches: 3
[50972.575545] sh (46880): drop_caches: 3
[50976.621142] sh (46880): drop_caches: 3
[50980.667116] sh (46880): drop_caches: 3
[50984.712826] sh (46880): drop_caches: 3
[50988.759042] sh (46880): drop_caches: 3
[50992.806588] sh (46880): drop_caches: 3
[50996.852350] sh (46880): drop_caches: 3
[51000.897968] sh (46880): drop_caches: 3
[51004.943999] sh (46880): drop_caches: 3
[51008.991339] sh (46880): drop_caches: 3
[51013.037184] sh (46880): drop_caches: 3
[51017.081488] sh (46880): drop_caches: 3
[51021.127344] sh (46880): drop_caches: 3
[51025.173487] sh (46880): drop_caches: 3
[51029.221594] sh (46880): drop_caches: 3
[51033.273098] sh (46880): drop_caches: 3
[51037.316475] sh (46880): drop_caches: 3
[51041.359961] sh (46880): drop_caches: 3
[51045.405348] sh (46880): drop_caches: 3
[51049.453459] sh (46880): drop_caches: 3
[51053.499565] sh (46880): drop_caches: 3
[51057.545405] sh (46880): drop_caches: 3
[51061.591406] sh (46880): drop_caches: 3
[51065.640152] sh (46880): drop_caches: 3
[51069.686300] sh (46880): drop_caches: 3
[51073.734549] sh (46880): drop_caches: 3
[51077.779234] sh (46880): drop_caches: 3
[51081.826218] sh (46880): drop_caches: 3
[51085.874083] sh (46880): drop_caches: 3
[51089.921084] sh (46880): drop_caches: 3
[51093.966849] sh (46880): drop_caches: 3
[51098.015282] sh (46880): drop_caches: 3
[51102.059942] sh (46880): drop_caches: 3
[51106.106744] sh (46880): drop_caches: 3
[51110.152218] sh (46880): drop_caches: 3
[51114.196301] sh (46880): drop_caches: 3
[51118.243322] sh (46880): drop_caches: 3
[51122.287189] sh (46880): drop_caches: 3
[51126.336613] sh (46880): drop_caches: 3
[51130.382579] sh (46880): drop_caches: 3
[51134.428978] sh (46880): drop_caches: 3
[51138.475084] sh (46880): drop_caches: 3
[51142.512748] sh (46880): drop_caches: 3
[51146.555978] sh (46880): drop_caches: 3
[51150.603157] sh (46880): drop_caches: 3
[51154.649534] sh (46880): drop_caches: 3
[51158.689510] sh (46880): drop_caches: 3
[51162.728818] sh (46880): drop_caches: 3
[51166.774223] sh (46880): drop_caches: 3
[51170.820844] sh (46880): drop_caches: 3
[51174.865881] sh (46880): drop_caches: 3
[51178.909596] sh (46880): drop_caches: 3
[51182.955007] sh (46880): drop_caches: 3
[51187.003288] sh (46880): drop_caches: 3
[51191.051242] sh (46880): drop_caches: 3
[51195.098830] sh (46880): drop_caches: 3
[51199.145040] sh (46880): drop_caches: 3
[51203.190326] sh (46880): drop_caches: 3
[51207.234479] sh (46880): drop_caches: 3
[51211.278237] sh (46880): drop_caches: 3
[51215.321778] sh (46880): drop_caches: 3
[51219.368849] sh (46880): drop_caches: 3
[51223.415151] sh (46880): drop_caches: 3
[51227.458427] sh (46880): drop_caches: 3
[51231.503504] sh (46880): drop_caches: 3
[51235.543973] sh (46880): drop_caches: 3
[51239.590153] sh (46880): drop_caches: 3
[51243.635240] sh (46880): drop_caches: 3
[51247.682964] sh (46880): drop_caches: 3
[51251.729908] sh (46880): drop_caches: 3
[51255.778510] sh (46880): drop_caches: 3
[51259.825070] sh (46880): drop_caches: 3
[51263.874043] sh (46880): drop_caches: 3
[51267.917500] sh (46880): drop_caches: 3
[51271.961288] sh (46880): drop_caches: 3
[51276.005675] sh (46880): drop_caches: 3
[51280.052696] sh (46880): drop_caches: 3
[51284.098088] sh (46880): drop_caches: 3
[51288.143541] sh (46880): drop_caches: 3
[51292.187555] sh (46880): drop_caches: 3
[51296.231819] sh (46880): drop_caches: 3
[51300.279042] sh (46880): drop_caches: 3
[51304.324303] sh (46880): drop_caches: 3
[51308.370070] sh (46880): drop_caches: 3
[51312.416595] sh (46880): drop_caches: 3
[51316.464340] sh (46880): drop_caches: 3
[51320.508870] sh (46880): drop_caches: 3
[51324.555214] sh (46880): drop_caches: 3
[51328.601719] sh (46880): drop_caches: 3
[51332.646021] sh (46880): drop_caches: 3
[51336.688699] sh (46880): drop_caches: 3
[51340.734884] sh (46880): drop_caches: 3
[51344.778631] sh (46880): drop_caches: 3
[51348.825358] sh (46880): drop_caches: 3
[51352.870220] sh (46880): drop_caches: 3
[51356.919333] sh (46880): drop_caches: 3
[51360.965984] sh (46880): drop_caches: 3
[51365.009925] sh (46880): drop_caches: 3
[51369.056088] sh (46880): drop_caches: 3
[51373.104298] sh (46880): drop_caches: 3
[51377.152449] sh (46880): drop_caches: 3
[51381.197704] sh (46880): drop_caches: 3
[51385.242539] sh (46880): drop_caches: 3
[51389.289999] sh (46880): drop_caches: 3
[51393.335372] sh (46880): drop_caches: 3
[51397.381703] sh (46880): drop_caches: 3
[51401.428515] sh (46880): drop_caches: 3
[51405.475923] sh (46880): drop_caches: 3
[51409.526143] sh (46880): drop_caches: 3
[51413.571319] sh (46880): drop_caches: 3
[51417.617113] sh (46880): drop_caches: 3
[51421.664560] sh (46880): drop_caches: 3
[51425.709753] sh (46880): drop_caches: 3
[51429.756823] sh (46880): drop_caches: 3
[51433.802577] sh (46880): drop_caches: 3
[51437.846368] sh (46880): drop_caches: 3
[51441.892795] sh (46880): drop_caches: 3
[51445.938410] sh (46880): drop_caches: 3
[51449.982100] sh (46880): drop_caches: 3
[51454.028801] sh (46880): drop_caches: 3
[51458.072002] sh (46880): drop_caches: 3
[51462.120689] sh (46880): drop_caches: 3
[51466.168253] sh (46880): drop_caches: 3
[51470.215016] sh (46880): drop_caches: 3
[51474.262182] sh (46880): drop_caches: 3
[51478.308928] sh (46880): drop_caches: 3
[51482.354971] sh (46880): drop_caches: 3
[51486.400867] sh (46880): drop_caches: 3
[51490.446732] sh (46880): drop_caches: 3
[51494.492325] sh (46880): drop_caches: 3
[51498.533485] sh (46880): drop_caches: 3
[51502.580630] sh (46880): drop_caches: 3
[51506.625034] sh (46880): drop_caches: 3
[51510.674045] sh (46880): drop_caches: 3
[51514.712213] sh (46880): drop_caches: 3
[51518.759957] sh (46880): drop_caches: 3
[51522.805899] sh (46880): drop_caches: 3
[51526.851417] sh (46880): drop_caches: 3
[51530.897412] sh (46880): drop_caches: 3
[51534.943464] sh (46880): drop_caches: 3
[51538.989160] sh (46880): drop_caches: 3
[51543.034187] sh (46880): drop_caches: 3
[51547.080112] sh (46880): drop_caches: 3
[51551.126742] sh (46880): drop_caches: 3
[51555.173532] sh (46880): drop_caches: 3
[51559.217812] sh (46880): drop_caches: 3
[51563.263255] sh (46880): drop_caches: 3
[51567.306696] sh (46880): drop_caches: 3
[51571.351697] sh (46880): drop_caches: 3
[51575.401751] sh (46880): drop_caches: 3
[51579.447805] sh (46880): drop_caches: 3
[51583.494480] sh (46880): drop_caches: 3
[51587.536082] sh (46880): drop_caches: 3
[51591.584371] sh (46880): drop_caches: 3
[51595.629653] sh (46880): drop_caches: 3
[51599.674795] sh (46880): drop_caches: 3
[51603.723812] sh (46880): drop_caches: 3
[51607.769888] sh (46880): drop_caches: 3
[51611.814979] sh (46880): drop_caches: 3
[51615.858572] sh (46880): drop_caches: 3
[51619.905785] sh (46880): drop_caches: 3
[51623.952524] sh (46880): drop_caches: 3
[51627.998879] sh (46880): drop_caches: 3
[51632.044996] sh (46880): drop_caches: 3
[51636.091481] sh (46880): drop_caches: 3
[51640.137252] sh (46880): drop_caches: 3
[51644.180893] sh (46880): drop_caches: 3
[51648.226685] sh (46880): drop_caches: 3
[51652.273594] sh (46880): drop_caches: 3
[51656.320518] sh (46880): drop_caches: 3
[51660.366687] sh (46880): drop_caches: 3
[51664.412309] sh (46880): drop_caches: 3
[51668.461310] sh (46880): drop_caches: 3
[51672.502382] sh (46880): drop_caches: 3
[51676.548891] sh (46880): drop_caches: 3
[51680.592599] sh (46880): drop_caches: 3
[51684.641398] sh (46880): drop_caches: 3
[51688.686946] sh (46880): drop_caches: 3
[51692.730809] sh (46880): drop_caches: 3
[51696.778895] sh (46880): drop_caches: 3
[51700.822730] sh (46880): drop_caches: 3
[51704.869311] sh (46880): drop_caches: 3
[51708.915512] sh (46880): drop_caches: 3
[51712.959433] sh (46880): drop_caches: 3
[51717.005302] sh (46880): drop_caches: 3
[51721.048906] sh (46880): drop_caches: 3
[51725.092764] sh (46880): drop_caches: 3
[51729.140339] sh (46880): drop_caches: 3
[51733.187626] sh (46880): drop_caches: 3
[51737.231662] sh (46880): drop_caches: 3
[51741.278552] sh (46880): drop_caches: 3
[51745.325505] sh (46880): drop_caches: 3
[51749.373153] sh (46880): drop_caches: 3
[51753.422391] sh (46880): drop_caches: 3
[51757.467046] sh (46880): drop_caches: 3
[51761.514886] sh (46880): drop_caches: 3
[51765.561215] sh (46880): drop_caches: 3
[51769.607227] sh (46880): drop_caches: 3
[51773.653240] sh (46880): drop_caches: 3
[51777.699461] sh (46880): drop_caches: 3
[51781.745224] sh (46880): drop_caches: 3
[51785.791800] sh (46880): drop_caches: 3
[51789.837989] sh (46880): drop_caches: 3
[51793.884100] sh (46880): drop_caches: 3
[51797.928992] sh (46880): drop_caches: 3
[51801.974037] sh (46880): drop_caches: 3
[51806.017987] sh (46880): drop_caches: 3
[51810.064752] sh (46880): drop_caches: 3
[51814.109578] sh (46880): drop_caches: 3
[51818.154578] sh (46880): drop_caches: 3
[51822.197777] sh (46880): drop_caches: 3
[51826.243392] sh (46880): drop_caches: 3
[51830.289791] sh (46880): drop_caches: 3
[51834.335898] sh (46880): drop_caches: 3
[51838.379350] sh (46880): drop_caches: 3
[51842.424773] sh (46880): drop_caches: 3
[51846.468506] sh (46880): drop_caches: 3
[51850.508938] sh (46880): drop_caches: 3
[51854.550301] sh (46880): drop_caches: 3
[51858.593952] sh (46880): drop_caches: 3
[51862.637770] sh (46880): drop_caches: 3
[51866.677835] sh (46880): drop_caches: 3
[51870.718729] sh (46880): drop_caches: 3
[51874.764851] sh (46880): drop_caches: 3
[51878.808081] sh (46880): drop_caches: 3
[51882.856139] sh (46880): drop_caches: 3
[51886.903187] sh (46880): drop_caches: 3
[51890.948536] sh (46880): drop_caches: 3
[51894.993983] sh (46880): drop_caches: 3
[51899.040643] sh (46880): drop_caches: 3
[51903.088173] sh (46880): drop_caches: 3
[51907.135194] sh (46880): drop_caches: 3
[51911.181142] sh (46880): drop_caches: 3
[51915.227295] sh (46880): drop_caches: 3
[51919.271538] sh (46880): drop_caches: 3
[51923.313308] sh (46880): drop_caches: 3
[51927.362382] sh (46880): drop_caches: 3
[51931.407826] sh (46880): drop_caches: 3
[51935.451749] sh (46880): drop_caches: 3
[51939.496644] sh (46880): drop_caches: 3
[51943.534359] sh (46880): drop_caches: 3
[51947.580821] sh (46880): drop_caches: 3
[51951.627671] sh (46880): drop_caches: 3
[51955.674941] sh (46880): drop_caches: 3
[51959.712604] sh (46880): drop_caches: 3
[51959.761892] iCAT_SQLITE_RUN_END run=20260829-113813-46750
[51959.783281] EXT4-fs (nvme1n1): unmounting filesystem f6964066-b4c2-4866-ac68-079f35c39b82.
[51959.870000] pci_bus 0001:10: busn_res: [bus 10-ff] is released
[51959.870052] NVMeVirt: GC stats: policy=cat-fig7 host_pages=32410104 gc_pages=16044497 gc_count=757096 WAF=1.495 k=2 scale_pct=25 age_ratio=4
[51959.941242] NVMeVirt: Virtual NVMe device closed
