[84950.181613] NVMeVirt: Version 1.10 for >> Samsung 970 Pro SSD <<
[84950.181625] NVMeVirt: Storage: 0x100100000-0x300000000 (8191 MiB)
[84950.190568] NVMeVirt: Total Capacity(GiB,MiB)=2,2048 chs=2 luns=4 lines=8192 blk-size(MiB,KiB)=0,64 line-size(MiB,KiB)=0,256
[84950.202324] NVMeVirt: [chmodel_init] bandwidth 800 max_credits 26 tx_time 152
[84950.212573] NVMeVirt: [chmodel_init] bandwidth 800 max_credits 26 tx_time 152
[84950.212588] NVMeVirt: [chmodel_init] bandwidth 3360 max_credits 110 tx_time 36
[84950.213869] NVMeVirt: pqueue: Copyright (c) 2014, Volkan Yazıcı <volkan.yazici@gmail.com>. All rights reserved.
[84950.213905] NVMeVirt: Init FTL instance with 2 channels (524288 pages)
[84950.213907] NVMeVirt: GC victim policy: cat-fig7 k=4 scale_pct=100 age_ratio=7
[84950.220560] NVMeVirt: [chmodel_init] bandwidth 800 max_credits 26 tx_time 152
[84950.227021] NVMeVirt: [chmodel_init] bandwidth 800 max_credits 26 tx_time 152
[84950.227036] NVMeVirt: [chmodel_init] bandwidth 3360 max_credits 110 tx_time 36
[84950.228293] NVMeVirt: Init FTL instance with 2 channels (524288 pages)
[84950.228294] NVMeVirt: GC victim policy: cat-fig7 k=4 scale_pct=100 age_ratio=7
[84950.234718] NVMeVirt: [chmodel_init] bandwidth 800 max_credits 26 tx_time 152
[84950.241084] NVMeVirt: [chmodel_init] bandwidth 800 max_credits 26 tx_time 152
[84950.241097] NVMeVirt: [chmodel_init] bandwidth 3360 max_credits 110 tx_time 36
[84950.242352] NVMeVirt: Init FTL instance with 2 channels (524288 pages)
[84950.242353] NVMeVirt: GC victim policy: cat-fig7 k=4 scale_pct=100 age_ratio=7
[84950.248774] NVMeVirt: [chmodel_init] bandwidth 800 max_credits 26 tx_time 152
[84950.255247] NVMeVirt: [chmodel_init] bandwidth 800 max_credits 26 tx_time 152
[84950.255261] NVMeVirt: [chmodel_init] bandwidth 3360 max_credits 110 tx_time 36
[84950.256513] NVMeVirt: Init FTL instance with 2 channels (524288 pages)
[84950.256514] NVMeVirt: GC victim policy: cat-fig7 k=4 scale_pct=100 age_ratio=7
[84950.256518] NVMeVirt: FTL physical space: 8588886016, logical space: 8026996276 (physical/logical * 100 = 107)
[84950.256519] NVMeVirt: ns 0/1: size 7655 MiB
[84950.256560] PCI host bridge to bus 0001:10
[84950.256562] pci_bus 0001:10: root bus resource [io  0x0000-0xffff]
[84950.256564] pci_bus 0001:10: root bus resource [mem 0x00000000-0x3fffffffffff]
[84950.256565] pci_bus 0001:10: root bus resource [bus 00-ff]
[84950.256571] pci 0001:10:00.0: [0c51:0110] type 00 class 0x010802 PCIe Endpoint
[84950.256574] pci 0001:10:00.0: BAR 0 [mem 0x100000000-0x100003fff 64bit]
[84950.256576] pci 0001:10:00.0: enabling Extended Tags
[84950.256686] NVMeVirt: Virtual PCI bus created (node 0)
[84950.257222] NVMeVirt: nvmev_io_worker_0 started on cpu 2 (node 0)
[84950.257289] NVMeVirt: nvmev_dispatcher started on cpu 1 (node 0)
[84950.257552] nvme nvme1: pci function 0001:10:00.0
[84950.262199] nvme nvme1: 20/0/0 default/read/poll queues
[84950.265578] NVMeVirt: Virtual NVMe device created
[84951.329946] EXT4-fs (nvme1n1): mounted filesystem c793e7a5-24d0-40db-a83f-2452ecb2bf06 r/w with ordered data mode. Quota mode: none.
[84951.361763] iCAT_SQLITE_LOAD_START run=20260829-211426-60688
[85029.119868] iCAT_SQLITE_LOAD_END run=20260829-211426-60688
[85029.539561] sh (60822): drop_caches: 3
[85029.566357] iCAT_SQLITE_RUN_START run=20260829-211426-60688
[85033.162723] sh (60823): drop_caches: 3
[85037.207232] sh (60823): drop_caches: 3
[85041.252008] sh (60823): drop_caches: 3
[85045.297814] sh (60823): drop_caches: 3
[85049.342758] sh (60823): drop_caches: 3
[85053.388231] sh (60823): drop_caches: 3
[85057.433743] sh (60823): drop_caches: 3
[85061.480039] sh (60823): drop_caches: 3
[85065.524034] sh (60823): drop_caches: 3
[85069.570327] sh (60823): drop_caches: 3
[85073.614683] sh (60823): drop_caches: 3
[85077.657070] sh (60823): drop_caches: 3
[85081.700292] sh (60823): drop_caches: 3
[85085.747964] sh (60823): drop_caches: 3
[85089.792624] sh (60823): drop_caches: 3
[85093.831901] sh (60823): drop_caches: 3
[85097.875347] sh (60823): drop_caches: 3
[85101.921449] sh (60823): drop_caches: 3
[85105.967758] sh (60823): drop_caches: 3
[85110.010923] sh (60823): drop_caches: 3
[85114.058139] sh (60823): drop_caches: 3
[85118.104751] sh (60823): drop_caches: 3
[85122.150059] sh (60823): drop_caches: 3
[85126.196630] sh (60823): drop_caches: 3
[85130.235229] sh (60823): drop_caches: 3
[85134.273120] sh (60823): drop_caches: 3
[85138.316821] sh (60823): drop_caches: 3
[85142.363113] sh (60823): drop_caches: 3
[85146.401438] sh (60823): drop_caches: 3
[85150.440724] sh (60823): drop_caches: 3
[85154.488701] sh (60823): drop_caches: 3
[85158.530294] sh (60823): drop_caches: 3
[85162.572388] sh (60823): drop_caches: 3
[85166.617804] sh (60823): drop_caches: 3
[85170.662774] sh (60823): drop_caches: 3
[85174.708075] sh (60823): drop_caches: 3
[85178.752035] sh (60823): drop_caches: 3
[85182.796792] sh (60823): drop_caches: 3
[85186.843661] sh (60823): drop_caches: 3
[85190.889503] sh (60823): drop_caches: 3
[85194.934600] sh (60823): drop_caches: 3
[85198.977781] sh (60823): drop_caches: 3
[85203.024828] sh (60823): drop_caches: 3
[85207.070364] sh (60823): drop_caches: 3
[85211.115105] sh (60823): drop_caches: 3
[85215.156506] sh (60823): drop_caches: 3
[85219.200331] sh (60823): drop_caches: 3
[85223.239743] sh (60823): drop_caches: 3
[85227.277936] sh (60823): drop_caches: 3
[85231.321283] sh (60823): drop_caches: 3
[85235.368284] sh (60823): drop_caches: 3
[85239.412727] sh (60823): drop_caches: 3
[85243.457592] sh (60823): drop_caches: 3
[85247.503499] sh (60823): drop_caches: 3
[85251.550238] sh (60823): drop_caches: 3
[85255.593192] sh (60823): drop_caches: 3
[85259.637918] sh (60823): drop_caches: 3
[85263.682813] sh (60823): drop_caches: 3
[85267.725346] sh (60823): drop_caches: 3
[85271.779328] sh (60823): drop_caches: 3
[85275.824944] sh (60823): drop_caches: 3
[85279.867682] sh (60823): drop_caches: 3
[85283.911666] sh (60823): drop_caches: 3
[85287.955306] sh (60823): drop_caches: 3
[85292.000269] sh (60823): drop_caches: 3
[85296.045005] sh (60823): drop_caches: 3
[85300.090520] sh (60823): drop_caches: 3
[85304.133047] sh (60823): drop_caches: 3
[85308.178214] sh (60823): drop_caches: 3
[85312.223399] sh (60823): drop_caches: 3
[85316.267698] sh (60823): drop_caches: 3
[85320.314059] sh (60823): drop_caches: 3
[85324.357405] sh (60823): drop_caches: 3
[85328.403918] sh (60823): drop_caches: 3
[85332.446494] sh (60823): drop_caches: 3
[85336.491506] sh (60823): drop_caches: 3
[85340.536532] sh (60823): drop_caches: 3
[85344.582255] sh (60823): drop_caches: 3
[85348.628521] sh (60823): drop_caches: 3
[85352.673336] sh (60823): drop_caches: 3
[85356.717285] sh (60823): drop_caches: 3
[85360.761811] sh (60823): drop_caches: 3
[85364.806848] sh (60823): drop_caches: 3
[85368.854141] sh (60823): drop_caches: 3
[85372.898994] sh (60823): drop_caches: 3
[85376.944314] sh (60823): drop_caches: 3
[85380.988675] sh (60823): drop_caches: 3
[85385.034800] sh (60823): drop_caches: 3
[85389.080931] sh (60823): drop_caches: 3
[85393.123464] sh (60823): drop_caches: 3
[85397.170278] sh (60823): drop_caches: 3
[85401.214872] sh (60823): drop_caches: 3
[85405.259005] sh (60823): drop_caches: 3
[85409.306897] sh (60823): drop_caches: 3
[85413.351655] sh (60823): drop_caches: 3
[85417.395987] sh (60823): drop_caches: 3
[85421.439814] sh (60823): drop_caches: 3
[85425.483653] sh (60823): drop_caches: 3
[85429.528532] sh (60823): drop_caches: 3
[85433.572996] sh (60823): drop_caches: 3
[85437.610164] sh (60823): drop_caches: 3
[85441.656457] sh (60823): drop_caches: 3
[85445.701771] sh (60823): drop_caches: 3
[85449.747035] sh (60823): drop_caches: 3
[85453.791853] sh (60823): drop_caches: 3
[85457.836557] sh (60823): drop_caches: 3
[85461.881997] sh (60823): drop_caches: 3
[85465.926530] sh (60823): drop_caches: 3
[85469.972051] sh (60823): drop_caches: 3
[85474.017119] sh (60823): drop_caches: 3
[85478.062861] sh (60823): drop_caches: 3
[85482.105592] sh (60823): drop_caches: 3
[85486.153833] sh (60823): drop_caches: 3
[85490.200446] sh (60823): drop_caches: 3
[85494.237352] sh (60823): drop_caches: 3
[85498.275815] sh (60823): drop_caches: 3
[85502.321577] sh (60823): drop_caches: 3
[85506.366632] sh (60823): drop_caches: 3
[85510.405857] sh (60823): drop_caches: 3
[85514.445777] sh (60823): drop_caches: 3
[85518.488635] sh (60823): drop_caches: 3
[85522.534827] sh (60823): drop_caches: 3
[85526.578197] sh (60823): drop_caches: 3
[85530.626304] sh (60823): drop_caches: 3
[85534.668955] sh (60823): drop_caches: 3
[85538.715311] sh (60823): drop_caches: 3
[85542.760068] sh (60823): drop_caches: 3
[85546.805460] sh (60823): drop_caches: 3
[85550.850026] sh (60823): drop_caches: 3
[85554.895101] sh (60823): drop_caches: 3
[85558.940167] sh (60823): drop_caches: 3
[85562.984886] sh (60823): drop_caches: 3
[85567.028686] sh (60823): drop_caches: 3
[85571.074199] sh (60823): drop_caches: 3
[85575.117750] sh (60823): drop_caches: 3
[85579.165587] sh (60823): drop_caches: 3
[85583.211683] sh (60823): drop_caches: 3
[85587.250457] sh (60823): drop_caches: 3
[85591.290216] sh (60823): drop_caches: 3
[85595.338361] sh (60823): drop_caches: 3
[85599.382031] sh (60823): drop_caches: 3
[85603.424809] sh (60823): drop_caches: 3
[85607.470517] sh (60823): drop_caches: 3
[85611.517017] sh (60823): drop_caches: 3
[85615.560014] sh (60823): drop_caches: 3
[85619.604526] sh (60823): drop_caches: 3
[85623.648775] sh (60823): drop_caches: 3
[85627.693594] sh (60823): drop_caches: 3
[85631.738983] sh (60823): drop_caches: 3
[85635.782377] sh (60823): drop_caches: 3
[85639.827577] sh (60823): drop_caches: 3
[85643.865096] sh (60823): drop_caches: 3
[85647.912734] sh (60823): drop_caches: 3
[85651.958058] sh (60823): drop_caches: 3
[85656.001890] sh (60823): drop_caches: 3
[85660.046714] sh (60823): drop_caches: 3
[85664.092069] sh (60823): drop_caches: 3
[85668.137608] sh (60823): drop_caches: 3
[85672.182667] sh (60823): drop_caches: 3
[85676.228479] sh (60823): drop_caches: 3
[85680.273433] sh (60823): drop_caches: 3
[85684.319750] sh (60823): drop_caches: 3
[85688.363920] sh (60823): drop_caches: 3
[85692.409994] sh (60823): drop_caches: 3
[85696.456407] sh (60823): drop_caches: 3
[85700.501504] sh (60823): drop_caches: 3
[85704.548298] sh (60823): drop_caches: 3
[85708.593594] sh (60823): drop_caches: 3
[85712.641809] sh (60823): drop_caches: 3
[85716.687080] sh (60823): drop_caches: 3
[85720.732069] sh (60823): drop_caches: 3
[85724.776435] sh (60823): drop_caches: 3
[85728.821316] sh (60823): drop_caches: 3
[85732.866470] sh (60823): drop_caches: 3
[85736.910482] sh (60823): drop_caches: 3
[85740.954737] sh (60823): drop_caches: 3
[85745.000841] sh (60823): drop_caches: 3
[85749.046887] sh (60823): drop_caches: 3
[85753.092796] sh (60823): drop_caches: 3
[85757.139695] sh (60823): drop_caches: 3
[85761.184363] sh (60823): drop_caches: 3
[85765.233431] sh (60823): drop_caches: 3
[85769.276627] sh (60823): drop_caches: 3
[85773.319183] sh (60823): drop_caches: 3
[85777.363455] sh (60823): drop_caches: 3
[85781.409265] sh (60823): drop_caches: 3
[85785.455135] sh (60823): drop_caches: 3
[85789.500888] sh (60823): drop_caches: 3
[85793.545065] sh (60823): drop_caches: 3
[85797.586310] sh (60823): drop_caches: 3
[85801.633284] sh (60823): drop_caches: 3
[85805.678349] sh (60823): drop_caches: 3
[85809.723124] sh (60823): drop_caches: 3
[85813.768570] sh (60823): drop_caches: 3
[85817.814618] sh (60823): drop_caches: 3
[85821.859060] sh (60823): drop_caches: 3
[85825.904540] sh (60823): drop_caches: 3
[85829.948792] sh (60823): drop_caches: 3
[85833.995055] sh (60823): drop_caches: 3
[85838.038115] sh (60823): drop_caches: 3
[85842.076720] sh (60823): drop_caches: 3
[85846.120484] sh (60823): drop_caches: 3
[85850.165381] sh (60823): drop_caches: 3
[85854.209952] sh (60823): drop_caches: 3
[85858.250685] sh (60823): drop_caches: 3
[85862.294069] sh (60823): drop_caches: 3
[85866.341791] sh (60823): drop_caches: 3
[85870.386945] sh (60823): drop_caches: 3
[85874.426167] sh (60823): drop_caches: 3
[85878.471586] sh (60823): drop_caches: 3
[85882.514732] sh (60823): drop_caches: 3
[85886.561578] sh (60823): drop_caches: 3
[85890.605721] sh (60823): drop_caches: 3
[85894.647983] sh (60823): drop_caches: 3
[85898.693144] sh (60823): drop_caches: 3
[85902.738638] sh (60823): drop_caches: 3
[85906.784521] sh (60823): drop_caches: 3
[85910.830809] sh (60823): drop_caches: 3
[85914.875548] sh (60823): drop_caches: 3
[85918.914518] sh (60823): drop_caches: 3
[85922.959185] sh (60823): drop_caches: 3
[85927.004308] sh (60823): drop_caches: 3
[85931.049933] sh (60823): drop_caches: 3
[85935.093176] sh (60823): drop_caches: 3
[85939.138848] sh (60823): drop_caches: 3
[85943.184915] sh (60823): drop_caches: 3
[85947.227589] sh (60823): drop_caches: 3
[85951.267287] sh (60823): drop_caches: 3
[85955.312164] sh (60823): drop_caches: 3
[85959.356805] sh (60823): drop_caches: 3
[85963.402288] sh (60823): drop_caches: 3
[85967.447531] sh (60823): drop_caches: 3
[85971.492696] sh (60823): drop_caches: 3
[85975.536478] sh (60823): drop_caches: 3
[85979.581392] sh (60823): drop_caches: 3
[85983.626783] sh (60823): drop_caches: 3
[85987.672447] sh (60823): drop_caches: 3
[85991.718417] sh (60823): drop_caches: 3
[85995.764026] sh (60823): drop_caches: 3
[85999.808891] sh (60823): drop_caches: 3
[86003.848764] sh (60823): drop_caches: 3
[86007.893347] sh (60823): drop_caches: 3
[86011.940481] sh (60823): drop_caches: 3
[86015.985563] sh (60823): drop_caches: 3
[86020.030664] sh (60823): drop_caches: 3
[86024.076171] sh (60823): drop_caches: 3
[86028.121019] sh (60823): drop_caches: 3
[86032.164994] sh (60823): drop_caches: 3
[86036.209732] sh (60823): drop_caches: 3
[86040.255697] sh (60823): drop_caches: 3
[86044.300920] sh (60823): drop_caches: 3
[86048.347410] sh (60823): drop_caches: 3
[86052.393119] sh (60823): drop_caches: 3
[86056.437132] sh (60823): drop_caches: 3
[86060.482976] sh (60823): drop_caches: 3
[86064.526181] sh (60823): drop_caches: 3
[86068.568732] sh (60823): drop_caches: 3
[86072.614600] sh (60823): drop_caches: 3
[86076.659593] sh (60823): drop_caches: 3
[86080.704474] sh (60823): drop_caches: 3
[86084.748211] sh (60823): drop_caches: 3
[86088.793779] sh (60823): drop_caches: 3
[86092.839331] sh (60823): drop_caches: 3
[86096.884305] sh (60823): drop_caches: 3
[86100.925432] sh (60823): drop_caches: 3
[86104.969572] sh (60823): drop_caches: 3
[86109.015430] sh (60823): drop_caches: 3
[86113.060439] sh (60823): drop_caches: 3
[86117.106364] sh (60823): drop_caches: 3
[86121.152427] sh (60823): drop_caches: 3
[86125.194816] sh (60823): drop_caches: 3
[86129.237943] sh (60823): drop_caches: 3
[86133.284165] sh (60823): drop_caches: 3
[86137.328675] sh (60823): drop_caches: 3
[86141.375004] sh (60823): drop_caches: 3
[86145.417779] sh (60823): drop_caches: 3
[86149.464091] sh (60823): drop_caches: 3
[86153.508799] sh (60823): drop_caches: 3
[86157.554456] sh (60823): drop_caches: 3
[86161.600238] sh (60823): drop_caches: 3
[86165.645957] sh (60823): drop_caches: 3
[86169.688281] sh (60823): drop_caches: 3
[86173.738830] sh (60823): drop_caches: 3
[86177.786682] sh (60823): drop_caches: 3
[86181.832820] sh (60823): drop_caches: 3
[86185.878140] sh (60823): drop_caches: 3
[86189.922496] sh (60823): drop_caches: 3
[86193.969311] sh (60823): drop_caches: 3
[86198.014899] sh (60823): drop_caches: 3
[86202.060719] sh (60823): drop_caches: 3
[86206.104259] sh (60823): drop_caches: 3
[86210.148871] sh (60823): drop_caches: 3
[86214.191623] sh (60823): drop_caches: 3
[86218.230145] sh (60823): drop_caches: 3
[86222.266919] sh (60823): drop_caches: 3
[86226.308362] sh (60823): drop_caches: 3
[86230.353137] sh (60823): drop_caches: 3
[86234.389704] sh (60823): drop_caches: 3
[86238.426526] sh (60823): drop_caches: 3
[86242.471895] sh (60823): drop_caches: 3
[86246.512083] sh (60823): drop_caches: 3
[86250.559841] sh (60823): drop_caches: 3
[86254.605243] sh (60823): drop_caches: 3
[86258.650039] sh (60823): drop_caches: 3
[86262.694914] sh (60823): drop_caches: 3
[86266.739700] sh (60823): drop_caches: 3
[86270.787748] sh (60823): drop_caches: 3
[86274.832951] sh (60823): drop_caches: 3
[86278.878977] sh (60823): drop_caches: 3
[86282.926023] sh (60823): drop_caches: 3
[86286.972123] sh (60823): drop_caches: 3
[86291.014500] sh (60823): drop_caches: 3
[86295.062601] sh (60823): drop_caches: 3
[86299.108870] sh (60823): drop_caches: 3
[86303.156613] sh (60823): drop_caches: 3
[86307.200852] sh (60823): drop_caches: 3
[86311.239908] sh (60823): drop_caches: 3
[86315.280566] sh (60823): drop_caches: 3
[86319.324388] sh (60823): drop_caches: 3
[86323.367272] sh (60823): drop_caches: 3
[86327.411595] sh (60823): drop_caches: 3
[86331.457589] sh (60823): drop_caches: 3
[86335.503375] sh (60823): drop_caches: 3
[86339.545611] sh (60823): drop_caches: 3
[86343.594069] sh (60823): drop_caches: 3
[86347.639569] sh (60823): drop_caches: 3
[86351.684800] sh (60823): drop_caches: 3
[86355.730561] sh (60823): drop_caches: 3
[86359.772260] sh (60823): drop_caches: 3
[86363.814934] sh (60823): drop_caches: 3
[86367.859333] sh (60823): drop_caches: 3
[86371.903449] sh (60823): drop_caches: 3
[86375.947250] sh (60823): drop_caches: 3
[86379.991984] sh (60823): drop_caches: 3
[86384.037977] sh (60823): drop_caches: 3
[86388.083650] sh (60823): drop_caches: 3
[86392.128928] sh (60823): drop_caches: 3
[86396.172614] sh (60823): drop_caches: 3
[86400.213370] sh (60823): drop_caches: 3
[86404.258704] sh (60823): drop_caches: 3
[86408.305080] sh (60823): drop_caches: 3
[86412.348333] sh (60823): drop_caches: 3
[86416.391741] sh (60823): drop_caches: 3
[86420.434815] sh (60823): drop_caches: 3
[86424.480656] sh (60823): drop_caches: 3
[86428.519656] sh (60823): drop_caches: 3
[86432.564846] sh (60823): drop_caches: 3
[86436.610631] sh (60823): drop_caches: 3
[86440.653637] sh (60823): drop_caches: 3
[86444.696505] sh (60823): drop_caches: 3
[86448.743436] sh (60823): drop_caches: 3
[86452.788859] sh (60823): drop_caches: 3
[86456.835047] sh (60823): drop_caches: 3
[86460.879183] sh (60823): drop_caches: 3
[86464.925225] sh (60823): drop_caches: 3
[86468.968192] sh (60823): drop_caches: 3
[86473.014166] sh (60823): drop_caches: 3
[86477.056397] sh (60823): drop_caches: 3
[86481.101568] sh (60823): drop_caches: 3
[86485.147106] sh (60823): drop_caches: 3
[86489.190791] sh (60823): drop_caches: 3
[86493.234895] sh (60823): drop_caches: 3
[86497.280867] sh (60823): drop_caches: 3
[86501.326100] sh (60823): drop_caches: 3
[86505.371298] sh (60823): drop_caches: 3
[86505.420891] iCAT_SQLITE_RUN_END run=20260829-211426-60688
[86505.440434] EXT4-fs (nvme1n1): unmounting filesystem c793e7a5-24d0-40db-a83f-2452ecb2bf06.
[86505.512611] pci_bus 0001:10: busn_res: [bus 10-ff] is released
[86505.512661] NVMeVirt: GC stats: policy=cat-fig7 host_pages=32336655 gc_pages=11590048 gc_count=686348 WAF=1.358 k=4 scale_pct=100 age_ratio=7
[86505.576626] NVMeVirt: Virtual NVMe device closed
