[75661.956000] NVMeVirt: Version 1.10 for >> Samsung 970 Pro SSD <<
[75661.956009] NVMeVirt: Storage: 0x100100000-0x300000000 (8191 MiB)
[75661.963352] NVMeVirt: Total Capacity(GiB,MiB)=2,2048 chs=2 luns=4 lines=8192 blk-size(MiB,KiB)=0,64 line-size(MiB,KiB)=0,256
[75661.973854] NVMeVirt: [chmodel_init] bandwidth 800 max_credits 26 tx_time 152
[75661.980490] NVMeVirt: [chmodel_init] bandwidth 800 max_credits 26 tx_time 152
[75661.980504] NVMeVirt: [chmodel_init] bandwidth 3360 max_credits 110 tx_time 36
[75661.981722] NVMeVirt: pqueue: Copyright (c) 2014, Volkan Yazıcı <volkan.yazici@gmail.com>. All rights reserved.
[75661.981757] NVMeVirt: Init FTL instance with 2 channels (524288 pages)
[75661.981758] NVMeVirt: GC victim policy: cat-fig7 k=4 scale_pct=25 age_ratio=7
[75661.988228] NVMeVirt: [chmodel_init] bandwidth 800 max_credits 26 tx_time 152
[75661.994688] NVMeVirt: [chmodel_init] bandwidth 800 max_credits 26 tx_time 152
[75661.994703] NVMeVirt: [chmodel_init] bandwidth 3360 max_credits 110 tx_time 36
[75661.995934] NVMeVirt: Init FTL instance with 2 channels (524288 pages)
[75661.995935] NVMeVirt: GC victim policy: cat-fig7 k=4 scale_pct=25 age_ratio=7
[75662.002375] NVMeVirt: [chmodel_init] bandwidth 800 max_credits 26 tx_time 152
[75662.008820] NVMeVirt: [chmodel_init] bandwidth 800 max_credits 26 tx_time 152
[75662.008833] NVMeVirt: [chmodel_init] bandwidth 3360 max_credits 110 tx_time 36
[75662.010116] NVMeVirt: Init FTL instance with 2 channels (524288 pages)
[75662.010117] NVMeVirt: GC victim policy: cat-fig7 k=4 scale_pct=25 age_ratio=7
[75662.016606] NVMeVirt: [chmodel_init] bandwidth 800 max_credits 26 tx_time 152
[75662.023068] NVMeVirt: [chmodel_init] bandwidth 800 max_credits 26 tx_time 152
[75662.023083] NVMeVirt: [chmodel_init] bandwidth 3360 max_credits 110 tx_time 36
[75662.024338] NVMeVirt: Init FTL instance with 2 channels (524288 pages)
[75662.024339] NVMeVirt: GC victim policy: cat-fig7 k=4 scale_pct=25 age_ratio=7
[75662.024343] NVMeVirt: FTL physical space: 8588886016, logical space: 8026996276 (physical/logical * 100 = 107)
[75662.024345] NVMeVirt: ns 0/1: size 7655 MiB
[75662.024385] PCI host bridge to bus 0001:10
[75662.024387] pci_bus 0001:10: root bus resource [io  0x0000-0xffff]
[75662.024389] pci_bus 0001:10: root bus resource [mem 0x00000000-0x3fffffffffff]
[75662.024390] pci_bus 0001:10: root bus resource [bus 00-ff]
[75662.024397] pci 0001:10:00.0: [0c51:0110] type 00 class 0x010802 PCIe Endpoint
[75662.024400] pci 0001:10:00.0: BAR 0 [mem 0x100000000-0x100003fff 64bit]
[75662.024401] pci 0001:10:00.0: enabling Extended Tags
[75662.024516] NVMeVirt: Virtual PCI bus created (node 0)
[75662.025094] NVMeVirt: nvmev_io_worker_0 started on cpu 2 (node 0)
[75662.025232] NVMeVirt: nvmev_dispatcher started on cpu 1 (node 0)
[75662.025518] nvme nvme1: pci function 0001:10:00.0
[75662.028062] nvme nvme1: 20/0/0 default/read/poll queues
[75662.030496] NVMeVirt: Virtual NVMe device created
[75663.092660] EXT4-fs (nvme1n1): mounted filesystem a9662659-7ce8-459d-9324-d02198e83258 r/w with ordered data mode. Quota mode: none.
[75663.123056] iCAT_SQLITE_LOAD_START run=20260829-183938-56926
[75741.135898] iCAT_SQLITE_LOAD_END run=20260829-183938-56926
[75741.575314] sh (57063): drop_caches: 3
[75741.612308] iCAT_SQLITE_RUN_START run=20260829-183938-56926
[75745.178104] sh (57064): drop_caches: 3
[75749.225246] sh (57064): drop_caches: 3
[75753.270433] sh (57064): drop_caches: 3
[75757.316482] sh (57064): drop_caches: 3
[75761.363145] sh (57064): drop_caches: 3
[75765.407562] sh (57064): drop_caches: 3
[75769.453169] sh (57064): drop_caches: 3
[75773.498722] sh (57064): drop_caches: 3
[75777.546839] sh (57064): drop_caches: 3
[75781.590834] sh (57064): drop_caches: 3
[75785.637536] sh (57064): drop_caches: 3
[75789.683788] sh (57064): drop_caches: 3
[75793.727893] sh (57064): drop_caches: 3
[75797.772945] sh (57064): drop_caches: 3
[75801.812484] sh (57064): drop_caches: 3
[75805.852791] sh (57064): drop_caches: 3
[75809.898075] sh (57064): drop_caches: 3
[75813.940755] sh (57064): drop_caches: 3
[75817.992475] sh (57064): drop_caches: 3
[75822.038331] sh (57064): drop_caches: 3
[75826.085160] sh (57064): drop_caches: 3
[75830.132075] sh (57064): drop_caches: 3
[75834.177434] sh (57064): drop_caches: 3
[75838.222548] sh (57064): drop_caches: 3
[75842.267781] sh (57064): drop_caches: 3
[75846.313821] sh (57064): drop_caches: 3
[75850.353056] sh (57064): drop_caches: 3
[75854.399395] sh (57064): drop_caches: 3
[75858.443730] sh (57064): drop_caches: 3
[75862.481493] sh (57064): drop_caches: 3
[75866.521133] sh (57064): drop_caches: 3
[75870.567878] sh (57064): drop_caches: 3
[75874.613277] sh (57064): drop_caches: 3
[75878.652337] sh (57064): drop_caches: 3
[75882.697956] sh (57064): drop_caches: 3
[75886.741851] sh (57064): drop_caches: 3
[75890.789763] sh (57064): drop_caches: 3
[75894.833245] sh (57064): drop_caches: 3
[75898.878348] sh (57064): drop_caches: 3
[75902.925892] sh (57064): drop_caches: 3
[75906.967925] sh (57064): drop_caches: 3
[75911.014452] sh (57064): drop_caches: 3
[75915.059615] sh (57064): drop_caches: 3
[75919.105069] sh (57064): drop_caches: 3
[75923.150220] sh (57064): drop_caches: 3
[75927.196743] sh (57064): drop_caches: 3
[75931.243227] sh (57064): drop_caches: 3
[75935.289241] sh (57064): drop_caches: 3
[75939.328900] sh (57064): drop_caches: 3
[75943.368772] sh (57064): drop_caches: 3
[75947.416515] sh (57064): drop_caches: 3
[75951.462861] sh (57064): drop_caches: 3
[75955.500992] sh (57064): drop_caches: 3
[75959.547389] sh (57064): drop_caches: 3
[75963.594361] sh (57064): drop_caches: 3
[75967.638751] sh (57064): drop_caches: 3
[75971.684421] sh (57064): drop_caches: 3
[75975.727885] sh (57064): drop_caches: 3
[75979.775763] sh (57064): drop_caches: 3
[75983.818096] sh (57064): drop_caches: 3
[75987.866774] sh (57064): drop_caches: 3
[75991.909638] sh (57064): drop_caches: 3
[75995.948954] sh (57064): drop_caches: 3
[75999.992026] sh (57064): drop_caches: 3
[76004.038812] sh (57064): drop_caches: 3
[76008.085435] sh (57064): drop_caches: 3
[76012.128522] sh (57064): drop_caches: 3
[76016.177118] sh (57064): drop_caches: 3
[76020.221893] sh (57064): drop_caches: 3
[76024.268038] sh (57064): drop_caches: 3
[76028.312621] sh (57064): drop_caches: 3
[76032.358881] sh (57064): drop_caches: 3
[76036.402398] sh (57064): drop_caches: 3
[76040.450052] sh (57064): drop_caches: 3
[76044.495744] sh (57064): drop_caches: 3
[76048.541572] sh (57064): drop_caches: 3
[76052.587528] sh (57064): drop_caches: 3
[76056.633310] sh (57064): drop_caches: 3
[76060.677854] sh (57064): drop_caches: 3
[76064.721395] sh (57064): drop_caches: 3
[76068.768115] sh (57064): drop_caches: 3
[76072.815136] sh (57064): drop_caches: 3
[76076.860311] sh (57064): drop_caches: 3
[76080.905350] sh (57064): drop_caches: 3
[76084.950771] sh (57064): drop_caches: 3
[76088.996504] sh (57064): drop_caches: 3
[76093.043441] sh (57064): drop_caches: 3
[76097.087224] sh (57064): drop_caches: 3
[76101.133092] sh (57064): drop_caches: 3
[76105.177877] sh (57064): drop_caches: 3
[76109.222559] sh (57064): drop_caches: 3
[76113.266101] sh (57064): drop_caches: 3
[76117.311684] sh (57064): drop_caches: 3
[76121.357392] sh (57064): drop_caches: 3
[76125.402933] sh (57064): drop_caches: 3
[76129.449368] sh (57064): drop_caches: 3
[76133.494943] sh (57064): drop_caches: 3
[76137.540795] sh (57064): drop_caches: 3
[76141.586054] sh (57064): drop_caches: 3
[76145.633040] sh (57064): drop_caches: 3
[76149.677974] sh (57064): drop_caches: 3
[76153.723684] sh (57064): drop_caches: 3
[76157.771378] sh (57064): drop_caches: 3
[76161.816083] sh (57064): drop_caches: 3
[76165.856211] sh (57064): drop_caches: 3
[76169.905628] sh (57064): drop_caches: 3
[76173.951601] sh (57064): drop_caches: 3
[76177.996694] sh (57064): drop_caches: 3
[76182.042360] sh (57064): drop_caches: 3
[76186.085983] sh (57064): drop_caches: 3
[76190.131457] sh (57064): drop_caches: 3
[76194.177668] sh (57064): drop_caches: 3
[76198.223568] sh (57064): drop_caches: 3
[76202.268675] sh (57064): drop_caches: 3
[76206.309032] sh (57064): drop_caches: 3
[76210.348890] sh (57064): drop_caches: 3
[76214.394474] sh (57064): drop_caches: 3
[76218.440926] sh (57064): drop_caches: 3
[76222.479252] sh (57064): drop_caches: 3
[76226.520793] sh (57064): drop_caches: 3
[76230.566488] sh (57064): drop_caches: 3
[76234.613313] sh (57064): drop_caches: 3
[76238.660284] sh (57064): drop_caches: 3
[76242.708823] sh (57064): drop_caches: 3
[76246.752358] sh (57064): drop_caches: 3
[76250.796556] sh (57064): drop_caches: 3
[76254.840052] sh (57064): drop_caches: 3
[76258.885386] sh (57064): drop_caches: 3
[76262.930150] sh (57064): drop_caches: 3
[76266.974723] sh (57064): drop_caches: 3
[76271.020549] sh (57064): drop_caches: 3
[76275.065749] sh (57064): drop_caches: 3
[76279.112351] sh (57064): drop_caches: 3
[76283.151576] sh (57064): drop_caches: 3
[76287.196308] sh (57064): drop_caches: 3
[76291.239302] sh (57064): drop_caches: 3
[76295.283567] sh (57064): drop_caches: 3
[76299.322384] sh (57064): drop_caches: 3
[76303.363866] sh (57064): drop_caches: 3
[76307.409061] sh (57064): drop_caches: 3
[76311.455210] sh (57064): drop_caches: 3
[76315.500256] sh (57064): drop_caches: 3
[76319.550794] sh (57064): drop_caches: 3
[76323.594380] sh (57064): drop_caches: 3
[76327.641362] sh (57064): drop_caches: 3
[76331.685065] sh (57064): drop_caches: 3
[76335.735074] sh (57064): drop_caches: 3
[76339.777869] sh (57064): drop_caches: 3
[76343.822466] sh (57064): drop_caches: 3
[76347.869158] sh (57064): drop_caches: 3
[76351.915969] sh (57064): drop_caches: 3
[76355.959157] sh (57064): drop_caches: 3
[76360.005722] sh (57064): drop_caches: 3
[76364.053250] sh (57064): drop_caches: 3
[76368.099713] sh (57064): drop_caches: 3
[76372.143842] sh (57064): drop_caches: 3
[76376.191736] sh (57064): drop_caches: 3
[76380.238056] sh (57064): drop_caches: 3
[76384.282968] sh (57064): drop_caches: 3
[76388.329105] sh (57064): drop_caches: 3
[76392.375600] sh (57064): drop_caches: 3
[76396.422626] sh (57064): drop_caches: 3
[76400.467988] sh (57064): drop_caches: 3
[76404.515896] sh (57064): drop_caches: 3
[76408.561932] sh (57064): drop_caches: 3
[76412.606960] sh (57064): drop_caches: 3
[76416.655405] sh (57064): drop_caches: 3
[76420.702735] sh (57064): drop_caches: 3
[76424.742814] sh (57064): drop_caches: 3
[76428.790746] sh (57064): drop_caches: 3
[76432.836071] sh (57064): drop_caches: 3
[76436.882075] sh (57064): drop_caches: 3
[76440.928346] sh (57064): drop_caches: 3
[76444.973323] sh (57064): drop_caches: 3
[76449.016873] sh (57064): drop_caches: 3
[76453.062805] sh (57064): drop_caches: 3
[76457.109530] sh (57064): drop_caches: 3
[76461.154025] sh (57064): drop_caches: 3
[76465.201552] sh (57064): drop_caches: 3
[76469.246778] sh (57064): drop_caches: 3
[76473.292859] sh (57064): drop_caches: 3
[76477.337310] sh (57064): drop_caches: 3
[76481.381625] sh (57064): drop_caches: 3
[76485.426780] sh (57064): drop_caches: 3
[76489.474952] sh (57064): drop_caches: 3
[76493.519250] sh (57064): drop_caches: 3
[76497.563232] sh (57064): drop_caches: 3
[76501.609660] sh (57064): drop_caches: 3
[76505.655159] sh (57064): drop_caches: 3
[76509.700264] sh (57064): drop_caches: 3
[76513.743425] sh (57064): drop_caches: 3
[76517.787502] sh (57064): drop_caches: 3
[76521.833164] sh (57064): drop_caches: 3
[76525.872701] sh (57064): drop_caches: 3
[76529.918249] sh (57064): drop_caches: 3
[76533.957070] sh (57064): drop_caches: 3
[76538.002126] sh (57064): drop_caches: 3
[76542.045632] sh (57064): drop_caches: 3
[76546.092248] sh (57064): drop_caches: 3
[76550.135157] sh (57064): drop_caches: 3
[76554.178917] sh (57064): drop_caches: 3
[76558.223994] sh (57064): drop_caches: 3
[76562.270595] sh (57064): drop_caches: 3
[76566.308061] sh (57064): drop_caches: 3
[76570.348715] sh (57064): drop_caches: 3
[76574.396889] sh (57064): drop_caches: 3
[76578.441674] sh (57064): drop_caches: 3
[76582.480677] sh (57064): drop_caches: 3
[76586.520821] sh (57064): drop_caches: 3
[76590.566043] sh (57064): drop_caches: 3
[76594.609555] sh (57064): drop_caches: 3
[76598.655599] sh (57064): drop_caches: 3
[76602.701022] sh (57064): drop_caches: 3
[76606.744758] sh (57064): drop_caches: 3
[76610.782807] sh (57064): drop_caches: 3
[76614.827832] sh (57064): drop_caches: 3
[76618.871439] sh (57064): drop_caches: 3
[76622.916094] sh (57064): drop_caches: 3
[76626.963985] sh (57064): drop_caches: 3
[76631.005874] sh (57064): drop_caches: 3
[76635.049144] sh (57064): drop_caches: 3
[76639.099084] sh (57064): drop_caches: 3
[76643.144688] sh (57064): drop_caches: 3
[76647.187778] sh (57064): drop_caches: 3
[76651.233027] sh (57064): drop_caches: 3
[76655.276830] sh (57064): drop_caches: 3
[76659.314482] sh (57064): drop_caches: 3
[76663.354396] sh (57064): drop_caches: 3
[76667.398733] sh (57064): drop_caches: 3
[76671.444825] sh (57064): drop_caches: 3
[76675.490132] sh (57064): drop_caches: 3
[76679.533978] sh (57064): drop_caches: 3
[76683.580343] sh (57064): drop_caches: 3
[76687.620686] sh (57064): drop_caches: 3
[76691.664882] sh (57064): drop_caches: 3
[76695.714033] sh (57064): drop_caches: 3
[76699.759496] sh (57064): drop_caches: 3
[76703.806308] sh (57064): drop_caches: 3
[76707.852933] sh (57064): drop_caches: 3
[76711.900627] sh (57064): drop_caches: 3
[76715.940822] sh (57064): drop_caches: 3
[76719.987923] sh (57064): drop_caches: 3
[76724.032667] sh (57064): drop_caches: 3
[76728.075950] sh (57064): drop_caches: 3
[76732.120838] sh (57064): drop_caches: 3
[76736.167723] sh (57064): drop_caches: 3
[76740.213223] sh (57064): drop_caches: 3
[76744.260721] sh (57064): drop_caches: 3
[76748.306805] sh (57064): drop_caches: 3
[76752.353182] sh (57064): drop_caches: 3
[76756.398769] sh (57064): drop_caches: 3
[76760.444798] sh (57064): drop_caches: 3
[76764.491090] sh (57064): drop_caches: 3
[76768.536549] sh (57064): drop_caches: 3
[76772.583101] sh (57064): drop_caches: 3
[76776.629368] sh (57064): drop_caches: 3
[76780.674392] sh (57064): drop_caches: 3
[76784.718927] sh (57064): drop_caches: 3
[76788.763727] sh (57064): drop_caches: 3
[76792.810787] sh (57064): drop_caches: 3
[76796.855223] sh (57064): drop_caches: 3
[76800.900452] sh (57064): drop_caches: 3
[76804.946726] sh (57064): drop_caches: 3
[76808.990988] sh (57064): drop_caches: 3
[76813.036732] sh (57064): drop_caches: 3
[76817.082491] sh (57064): drop_caches: 3
[76821.125656] sh (57064): drop_caches: 3
[76825.173197] sh (57064): drop_caches: 3
[76829.218587] sh (57064): drop_caches: 3
[76833.263137] sh (57064): drop_caches: 3
[76837.309034] sh (57064): drop_caches: 3
[76841.357779] sh (57064): drop_caches: 3
[76845.406240] sh (57064): drop_caches: 3
[76849.449243] sh (57064): drop_caches: 3
[76853.495265] sh (57064): drop_caches: 3
[76857.540433] sh (57064): drop_caches: 3
[76861.585356] sh (57064): drop_caches: 3
[76865.628893] sh (57064): drop_caches: 3
[76869.672943] sh (57064): drop_caches: 3
[76873.718965] sh (57064): drop_caches: 3
[76877.764338] sh (57064): drop_caches: 3
[76881.808684] sh (57064): drop_caches: 3
[76885.848151] sh (57064): drop_caches: 3
[76889.892181] sh (57064): drop_caches: 3
[76893.938102] sh (57064): drop_caches: 3
[76897.981315] sh (57064): drop_caches: 3
[76902.028047] sh (57064): drop_caches: 3
[76906.075622] sh (57064): drop_caches: 3
[76910.122280] sh (57064): drop_caches: 3
[76914.168412] sh (57064): drop_caches: 3
[76918.211716] sh (57064): drop_caches: 3
[76922.261538] sh (57064): drop_caches: 3
[76926.306977] sh (57064): drop_caches: 3
[76930.346228] sh (57064): drop_caches: 3
[76934.392012] sh (57064): drop_caches: 3
[76938.430285] sh (57064): drop_caches: 3
[76942.471969] sh (57064): drop_caches: 3
[76946.516646] sh (57064): drop_caches: 3
[76950.561899] sh (57064): drop_caches: 3
[76954.608957] sh (57064): drop_caches: 3
[76958.654875] sh (57064): drop_caches: 3
[76962.700344] sh (57064): drop_caches: 3
[76966.745917] sh (57064): drop_caches: 3
[76970.789740] sh (57064): drop_caches: 3
[76974.835702] sh (57064): drop_caches: 3
[76978.881437] sh (57064): drop_caches: 3
[76982.928528] sh (57064): drop_caches: 3
[76986.975043] sh (57064): drop_caches: 3
[76991.021234] sh (57064): drop_caches: 3
[76995.067372] sh (57064): drop_caches: 3
[76999.113395] sh (57064): drop_caches: 3
[77003.158499] sh (57064): drop_caches: 3
[77007.203491] sh (57064): drop_caches: 3
[77011.247101] sh (57064): drop_caches: 3
[77015.285679] sh (57064): drop_caches: 3
[77019.327313] sh (57064): drop_caches: 3
[77023.371950] sh (57064): drop_caches: 3
[77027.417476] sh (57064): drop_caches: 3
[77031.465254] sh (57064): drop_caches: 3
[77035.510883] sh (57064): drop_caches: 3
[77039.555831] sh (57064): drop_caches: 3
[77043.599791] sh (57064): drop_caches: 3
[77047.643324] sh (57064): drop_caches: 3
[77051.689762] sh (57064): drop_caches: 3
[77055.736012] sh (57064): drop_caches: 3
[77059.784104] sh (57064): drop_caches: 3
[77063.827557] sh (57064): drop_caches: 3
[77067.874261] sh (57064): drop_caches: 3
[77071.919753] sh (57064): drop_caches: 3
[77075.965292] sh (57064): drop_caches: 3
[77080.010261] sh (57064): drop_caches: 3
[77084.054531] sh (57064): drop_caches: 3
[77088.096598] sh (57064): drop_caches: 3
[77092.145105] sh (57064): drop_caches: 3
[77096.191701] sh (57064): drop_caches: 3
[77100.238836] sh (57064): drop_caches: 3
[77104.283778] sh (57064): drop_caches: 3
[77108.328905] sh (57064): drop_caches: 3
[77112.374702] sh (57064): drop_caches: 3
[77116.418078] sh (57064): drop_caches: 3
[77120.463761] sh (57064): drop_caches: 3
[77124.508620] sh (57064): drop_caches: 3
[77128.553831] sh (57064): drop_caches: 3
[77132.595603] sh (57064): drop_caches: 3
[77136.640610] sh (57064): drop_caches: 3
[77140.686031] sh (57064): drop_caches: 3
[77144.734677] sh (57064): drop_caches: 3
[77148.781361] sh (57064): drop_caches: 3
[77152.827673] sh (57064): drop_caches: 3
[77156.870879] sh (57064): drop_caches: 3
[77160.918981] sh (57064): drop_caches: 3
[77164.964136] sh (57064): drop_caches: 3
[77169.011391] sh (57064): drop_caches: 3
[77173.057923] sh (57064): drop_caches: 3
[77177.103483] sh (57064): drop_caches: 3
[77181.151805] sh (57064): drop_caches: 3
[77185.198423] sh (57064): drop_caches: 3
[77189.243201] sh (57064): drop_caches: 3
[77193.287225] sh (57064): drop_caches: 3
[77197.332627] sh (57064): drop_caches: 3
[77201.375849] sh (57064): drop_caches: 3
[77201.423336] iCAT_SQLITE_RUN_END run=20260829-183938-56926
[77201.443921] EXT4-fs (nvme1n1): unmounting filesystem a9662659-7ce8-459d-9324-d02198e83258.
[77201.523403] pci_bus 0001:10: busn_res: [bus 10-ff] is released
[77201.523448] NVMeVirt: GC stats: policy=cat-fig7 host_pages=32293830 gc_pages=8184526 gc_count=632468 WAF=1.253 k=4 scale_pct=25 age_ratio=7
[77201.595981] NVMeVirt: Virtual NVMe device closed
