[141766.314624] NVMeVirt: Version 1.10 for >> Samsung 970 Pro SSD <<
[141766.314633] NVMeVirt: Storage: 0x100100000-0x300000000 (8191 MiB)
[141766.320258] NVMeVirt: Total Capacity(GiB,MiB)=2,2048 chs=2 luns=4 lines=8192 blk-size(MiB,KiB)=0,64 line-size(MiB,KiB)=0,256
[141766.327013] NVMeVirt: [chmodel_init] bandwidth 800 max_credits 26 tx_time 152
[141766.333865] NVMeVirt: [chmodel_init] bandwidth 800 max_credits 26 tx_time 152
[141766.333882] NVMeVirt: [chmodel_init] bandwidth 3360 max_credits 110 tx_time 36
[141766.335290] NVMeVirt: pqueue: Copyright (c) 2014, Volkan Yazıcı <volkan.yazici@gmail.com>. All rights reserved.
[141766.335338] NVMeVirt: Init FTL instance with 2 channels (524288 pages)
[141766.335340] NVMeVirt: GC victim policy: cat-fig7 k=10 scale_pct=400 age_ratio=7
[141766.341953] NVMeVirt: [chmodel_init] bandwidth 800 max_credits 26 tx_time 152
[141766.348395] NVMeVirt: [chmodel_init] bandwidth 800 max_credits 26 tx_time 152
[141766.348408] NVMeVirt: [chmodel_init] bandwidth 3360 max_credits 110 tx_time 36
[141766.349654] NVMeVirt: Init FTL instance with 2 channels (524288 pages)
[141766.349655] NVMeVirt: GC victim policy: cat-fig7 k=10 scale_pct=400 age_ratio=7
[141766.356074] NVMeVirt: [chmodel_init] bandwidth 800 max_credits 26 tx_time 152
[141766.362500] NVMeVirt: [chmodel_init] bandwidth 800 max_credits 26 tx_time 152
[141766.362514] NVMeVirt: [chmodel_init] bandwidth 3360 max_credits 110 tx_time 36
[141766.363759] NVMeVirt: Init FTL instance with 2 channels (524288 pages)
[141766.363760] NVMeVirt: GC victim policy: cat-fig7 k=10 scale_pct=400 age_ratio=7
[141766.370289] NVMeVirt: [chmodel_init] bandwidth 800 max_credits 26 tx_time 152
[141766.376709] NVMeVirt: [chmodel_init] bandwidth 800 max_credits 26 tx_time 152
[141766.376723] NVMeVirt: [chmodel_init] bandwidth 3360 max_credits 110 tx_time 36
[141766.377973] NVMeVirt: Init FTL instance with 2 channels (524288 pages)
[141766.377974] NVMeVirt: GC victim policy: cat-fig7 k=10 scale_pct=400 age_ratio=7
[141766.377978] NVMeVirt: FTL physical space: 8588886016, logical space: 8026996276 (physical/logical * 100 = 107)
[141766.377979] NVMeVirt: ns 0/1: size 7655 MiB
[141766.378021] PCI host bridge to bus 0001:10
[141766.378023] pci_bus 0001:10: root bus resource [io  0x0000-0xffff]
[141766.378025] pci_bus 0001:10: root bus resource [mem 0x00000000-0x3fffffffffff]
[141766.378027] pci_bus 0001:10: root bus resource [bus 00-ff]
[141766.378033] pci 0001:10:00.0: [0c51:0110] type 00 class 0x010802 PCIe Endpoint
[141766.378036] pci 0001:10:00.0: BAR 0 [mem 0x100000000-0x100003fff 64bit]
[141766.378037] pci 0001:10:00.0: enabling Extended Tags
[141766.378147] NVMeVirt: Virtual PCI bus created (node 0)
[141766.378710] NVMeVirt: nvmev_io_worker_0 started on cpu 2 (node 0)
[141766.378794] NVMeVirt: nvmev_dispatcher started on cpu 1 (node 0)
[141766.379057] nvme nvme1: pci function 0001:10:00.0
[141766.383195] nvme nvme1: 20/0/0 default/read/poll queues
[141766.386610] NVMeVirt: Virtual NVMe device created
[141767.447470] EXT4-fs (nvme1n1): mounted filesystem de0a6d01-fdc5-49d1-a399-45bd5f65e904 r/w with ordered data mode. Quota mode: none.
[141767.476089] iCAT_SQLITE_LOAD_START run=20260830-130123-143423
[141845.841366] iCAT_SQLITE_LOAD_END run=20260830-130123-143423
[141846.262891] sh (143555): drop_caches: 3
[141846.290874] iCAT_SQLITE_RUN_START run=20260830-130123-143423
[141849.885684] sh (143554): drop_caches: 3
[141853.928691] sh (143554): drop_caches: 3
[141857.973566] sh (143554): drop_caches: 3
[141862.019793] sh (143554): drop_caches: 3
[141866.064618] sh (143554): drop_caches: 3
[141870.109754] sh (143554): drop_caches: 3
[141874.158439] sh (143554): drop_caches: 3
[141878.203775] sh (143554): drop_caches: 3
[141882.248074] sh (143554): drop_caches: 3
[141886.294270] sh (143554): drop_caches: 3
[141890.338880] sh (143554): drop_caches: 3
[141894.383393] sh (143554): drop_caches: 3
[141898.428143] sh (143554): drop_caches: 3
[141902.473968] sh (143554): drop_caches: 3
[141906.521088] sh (143554): drop_caches: 3
[141910.560484] sh (143554): drop_caches: 3
[141914.606715] sh (143554): drop_caches: 3
[141918.652988] sh (143554): drop_caches: 3
[141922.692349] sh (143554): drop_caches: 3
[141926.733471] sh (143554): drop_caches: 3
[141930.777133] sh (143554): drop_caches: 3
[141934.823888] sh (143554): drop_caches: 3
[141938.867364] sh (143554): drop_caches: 3
[141942.912468] sh (143554): drop_caches: 3
[141946.957735] sh (143554): drop_caches: 3
[141951.003288] sh (143554): drop_caches: 3
[141955.048191] sh (143554): drop_caches: 3
[141959.093205] sh (143554): drop_caches: 3
[141963.137433] sh (143554): drop_caches: 3
[141967.181981] sh (143554): drop_caches: 3
[141971.231077] sh (143554): drop_caches: 3
[141975.276890] sh (143554): drop_caches: 3
[141979.322436] sh (143554): drop_caches: 3
[141983.362453] sh (143554): drop_caches: 3
[141987.408563] sh (143554): drop_caches: 3
[141991.453082] sh (143554): drop_caches: 3
[141995.496210] sh (143554): drop_caches: 3
[141999.541592] sh (143554): drop_caches: 3
[142003.584207] sh (143554): drop_caches: 3
[142007.626949] sh (143554): drop_caches: 3
[142011.673530] sh (143554): drop_caches: 3
[142015.717231] sh (143554): drop_caches: 3
[142019.761394] sh (143554): drop_caches: 3
[142023.807812] sh (143554): drop_caches: 3
[142027.855553] sh (143554): drop_caches: 3
[142031.906523] sh (143554): drop_caches: 3
[142035.950064] sh (143554): drop_caches: 3
[142039.994098] sh (143554): drop_caches: 3
[142044.040774] sh (143554): drop_caches: 3
[142048.085885] sh (143554): drop_caches: 3
[142052.131089] sh (143554): drop_caches: 3
[142056.173929] sh (143554): drop_caches: 3
[142060.212258] sh (143554): drop_caches: 3
[142064.257595] sh (143554): drop_caches: 3
[142068.303033] sh (143554): drop_caches: 3
[142072.347724] sh (143554): drop_caches: 3
[142076.393192] sh (143554): drop_caches: 3
[142080.439482] sh (143554): drop_caches: 3
[142084.483056] sh (143554): drop_caches: 3
[142088.530438] sh (143554): drop_caches: 3
[142092.575575] sh (143554): drop_caches: 3
[142096.621511] sh (143554): drop_caches: 3
[142100.669011] sh (143554): drop_caches: 3
[142104.715734] sh (143554): drop_caches: 3
[142108.761138] sh (143554): drop_caches: 3
[142112.803568] sh (143554): drop_caches: 3
[142116.846205] sh (143554): drop_caches: 3
[142120.891026] sh (143554): drop_caches: 3
[142124.936570] sh (143554): drop_caches: 3
[142128.980938] sh (143554): drop_caches: 3
[142133.024862] sh (143554): drop_caches: 3
[142137.067735] sh (143554): drop_caches: 3
[142141.115064] sh (143554): drop_caches: 3
[142145.159589] sh (143554): drop_caches: 3
[142149.205079] sh (143554): drop_caches: 3
[142153.248174] sh (143554): drop_caches: 3
[142157.295573] sh (143554): drop_caches: 3
[142161.341484] sh (143554): drop_caches: 3
[142165.386490] sh (143554): drop_caches: 3
[142169.430824] sh (143554): drop_caches: 3
[142173.477309] sh (143554): drop_caches: 3
[142177.522344] sh (143554): drop_caches: 3
[142181.567107] sh (143554): drop_caches: 3
[142185.609911] sh (143554): drop_caches: 3
[142189.656678] sh (143554): drop_caches: 3
[142193.694909] sh (143554): drop_caches: 3
[142197.734419] sh (143554): drop_caches: 3
[142201.779708] sh (143554): drop_caches: 3
[142205.823807] sh (143554): drop_caches: 3
[142209.860770] sh (143554): drop_caches: 3
[142213.901439] sh (143554): drop_caches: 3
[142217.943849] sh (143554): drop_caches: 3
[142221.990021] sh (143554): drop_caches: 3
[142226.036411] sh (143554): drop_caches: 3
[142230.080171] sh (143554): drop_caches: 3
[142234.126131] sh (143554): drop_caches: 3
[142238.172257] sh (143554): drop_caches: 3
[142242.215255] sh (143554): drop_caches: 3
[142246.261607] sh (143554): drop_caches: 3
[142250.309850] sh (143554): drop_caches: 3
[142254.354824] sh (143554): drop_caches: 3
[142258.398564] sh (143554): drop_caches: 3
[142262.441490] sh (143554): drop_caches: 3
[142266.487760] sh (143554): drop_caches: 3
[142270.526558] sh (143554): drop_caches: 3
[142274.574257] sh (143554): drop_caches: 3
[142278.616447] sh (143554): drop_caches: 3
[142282.663468] sh (143554): drop_caches: 3
[142286.702599] sh (143554): drop_caches: 3
[142290.745203] sh (143554): drop_caches: 3
[142294.792195] sh (143554): drop_caches: 3
[142298.837468] sh (143554): drop_caches: 3
[142302.882969] sh (143554): drop_caches: 3
[142306.928322] sh (143554): drop_caches: 3
[142310.971447] sh (143554): drop_caches: 3
[142315.014545] sh (143554): drop_caches: 3
[142319.060194] sh (143554): drop_caches: 3
[142323.105720] sh (143554): drop_caches: 3
[142327.149604] sh (143554): drop_caches: 3
[142331.196693] sh (143554): drop_caches: 3
[142335.241076] sh (143554): drop_caches: 3
[142339.289212] sh (143554): drop_caches: 3
[142343.336174] sh (143554): drop_caches: 3
[142347.379778] sh (143554): drop_caches: 3
[142351.425866] sh (143554): drop_caches: 3
[142355.471180] sh (143554): drop_caches: 3
[142359.514136] sh (143554): drop_caches: 3
[142363.559574] sh (143554): drop_caches: 3
[142367.602578] sh (143554): drop_caches: 3
[142371.647597] sh (143554): drop_caches: 3
[142375.695448] sh (143554): drop_caches: 3
[142379.738105] sh (143554): drop_caches: 3
[142383.782959] sh (143554): drop_caches: 3
[142387.820837] sh (143554): drop_caches: 3
[142391.865995] sh (143554): drop_caches: 3
[142395.911630] sh (143554): drop_caches: 3
[142399.957540] sh (143554): drop_caches: 3
[142404.004393] sh (143554): drop_caches: 3
[142408.049730] sh (143554): drop_caches: 3
[142412.098038] sh (143554): drop_caches: 3
[142416.142051] sh (143554): drop_caches: 3
[142420.187825] sh (143554): drop_caches: 3
[142424.230856] sh (143554): drop_caches: 3
[142428.274868] sh (143554): drop_caches: 3
[142432.318614] sh (143554): drop_caches: 3
[142436.365549] sh (143554): drop_caches: 3
[142440.411977] sh (143554): drop_caches: 3
[142444.458119] sh (143554): drop_caches: 3
[142448.509714] sh (143554): drop_caches: 3
[142452.555069] sh (143554): drop_caches: 3
[142456.603786] sh (143554): drop_caches: 3
[142460.647149] sh (143554): drop_caches: 3
[142464.688148] sh (143554): drop_caches: 3
[142468.731739] sh (143554): drop_caches: 3
[142472.774486] sh (143554): drop_caches: 3
[142476.817822] sh (143554): drop_caches: 3
[142480.861529] sh (143554): drop_caches: 3
[142484.905459] sh (143554): drop_caches: 3
[142488.950108] sh (143554): drop_caches: 3
[142492.992770] sh (143554): drop_caches: 3
[142497.037998] sh (143554): drop_caches: 3
[142501.083889] sh (143554): drop_caches: 3
[142505.131061] sh (143554): drop_caches: 3
[142509.178269] sh (143554): drop_caches: 3
[142513.225375] sh (143554): drop_caches: 3
[142517.270544] sh (143554): drop_caches: 3
[142521.315324] sh (143554): drop_caches: 3
[142525.359478] sh (143554): drop_caches: 3
[142529.405163] sh (143554): drop_caches: 3
[142533.449961] sh (143554): drop_caches: 3
[142537.494417] sh (143554): drop_caches: 3
[142541.539701] sh (143554): drop_caches: 3
[142545.584397] sh (143554): drop_caches: 3
[142549.628192] sh (143554): drop_caches: 3
[142553.674363] sh (143554): drop_caches: 3
[142557.715714] sh (143554): drop_caches: 3
[142561.758860] sh (143554): drop_caches: 3
[142565.804992] sh (143554): drop_caches: 3
[142569.851964] sh (143554): drop_caches: 3
[142573.892738] sh (143554): drop_caches: 3
[142577.937343] sh (143554): drop_caches: 3
[142581.983714] sh (143554): drop_caches: 3
[142586.030139] sh (143554): drop_caches: 3
[142590.075819] sh (143554): drop_caches: 3
[142594.121714] sh (143554): drop_caches: 3
[142598.166608] sh (143554): drop_caches: 3
[142602.212326] sh (143554): drop_caches: 3
[142606.257448] sh (143554): drop_caches: 3
[142610.301535] sh (143554): drop_caches: 3
[142614.348463] sh (143554): drop_caches: 3
[142618.395676] sh (143554): drop_caches: 3
[142622.437856] sh (143554): drop_caches: 3
[142626.486198] sh (143554): drop_caches: 3
[142630.523404] sh (143554): drop_caches: 3
[142634.568689] sh (143554): drop_caches: 3
[142638.610581] sh (143554): drop_caches: 3
[142642.656902] sh (143554): drop_caches: 3
[142646.695581] sh (143554): drop_caches: 3
[142650.737194] sh (143554): drop_caches: 3
[142654.786846] sh (143554): drop_caches: 3
[142658.834330] sh (143554): drop_caches: 3
[142662.877485] sh (143554): drop_caches: 3
[142666.922092] sh (143554): drop_caches: 3
[142670.967329] sh (143554): drop_caches: 3
[142675.010853] sh (143554): drop_caches: 3
[142679.056716] sh (143554): drop_caches: 3
[142683.106760] sh (143554): drop_caches: 3
[142687.151921] sh (143554): drop_caches: 3
[142691.197780] sh (143554): drop_caches: 3
[142695.245492] sh (143554): drop_caches: 3
[142699.289935] sh (143554): drop_caches: 3
[142703.337012] sh (143554): drop_caches: 3
[142707.383466] sh (143554): drop_caches: 3
[142711.430046] sh (143554): drop_caches: 3
[142715.475125] sh (143554): drop_caches: 3
[142719.523722] sh (143554): drop_caches: 3
[142723.568361] sh (143554): drop_caches: 3
[142727.613466] sh (143554): drop_caches: 3
[142731.659787] sh (143554): drop_caches: 3
[142735.704357] sh (143554): drop_caches: 3
[142739.749476] sh (143554): drop_caches: 3
[142743.798341] sh (143554): drop_caches: 3
[142747.842174] sh (143554): drop_caches: 3
[142751.884893] sh (143554): drop_caches: 3
[142755.933484] sh (143554): drop_caches: 3
[142759.977957] sh (143554): drop_caches: 3
[142764.024290] sh (143554): drop_caches: 3
[142768.068959] sh (143554): drop_caches: 3
[142772.112373] sh (143554): drop_caches: 3
[142776.156734] sh (143554): drop_caches: 3
[142780.201104] sh (143554): drop_caches: 3
[142784.245721] sh (143554): drop_caches: 3
[142788.291060] sh (143554): drop_caches: 3
[142792.330196] sh (143554): drop_caches: 3
[142796.377312] sh (143554): drop_caches: 3
[142800.423475] sh (143554): drop_caches: 3
[142804.470009] sh (143554): drop_caches: 3
[142808.514358] sh (143554): drop_caches: 3
[142812.558300] sh (143554): drop_caches: 3
[142816.603699] sh (143554): drop_caches: 3
[142820.650075] sh (143554): drop_caches: 3
[142824.696023] sh (143554): drop_caches: 3
[142828.739363] sh (143554): drop_caches: 3
[142832.783221] sh (143554): drop_caches: 3
[142836.827690] sh (143554): drop_caches: 3
[142840.873995] sh (143554): drop_caches: 3
[142844.918604] sh (143554): drop_caches: 3
[142848.965255] sh (143554): drop_caches: 3
[142853.013517] sh (143554): drop_caches: 3
[142857.059770] sh (143554): drop_caches: 3
[142861.104907] sh (143554): drop_caches: 3
[142865.154382] sh (143554): drop_caches: 3
[142869.192985] sh (143554): drop_caches: 3
[142873.236420] sh (143554): drop_caches: 3
[142877.281288] sh (143554): drop_caches: 3
[142881.326574] sh (143554): drop_caches: 3
[142885.372608] sh (143554): drop_caches: 3
[142889.417705] sh (143554): drop_caches: 3
[142893.463387] sh (143554): drop_caches: 3
[142897.509790] sh (143554): drop_caches: 3
[142901.556011] sh (143554): drop_caches: 3
[142905.602926] sh (143554): drop_caches: 3
[142909.648655] sh (143554): drop_caches: 3
[142913.685610] sh (143554): drop_caches: 3
[142917.724810] sh (143554): drop_caches: 3
[142921.769976] sh (143554): drop_caches: 3
[142925.815681] sh (143554): drop_caches: 3
[142929.855846] sh (143554): drop_caches: 3
[142933.894444] sh (143554): drop_caches: 3
[142937.937174] sh (143554): drop_caches: 3
[142941.981955] sh (143554): drop_caches: 3
[142946.029215] sh (143554): drop_caches: 3
[142950.073585] sh (143554): drop_caches: 3
[142954.116916] sh (143554): drop_caches: 3
[142958.160582] sh (143554): drop_caches: 3
[142962.206796] sh (143554): drop_caches: 3
[142966.251039] sh (143554): drop_caches: 3
[142970.294270] sh (143554): drop_caches: 3
[142974.337900] sh (143554): drop_caches: 3
[142978.381772] sh (143554): drop_caches: 3
[142982.425469] sh (143554): drop_caches: 3
[142986.469851] sh (143554): drop_caches: 3
[142990.513834] sh (143554): drop_caches: 3
[142994.559288] sh (143554): drop_caches: 3
[142998.603873] sh (143554): drop_caches: 3
[143002.652197] sh (143554): drop_caches: 3
[143006.690584] sh (143554): drop_caches: 3
[143010.730493] sh (143554): drop_caches: 3
[143014.776098] sh (143554): drop_caches: 3
[143018.822027] sh (143554): drop_caches: 3
[143022.868320] sh (143554): drop_caches: 3
[143026.914002] sh (143554): drop_caches: 3
[143030.957103] sh (143554): drop_caches: 3
[143035.000172] sh (143554): drop_caches: 3
[143039.045819] sh (143554): drop_caches: 3
[143043.092429] sh (143554): drop_caches: 3
[143047.138630] sh (143554): drop_caches: 3
[143051.184162] sh (143554): drop_caches: 3
[143055.230086] sh (143554): drop_caches: 3
[143059.276798] sh (143554): drop_caches: 3
[143063.322472] sh (143554): drop_caches: 3
[143067.367437] sh (143554): drop_caches: 3
[143071.412346] sh (143554): drop_caches: 3
[143075.456710] sh (143554): drop_caches: 3
[143079.502814] sh (143554): drop_caches: 3
[143083.548910] sh (143554): drop_caches: 3
[143087.594179] sh (143554): drop_caches: 3
[143091.638782] sh (143554): drop_caches: 3
[143095.685461] sh (143554): drop_caches: 3
[143099.729772] sh (143554): drop_caches: 3
[143103.774262] sh (143554): drop_caches: 3
[143107.819704] sh (143554): drop_caches: 3
[143111.864753] sh (143554): drop_caches: 3
[143115.910031] sh (143554): drop_caches: 3
[143119.955406] sh (143554): drop_caches: 3
[143124.004286] sh (143554): drop_caches: 3
[143128.049489] sh (143554): drop_caches: 3
[143132.096256] sh (143554): drop_caches: 3
[143136.144029] sh (143554): drop_caches: 3
[143140.189720] sh (143554): drop_caches: 3
[143144.235491] sh (143554): drop_caches: 3
[143148.281270] sh (143554): drop_caches: 3
[143152.326959] sh (143554): drop_caches: 3
[143156.371555] sh (143554): drop_caches: 3
[143160.415732] sh (143554): drop_caches: 3
[143164.461390] sh (143554): drop_caches: 3
[143168.507341] sh (143554): drop_caches: 3
[143172.554854] sh (143554): drop_caches: 3
[143176.600233] sh (143554): drop_caches: 3
[143180.648171] sh (143554): drop_caches: 3
[143184.692867] sh (143554): drop_caches: 3
[143188.745047] sh (143554): drop_caches: 3
[143192.790573] sh (143554): drop_caches: 3
[143196.830705] sh (143554): drop_caches: 3
[143200.878401] sh (143554): drop_caches: 3
[143204.924153] sh (143554): drop_caches: 3
[143208.967415] sh (143554): drop_caches: 3
[143213.012368] sh (143554): drop_caches: 3
[143217.057969] sh (143554): drop_caches: 3
[143221.104323] sh (143554): drop_caches: 3
[143225.150770] sh (143554): drop_caches: 3
[143229.195739] sh (143554): drop_caches: 3
[143233.242494] sh (143554): drop_caches: 3
[143237.288017] sh (143554): drop_caches: 3
[143241.334180] sh (143554): drop_caches: 3
[143245.380561] sh (143554): drop_caches: 3
[143249.424654] sh (143554): drop_caches: 3
[143253.469329] sh (143554): drop_caches: 3
[143257.514272] sh (143554): drop_caches: 3
[143261.558871] sh (143554): drop_caches: 3
[143265.602754] sh (143554): drop_caches: 3
[143269.652771] sh (143554): drop_caches: 3
[143273.689951] sh (143554): drop_caches: 3
[143277.730639] sh (143554): drop_caches: 3
[143281.775187] sh (143554): drop_caches: 3
[143285.819680] sh (143554): drop_caches: 3
[143289.859618] sh (143554): drop_caches: 3
[143293.899871] sh (143554): drop_caches: 3
[143297.944483] sh (143554): drop_caches: 3
[143301.992669] sh (143554): drop_caches: 3
[143306.036515] sh (143554): drop_caches: 3
[143310.080649] sh (143554): drop_caches: 3
[143314.125663] sh (143554): drop_caches: 3
[143318.171800] sh (143554): drop_caches: 3
[143322.216015] sh (143554): drop_caches: 3
[143326.260785] sh (143554): drop_caches: 3
[143330.304357] sh (143554): drop_caches: 3
[143334.350576] sh (143554): drop_caches: 3
[143338.386754] sh (143554): drop_caches: 3
[143338.438634] iCAT_SQLITE_RUN_END run=20260830-130123-143423
[143338.458010] EXT4-fs (nvme1n1): unmounting filesystem de0a6d01-fdc5-49d1-a399-45bd5f65e904.
[143338.549880] pci_bus 0001:10: busn_res: [bus 10-ff] is released
[143338.549930] NVMeVirt: GC stats: policy=cat-fig7 host_pages=32368287 gc_pages=14566145 gc_count=733343 WAF=1.450 k=10 scale_pct=400 age_ratio=7
[143338.612730] NVMeVirt: Virtual NVMe device closed
