[129129.177343] NVMeVirt: Version 1.10 for >> Samsung 970 Pro SSD <<
[129129.177352] NVMeVirt: Storage: 0x100100000-0x300000000 (8191 MiB)
[129129.184797] NVMeVirt: Total Capacity(GiB,MiB)=2,2048 chs=2 luns=4 lines=8192 blk-size(MiB,KiB)=0,64 line-size(MiB,KiB)=0,256
[129129.194256] NVMeVirt: [chmodel_init] bandwidth 800 max_credits 26 tx_time 152
[129129.201003] NVMeVirt: [chmodel_init] bandwidth 800 max_credits 26 tx_time 152
[129129.201017] NVMeVirt: [chmodel_init] bandwidth 3360 max_credits 110 tx_time 36
[129129.202242] NVMeVirt: pqueue: Copyright (c) 2014, Volkan Yazıcı <volkan.yazici@gmail.com>. All rights reserved.
[129129.202279] NVMeVirt: Init FTL instance with 2 channels (524288 pages)
[129129.202280] NVMeVirt: GC victim policy: cat-fig7 k=10 scale_pct=50 age_ratio=16
[129129.208852] NVMeVirt: [chmodel_init] bandwidth 800 max_credits 26 tx_time 152
[129129.215383] NVMeVirt: [chmodel_init] bandwidth 800 max_credits 26 tx_time 152
[129129.215397] NVMeVirt: [chmodel_init] bandwidth 3360 max_credits 110 tx_time 36
[129129.216678] NVMeVirt: Init FTL instance with 2 channels (524288 pages)
[129129.216680] NVMeVirt: GC victim policy: cat-fig7 k=10 scale_pct=50 age_ratio=16
[129129.223120] NVMeVirt: [chmodel_init] bandwidth 800 max_credits 26 tx_time 152
[129129.229576] NVMeVirt: [chmodel_init] bandwidth 800 max_credits 26 tx_time 152
[129129.229590] NVMeVirt: [chmodel_init] bandwidth 3360 max_credits 110 tx_time 36
[129129.230839] NVMeVirt: Init FTL instance with 2 channels (524288 pages)
[129129.230840] NVMeVirt: GC victim policy: cat-fig7 k=10 scale_pct=50 age_ratio=16
[129129.237286] NVMeVirt: [chmodel_init] bandwidth 800 max_credits 26 tx_time 152
[129129.243723] NVMeVirt: [chmodel_init] bandwidth 800 max_credits 26 tx_time 152
[129129.243736] NVMeVirt: [chmodel_init] bandwidth 3360 max_credits 110 tx_time 36
[129129.245033] NVMeVirt: Init FTL instance with 2 channels (524288 pages)
[129129.245034] NVMeVirt: GC victim policy: cat-fig7 k=10 scale_pct=50 age_ratio=16
[129129.245038] NVMeVirt: FTL physical space: 8588886016, logical space: 8026996276 (physical/logical * 100 = 107)
[129129.245039] NVMeVirt: ns 0/1: size 7655 MiB
[129129.245079] PCI host bridge to bus 0001:10
[129129.245080] pci_bus 0001:10: root bus resource [io  0x0000-0xffff]
[129129.245082] pci_bus 0001:10: root bus resource [mem 0x00000000-0x3fffffffffff]
[129129.245084] pci_bus 0001:10: root bus resource [bus 00-ff]
[129129.245090] pci 0001:10:00.0: [0c51:0110] type 00 class 0x010802 PCIe Endpoint
[129129.245093] pci 0001:10:00.0: BAR 0 [mem 0x100000000-0x100003fff 64bit]
[129129.245095] pci 0001:10:00.0: enabling Extended Tags
[129129.245205] NVMeVirt: Virtual PCI bus created (node 0)
[129129.245726] NVMeVirt: nvmev_io_worker_0 started on cpu 2 (node 0)
[129129.245790] NVMeVirt: nvmev_dispatcher started on cpu 1 (node 0)
[129129.246005] nvme nvme1: pci function 0001:10:00.0
[129129.250761] nvme nvme1: 20/0/0 default/read/poll queues
[129129.255216] NVMeVirt: Virtual NVMe device created
[129130.317820] EXT4-fs (nvme1n1): mounted filesystem e9d5dfcc-b11b-4bd1-8c47-6f31b08bc419 r/w with ordered data mode. Quota mode: none.
[129130.348174] iCAT_SQLITE_LOAD_START run=20260830-093046-118547
[129212.259287] iCAT_SQLITE_LOAD_END run=20260830-093046-118547
[129212.625379] sh (119052): drop_caches: 3
[129212.653496] iCAT_SQLITE_RUN_START run=20260830-093046-118547
[129216.299894] sh (119049): drop_caches: 3
[129220.350713] sh (119049): drop_caches: 3
[129224.403565] sh (119049): drop_caches: 3
[129228.452914] sh (119049): drop_caches: 3
[129232.502988] sh (119049): drop_caches: 3
[129236.547832] sh (119049): drop_caches: 3
[129240.599088] sh (119049): drop_caches: 3
[129244.648429] sh (119049): drop_caches: 3
[129248.690824] sh (119049): drop_caches: 3
[129252.734807] sh (119049): drop_caches: 3
[129256.783027] sh (119049): drop_caches: 3
[129260.830539] sh (119049): drop_caches: 3
[129264.882934] sh (119049): drop_caches: 3
[129268.932450] sh (119049): drop_caches: 3
[129272.981825] sh (119049): drop_caches: 3
[129277.032854] sh (119049): drop_caches: 3
[129281.081182] sh (119049): drop_caches: 3
[129285.133384] sh (119049): drop_caches: 3
[129289.182292] sh (119049): drop_caches: 3
[129293.227902] sh (119049): drop_caches: 3
[129297.282813] sh (119049): drop_caches: 3
[129301.332720] sh (119049): drop_caches: 3
[129305.387553] sh (119049): drop_caches: 3
[129309.438815] sh (119049): drop_caches: 3
[129313.491585] sh (119049): drop_caches: 3
[129317.541417] sh (119049): drop_caches: 3
[129321.586409] sh (119049): drop_caches: 3
[129325.637865] sh (119049): drop_caches: 3
[129329.687196] sh (119049): drop_caches: 3
[129333.736734] sh (119049): drop_caches: 3
[129337.785814] sh (119049): drop_caches: 3
[129341.830424] sh (119049): drop_caches: 3
[129345.876954] sh (119049): drop_caches: 3
[129349.929976] sh (119049): drop_caches: 3
[129353.984578] sh (119049): drop_caches: 3
[129358.033414] sh (119049): drop_caches: 3
[129362.085128] sh (119049): drop_caches: 3
[129366.133342] sh (119049): drop_caches: 3
[129370.187639] sh (119049): drop_caches: 3
[129374.236751] sh (119049): drop_caches: 3
[129378.281481] sh (119049): drop_caches: 3
[129382.333692] sh (119049): drop_caches: 3
[129386.375922] sh (119049): drop_caches: 3
[129390.427429] sh (119049): drop_caches: 3
[129394.477976] sh (119049): drop_caches: 3
[129398.530390] sh (119049): drop_caches: 3
[129402.579855] sh (119049): drop_caches: 3
[129406.627754] sh (119049): drop_caches: 3
[129410.671824] sh (119049): drop_caches: 3
[129414.715292] sh (119049): drop_caches: 3
[129418.767000] sh (119049): drop_caches: 3
[129422.820127] sh (119049): drop_caches: 3
[129426.864571] sh (119049): drop_caches: 3
[129430.917817] sh (119049): drop_caches: 3
[129434.962819] sh (119049): drop_caches: 3
[129439.011649] sh (119049): drop_caches: 3
[129443.060105] sh (119049): drop_caches: 3
[129447.111672] sh (119049): drop_caches: 3
[129451.162843] sh (119049): drop_caches: 3
[129455.214587] sh (119049): drop_caches: 3
[129459.266938] sh (119049): drop_caches: 3
[129463.319054] sh (119049): drop_caches: 3
[129467.361782] sh (119049): drop_caches: 3
[129471.406126] sh (119049): drop_caches: 3
[129475.460239] sh (119049): drop_caches: 3
[129479.514483] sh (119049): drop_caches: 3
[129483.565773] sh (119049): drop_caches: 3
[129487.608748] sh (119049): drop_caches: 3
[129491.658463] sh (119049): drop_caches: 3
[129495.704101] sh (119049): drop_caches: 3
[129499.756544] sh (119049): drop_caches: 3
[129503.807908] sh (119049): drop_caches: 3
[129507.859166] sh (119049): drop_caches: 3
[129511.906014] sh (119049): drop_caches: 3
[129515.948773] sh (119049): drop_caches: 3
[129519.999897] sh (119049): drop_caches: 3
[129524.043478] sh (119049): drop_caches: 3
[129528.095317] sh (119049): drop_caches: 3
[129532.146681] sh (119049): drop_caches: 3
[129536.194189] sh (119049): drop_caches: 3
[129540.242768] sh (119049): drop_caches: 3
[129544.294852] sh (119049): drop_caches: 3
[129548.342457] sh (119049): drop_caches: 3
[129552.396158] sh (119049): drop_caches: 3
[129556.441542] sh (119049): drop_caches: 3
[129560.490019] sh (119049): drop_caches: 3
[129564.544704] sh (119049): drop_caches: 3
[129568.595776] sh (119049): drop_caches: 3
[129572.645269] sh (119049): drop_caches: 3
[129576.692301] sh (119049): drop_caches: 3
[129580.742882] sh (119049): drop_caches: 3
[129584.785242] sh (119049): drop_caches: 3
[129588.837248] sh (119049): drop_caches: 3
[129592.889051] sh (119049): drop_caches: 3
[129596.935605] sh (119049): drop_caches: 3
[129600.976202] sh (119049): drop_caches: 3
[129605.028199] sh (119049): drop_caches: 3
[129609.078103] sh (119049): drop_caches: 3
[129613.129943] sh (119049): drop_caches: 3
[129617.180374] sh (119049): drop_caches: 3
[129621.226141] sh (119049): drop_caches: 3
[129625.277548] sh (119049): drop_caches: 3
[129629.327308] sh (119049): drop_caches: 3
[129633.381094] sh (119049): drop_caches: 3
[129637.430234] sh (119049): drop_caches: 3
[129641.478740] sh (119049): drop_caches: 3
[129645.530874] sh (119049): drop_caches: 3
[129649.581917] sh (119049): drop_caches: 3
[129653.633545] sh (119049): drop_caches: 3
[129657.678098] sh (119049): drop_caches: 3
[129661.718888] sh (119049): drop_caches: 3
[129665.768880] sh (119049): drop_caches: 3
[129669.820398] sh (119049): drop_caches: 3
[129673.867262] sh (119049): drop_caches: 3
[129677.919141] sh (119049): drop_caches: 3
[129681.967389] sh (119049): drop_caches: 3
[129686.009843] sh (119049): drop_caches: 3
[129690.060027] sh (119049): drop_caches: 3
[129694.111000] sh (119049): drop_caches: 3
[129698.162044] sh (119049): drop_caches: 3
[129702.217343] sh (119049): drop_caches: 3
[129706.266227] sh (119049): drop_caches: 3
[129710.317489] sh (119049): drop_caches: 3
[129714.365436] sh (119049): drop_caches: 3
[129718.410673] sh (119049): drop_caches: 3
[129722.461060] sh (119049): drop_caches: 3
[129726.508896] sh (119049): drop_caches: 3
[129730.560138] sh (119049): drop_caches: 3
[129734.611462] sh (119049): drop_caches: 3
[129738.663523] sh (119049): drop_caches: 3
[129742.712347] sh (119049): drop_caches: 3
[129746.763864] sh (119049): drop_caches: 3
[129750.815153] sh (119049): drop_caches: 3
[129754.859641] sh (119049): drop_caches: 3
[129758.910986] sh (119049): drop_caches: 3
[129762.962707] sh (119049): drop_caches: 3
[129767.004205] sh (119049): drop_caches: 3
[129771.045700] sh (119049): drop_caches: 3
[129775.095722] sh (119049): drop_caches: 3
[129779.148057] sh (119049): drop_caches: 3
[129783.198013] sh (119049): drop_caches: 3
[129787.252441] sh (119049): drop_caches: 3
[129791.303049] sh (119049): drop_caches: 3
[129795.356804] sh (119049): drop_caches: 3
[129799.406667] sh (119049): drop_caches: 3
[129803.457707] sh (119049): drop_caches: 3
[129807.509613] sh (119049): drop_caches: 3
[129811.560018] sh (119049): drop_caches: 3
[129815.611514] sh (119049): drop_caches: 3
[129819.659264] sh (119049): drop_caches: 3
[129823.710152] sh (119049): drop_caches: 3
[129827.759594] sh (119049): drop_caches: 3
[129831.809621] sh (119049): drop_caches: 3
[129835.858928] sh (119049): drop_caches: 3
[129839.907227] sh (119049): drop_caches: 3
[129843.962444] sh (119049): drop_caches: 3
[129848.008992] sh (119049): drop_caches: 3
[129852.052933] sh (119049): drop_caches: 3
[129856.100706] sh (119049): drop_caches: 3
[129860.153870] sh (119049): drop_caches: 3
[129864.202872] sh (119049): drop_caches: 3
[129868.259123] sh (119049): drop_caches: 3
[129872.312766] sh (119049): drop_caches: 3
[129876.361699] sh (119049): drop_caches: 3
[129880.414078] sh (119049): drop_caches: 3
[129884.462708] sh (119049): drop_caches: 3
[129888.517629] sh (119049): drop_caches: 3
[129892.569095] sh (119049): drop_caches: 3
[129896.619356] sh (119049): drop_caches: 3
[129900.666983] sh (119049): drop_caches: 3
[129904.709015] sh (119049): drop_caches: 3
[129908.763396] sh (119049): drop_caches: 3
[129912.812898] sh (119049): drop_caches: 3
[129916.863035] sh (119049): drop_caches: 3
[129920.914283] sh (119049): drop_caches: 3
[129924.966020] sh (119049): drop_caches: 3
[129929.015125] sh (119049): drop_caches: 3
[129933.059080] sh (119049): drop_caches: 3
[129937.103282] sh (119049): drop_caches: 3
[129941.151280] sh (119049): drop_caches: 3
[129945.202569] sh (119049): drop_caches: 3
[129949.256101] sh (119049): drop_caches: 3
[129953.309154] sh (119049): drop_caches: 3
[129957.356741] sh (119049): drop_caches: 3
[129961.406139] sh (119049): drop_caches: 3
[129965.457862] sh (119049): drop_caches: 3
[129969.509269] sh (119049): drop_caches: 3
[129973.561086] sh (119049): drop_caches: 3
[129977.610445] sh (119049): drop_caches: 3
[129981.660778] sh (119049): drop_caches: 3
[129985.708094] sh (119049): drop_caches: 3
[129989.749881] sh (119049): drop_caches: 3
[129993.794330] sh (119049): drop_caches: 3
[129997.838938] sh (119049): drop_caches: 3
[130001.888401] sh (119049): drop_caches: 3
[130005.935807] sh (119049): drop_caches: 3
[130009.992485] sh (119049): drop_caches: 3
[130014.042650] sh (119049): drop_caches: 3
[130018.092326] sh (119049): drop_caches: 3
[130022.135906] sh (119049): drop_caches: 3
[130026.185695] sh (119049): drop_caches: 3
[130030.234493] sh (119049): drop_caches: 3
[130034.285702] sh (119049): drop_caches: 3
[130038.335402] sh (119049): drop_caches: 3
[130042.383700] sh (119049): drop_caches: 3
[130046.431315] sh (119049): drop_caches: 3
[130050.483466] sh (119049): drop_caches: 3
[130054.532629] sh (119049): drop_caches: 3
[130058.582126] sh (119049): drop_caches: 3
[130062.632703] sh (119049): drop_caches: 3
[130066.683077] sh (119049): drop_caches: 3
[130070.733135] sh (119049): drop_caches: 3
[130074.783210] sh (119049): drop_caches: 3
[130078.825228] sh (119049): drop_caches: 3
[130082.869972] sh (119049): drop_caches: 3
[130086.911754] sh (119049): drop_caches: 3
[130090.960318] sh (119049): drop_caches: 3
[130095.005778] sh (119049): drop_caches: 3
[130099.056965] sh (119049): drop_caches: 3
[130103.108593] sh (119049): drop_caches: 3
[130107.153409] sh (119049): drop_caches: 3
[130111.202163] sh (119049): drop_caches: 3
[130115.251382] sh (119049): drop_caches: 3
[130119.303043] sh (119049): drop_caches: 3
[130123.351596] sh (119049): drop_caches: 3
[130127.395970] sh (119049): drop_caches: 3
[130131.443806] sh (119049): drop_caches: 3
[130135.496475] sh (119049): drop_caches: 3
[130139.546724] sh (119049): drop_caches: 3
[130143.598415] sh (119049): drop_caches: 3
[130147.641939] sh (119049): drop_caches: 3
[130151.684880] sh (119049): drop_caches: 3
[130155.735135] sh (119049): drop_caches: 3
[130159.785439] sh (119049): drop_caches: 3
[130163.836336] sh (119049): drop_caches: 3
[130167.880077] sh (119049): drop_caches: 3
[130171.931759] sh (119049): drop_caches: 3
[130175.973754] sh (119049): drop_caches: 3
[130180.017874] sh (119049): drop_caches: 3
[130184.060418] sh (119049): drop_caches: 3
[130188.108313] sh (119049): drop_caches: 3
[130192.157453] sh (119049): drop_caches: 3
[130196.206468] sh (119049): drop_caches: 3
[130200.248829] sh (119049): drop_caches: 3
[130204.298001] sh (119049): drop_caches: 3
[130208.350401] sh (119049): drop_caches: 3
[130212.403459] sh (119049): drop_caches: 3
[130216.452656] sh (119049): drop_caches: 3
[130220.501920] sh (119049): drop_caches: 3
[130224.554890] sh (119049): drop_caches: 3
[130228.604836] sh (119049): drop_caches: 3
[130232.654648] sh (119049): drop_caches: 3
[130236.701191] sh (119049): drop_caches: 3
[130240.750751] sh (119049): drop_caches: 3
[130244.803431] sh (119049): drop_caches: 3
[130248.854909] sh (119049): drop_caches: 3
[130252.903689] sh (119049): drop_caches: 3
[130256.948247] sh (119049): drop_caches: 3
[130260.987585] sh (119049): drop_caches: 3
[130265.037159] sh (119049): drop_caches: 3
[130269.088896] sh (119049): drop_caches: 3
[130273.139346] sh (119049): drop_caches: 3
[130277.188394] sh (119049): drop_caches: 3
[130281.232169] sh (119049): drop_caches: 3
[130285.284015] sh (119049): drop_caches: 3
[130289.328168] sh (119049): drop_caches: 3
[130293.380560] sh (119049): drop_caches: 3
[130297.422984] sh (119049): drop_caches: 3
[130301.476979] sh (119049): drop_caches: 3
[130305.530960] sh (119049): drop_caches: 3
[130309.585349] sh (119049): drop_caches: 3
[130313.636724] sh (119049): drop_caches: 3
[130317.683741] sh (119049): drop_caches: 3
[130321.730350] sh (119049): drop_caches: 3
[130325.781741] sh (119049): drop_caches: 3
[130329.825408] sh (119049): drop_caches: 3
[130333.876651] sh (119049): drop_caches: 3
[130337.927948] sh (119049): drop_caches: 3
[130341.977817] sh (119049): drop_caches: 3
[130346.017565] sh (119049): drop_caches: 3
[130350.066505] sh (119049): drop_caches: 3
[130354.118368] sh (119049): drop_caches: 3
[130358.169926] sh (119049): drop_caches: 3
[130362.220465] sh (119049): drop_caches: 3
[130366.269661] sh (119049): drop_caches: 3
[130370.318977] sh (119049): drop_caches: 3
[130374.368439] sh (119049): drop_caches: 3
[130378.413301] sh (119049): drop_caches: 3
[130382.464395] sh (119049): drop_caches: 3
[130386.512446] sh (119049): drop_caches: 3
[130390.554045] sh (119049): drop_caches: 3
[130394.602543] sh (119049): drop_caches: 3
[130398.652893] sh (119049): drop_caches: 3
[130402.701578] sh (119049): drop_caches: 3
[130406.749745] sh (119049): drop_caches: 3
[130410.800619] sh (119049): drop_caches: 3
[130414.844253] sh (119049): drop_caches: 3
[130418.895777] sh (119049): drop_caches: 3
[130422.946616] sh (119049): drop_caches: 3
[130426.999986] sh (119049): drop_caches: 3
[130431.043589] sh (119049): drop_caches: 3
[130435.088620] sh (119049): drop_caches: 3
[130439.137920] sh (119049): drop_caches: 3
[130443.190682] sh (119049): drop_caches: 3
[130447.242600] sh (119049): drop_caches: 3
[130451.291308] sh (119049): drop_caches: 3
[130455.336162] sh (119049): drop_caches: 3
[130459.389162] sh (119049): drop_caches: 3
[130463.441463] sh (119049): drop_caches: 3
[130467.484899] sh (119049): drop_caches: 3
[130471.534177] sh (119049): drop_caches: 3
[130475.585848] sh (119049): drop_caches: 3
[130479.634175] sh (119049): drop_caches: 3
[130483.684526] sh (119049): drop_caches: 3
[130487.736596] sh (119049): drop_caches: 3
[130491.783557] sh (119049): drop_caches: 3
[130495.834835] sh (119049): drop_caches: 3
[130499.884303] sh (119049): drop_caches: 3
[130503.933131] sh (119049): drop_caches: 3
[130507.981044] sh (119049): drop_caches: 3
[130512.023717] sh (119049): drop_caches: 3
[130516.067965] sh (119049): drop_caches: 3
[130520.117951] sh (119049): drop_caches: 3
[130524.161444] sh (119049): drop_caches: 3
[130528.211937] sh (119049): drop_caches: 3
[130532.260939] sh (119049): drop_caches: 3
[130536.308604] sh (119049): drop_caches: 3
[130540.360388] sh (119049): drop_caches: 3
[130544.409231] sh (119049): drop_caches: 3
[130548.458745] sh (119049): drop_caches: 3
[130552.507393] sh (119049): drop_caches: 3
[130556.556703] sh (119049): drop_caches: 3
[130560.605667] sh (119049): drop_caches: 3
[130564.655107] sh (119049): drop_caches: 3
[130568.707310] sh (119049): drop_caches: 3
[130572.761645] sh (119049): drop_caches: 3
[130576.807302] sh (119049): drop_caches: 3
[130580.855849] sh (119049): drop_caches: 3
[130584.908903] sh (119049): drop_caches: 3
[130588.959051] sh (119049): drop_caches: 3
[130593.000446] sh (119049): drop_caches: 3
[130597.042076] sh (119049): drop_caches: 3
[130601.085330] sh (119049): drop_caches: 3
[130605.133807] sh (119049): drop_caches: 3
[130609.185875] sh (119049): drop_caches: 3
[130613.230101] sh (119049): drop_caches: 3
[130617.281914] sh (119049): drop_caches: 3
[130621.328493] sh (119049): drop_caches: 3
[130625.376321] sh (119049): drop_caches: 3
[130629.420554] sh (119049): drop_caches: 3
[130633.471384] sh (119049): drop_caches: 3
[130637.523076] sh (119049): drop_caches: 3
[130641.565567] sh (119049): drop_caches: 3
[130645.614882] sh (119049): drop_caches: 3
[130649.666223] sh (119049): drop_caches: 3
[130653.716418] sh (119049): drop_caches: 3
[130657.767453] sh (119049): drop_caches: 3
[130661.809277] sh (119049): drop_caches: 3
[130665.856259] sh (119049): drop_caches: 3
[130669.904227] sh (119049): drop_caches: 3
[130673.956376] sh (119049): drop_caches: 3
[130677.999815] sh (119049): drop_caches: 3
[130682.042389] sh (119049): drop_caches: 3
[130686.086058] sh (119049): drop_caches: 3
[130690.137992] sh (119049): drop_caches: 3
[130694.188968] sh (119049): drop_caches: 3
[130698.223362] sh (119049): drop_caches: 3
[130698.274830] iCAT_SQLITE_RUN_END run=20260830-093046-118547
[130698.294191] EXT4-fs (nvme1n1): unmounting filesystem e9d5dfcc-b11b-4bd1-8c47-6f31b08bc419.
[130698.356926] pci_bus 0001:10: busn_res: [bus 10-ff] is released
[130698.356982] NVMeVirt: GC stats: policy=cat-fig7 host_pages=32364854 gc_pages=6896069 gc_count=613446 WAF=1.213 k=10 scale_pct=50 age_ratio=16
[130698.428693] NVMeVirt: Virtual NVMe device closed
