[55124.519576] NVMeVirt: Version 1.10 for >> Samsung 970 Pro SSD <<
[55124.519588] NVMeVirt: Storage: 0x100100000-0x300000000 (8191 MiB)
[55124.527581] NVMeVirt: Total Capacity(GiB,MiB)=2,2048 chs=2 luns=4 lines=8192 blk-size(MiB,KiB)=0,64 line-size(MiB,KiB)=0,256
[55124.539067] NVMeVirt: [chmodel_init] bandwidth 800 max_credits 26 tx_time 152
[55124.547386] NVMeVirt: [chmodel_init] bandwidth 800 max_credits 26 tx_time 152
[55124.547403] NVMeVirt: [chmodel_init] bandwidth 3360 max_credits 110 tx_time 36
[55124.548753] NVMeVirt: pqueue: Copyright (c) 2014, Volkan Yazıcı <volkan.yazici@gmail.com>. All rights reserved.
[55124.548793] NVMeVirt: Init FTL instance with 2 channels (524288 pages)
[55124.548795] NVMeVirt: GC victim policy: cat-fig7 k=2 scale_pct=50 age_ratio=4
[55124.558453] NVMeVirt: [chmodel_init] bandwidth 800 max_credits 26 tx_time 152
[55124.565371] NVMeVirt: [chmodel_init] bandwidth 800 max_credits 26 tx_time 152
[55124.565386] NVMeVirt: [chmodel_init] bandwidth 3360 max_credits 110 tx_time 36
[55124.566640] NVMeVirt: Init FTL instance with 2 channels (524288 pages)
[55124.566641] NVMeVirt: GC victim policy: cat-fig7 k=2 scale_pct=50 age_ratio=4
[55124.573181] NVMeVirt: [chmodel_init] bandwidth 800 max_credits 26 tx_time 152
[55124.579633] NVMeVirt: [chmodel_init] bandwidth 800 max_credits 26 tx_time 152
[55124.579649] NVMeVirt: [chmodel_init] bandwidth 3360 max_credits 110 tx_time 36
[55124.580907] NVMeVirt: Init FTL instance with 2 channels (524288 pages)
[55124.580908] NVMeVirt: GC victim policy: cat-fig7 k=2 scale_pct=50 age_ratio=4
[55124.587290] NVMeVirt: [chmodel_init] bandwidth 800 max_credits 26 tx_time 152
[55124.593619] NVMeVirt: [chmodel_init] bandwidth 800 max_credits 26 tx_time 152
[55124.593634] NVMeVirt: [chmodel_init] bandwidth 3360 max_credits 110 tx_time 36
[55124.594905] NVMeVirt: Init FTL instance with 2 channels (524288 pages)
[55124.594906] NVMeVirt: GC victim policy: cat-fig7 k=2 scale_pct=50 age_ratio=4
[55124.594910] NVMeVirt: FTL physical space: 8588886016, logical space: 8026996276 (physical/logical * 100 = 107)
[55124.594911] NVMeVirt: ns 0/1: size 7655 MiB
[55124.594953] PCI host bridge to bus 0001:10
[55124.594955] pci_bus 0001:10: root bus resource [io  0x0000-0xffff]
[55124.594957] pci_bus 0001:10: root bus resource [mem 0x00000000-0x3fffffffffff]
[55124.594958] pci_bus 0001:10: root bus resource [bus 00-ff]
[55124.594964] pci 0001:10:00.0: [0c51:0110] type 00 class 0x010802 PCIe Endpoint
[55124.594967] pci 0001:10:00.0: BAR 0 [mem 0x100000000-0x100003fff 64bit]
[55124.594969] pci 0001:10:00.0: enabling Extended Tags
[55124.595077] NVMeVirt: Virtual PCI bus created (node 0)
[55124.595644] NVMeVirt: nvmev_io_worker_0 started on cpu 2 (node 0)
[55124.595800] NVMeVirt: nvmev_dispatcher started on cpu 1 (node 0)
[55124.595988] nvme nvme1: pci function 0001:10:00.0
[55124.598559] nvme nvme1: 20/0/0 default/read/poll queues
[55124.603211] NVMeVirt: Virtual NVMe device created
[55125.666059] EXT4-fs (nvme1n1): mounted filesystem 160c56a7-6291-4941-aa5e-046a56106840 r/w with ordered data mode. Quota mode: none.
[55125.696262] iCAT_SQLITE_LOAD_START run=20260829-125721-48652
[55202.709675] iCAT_SQLITE_LOAD_END run=20260829-125721-48652
[55203.135459] sh (48785): drop_caches: 3
[55203.168552] iCAT_SQLITE_RUN_START run=20260829-125721-48652
[55206.753082] sh (48784): drop_caches: 3
[55210.800973] sh (48784): drop_caches: 3
[55214.847365] sh (48784): drop_caches: 3
[55218.895400] sh (48784): drop_caches: 3
[55222.942326] sh (48784): drop_caches: 3
[55226.988616] sh (48784): drop_caches: 3
[55231.033569] sh (48784): drop_caches: 3
[55235.080332] sh (48784): drop_caches: 3
[55239.126052] sh (48784): drop_caches: 3
[55243.171693] sh (48784): drop_caches: 3
[55247.216682] sh (48784): drop_caches: 3
[55251.263424] sh (48784): drop_caches: 3
[55255.308493] sh (48784): drop_caches: 3
[55259.361064] sh (48784): drop_caches: 3
[55263.405767] sh (48784): drop_caches: 3
[55267.447268] sh (48784): drop_caches: 3
[55271.486977] sh (48784): drop_caches: 3
[55275.526695] sh (48784): drop_caches: 3
[55279.574730] sh (48784): drop_caches: 3
[55283.617301] sh (48784): drop_caches: 3
[55287.662688] sh (48784): drop_caches: 3
[55291.710971] sh (48784): drop_caches: 3
[55295.758353] sh (48784): drop_caches: 3
[55299.803199] sh (48784): drop_caches: 3
[55303.849230] sh (48784): drop_caches: 3
[55307.894642] sh (48784): drop_caches: 3
[55311.941390] sh (48784): drop_caches: 3
[55315.988224] sh (48784): drop_caches: 3
[55320.033120] sh (48784): drop_caches: 3
[55324.079421] sh (48784): drop_caches: 3
[55328.123450] sh (48784): drop_caches: 3
[55332.169501] sh (48784): drop_caches: 3
[55336.216744] sh (48784): drop_caches: 3
[55340.263909] sh (48784): drop_caches: 3
[55344.310439] sh (48784): drop_caches: 3
[55348.357319] sh (48784): drop_caches: 3
[55352.401683] sh (48784): drop_caches: 3
[55356.448325] sh (48784): drop_caches: 3
[55360.493221] sh (48784): drop_caches: 3
[55364.540845] sh (48784): drop_caches: 3
[55368.586221] sh (48784): drop_caches: 3
[55372.631858] sh (48784): drop_caches: 3
[55376.675941] sh (48784): drop_caches: 3
[55380.720886] sh (48784): drop_caches: 3
[55384.764798] sh (48784): drop_caches: 3
[55388.812135] sh (48784): drop_caches: 3
[55392.858461] sh (48784): drop_caches: 3
[55396.904798] sh (48784): drop_caches: 3
[55400.948342] sh (48784): drop_caches: 3
[55404.995805] sh (48784): drop_caches: 3
[55409.040767] sh (48784): drop_caches: 3
[55413.086131] sh (48784): drop_caches: 3
[55417.128974] sh (48784): drop_caches: 3
[55421.173051] sh (48784): drop_caches: 3
[55425.217606] sh (48784): drop_caches: 3
[55429.264706] sh (48784): drop_caches: 3
[55433.310838] sh (48784): drop_caches: 3
[55437.355451] sh (48784): drop_caches: 3
[55441.400663] sh (48784): drop_caches: 3
[55445.446620] sh (48784): drop_caches: 3
[55449.489905] sh (48784): drop_caches: 3
[55453.538319] sh (48784): drop_caches: 3
[55457.581234] sh (48784): drop_caches: 3
[55461.629993] sh (48784): drop_caches: 3
[55465.675911] sh (48784): drop_caches: 3
[55469.720819] sh (48784): drop_caches: 3
[55473.765894] sh (48784): drop_caches: 3
[55477.810490] sh (48784): drop_caches: 3
[55481.857060] sh (48784): drop_caches: 3
[55485.903216] sh (48784): drop_caches: 3
[55489.948690] sh (48784): drop_caches: 3
[55493.991900] sh (48784): drop_caches: 3
[55498.036317] sh (48784): drop_caches: 3
[55502.080780] sh (48784): drop_caches: 3
[55506.122709] sh (48784): drop_caches: 3
[55510.169947] sh (48784): drop_caches: 3
[55514.214006] sh (48784): drop_caches: 3
[55518.258380] sh (48784): drop_caches: 3
[55522.305557] sh (48784): drop_caches: 3
[55526.351902] sh (48784): drop_caches: 3
[55530.400616] sh (48784): drop_caches: 3
[55534.441826] sh (48784): drop_caches: 3
[55538.479922] sh (48784): drop_caches: 3
[55542.521946] sh (48784): drop_caches: 3
[55546.567572] sh (48784): drop_caches: 3
[55550.613296] sh (48784): drop_caches: 3
[55554.656147] sh (48784): drop_caches: 3
[55558.701759] sh (48784): drop_caches: 3
[55562.746281] sh (48784): drop_caches: 3
[55566.793019] sh (48784): drop_caches: 3
[55570.841405] sh (48784): drop_caches: 3
[55574.890311] sh (48784): drop_caches: 3
[55578.936380] sh (48784): drop_caches: 3
[55582.984290] sh (48784): drop_caches: 3
[55587.028857] sh (48784): drop_caches: 3
[55591.073592] sh (48784): drop_caches: 3
[55595.118487] sh (48784): drop_caches: 3
[55599.164248] sh (48784): drop_caches: 3
[55603.208428] sh (48784): drop_caches: 3
[55607.251633] sh (48784): drop_caches: 3
[55611.291193] sh (48784): drop_caches: 3
[55615.334721] sh (48784): drop_caches: 3
[55619.380511] sh (48784): drop_caches: 3
[55623.424026] sh (48784): drop_caches: 3
[55627.464138] sh (48784): drop_caches: 3
[55631.502945] sh (48784): drop_caches: 3
[55635.549876] sh (48784): drop_caches: 3
[55639.594951] sh (48784): drop_caches: 3
[55643.638623] sh (48784): drop_caches: 3
[55647.685455] sh (48784): drop_caches: 3
[55651.729851] sh (48784): drop_caches: 3
[55655.777290] sh (48784): drop_caches: 3
[55659.823288] sh (48784): drop_caches: 3
[55663.870526] sh (48784): drop_caches: 3
[55667.916377] sh (48784): drop_caches: 3
[55671.960861] sh (48784): drop_caches: 3
[55676.004746] sh (48784): drop_caches: 3
[55680.050390] sh (48784): drop_caches: 3
[55684.097321] sh (48784): drop_caches: 3
[55688.136859] sh (48784): drop_caches: 3
[55692.181119] sh (48784): drop_caches: 3
[55696.225127] sh (48784): drop_caches: 3
[55700.272508] sh (48784): drop_caches: 3
[55704.317287] sh (48784): drop_caches: 3
[55708.364656] sh (48784): drop_caches: 3
[55712.408832] sh (48784): drop_caches: 3
[55716.457592] sh (48784): drop_caches: 3
[55720.502246] sh (48784): drop_caches: 3
[55724.552166] sh (48784): drop_caches: 3
[55728.595466] sh (48784): drop_caches: 3
[55732.642130] sh (48784): drop_caches: 3
[55736.685645] sh (48784): drop_caches: 3
[55740.730889] sh (48784): drop_caches: 3
[55744.776112] sh (48784): drop_caches: 3
[55748.825755] sh (48784): drop_caches: 3
[55752.871099] sh (48784): drop_caches: 3
[55756.915484] sh (48784): drop_caches: 3
[55760.964205] sh (48784): drop_caches: 3
[55765.009730] sh (48784): drop_caches: 3
[55769.056791] sh (48784): drop_caches: 3
[55773.102875] sh (48784): drop_caches: 3
[55777.145778] sh (48784): drop_caches: 3
[55781.190246] sh (48784): drop_caches: 3
[55785.235426] sh (48784): drop_caches: 3
[55789.279830] sh (48784): drop_caches: 3
[55793.326728] sh (48784): drop_caches: 3
[55797.372742] sh (48784): drop_caches: 3
[55801.415591] sh (48784): drop_caches: 3
[55805.462047] sh (48784): drop_caches: 3
[55809.508362] sh (48784): drop_caches: 3
[55813.553768] sh (48784): drop_caches: 3
[55817.599725] sh (48784): drop_caches: 3
[55821.643934] sh (48784): drop_caches: 3
[55825.688573] sh (48784): drop_caches: 3
[55829.732797] sh (48784): drop_caches: 3
[55833.778679] sh (48784): drop_caches: 3
[55837.825185] sh (48784): drop_caches: 3
[55841.871814] sh (48784): drop_caches: 3
[55845.919446] sh (48784): drop_caches: 3
[55849.965973] sh (48784): drop_caches: 3
[55854.012069] sh (48784): drop_caches: 3
[55858.058068] sh (48784): drop_caches: 3
[55862.101362] sh (48784): drop_caches: 3
[55866.144539] sh (48784): drop_caches: 3
[55870.190557] sh (48784): drop_caches: 3
[55874.235510] sh (48784): drop_caches: 3
[55878.281059] sh (48784): drop_caches: 3
[55882.324235] sh (48784): drop_caches: 3
[55886.371168] sh (48784): drop_caches: 3
[55890.417003] sh (48784): drop_caches: 3
[55894.457337] sh (48784): drop_caches: 3
[55898.497755] sh (48784): drop_caches: 3
[55902.540700] sh (48784): drop_caches: 3
[55906.584161] sh (48784): drop_caches: 3
[55910.622402] sh (48784): drop_caches: 3
[55914.660141] sh (48784): drop_caches: 3
[55918.705300] sh (48784): drop_caches: 3
[55922.751326] sh (48784): drop_caches: 3
[55926.796089] sh (48784): drop_caches: 3
[55930.839283] sh (48784): drop_caches: 3
[55934.886481] sh (48784): drop_caches: 3
[55938.926096] sh (48784): drop_caches: 3
[55942.971762] sh (48784): drop_caches: 3
[55947.017665] sh (48784): drop_caches: 3
[55951.060366] sh (48784): drop_caches: 3
[55955.104839] sh (48784): drop_caches: 3
[55959.150452] sh (48784): drop_caches: 3
[55963.197538] sh (48784): drop_caches: 3
[55967.243789] sh (48784): drop_caches: 3
[55971.290612] sh (48784): drop_caches: 3
[55975.337199] sh (48784): drop_caches: 3
[55979.380861] sh (48784): drop_caches: 3
[55983.426484] sh (48784): drop_caches: 3
[55987.470059] sh (48784): drop_caches: 3
[55991.509966] sh (48784): drop_caches: 3
[55995.554826] sh (48784): drop_caches: 3
[55999.598474] sh (48784): drop_caches: 3
[56003.642391] sh (48784): drop_caches: 3
[56007.685544] sh (48784): drop_caches: 3
[56011.734260] sh (48784): drop_caches: 3
[56015.777854] sh (48784): drop_caches: 3
[56019.826708] sh (48784): drop_caches: 3
[56023.872468] sh (48784): drop_caches: 3
[56027.915509] sh (48784): drop_caches: 3
[56031.965341] sh (48784): drop_caches: 3
[56036.010744] sh (48784): drop_caches: 3
[56040.055988] sh (48784): drop_caches: 3
[56044.100621] sh (48784): drop_caches: 3
[56048.146830] sh (48784): drop_caches: 3
[56052.191283] sh (48784): drop_caches: 3
[56056.235374] sh (48784): drop_caches: 3
[56060.280400] sh (48784): drop_caches: 3
[56064.323730] sh (48784): drop_caches: 3
[56068.369640] sh (48784): drop_caches: 3
[56072.415035] sh (48784): drop_caches: 3
[56076.458137] sh (48784): drop_caches: 3
[56080.504700] sh (48784): drop_caches: 3
[56084.547865] sh (48784): drop_caches: 3
[56088.594490] sh (48784): drop_caches: 3
[56092.639007] sh (48784): drop_caches: 3
[56096.682560] sh (48784): drop_caches: 3
[56100.729982] sh (48784): drop_caches: 3
[56104.775025] sh (48784): drop_caches: 3
[56108.820536] sh (48784): drop_caches: 3
[56112.867005] sh (48784): drop_caches: 3
[56116.911087] sh (48784): drop_caches: 3
[56120.960798] sh (48784): drop_caches: 3
[56125.008693] sh (48784): drop_caches: 3
[56129.054631] sh (48784): drop_caches: 3
[56133.101274] sh (48784): drop_caches: 3
[56137.145239] sh (48784): drop_caches: 3
[56141.189459] sh (48784): drop_caches: 3
[56145.236219] sh (48784): drop_caches: 3
[56149.280868] sh (48784): drop_caches: 3
[56153.326895] sh (48784): drop_caches: 3
[56157.374295] sh (48784): drop_caches: 3
[56161.420925] sh (48784): drop_caches: 3
[56165.468185] sh (48784): drop_caches: 3
[56169.514827] sh (48784): drop_caches: 3
[56173.560712] sh (48784): drop_caches: 3
[56177.606049] sh (48784): drop_caches: 3
[56181.651229] sh (48784): drop_caches: 3
[56185.698995] sh (48784): drop_caches: 3
[56189.744291] sh (48784): drop_caches: 3
[56193.789630] sh (48784): drop_caches: 3
[56197.835529] sh (48784): drop_caches: 3
[56201.878908] sh (48784): drop_caches: 3
[56205.923703] sh (48784): drop_caches: 3
[56209.968031] sh (48784): drop_caches: 3
[56214.013050] sh (48784): drop_caches: 3
[56218.057770] sh (48784): drop_caches: 3
[56222.104907] sh (48784): drop_caches: 3
[56226.148372] sh (48784): drop_caches: 3
[56230.192319] sh (48784): drop_caches: 3
[56234.239761] sh (48784): drop_caches: 3
[56238.285022] sh (48784): drop_caches: 3
[56242.330742] sh (48784): drop_caches: 3
[56246.376233] sh (48784): drop_caches: 3
[56250.422264] sh (48784): drop_caches: 3
[56254.467123] sh (48784): drop_caches: 3
[56258.506541] sh (48784): drop_caches: 3
[56262.551944] sh (48784): drop_caches: 3
[56266.591700] sh (48784): drop_caches: 3
[56270.631983] sh (48784): drop_caches: 3
[56274.673040] sh (48784): drop_caches: 3
[56278.719226] sh (48784): drop_caches: 3
[56282.766028] sh (48784): drop_caches: 3
[56286.812647] sh (48784): drop_caches: 3
[56290.858887] sh (48784): drop_caches: 3
[56294.904502] sh (48784): drop_caches: 3
[56298.952195] sh (48784): drop_caches: 3
[56302.998546] sh (48784): drop_caches: 3
[56307.045704] sh (48784): drop_caches: 3
[56311.091634] sh (48784): drop_caches: 3
[56315.137253] sh (48784): drop_caches: 3
[56319.182449] sh (48784): drop_caches: 3
[56323.228180] sh (48784): drop_caches: 3
[56327.274438] sh (48784): drop_caches: 3
[56331.321953] sh (48784): drop_caches: 3
[56335.365688] sh (48784): drop_caches: 3
[56339.413523] sh (48784): drop_caches: 3
[56343.452287] sh (48784): drop_caches: 3
[56347.491260] sh (48784): drop_caches: 3
[56351.534553] sh (48784): drop_caches: 3
[56355.583423] sh (48784): drop_caches: 3
[56359.626823] sh (48784): drop_caches: 3
[56363.670967] sh (48784): drop_caches: 3
[56367.718997] sh (48784): drop_caches: 3
[56371.766423] sh (48784): drop_caches: 3
[56375.811589] sh (48784): drop_caches: 3
[56379.858019] sh (48784): drop_caches: 3
[56383.901572] sh (48784): drop_caches: 3
[56387.948644] sh (48784): drop_caches: 3
[56391.995436] sh (48784): drop_caches: 3
[56396.041046] sh (48784): drop_caches: 3
[56400.087383] sh (48784): drop_caches: 3
[56404.133476] sh (48784): drop_caches: 3
[56408.171549] sh (48784): drop_caches: 3
[56412.216793] sh (48784): drop_caches: 3
[56416.264739] sh (48784): drop_caches: 3
[56420.311246] sh (48784): drop_caches: 3
[56424.354785] sh (48784): drop_caches: 3
[56428.402650] sh (48784): drop_caches: 3
[56432.449881] sh (48784): drop_caches: 3
[56436.494648] sh (48784): drop_caches: 3
[56440.540946] sh (48784): drop_caches: 3
[56444.587792] sh (48784): drop_caches: 3
[56448.631347] sh (48784): drop_caches: 3
[56452.675898] sh (48784): drop_caches: 3
[56456.720254] sh (48784): drop_caches: 3
[56460.767517] sh (48784): drop_caches: 3
[56464.813681] sh (48784): drop_caches: 3
[56468.857153] sh (48784): drop_caches: 3
[56472.903616] sh (48784): drop_caches: 3
[56476.950268] sh (48784): drop_caches: 3
[56480.997688] sh (48784): drop_caches: 3
[56485.042274] sh (48784): drop_caches: 3
[56489.090962] sh (48784): drop_caches: 3
[56493.136441] sh (48784): drop_caches: 3
[56497.182783] sh (48784): drop_caches: 3
[56501.226591] sh (48784): drop_caches: 3
[56505.271968] sh (48784): drop_caches: 3
[56509.316262] sh (48784): drop_caches: 3
[56513.359902] sh (48784): drop_caches: 3
[56517.397914] sh (48784): drop_caches: 3
[56521.442732] sh (48784): drop_caches: 3
[56525.486272] sh (48784): drop_caches: 3
[56529.532912] sh (48784): drop_caches: 3
[56533.581198] sh (48784): drop_caches: 3
[56537.627403] sh (48784): drop_caches: 3
[56541.672616] sh (48784): drop_caches: 3
[56545.718621] sh (48784): drop_caches: 3
[56549.764754] sh (48784): drop_caches: 3
[56553.808700] sh (48784): drop_caches: 3
[56557.855267] sh (48784): drop_caches: 3
[56561.901155] sh (48784): drop_caches: 3
[56565.946882] sh (48784): drop_caches: 3
[56569.992467] sh (48784): drop_caches: 3
[56574.039089] sh (48784): drop_caches: 3
[56578.084527] sh (48784): drop_caches: 3
[56582.130688] sh (48784): drop_caches: 3
[56586.176819] sh (48784): drop_caches: 3
[56590.222339] sh (48784): drop_caches: 3
[56594.263894] sh (48784): drop_caches: 3
[56598.310258] sh (48784): drop_caches: 3
[56602.356787] sh (48784): drop_caches: 3
[56606.403807] sh (48784): drop_caches: 3
[56610.446582] sh (48784): drop_caches: 3
[56614.484800] sh (48784): drop_caches: 3
[56618.534364] sh (48784): drop_caches: 3
[56622.583768] sh (48784): drop_caches: 3
[56626.620516] sh (48784): drop_caches: 3
[56630.659808] sh (48784): drop_caches: 3
[56634.706302] sh (48784): drop_caches: 3
[56638.750476] sh (48784): drop_caches: 3
[56642.793672] sh (48784): drop_caches: 3
[56646.837125] sh (48784): drop_caches: 3
[56650.882510] sh (48784): drop_caches: 3
[56654.928285] sh (48784): drop_caches: 3
[56658.973962] sh (48784): drop_caches: 3
[56663.018310] sh (48784): drop_caches: 3
[56667.061873] sh (48784): drop_caches: 3
[56671.101042] sh (48784): drop_caches: 3
[56675.145509] sh (48784): drop_caches: 3
[56679.190383] sh (48784): drop_caches: 3
[56683.233983] sh (48784): drop_caches: 3
[56687.282864] sh (48784): drop_caches: 3
[56691.328036] sh (48784): drop_caches: 3
[56695.374934] sh (48784): drop_caches: 3
[56699.421011] sh (48784): drop_caches: 3
[56703.460250] sh (48784): drop_caches: 3
[56707.500579] sh (48784): drop_caches: 3
[56707.549893] iCAT_SQLITE_RUN_END run=20260829-125721-48652
[56707.570907] EXT4-fs (nvme1n1): unmounting filesystem 160c56a7-6291-4941-aa5e-046a56106840.
[56707.657635] pci_bus 0001:10: busn_res: [bus 10-ff] is released
[56707.657712] NVMeVirt: GC stats: policy=cat-fig7 host_pages=32423458 gc_pages=16167631 gc_count=759229 WAF=1.498 k=2 scale_pct=50 age_ratio=4
[56707.730404] NVMeVirt: Virtual NVMe device closed
