[58291.887769] NVMeVirt: Version 1.10 for >> Samsung 970 Pro SSD <<
[58291.887782] NVMeVirt: Storage: 0x100100000-0x300000000 (8191 MiB)
[58291.897041] NVMeVirt: Total Capacity(GiB,MiB)=2,2048 chs=2 luns=4 lines=8192 blk-size(MiB,KiB)=0,64 line-size(MiB,KiB)=0,256
[58291.907046] NVMeVirt: [chmodel_init] bandwidth 800 max_credits 26 tx_time 152
[58291.914319] NVMeVirt: [chmodel_init] bandwidth 800 max_credits 26 tx_time 152
[58291.914337] NVMeVirt: [chmodel_init] bandwidth 3360 max_credits 110 tx_time 36
[58291.915868] NVMeVirt: pqueue: Copyright (c) 2014, Volkan Yazıcı <volkan.yazici@gmail.com>. All rights reserved.
[58291.915948] NVMeVirt: Init FTL instance with 2 channels (524288 pages)
[58291.915950] NVMeVirt: GC victim policy: cat-fig7 k=2 scale_pct=50 age_ratio=16
[58291.923230] NVMeVirt: [chmodel_init] bandwidth 800 max_credits 26 tx_time 152
[58291.929698] NVMeVirt: [chmodel_init] bandwidth 800 max_credits 26 tx_time 152
[58291.929713] NVMeVirt: [chmodel_init] bandwidth 3360 max_credits 110 tx_time 36
[58291.930998] NVMeVirt: Init FTL instance with 2 channels (524288 pages)
[58291.930999] NVMeVirt: GC victim policy: cat-fig7 k=2 scale_pct=50 age_ratio=16
[58291.937434] NVMeVirt: [chmodel_init] bandwidth 800 max_credits 26 tx_time 152
[58291.943869] NVMeVirt: [chmodel_init] bandwidth 800 max_credits 26 tx_time 152
[58291.943883] NVMeVirt: [chmodel_init] bandwidth 3360 max_credits 110 tx_time 36
[58291.945147] NVMeVirt: Init FTL instance with 2 channels (524288 pages)
[58291.945148] NVMeVirt: GC victim policy: cat-fig7 k=2 scale_pct=50 age_ratio=16
[58291.951549] NVMeVirt: [chmodel_init] bandwidth 800 max_credits 26 tx_time 152
[58291.957891] NVMeVirt: [chmodel_init] bandwidth 800 max_credits 26 tx_time 152
[58291.957905] NVMeVirt: [chmodel_init] bandwidth 3360 max_credits 110 tx_time 36
[58291.959157] NVMeVirt: Init FTL instance with 2 channels (524288 pages)
[58291.959158] NVMeVirt: GC victim policy: cat-fig7 k=2 scale_pct=50 age_ratio=16
[58291.959162] NVMeVirt: FTL physical space: 8588886016, logical space: 8026996276 (physical/logical * 100 = 107)
[58291.959164] NVMeVirt: ns 0/1: size 7655 MiB
[58291.959204] PCI host bridge to bus 0001:10
[58291.959205] pci_bus 0001:10: root bus resource [io  0x0000-0xffff]
[58291.959207] pci_bus 0001:10: root bus resource [mem 0x00000000-0x3fffffffffff]
[58291.959209] pci_bus 0001:10: root bus resource [bus 00-ff]
[58291.959216] pci 0001:10:00.0: [0c51:0110] type 00 class 0x010802 PCIe Endpoint
[58291.959218] pci 0001:10:00.0: BAR 0 [mem 0x100000000-0x100003fff 64bit]
[58291.959220] pci 0001:10:00.0: enabling Extended Tags
[58291.959338] NVMeVirt: Virtual PCI bus created (node 0)
[58291.959848] NVMeVirt: nvmev_io_worker_0 started on cpu 2 (node 0)
[58291.959918] NVMeVirt: nvmev_dispatcher started on cpu 1 (node 0)
[58291.960035] nvme nvme1: pci function 0001:10:00.0
[58291.961890] nvme nvme1: 20/0/0 default/read/poll queues
[58291.965411] NVMeVirt: Virtual NVMe device created
[58293.024067] EXT4-fs (nvme1n1): mounted filesystem 9f17814e-988e-4b34-bb45-cc810899bfc4 r/w with ordered data mode. Quota mode: none.
[58293.056665] iCAT_SQLITE_LOAD_START run=20260829-135008-49930
[58370.697702] iCAT_SQLITE_LOAD_END run=20260829-135008-49930
[58371.123717] sh (50061): drop_caches: 3
[58371.158373] iCAT_SQLITE_RUN_START run=20260829-135008-49930
[58374.740455] sh (50062): drop_caches: 3
[58378.785703] sh (50062): drop_caches: 3
[58382.831397] sh (50062): drop_caches: 3
[58386.878582] sh (50062): drop_caches: 3
[58390.927052] sh (50062): drop_caches: 3
[58394.971220] sh (50062): drop_caches: 3
[58399.017270] sh (50062): drop_caches: 3
[58403.064842] sh (50062): drop_caches: 3
[58407.111204] sh (50062): drop_caches: 3
[58411.159015] sh (50062): drop_caches: 3
[58415.207104] sh (50062): drop_caches: 3
[58419.257398] sh (50062): drop_caches: 3
[58423.301261] sh (50062): drop_caches: 3
[58427.349940] sh (50062): drop_caches: 3
[58431.390482] sh (50062): drop_caches: 3
[58435.429434] sh (50062): drop_caches: 3
[58439.471557] sh (50062): drop_caches: 3
[58443.517045] sh (50062): drop_caches: 3
[58447.561599] sh (50062): drop_caches: 3
[58451.608840] sh (50062): drop_caches: 3
[58455.653318] sh (50062): drop_caches: 3
[58459.698142] sh (50062): drop_caches: 3
[58463.745062] sh (50062): drop_caches: 3
[58467.792233] sh (50062): drop_caches: 3
[58471.836957] sh (50062): drop_caches: 3
[58475.881880] sh (50062): drop_caches: 3
[58479.926360] sh (50062): drop_caches: 3
[58483.972643] sh (50062): drop_caches: 3
[58488.018175] sh (50062): drop_caches: 3
[58492.063744] sh (50062): drop_caches: 3
[58496.110486] sh (50062): drop_caches: 3
[58500.154513] sh (50062): drop_caches: 3
[58504.201966] sh (50062): drop_caches: 3
[58508.243544] sh (50062): drop_caches: 3
[58512.287740] sh (50062): drop_caches: 3
[58516.331664] sh (50062): drop_caches: 3
[58520.378593] sh (50062): drop_caches: 3
[58524.425934] sh (50062): drop_caches: 3
[58528.469819] sh (50062): drop_caches: 3
[58532.516406] sh (50062): drop_caches: 3
[58536.564925] sh (50062): drop_caches: 3
[58540.610546] sh (50062): drop_caches: 3
[58544.660212] sh (50062): drop_caches: 3
[58548.706409] sh (50062): drop_caches: 3
[58552.750634] sh (50062): drop_caches: 3
[58556.796906] sh (50062): drop_caches: 3
[58560.845822] sh (50062): drop_caches: 3
[58564.891733] sh (50062): drop_caches: 3
[58568.938291] sh (50062): drop_caches: 3
[58572.984637] sh (50062): drop_caches: 3
[58577.030350] sh (50062): drop_caches: 3
[58581.076445] sh (50062): drop_caches: 3
[58585.121076] sh (50062): drop_caches: 3
[58589.160121] sh (50062): drop_caches: 3
[58593.203824] sh (50062): drop_caches: 3
[58597.252598] sh (50062): drop_caches: 3
[58601.298641] sh (50062): drop_caches: 3
[58605.346089] sh (50062): drop_caches: 3
[58609.389419] sh (50062): drop_caches: 3
[58613.436128] sh (50062): drop_caches: 3
[58617.482180] sh (50062): drop_caches: 3
[58621.531813] sh (50062): drop_caches: 3
[58625.576855] sh (50062): drop_caches: 3
[58629.620411] sh (50062): drop_caches: 3
[58633.666559] sh (50062): drop_caches: 3
[58637.713302] sh (50062): drop_caches: 3
[58641.759396] sh (50062): drop_caches: 3
[58645.803656] sh (50062): drop_caches: 3
[58649.847414] sh (50062): drop_caches: 3
[58653.895235] sh (50062): drop_caches: 3
[58657.939962] sh (50062): drop_caches: 3
[58661.986184] sh (50062): drop_caches: 3
[58666.032573] sh (50062): drop_caches: 3
[58670.078056] sh (50062): drop_caches: 3
[58674.121436] sh (50062): drop_caches: 3
[58678.168917] sh (50062): drop_caches: 3
[58682.207359] sh (50062): drop_caches: 3
[58686.252287] sh (50062): drop_caches: 3
[58690.297054] sh (50062): drop_caches: 3
[58694.343791] sh (50062): drop_caches: 3
[58698.388170] sh (50062): drop_caches: 3
[58702.432931] sh (50062): drop_caches: 3
[58706.475828] sh (50062): drop_caches: 3
[58710.522788] sh (50062): drop_caches: 3
[58714.569427] sh (50062): drop_caches: 3
[58718.607882] sh (50062): drop_caches: 3
[58722.649063] sh (50062): drop_caches: 3
[58726.694075] sh (50062): drop_caches: 3
[58730.738405] sh (50062): drop_caches: 3
[58734.783757] sh (50062): drop_caches: 3
[58738.827606] sh (50062): drop_caches: 3
[58742.872482] sh (50062): drop_caches: 3
[58746.917749] sh (50062): drop_caches: 3
[58750.965793] sh (50062): drop_caches: 3
[58755.012719] sh (50062): drop_caches: 3
[58759.055521] sh (50062): drop_caches: 3
[58763.102541] sh (50062): drop_caches: 3
[58767.147891] sh (50062): drop_caches: 3
[58771.194621] sh (50062): drop_caches: 3
[58775.240485] sh (50062): drop_caches: 3
[58779.285791] sh (50062): drop_caches: 3
[58783.333104] sh (50062): drop_caches: 3
[58787.379304] sh (50062): drop_caches: 3
[58791.424373] sh (50062): drop_caches: 3
[58795.464569] sh (50062): drop_caches: 3
[58799.510897] sh (50062): drop_caches: 3
[58803.558461] sh (50062): drop_caches: 3
[58807.605055] sh (50062): drop_caches: 3
[58811.649426] sh (50062): drop_caches: 3
[58815.697338] sh (50062): drop_caches: 3
[58819.744878] sh (50062): drop_caches: 3
[58823.790897] sh (50062): drop_caches: 3
[58827.838211] sh (50062): drop_caches: 3
[58831.884136] sh (50062): drop_caches: 3
[58835.928751] sh (50062): drop_caches: 3
[58839.974782] sh (50062): drop_caches: 3
[58844.022982] sh (50062): drop_caches: 3
[58848.069848] sh (50062): drop_caches: 3
[58852.116518] sh (50062): drop_caches: 3
[58856.163957] sh (50062): drop_caches: 3
[58860.210262] sh (50062): drop_caches: 3
[58864.257291] sh (50062): drop_caches: 3
[58868.304481] sh (50062): drop_caches: 3
[58872.349420] sh (50062): drop_caches: 3
[58876.396287] sh (50062): drop_caches: 3
[58880.440388] sh (50062): drop_caches: 3
[58884.486916] sh (50062): drop_caches: 3
[58888.532432] sh (50062): drop_caches: 3
[58892.578554] sh (50062): drop_caches: 3
[58896.621926] sh (50062): drop_caches: 3
[58900.668447] sh (50062): drop_caches: 3
[58904.714401] sh (50062): drop_caches: 3
[58908.760860] sh (50062): drop_caches: 3
[58912.806399] sh (50062): drop_caches: 3
[58916.852356] sh (50062): drop_caches: 3
[58920.896916] sh (50062): drop_caches: 3
[58924.942273] sh (50062): drop_caches: 3
[58928.987083] sh (50062): drop_caches: 3
[58933.031889] sh (50062): drop_caches: 3
[58937.079475] sh (50062): drop_caches: 3
[58941.126125] sh (50062): drop_caches: 3
[58945.169900] sh (50062): drop_caches: 3
[58949.210140] sh (50062): drop_caches: 3
[58953.255794] sh (50062): drop_caches: 3
[58957.303039] sh (50062): drop_caches: 3
[58961.349064] sh (50062): drop_caches: 3
[58965.390598] sh (50062): drop_caches: 3
[58969.436801] sh (50062): drop_caches: 3
[58973.480804] sh (50062): drop_caches: 3
[58977.527800] sh (50062): drop_caches: 3
[58981.571314] sh (50062): drop_caches: 3
[58985.616189] sh (50062): drop_caches: 3
[58989.662593] sh (50062): drop_caches: 3
[58993.709473] sh (50062): drop_caches: 3
[58997.755289] sh (50062): drop_caches: 3
[59001.803564] sh (50062): drop_caches: 3
[59005.851975] sh (50062): drop_caches: 3
[59009.894446] sh (50062): drop_caches: 3
[59013.942849] sh (50062): drop_caches: 3
[59017.988030] sh (50062): drop_caches: 3
[59022.030375] sh (50062): drop_caches: 3
[59026.074550] sh (50062): drop_caches: 3
[59030.120063] sh (50062): drop_caches: 3
[59034.165426] sh (50062): drop_caches: 3
[59038.212077] sh (50062): drop_caches: 3
[59042.259057] sh (50062): drop_caches: 3
[59046.307140] sh (50062): drop_caches: 3
[59050.353858] sh (50062): drop_caches: 3
[59054.401699] sh (50062): drop_caches: 3
[59058.441283] sh (50062): drop_caches: 3
[59062.481927] sh (50062): drop_caches: 3
[59066.528464] sh (50062): drop_caches: 3
[59070.576772] sh (50062): drop_caches: 3
[59074.615043] sh (50062): drop_caches: 3
[59078.654573] sh (50062): drop_caches: 3
[59082.700270] sh (50062): drop_caches: 3
[59086.740961] sh (50062): drop_caches: 3
[59090.785187] sh (50062): drop_caches: 3
[59094.830770] sh (50062): drop_caches: 3
[59098.877805] sh (50062): drop_caches: 3
[59102.925680] sh (50062): drop_caches: 3
[59106.972719] sh (50062): drop_caches: 3
[59111.020707] sh (50062): drop_caches: 3
[59115.067447] sh (50062): drop_caches: 3
[59119.116035] sh (50062): drop_caches: 3
[59123.162681] sh (50062): drop_caches: 3
[59127.207062] sh (50062): drop_caches: 3
[59131.251350] sh (50062): drop_caches: 3
[59135.296200] sh (50062): drop_caches: 3
[59139.344084] sh (50062): drop_caches: 3
[59143.390063] sh (50062): drop_caches: 3
[59147.434656] sh (50062): drop_caches: 3
[59151.474430] sh (50062): drop_caches: 3
[59155.520170] sh (50062): drop_caches: 3
[59159.565651] sh (50062): drop_caches: 3
[59163.610599] sh (50062): drop_caches: 3
[59167.654787] sh (50062): drop_caches: 3
[59171.699487] sh (50062): drop_caches: 3
[59175.748043] sh (50062): drop_caches: 3
[59179.793962] sh (50062): drop_caches: 3
[59183.841179] sh (50062): drop_caches: 3
[59187.888396] sh (50062): drop_caches: 3
[59191.934634] sh (50062): drop_caches: 3
[59195.979768] sh (50062): drop_caches: 3
[59200.027347] sh (50062): drop_caches: 3
[59204.073734] sh (50062): drop_caches: 3
[59208.120054] sh (50062): drop_caches: 3
[59212.166319] sh (50062): drop_caches: 3
[59216.211640] sh (50062): drop_caches: 3
[59220.257174] sh (50062): drop_caches: 3
[59224.303811] sh (50062): drop_caches: 3
[59228.347890] sh (50062): drop_caches: 3
[59232.396056] sh (50062): drop_caches: 3
[59236.442709] sh (50062): drop_caches: 3
[59240.487353] sh (50062): drop_caches: 3
[59244.533290] sh (50062): drop_caches: 3
[59248.580088] sh (50062): drop_caches: 3
[59252.624520] sh (50062): drop_caches: 3
[59256.669882] sh (50062): drop_caches: 3
[59260.714825] sh (50062): drop_caches: 3
[59264.761048] sh (50062): drop_caches: 3
[59268.804611] sh (50062): drop_caches: 3
[59272.850629] sh (50062): drop_caches: 3
[59276.896104] sh (50062): drop_caches: 3
[59280.943505] sh (50062): drop_caches: 3
[59284.988528] sh (50062): drop_caches: 3
[59289.035299] sh (50062): drop_caches: 3
[59293.083091] sh (50062): drop_caches: 3
[59297.127201] sh (50062): drop_caches: 3
[59301.176235] sh (50062): drop_caches: 3
[59305.223612] sh (50062): drop_caches: 3
[59309.265208] sh (50062): drop_caches: 3
[59313.312123] sh (50062): drop_caches: 3
[59317.358041] sh (50062): drop_caches: 3
[59321.402484] sh (50062): drop_caches: 3
[59325.442477] sh (50062): drop_caches: 3
[59329.489434] sh (50062): drop_caches: 3
[59333.534577] sh (50062): drop_caches: 3
[59337.572304] sh (50062): drop_caches: 3
[59341.621196] sh (50062): drop_caches: 3
[59345.668071] sh (50062): drop_caches: 3
[59349.713832] sh (50062): drop_caches: 3
[59353.759067] sh (50062): drop_caches: 3
[59357.806961] sh (50062): drop_caches: 3
[59361.853274] sh (50062): drop_caches: 3
[59365.900114] sh (50062): drop_caches: 3
[59369.948377] sh (50062): drop_caches: 3
[59373.995233] sh (50062): drop_caches: 3
[59378.043222] sh (50062): drop_caches: 3
[59382.090700] sh (50062): drop_caches: 3
[59386.134669] sh (50062): drop_caches: 3
[59390.182491] sh (50062): drop_caches: 3
[59394.228117] sh (50062): drop_caches: 3
[59398.274972] sh (50062): drop_caches: 3
[59402.320186] sh (50062): drop_caches: 3
[59406.366746] sh (50062): drop_caches: 3
[59410.413006] sh (50062): drop_caches: 3
[59414.454759] sh (50062): drop_caches: 3
[59418.503749] sh (50062): drop_caches: 3
[59422.549688] sh (50062): drop_caches: 3
[59426.593872] sh (50062): drop_caches: 3
[59430.635469] sh (50062): drop_caches: 3
[59434.682169] sh (50062): drop_caches: 3
[59438.729446] sh (50062): drop_caches: 3
[59442.775972] sh (50062): drop_caches: 3
[59446.821386] sh (50062): drop_caches: 3
[59450.868759] sh (50062): drop_caches: 3
[59454.914992] sh (50062): drop_caches: 3
[59458.963505] sh (50062): drop_caches: 3
[59463.007661] sh (50062): drop_caches: 3
[59467.058182] sh (50062): drop_caches: 3
[59471.103714] sh (50062): drop_caches: 3
[59475.147600] sh (50062): drop_caches: 3
[59479.195719] sh (50062): drop_caches: 3
[59483.240314] sh (50062): drop_caches: 3
[59487.288743] sh (50062): drop_caches: 3
[59491.332971] sh (50062): drop_caches: 3
[59495.380589] sh (50062): drop_caches: 3
[59499.426929] sh (50062): drop_caches: 3
[59503.468343] sh (50062): drop_caches: 3
[59507.512519] sh (50062): drop_caches: 3
[59511.558019] sh (50062): drop_caches: 3
[59515.604583] sh (50062): drop_caches: 3
[59519.648752] sh (50062): drop_caches: 3
[59523.692545] sh (50062): drop_caches: 3
[59527.736441] sh (50062): drop_caches: 3
[59531.783707] sh (50062): drop_caches: 3
[59535.830515] sh (50062): drop_caches: 3
[59539.875908] sh (50062): drop_caches: 3
[59543.922531] sh (50062): drop_caches: 3
[59547.967016] sh (50062): drop_caches: 3
[59552.014165] sh (50062): drop_caches: 3
[59556.061330] sh (50062): drop_caches: 3
[59560.105934] sh (50062): drop_caches: 3
[59564.153538] sh (50062): drop_caches: 3
[59568.201719] sh (50062): drop_caches: 3
[59572.249336] sh (50062): drop_caches: 3
[59576.294350] sh (50062): drop_caches: 3
[59580.343355] sh (50062): drop_caches: 3
[59584.389536] sh (50062): drop_caches: 3
[59588.432155] sh (50062): drop_caches: 3
[59592.476810] sh (50062): drop_caches: 3
[59596.521349] sh (50062): drop_caches: 3
[59600.567886] sh (50062): drop_caches: 3
[59604.612869] sh (50062): drop_caches: 3
[59608.660320] sh (50062): drop_caches: 3
[59612.705173] sh (50062): drop_caches: 3
[59616.756878] sh (50062): drop_caches: 3
[59620.802669] sh (50062): drop_caches: 3
[59624.839855] sh (50062): drop_caches: 3
[59628.886325] sh (50062): drop_caches: 3
[59632.931444] sh (50062): drop_caches: 3
[59636.976573] sh (50062): drop_caches: 3
[59641.023463] sh (50062): drop_caches: 3
[59645.068398] sh (50062): drop_caches: 3
[59649.117596] sh (50062): drop_caches: 3
[59653.164410] sh (50062): drop_caches: 3
[59657.208781] sh (50062): drop_caches: 3
[59661.255329] sh (50062): drop_caches: 3
[59665.296951] sh (50062): drop_caches: 3
[59669.337865] sh (50062): drop_caches: 3
[59673.385446] sh (50062): drop_caches: 3
[59677.430571] sh (50062): drop_caches: 3
[59681.475993] sh (50062): drop_caches: 3
[59685.519784] sh (50062): drop_caches: 3
[59689.569279] sh (50062): drop_caches: 3
[59693.615156] sh (50062): drop_caches: 3
[59697.661103] sh (50062): drop_caches: 3
[59701.706247] sh (50062): drop_caches: 3
[59705.753649] sh (50062): drop_caches: 3
[59709.798327] sh (50062): drop_caches: 3
[59713.844295] sh (50062): drop_caches: 3
[59717.884396] sh (50062): drop_caches: 3
[59721.928120] sh (50062): drop_caches: 3
[59725.977685] sh (50062): drop_caches: 3
[59730.022565] sh (50062): drop_caches: 3
[59734.066897] sh (50062): drop_caches: 3
[59738.117411] sh (50062): drop_caches: 3
[59742.163314] sh (50062): drop_caches: 3
[59746.207982] sh (50062): drop_caches: 3
[59750.252596] sh (50062): drop_caches: 3
[59754.302352] sh (50062): drop_caches: 3
[59758.347049] sh (50062): drop_caches: 3
[59762.390294] sh (50062): drop_caches: 3
[59766.428760] sh (50062): drop_caches: 3
[59770.467309] sh (50062): drop_caches: 3
[59774.515269] sh (50062): drop_caches: 3
[59778.561495] sh (50062): drop_caches: 3
[59782.601478] sh (50062): drop_caches: 3
[59786.640870] sh (50062): drop_caches: 3
[59790.686610] sh (50062): drop_caches: 3
[59794.732698] sh (50062): drop_caches: 3
[59798.776837] sh (50062): drop_caches: 3
[59802.827966] sh (50062): drop_caches: 3
[59806.876557] sh (50062): drop_caches: 3
[59810.924097] sh (50062): drop_caches: 3
[59814.971444] sh (50062): drop_caches: 3
[59819.017884] sh (50062): drop_caches: 3
[59823.063271] sh (50062): drop_caches: 3
[59827.108141] sh (50062): drop_caches: 3
[59831.152402] sh (50062): drop_caches: 3
[59835.198293] sh (50062): drop_caches: 3
[59839.244063] sh (50062): drop_caches: 3
[59843.291143] sh (50062): drop_caches: 3
[59847.337257] sh (50062): drop_caches: 3
[59851.381322] sh (50062): drop_caches: 3
[59855.419454] sh (50062): drop_caches: 3
[59859.459361] sh (50062): drop_caches: 3
[59863.505634] sh (50062): drop_caches: 3
[59867.546499] sh (50062): drop_caches: 3
[59871.592159] sh (50062): drop_caches: 3
[59875.629563] sh (50062): drop_caches: 3
[59875.679556] iCAT_SQLITE_RUN_END run=20260829-135008-49930
[59875.700663] EXT4-fs (nvme1n1): unmounting filesystem 9f17814e-988e-4b34-bb45-cc810899bfc4.
[59875.819059] pci_bus 0001:10: busn_res: [bus 10-ff] is released
[59875.819105] NVMeVirt: GC stats: policy=cat-fig7 host_pages=32420845 gc_pages=16207197 gc_count=759807 WAF=1.499 k=2 scale_pct=50 age_ratio=16
[59875.887593] NVMeVirt: Virtual NVMe device closed
