[130698.610985] NVMeVirt: Version 1.10 for >> Samsung 970 Pro SSD <<
[130698.610994] NVMeVirt: Storage: 0x100100000-0x300000000 (8191 MiB)
[130698.617367] NVMeVirt: Total Capacity(GiB,MiB)=2,2048 chs=2 luns=4 lines=8192 blk-size(MiB,KiB)=0,64 line-size(MiB,KiB)=0,256
[130698.625103] NVMeVirt: [chmodel_init] bandwidth 800 max_credits 26 tx_time 152
[130698.637514] NVMeVirt: [chmodel_init] bandwidth 800 max_credits 26 tx_time 152
[130698.637529] NVMeVirt: [chmodel_init] bandwidth 3360 max_credits 110 tx_time 36
[130698.638869] NVMeVirt: pqueue: Copyright (c) 2014, Volkan Yazıcı <volkan.yazici@gmail.com>. All rights reserved.
[130698.638908] NVMeVirt: Init FTL instance with 2 channels (524288 pages)
[130698.638909] NVMeVirt: GC victim policy: cat-fig7 k=10 scale_pct=100 age_ratio=4
[130698.645626] NVMeVirt: [chmodel_init] bandwidth 800 max_credits 26 tx_time 152
[130698.652365] NVMeVirt: [chmodel_init] bandwidth 800 max_credits 26 tx_time 152
[130698.652380] NVMeVirt: [chmodel_init] bandwidth 3360 max_credits 110 tx_time 36
[130698.653672] NVMeVirt: Init FTL instance with 2 channels (524288 pages)
[130698.653673] NVMeVirt: GC victim policy: cat-fig7 k=10 scale_pct=100 age_ratio=4
[130698.660273] NVMeVirt: [chmodel_init] bandwidth 800 max_credits 26 tx_time 152
[130698.666774] NVMeVirt: [chmodel_init] bandwidth 800 max_credits 26 tx_time 152
[130698.666789] NVMeVirt: [chmodel_init] bandwidth 3360 max_credits 110 tx_time 36
[130698.668044] NVMeVirt: Init FTL instance with 2 channels (524288 pages)
[130698.668045] NVMeVirt: GC victim policy: cat-fig7 k=10 scale_pct=100 age_ratio=4
[130698.674516] NVMeVirt: [chmodel_init] bandwidth 800 max_credits 26 tx_time 152
[130698.680983] NVMeVirt: [chmodel_init] bandwidth 800 max_credits 26 tx_time 152
[130698.680997] NVMeVirt: [chmodel_init] bandwidth 3360 max_credits 110 tx_time 36
[130698.682261] NVMeVirt: Init FTL instance with 2 channels (524288 pages)
[130698.682262] NVMeVirt: GC victim policy: cat-fig7 k=10 scale_pct=100 age_ratio=4
[130698.682266] NVMeVirt: FTL physical space: 8588886016, logical space: 8026996276 (physical/logical * 100 = 107)
[130698.682267] NVMeVirt: ns 0/1: size 7655 MiB
[130698.682309] PCI host bridge to bus 0001:10
[130698.682311] pci_bus 0001:10: root bus resource [io  0x0000-0xffff]
[130698.682313] pci_bus 0001:10: root bus resource [mem 0x00000000-0x3fffffffffff]
[130698.682314] pci_bus 0001:10: root bus resource [bus 00-ff]
[130698.682320] pci 0001:10:00.0: [0c51:0110] type 00 class 0x010802 PCIe Endpoint
[130698.682323] pci 0001:10:00.0: BAR 0 [mem 0x100000000-0x100003fff 64bit]
[130698.682325] pci 0001:10:00.0: enabling Extended Tags
[130698.682440] NVMeVirt: Virtual PCI bus created (node 0)
[130698.683027] NVMeVirt: nvmev_io_worker_0 started on cpu 2 (node 0)
[130698.683134] NVMeVirt: nvmev_dispatcher started on cpu 1 (node 0)
[130698.683254] nvme nvme1: pci function 0001:10:00.0
[130698.687583] nvme nvme1: 20/0/0 default/read/poll queues
[130698.691788] NVMeVirt: Virtual NVMe device created
[130699.753232] EXT4-fs (nvme1n1): mounted filesystem 539f9018-75d8-46ee-876c-bbbeca8b9983 r/w with ordered data mode. Quota mode: none.
[130699.784158] iCAT_SQLITE_LOAD_START run=20260830-095655-126226
[130780.014496] iCAT_SQLITE_LOAD_END run=20260830-095655-126226
[130780.405560] sh (126717): drop_caches: 3
[130780.434087] iCAT_SQLITE_RUN_START run=20260830-095655-126226
[130784.060982] sh (126716): drop_caches: 3
[130788.110602] sh (126716): drop_caches: 3
[130792.160824] sh (126716): drop_caches: 3
[130796.213894] sh (126716): drop_caches: 3
[130800.262800] sh (126716): drop_caches: 3
[130804.314419] sh (126716): drop_caches: 3
[130808.360331] sh (126716): drop_caches: 3
[130812.403607] sh (126716): drop_caches: 3
[130816.455430] sh (126716): drop_caches: 3
[130820.508011] sh (126716): drop_caches: 3
[130824.558618] sh (126716): drop_caches: 3
[130828.610861] sh (126716): drop_caches: 3
[130832.661667] sh (126716): drop_caches: 3
[130836.705426] sh (126716): drop_caches: 3
[130840.755016] sh (126716): drop_caches: 3
[130844.804569] sh (126716): drop_caches: 3
[130848.855940] sh (126716): drop_caches: 3
[130852.908388] sh (126716): drop_caches: 3
[130856.957094] sh (126716): drop_caches: 3
[130860.999863] sh (126716): drop_caches: 3
[130865.044479] sh (126716): drop_caches: 3
[130869.096850] sh (126716): drop_caches: 3
[130873.145110] sh (126716): drop_caches: 3
[130877.194432] sh (126716): drop_caches: 3
[130881.236949] sh (126716): drop_caches: 3
[130885.287423] sh (126716): drop_caches: 3
[130889.336955] sh (126716): drop_caches: 3
[130893.378985] sh (126716): drop_caches: 3
[130897.429321] sh (126716): drop_caches: 3
[130901.472083] sh (126716): drop_caches: 3
[130905.524063] sh (126716): drop_caches: 3
[130909.572996] sh (126716): drop_caches: 3
[130913.623169] sh (126716): drop_caches: 3
[130917.675047] sh (126716): drop_caches: 3
[130921.725043] sh (126716): drop_caches: 3
[130925.770321] sh (126716): drop_caches: 3
[130929.816074] sh (126716): drop_caches: 3
[130933.860100] sh (126716): drop_caches: 3
[130937.913013] sh (126716): drop_caches: 3
[130941.961334] sh (126716): drop_caches: 3
[130946.005779] sh (126716): drop_caches: 3
[130950.054967] sh (126716): drop_caches: 3
[130954.106007] sh (126716): drop_caches: 3
[130958.155626] sh (126716): drop_caches: 3
[130962.206842] sh (126716): drop_caches: 3
[130966.255171] sh (126716): drop_caches: 3
[130970.304293] sh (126716): drop_caches: 3
[130974.356223] sh (126716): drop_caches: 3
[130978.408070] sh (126716): drop_caches: 3
[130982.458486] sh (126716): drop_caches: 3
[130986.503575] sh (126716): drop_caches: 3
[130990.551297] sh (126716): drop_caches: 3
[130994.601962] sh (126716): drop_caches: 3
[130998.645315] sh (126716): drop_caches: 3
[131002.694253] sh (126716): drop_caches: 3
[131006.745867] sh (126716): drop_caches: 3
[131010.797776] sh (126716): drop_caches: 3
[131014.842301] sh (126716): drop_caches: 3
[131018.892554] sh (126716): drop_caches: 3
[131022.940788] sh (126716): drop_caches: 3
[131026.991605] sh (126716): drop_caches: 3
[131031.030539] sh (126716): drop_caches: 3
[131035.083970] sh (126716): drop_caches: 3
[131039.131578] sh (126716): drop_caches: 3
[131043.179877] sh (126716): drop_caches: 3
[131047.229771] sh (126716): drop_caches: 3
[131051.280976] sh (126716): drop_caches: 3
[131055.326721] sh (126716): drop_caches: 3
[131059.377022] sh (126716): drop_caches: 3
[131063.426849] sh (126716): drop_caches: 3
[131067.477114] sh (126716): drop_caches: 3
[131071.524146] sh (126716): drop_caches: 3
[131075.565238] sh (126716): drop_caches: 3
[131079.614208] sh (126716): drop_caches: 3
[131083.665095] sh (126716): drop_caches: 3
[131087.714329] sh (126716): drop_caches: 3
[131091.764046] sh (126716): drop_caches: 3
[131095.814822] sh (126716): drop_caches: 3
[131099.865497] sh (126716): drop_caches: 3
[131103.909343] sh (126716): drop_caches: 3
[131107.960413] sh (126716): drop_caches: 3
[131112.011519] sh (126716): drop_caches: 3
[131116.053478] sh (126716): drop_caches: 3
[131120.102299] sh (126716): drop_caches: 3
[131124.153746] sh (126716): drop_caches: 3
[131128.204119] sh (126716): drop_caches: 3
[131132.254950] sh (126716): drop_caches: 3
[131136.304889] sh (126716): drop_caches: 3
[131140.356364] sh (126716): drop_caches: 3
[131144.406790] sh (126716): drop_caches: 3
[131148.457390] sh (126716): drop_caches: 3
[131152.509414] sh (126716): drop_caches: 3
[131156.559277] sh (126716): drop_caches: 3
[131160.608658] sh (126716): drop_caches: 3
[131164.650471] sh (126716): drop_caches: 3
[131168.699951] sh (126716): drop_caches: 3
[131172.753616] sh (126716): drop_caches: 3
[131176.804605] sh (126716): drop_caches: 3
[131180.855164] sh (126716): drop_caches: 3
[131184.904862] sh (126716): drop_caches: 3
[131188.946576] sh (126716): drop_caches: 3
[131193.001599] sh (126716): drop_caches: 3
[131197.044934] sh (126716): drop_caches: 3
[131201.085779] sh (126716): drop_caches: 3
[131205.136035] sh (126716): drop_caches: 3
[131209.186689] sh (126716): drop_caches: 3
[131213.239112] sh (126716): drop_caches: 3
[131217.288829] sh (126716): drop_caches: 3
[131221.339115] sh (126716): drop_caches: 3
[131225.383696] sh (126716): drop_caches: 3
[131229.425445] sh (126716): drop_caches: 3
[131233.474619] sh (126716): drop_caches: 3
[131237.523978] sh (126716): drop_caches: 3
[131241.574177] sh (126716): drop_caches: 3
[131245.618038] sh (126716): drop_caches: 3
[131249.670373] sh (126716): drop_caches: 3
[131253.715775] sh (126716): drop_caches: 3
[131257.764359] sh (126716): drop_caches: 3
[131261.806672] sh (126716): drop_caches: 3
[131265.849913] sh (126716): drop_caches: 3
[131269.903949] sh (126716): drop_caches: 3
[131273.960146] sh (126716): drop_caches: 3
[131278.004914] sh (126716): drop_caches: 3
[131282.044755] sh (126716): drop_caches: 3
[131286.088187] sh (126716): drop_caches: 3
[131290.137086] sh (126716): drop_caches: 3
[131294.188273] sh (126716): drop_caches: 3
[131298.238653] sh (126716): drop_caches: 3
[131302.289772] sh (126716): drop_caches: 3
[131306.338591] sh (126716): drop_caches: 3
[131310.386591] sh (126716): drop_caches: 3
[131314.437439] sh (126716): drop_caches: 3
[131318.487683] sh (126716): drop_caches: 3
[131322.538973] sh (126716): drop_caches: 3
[131326.586807] sh (126716): drop_caches: 3
[131330.632623] sh (126716): drop_caches: 3
[131334.674559] sh (126716): drop_caches: 3
[131338.727503] sh (126716): drop_caches: 3
[131342.771740] sh (126716): drop_caches: 3
[131346.814743] sh (126716): drop_caches: 3
[131350.865466] sh (126716): drop_caches: 3
[131354.916669] sh (126716): drop_caches: 3
[131358.964789] sh (126716): drop_caches: 3
[131363.013901] sh (126716): drop_caches: 3
[131367.056977] sh (126716): drop_caches: 3
[131371.099097] sh (126716): drop_caches: 3
[131375.147310] sh (126716): drop_caches: 3
[131379.189568] sh (126716): drop_caches: 3
[131383.240267] sh (126716): drop_caches: 3
[131387.288994] sh (126716): drop_caches: 3
[131391.336589] sh (126716): drop_caches: 3
[131395.390423] sh (126716): drop_caches: 3
[131399.440163] sh (126716): drop_caches: 3
[131403.486212] sh (126716): drop_caches: 3
[131407.526959] sh (126716): drop_caches: 3
[131411.574045] sh (126716): drop_caches: 3
[131415.626970] sh (126716): drop_caches: 3
[131419.678177] sh (126716): drop_caches: 3
[131423.728827] sh (126716): drop_caches: 3
[131427.779559] sh (126716): drop_caches: 3
[131431.824137] sh (126716): drop_caches: 3
[131435.867435] sh (126716): drop_caches: 3
[131439.917480] sh (126716): drop_caches: 3
[131443.967624] sh (126716): drop_caches: 3
[131448.018975] sh (126716): drop_caches: 3
[131452.058552] sh (126716): drop_caches: 3
[131456.101881] sh (126716): drop_caches: 3
[131460.150845] sh (126716): drop_caches: 3
[131464.201479] sh (126716): drop_caches: 3
[131468.251791] sh (126716): drop_caches: 3
[131472.300813] sh (126716): drop_caches: 3
[131476.349260] sh (126716): drop_caches: 3
[131480.399911] sh (126716): drop_caches: 3
[131484.451549] sh (126716): drop_caches: 3
[131488.501309] sh (126716): drop_caches: 3
[131492.551925] sh (126716): drop_caches: 3
[131496.602574] sh (126716): drop_caches: 3
[131500.652628] sh (126716): drop_caches: 3
[131504.697048] sh (126716): drop_caches: 3
[131508.745141] sh (126716): drop_caches: 3
[131512.798340] sh (126716): drop_caches: 3
[131516.850312] sh (126716): drop_caches: 3
[131520.891403] sh (126716): drop_caches: 3
[131524.934186] sh (126716): drop_caches: 3
[131528.984075] sh (126716): drop_caches: 3
[131533.033629] sh (126716): drop_caches: 3
[131537.081527] sh (126716): drop_caches: 3
[131541.123243] sh (126716): drop_caches: 3
[131545.172990] sh (126716): drop_caches: 3
[131549.216487] sh (126716): drop_caches: 3
[131553.266634] sh (126716): drop_caches: 3
[131557.314632] sh (126716): drop_caches: 3
[131561.362858] sh (126716): drop_caches: 3
[131565.414757] sh (126716): drop_caches: 3
[131569.457430] sh (126716): drop_caches: 3
[131573.509536] sh (126716): drop_caches: 3
[131577.552291] sh (126716): drop_caches: 3
[131581.602959] sh (126716): drop_caches: 3
[131585.652880] sh (126716): drop_caches: 3
[131589.703194] sh (126716): drop_caches: 3
[131593.753844] sh (126716): drop_caches: 3
[131597.796542] sh (126716): drop_caches: 3
[131601.840887] sh (126716): drop_caches: 3
[131605.889561] sh (126716): drop_caches: 3
[131609.943459] sh (126716): drop_caches: 3
[131613.990481] sh (126716): drop_caches: 3
[131618.040735] sh (126716): drop_caches: 3
[131622.093401] sh (126716): drop_caches: 3
[131626.140783] sh (126716): drop_caches: 3
[131630.189341] sh (126716): drop_caches: 3
[131634.238317] sh (126716): drop_caches: 3
[131638.280039] sh (126716): drop_caches: 3
[131642.328901] sh (126716): drop_caches: 3
[131646.367841] sh (126716): drop_caches: 3
[131650.415635] sh (126716): drop_caches: 3
[131654.469441] sh (126716): drop_caches: 3
[131658.518864] sh (126716): drop_caches: 3
[131662.573247] sh (126716): drop_caches: 3
[131666.619662] sh (126716): drop_caches: 3
[131670.670691] sh (126716): drop_caches: 3
[131674.712284] sh (126716): drop_caches: 3
[131678.763340] sh (126716): drop_caches: 3
[131682.808224] sh (126716): drop_caches: 3
[131686.850429] sh (126716): drop_caches: 3
[131690.902997] sh (126716): drop_caches: 3
[131694.951199] sh (126716): drop_caches: 3
[131699.000731] sh (126716): drop_caches: 3
[131703.042576] sh (126716): drop_caches: 3
[131707.091138] sh (126716): drop_caches: 3
[131711.135887] sh (126716): drop_caches: 3
[131715.186270] sh (126716): drop_caches: 3
[131719.237766] sh (126716): drop_caches: 3
[131723.286461] sh (126716): drop_caches: 3
[131727.332118] sh (126716): drop_caches: 3
[131731.382935] sh (126716): drop_caches: 3
[131735.433255] sh (126716): drop_caches: 3
[131739.482694] sh (126716): drop_caches: 3
[131743.532235] sh (126716): drop_caches: 3
[131747.581568] sh (126716): drop_caches: 3
[131751.621556] sh (126716): drop_caches: 3
[131755.670056] sh (126716): drop_caches: 3
[131759.713001] sh (126716): drop_caches: 3
[131763.762313] sh (126716): drop_caches: 3
[131767.812988] sh (126716): drop_caches: 3
[131771.861096] sh (126716): drop_caches: 3
[131775.911799] sh (126716): drop_caches: 3
[131779.964534] sh (126716): drop_caches: 3
[131784.009508] sh (126716): drop_caches: 3
[131788.061029] sh (126716): drop_caches: 3
[131792.108515] sh (126716): drop_caches: 3
[131796.156554] sh (126716): drop_caches: 3
[131800.204185] sh (126716): drop_caches: 3
[131804.257775] sh (126716): drop_caches: 3
[131808.307892] sh (126716): drop_caches: 3
[131812.358598] sh (126716): drop_caches: 3
[131816.401548] sh (126716): drop_caches: 3
[131820.451718] sh (126716): drop_caches: 3
[131824.500712] sh (126716): drop_caches: 3
[131828.553242] sh (126716): drop_caches: 3
[131832.603284] sh (126716): drop_caches: 3
[131836.652688] sh (126716): drop_caches: 3
[131840.702997] sh (126716): drop_caches: 3
[131844.749079] sh (126716): drop_caches: 3
[131848.799399] sh (126716): drop_caches: 3
[131852.850409] sh (126716): drop_caches: 3
[131856.894938] sh (126716): drop_caches: 3
[131860.947921] sh (126716): drop_caches: 3
[131864.997331] sh (126716): drop_caches: 3
[131869.049271] sh (126716): drop_caches: 3
[131873.100658] sh (126716): drop_caches: 3
[131877.142644] sh (126716): drop_caches: 3
[131881.191851] sh (126716): drop_caches: 3
[131885.239526] sh (126716): drop_caches: 3
[131889.286795] sh (126716): drop_caches: 3
[131893.334490] sh (126716): drop_caches: 3
[131897.387642] sh (126716): drop_caches: 3
[131901.437023] sh (126716): drop_caches: 3
[131905.483960] sh (126716): drop_caches: 3
[131909.527906] sh (126716): drop_caches: 3
[131913.579260] sh (126716): drop_caches: 3
[131917.627478] sh (126716): drop_caches: 3
[131921.674121] sh (126716): drop_caches: 3
[131925.719287] sh (126716): drop_caches: 3
[131929.769976] sh (126716): drop_caches: 3
[131933.811489] sh (126716): drop_caches: 3
[131937.864292] sh (126716): drop_caches: 3
[131941.914044] sh (126716): drop_caches: 3
[131945.965251] sh (126716): drop_caches: 3
[131950.009948] sh (126716): drop_caches: 3
[131954.060759] sh (126716): drop_caches: 3
[131958.112611] sh (126716): drop_caches: 3
[131962.158843] sh (126716): drop_caches: 3
[131966.207029] sh (126716): drop_caches: 3
[131970.257566] sh (126716): drop_caches: 3
[131974.308837] sh (126716): drop_caches: 3
[131978.360792] sh (126716): drop_caches: 3
[131982.412875] sh (126716): drop_caches: 3
[131986.462566] sh (126716): drop_caches: 3
[131990.513085] sh (126716): drop_caches: 3
[131994.559241] sh (126716): drop_caches: 3
[131998.610304] sh (126716): drop_caches: 3
[132002.660451] sh (126716): drop_caches: 3
[132006.703591] sh (126716): drop_caches: 3
[132010.752752] sh (126716): drop_caches: 3
[132014.797119] sh (126716): drop_caches: 3
[132018.841774] sh (126716): drop_caches: 3
[132022.888102] sh (126716): drop_caches: 3
[132026.929492] sh (126716): drop_caches: 3
[132030.978678] sh (126716): drop_caches: 3
[132035.029110] sh (126716): drop_caches: 3
[132039.077750] sh (126716): drop_caches: 3
[132043.128319] sh (126716): drop_caches: 3
[132047.177924] sh (126716): drop_caches: 3
[132051.227971] sh (126716): drop_caches: 3
[132055.273309] sh (126716): drop_caches: 3
[132059.325033] sh (126716): drop_caches: 3
[132063.373784] sh (126716): drop_caches: 3
[132067.419613] sh (126716): drop_caches: 3
[132071.471602] sh (126716): drop_caches: 3
[132075.522384] sh (126716): drop_caches: 3
[132079.571409] sh (126716): drop_caches: 3
[132083.617999] sh (126716): drop_caches: 3
[132087.672914] sh (126716): drop_caches: 3
[132091.720919] sh (126716): drop_caches: 3
[132095.769469] sh (126716): drop_caches: 3
[132099.813985] sh (126716): drop_caches: 3
[132103.862172] sh (126716): drop_caches: 3
[132107.914033] sh (126716): drop_caches: 3
[132111.963159] sh (126716): drop_caches: 3
[132116.011117] sh (126716): drop_caches: 3
[132120.063974] sh (126716): drop_caches: 3
[132124.115002] sh (126716): drop_caches: 3
[132128.163205] sh (126716): drop_caches: 3
[132132.212462] sh (126716): drop_caches: 3
[132136.263616] sh (126716): drop_caches: 3
[132140.307801] sh (126716): drop_caches: 3
[132144.348634] sh (126716): drop_caches: 3
[132148.398414] sh (126716): drop_caches: 3
[132152.449115] sh (126716): drop_caches: 3
[132156.497028] sh (126716): drop_caches: 3
[132160.547609] sh (126716): drop_caches: 3
[132164.598762] sh (126716): drop_caches: 3
[132168.649344] sh (126716): drop_caches: 3
[132172.694087] sh (126716): drop_caches: 3
[132176.741479] sh (126716): drop_caches: 3
[132180.794885] sh (126716): drop_caches: 3
[132184.845316] sh (126716): drop_caches: 3
[132188.893372] sh (126716): drop_caches: 3
[132192.945154] sh (126716): drop_caches: 3
[132196.987487] sh (126716): drop_caches: 3
[132201.028394] sh (126716): drop_caches: 3
[132205.078911] sh (126716): drop_caches: 3
[132209.129069] sh (126716): drop_caches: 3
[132213.177851] sh (126716): drop_caches: 3
[132217.226204] sh (126716): drop_caches: 3
[132221.274924] sh (126716): drop_caches: 3
[132225.323051] sh (126716): drop_caches: 3
[132229.370612] sh (126716): drop_caches: 3
[132233.419368] sh (126716): drop_caches: 3
[132237.471501] sh (126716): drop_caches: 3
[132241.518727] sh (126716): drop_caches: 3
[132245.566725] sh (126716): drop_caches: 3
[132249.618601] sh (126716): drop_caches: 3
[132253.666626] sh (126716): drop_caches: 3
[132257.718304] sh (126716): drop_caches: 3
[132261.761708] sh (126716): drop_caches: 3
[132265.802690] sh (126716): drop_caches: 3
[132269.845316] sh (126716): drop_caches: 3
[132273.890431] sh (126716): drop_caches: 3
[132277.931803] sh (126716): drop_caches: 3
[132281.972511] sh (126716): drop_caches: 3
[132286.017991] sh (126716): drop_caches: 3
[132290.065883] sh (126716): drop_caches: 3
[132294.116765] sh (126716): drop_caches: 3
[132298.166531] sh (126716): drop_caches: 3
[132302.203625] sh (126716): drop_caches: 3
[132302.252754] iCAT_SQLITE_RUN_END run=20260830-095655-126226
[132302.271783] EXT4-fs (nvme1n1): unmounting filesystem 539f9018-75d8-46ee-876c-bbbeca8b9983.
[132302.345256] pci_bus 0001:10: busn_res: [bus 10-ff] is released
[132302.345287] NVMeVirt: GC stats: policy=cat-fig7 host_pages=32454599 gc_pages=13508338 gc_count=718164 WAF=1.416 k=10 scale_pct=100 age_ratio=4
[132302.409987] NVMeVirt: Virtual NVMe device closed
