[74098.984432] NVMeVirt: Version 1.10 for >> Samsung 970 Pro SSD <<
[74098.984439] NVMeVirt: Storage: 0x100100000-0x300000000 (8191 MiB)
[74098.990356] NVMeVirt: Total Capacity(GiB,MiB)=2,2048 chs=2 luns=4 lines=8192 blk-size(MiB,KiB)=0,64 line-size(MiB,KiB)=0,256
[74098.997131] NVMeVirt: [chmodel_init] bandwidth 800 max_credits 26 tx_time 152
[74099.005474] NVMeVirt: [chmodel_init] bandwidth 800 max_credits 26 tx_time 152
[74099.005492] NVMeVirt: [chmodel_init] bandwidth 3360 max_credits 110 tx_time 36
[74099.006851] NVMeVirt: pqueue: Copyright (c) 2014, Volkan Yazıcı <volkan.yazici@gmail.com>. All rights reserved.
[74099.006893] NVMeVirt: Init FTL instance with 2 channels (524288 pages)
[74099.006894] NVMeVirt: GC victim policy: cat-fig7 k=4 scale_pct=25 age_ratio=4
[74099.014055] NVMeVirt: [chmodel_init] bandwidth 800 max_credits 26 tx_time 152
[74099.020818] NVMeVirt: [chmodel_init] bandwidth 800 max_credits 26 tx_time 152
[74099.020832] NVMeVirt: [chmodel_init] bandwidth 3360 max_credits 110 tx_time 36
[74099.022178] NVMeVirt: Init FTL instance with 2 channels (524288 pages)
[74099.022179] NVMeVirt: GC victim policy: cat-fig7 k=4 scale_pct=25 age_ratio=4
[74099.028743] NVMeVirt: [chmodel_init] bandwidth 800 max_credits 26 tx_time 152
[74099.035197] NVMeVirt: [chmodel_init] bandwidth 800 max_credits 26 tx_time 152
[74099.035212] NVMeVirt: [chmodel_init] bandwidth 3360 max_credits 110 tx_time 36
[74099.036444] NVMeVirt: Init FTL instance with 2 channels (524288 pages)
[74099.036445] NVMeVirt: GC victim policy: cat-fig7 k=4 scale_pct=25 age_ratio=4
[74099.042867] NVMeVirt: [chmodel_init] bandwidth 800 max_credits 26 tx_time 152
[74099.049303] NVMeVirt: [chmodel_init] bandwidth 800 max_credits 26 tx_time 152
[74099.049317] NVMeVirt: [chmodel_init] bandwidth 3360 max_credits 110 tx_time 36
[74099.050601] NVMeVirt: Init FTL instance with 2 channels (524288 pages)
[74099.050603] NVMeVirt: GC victim policy: cat-fig7 k=4 scale_pct=25 age_ratio=4
[74099.050606] NVMeVirt: FTL physical space: 8588886016, logical space: 8026996276 (physical/logical * 100 = 107)
[74099.050608] NVMeVirt: ns 0/1: size 7655 MiB
[74099.050648] PCI host bridge to bus 0001:10
[74099.050650] pci_bus 0001:10: root bus resource [io  0x0000-0xffff]
[74099.050652] pci_bus 0001:10: root bus resource [mem 0x00000000-0x3fffffffffff]
[74099.050654] pci_bus 0001:10: root bus resource [bus 00-ff]
[74099.050660] pci 0001:10:00.0: [0c51:0110] type 00 class 0x010802 PCIe Endpoint
[74099.050663] pci 0001:10:00.0: BAR 0 [mem 0x100000000-0x100003fff 64bit]
[74099.050664] pci 0001:10:00.0: enabling Extended Tags
[74099.050773] NVMeVirt: Virtual PCI bus created (node 0)
[74099.051433] NVMeVirt: nvmev_io_worker_0 started on cpu 2 (node 0)
[74099.051567] NVMeVirt: nvmev_dispatcher started on cpu 1 (node 0)
[74099.051799] nvme nvme1: pci function 0001:10:00.0
[74099.055776] nvme nvme1: 20/0/0 default/read/poll queues
[74099.059467] NVMeVirt: Virtual NVMe device created
[74100.121934] EXT4-fs (nvme1n1): mounted filesystem 798e2dfc-eb09-4b84-bdbc-6f3f06c1e3c3 r/w with ordered data mode. Quota mode: none.
[74100.153449] iCAT_SQLITE_LOAD_START run=20260829-181335-56297
[74177.032135] iCAT_SQLITE_LOAD_END run=20260829-181335-56297
[74177.457665] sh (56425): drop_caches: 3
[74177.485950] iCAT_SQLITE_RUN_START run=20260829-181335-56297
[74181.073214] sh (56422): drop_caches: 3
[74185.119623] sh (56422): drop_caches: 3
[74189.164323] sh (56422): drop_caches: 3
[74193.210547] sh (56422): drop_caches: 3
[74197.256865] sh (56422): drop_caches: 3
[74201.304573] sh (56422): drop_caches: 3
[74205.351357] sh (56422): drop_caches: 3
[74209.398458] sh (56422): drop_caches: 3
[74213.446333] sh (56422): drop_caches: 3
[74217.491573] sh (56422): drop_caches: 3
[74221.537518] sh (56422): drop_caches: 3
[74225.581877] sh (56422): drop_caches: 3
[74229.628495] sh (56422): drop_caches: 3
[74233.676886] sh (56422): drop_caches: 3
[74237.717954] sh (56422): drop_caches: 3
[74241.756068] sh (56422): drop_caches: 3
[74245.803471] sh (56422): drop_caches: 3
[74249.848504] sh (56422): drop_caches: 3
[74253.894188] sh (56422): drop_caches: 3
[74257.940099] sh (56422): drop_caches: 3
[74261.984626] sh (56422): drop_caches: 3
[74266.028228] sh (56422): drop_caches: 3
[74270.075380] sh (56422): drop_caches: 3
[74274.119587] sh (56422): drop_caches: 3
[74278.164648] sh (56422): drop_caches: 3
[74282.210606] sh (56422): drop_caches: 3
[74286.255498] sh (56422): drop_caches: 3
[74290.300461] sh (56422): drop_caches: 3
[74294.338980] sh (56422): drop_caches: 3
[74298.376770] sh (56422): drop_caches: 3
[74302.422012] sh (56422): drop_caches: 3
[74306.469340] sh (56422): drop_caches: 3
[74310.510844] sh (56422): drop_caches: 3
[74314.558582] sh (56422): drop_caches: 3
[74318.604614] sh (56422): drop_caches: 3
[74322.648398] sh (56422): drop_caches: 3
[74326.693318] sh (56422): drop_caches: 3
[74330.738216] sh (56422): drop_caches: 3
[74334.783951] sh (56422): drop_caches: 3
[74338.827115] sh (56422): drop_caches: 3
[74342.872836] sh (56422): drop_caches: 3
[74346.915743] sh (56422): drop_caches: 3
[74350.962783] sh (56422): drop_caches: 3
[74355.006508] sh (56422): drop_caches: 3
[74359.051630] sh (56422): drop_caches: 3
[74363.096567] sh (56422): drop_caches: 3
[74367.141798] sh (56422): drop_caches: 3
[74371.189817] sh (56422): drop_caches: 3
[74375.235124] sh (56422): drop_caches: 3
[74379.278733] sh (56422): drop_caches: 3
[74383.317631] sh (56422): drop_caches: 3
[74387.358699] sh (56422): drop_caches: 3
[74391.401363] sh (56422): drop_caches: 3
[74395.446397] sh (56422): drop_caches: 3
[74399.493183] sh (56422): drop_caches: 3
[74403.537372] sh (56422): drop_caches: 3
[74407.584004] sh (56422): drop_caches: 3
[74411.631654] sh (56422): drop_caches: 3
[74415.676250] sh (56422): drop_caches: 3
[74419.721453] sh (56422): drop_caches: 3
[74423.765456] sh (56422): drop_caches: 3
[74427.810893] sh (56422): drop_caches: 3
[74431.856558] sh (56422): drop_caches: 3
[74435.901018] sh (56422): drop_caches: 3
[74439.945480] sh (56422): drop_caches: 3
[74443.990489] sh (56422): drop_caches: 3
[74448.037584] sh (56422): drop_caches: 3
[74452.080716] sh (56422): drop_caches: 3
[74456.127280] sh (56422): drop_caches: 3
[74460.171840] sh (56422): drop_caches: 3
[74464.216250] sh (56422): drop_caches: 3
[74468.261270] sh (56422): drop_caches: 3
[74472.304920] sh (56422): drop_caches: 3
[74476.348206] sh (56422): drop_caches: 3
[74480.394542] sh (56422): drop_caches: 3
[74484.437943] sh (56422): drop_caches: 3
[74488.487816] sh (56422): drop_caches: 3
[74492.531811] sh (56422): drop_caches: 3
[74496.577530] sh (56422): drop_caches: 3
[74500.621879] sh (56422): drop_caches: 3
[74504.667689] sh (56422): drop_caches: 3
[74508.713561] sh (56422): drop_caches: 3
[74512.758796] sh (56422): drop_caches: 3
[74516.802813] sh (56422): drop_caches: 3
[74520.845395] sh (56422): drop_caches: 3
[74524.893000] sh (56422): drop_caches: 3
[74528.937677] sh (56422): drop_caches: 3
[74532.980675] sh (56422): drop_caches: 3
[74537.024401] sh (56422): drop_caches: 3
[74541.069740] sh (56422): drop_caches: 3
[74545.115294] sh (56422): drop_caches: 3
[74549.161586] sh (56422): drop_caches: 3
[74553.207110] sh (56422): drop_caches: 3
[74557.252262] sh (56422): drop_caches: 3
[74561.298569] sh (56422): drop_caches: 3
[74565.337172] sh (56422): drop_caches: 3
[74569.383152] sh (56422): drop_caches: 3
[74573.430028] sh (56422): drop_caches: 3
[74577.473654] sh (56422): drop_caches: 3
[74581.517357] sh (56422): drop_caches: 3
[74585.563384] sh (56422): drop_caches: 3
[74589.608710] sh (56422): drop_caches: 3
[74593.652270] sh (56422): drop_caches: 3
[74597.700285] sh (56422): drop_caches: 3
[74601.738870] sh (56422): drop_caches: 3
[74605.788055] sh (56422): drop_caches: 3
[74609.833522] sh (56422): drop_caches: 3
[74613.882935] sh (56422): drop_caches: 3
[74617.928283] sh (56422): drop_caches: 3
[74621.976510] sh (56422): drop_caches: 3
[74626.025141] sh (56422): drop_caches: 3
[74630.069439] sh (56422): drop_caches: 3
[74634.116808] sh (56422): drop_caches: 3
[74638.162432] sh (56422): drop_caches: 3
[74642.201354] sh (56422): drop_caches: 3
[74646.247079] sh (56422): drop_caches: 3
[74650.291130] sh (56422): drop_caches: 3
[74654.328715] sh (56422): drop_caches: 3
[74658.367428] sh (56422): drop_caches: 3
[74662.411373] sh (56422): drop_caches: 3
[74666.455077] sh (56422): drop_caches: 3
[74670.494287] sh (56422): drop_caches: 3
[74674.534511] sh (56422): drop_caches: 3
[74678.579105] sh (56422): drop_caches: 3
[74682.625024] sh (56422): drop_caches: 3
[74686.670844] sh (56422): drop_caches: 3
[74690.713413] sh (56422): drop_caches: 3
[74694.757087] sh (56422): drop_caches: 3
[74698.801136] sh (56422): drop_caches: 3
[74702.848009] sh (56422): drop_caches: 3
[74706.893452] sh (56422): drop_caches: 3
[74710.942291] sh (56422): drop_caches: 3
[74714.986440] sh (56422): drop_caches: 3
[74719.025792] sh (56422): drop_caches: 3
[74723.070661] sh (56422): drop_caches: 3
[74727.116736] sh (56422): drop_caches: 3
[74731.162646] sh (56422): drop_caches: 3
[74735.208429] sh (56422): drop_caches: 3
[74739.254912] sh (56422): drop_caches: 3
[74743.299908] sh (56422): drop_caches: 3
[74747.339440] sh (56422): drop_caches: 3
[74751.384623] sh (56422): drop_caches: 3
[74755.428377] sh (56422): drop_caches: 3
[74759.473983] sh (56422): drop_caches: 3
[74763.518649] sh (56422): drop_caches: 3
[74767.566569] sh (56422): drop_caches: 3
[74771.614130] sh (56422): drop_caches: 3
[74775.657664] sh (56422): drop_caches: 3
[74779.702604] sh (56422): drop_caches: 3
[74783.745771] sh (56422): drop_caches: 3
[74787.793443] sh (56422): drop_caches: 3
[74791.838330] sh (56422): drop_caches: 3
[74795.881492] sh (56422): drop_caches: 3
[74799.924864] sh (56422): drop_caches: 3
[74803.968121] sh (56422): drop_caches: 3
[74808.014616] sh (56422): drop_caches: 3
[74812.059043] sh (56422): drop_caches: 3
[74816.103212] sh (56422): drop_caches: 3
[74820.148914] sh (56422): drop_caches: 3
[74824.193736] sh (56422): drop_caches: 3
[74828.242089] sh (56422): drop_caches: 3
[74832.285054] sh (56422): drop_caches: 3
[74836.333070] sh (56422): drop_caches: 3
[74840.381438] sh (56422): drop_caches: 3
[74844.429440] sh (56422): drop_caches: 3
[74848.478199] sh (56422): drop_caches: 3
[74852.524160] sh (56422): drop_caches: 3
[74856.570112] sh (56422): drop_caches: 3
[74860.613079] sh (56422): drop_caches: 3
[74864.657903] sh (56422): drop_caches: 3
[74868.701768] sh (56422): drop_caches: 3
[74872.746555] sh (56422): drop_caches: 3
[74876.790840] sh (56422): drop_caches: 3
[74880.836887] sh (56422): drop_caches: 3
[74884.882554] sh (56422): drop_caches: 3
[74888.928824] sh (56422): drop_caches: 3
[74892.971973] sh (56422): drop_caches: 3
[74897.016691] sh (56422): drop_caches: 3
[74901.063012] sh (56422): drop_caches: 3
[74905.108648] sh (56422): drop_caches: 3
[74909.151396] sh (56422): drop_caches: 3
[74913.196389] sh (56422): drop_caches: 3
[74917.240608] sh (56422): drop_caches: 3
[74921.283820] sh (56422): drop_caches: 3
[74925.330113] sh (56422): drop_caches: 3
[74929.376723] sh (56422): drop_caches: 3
[74933.420252] sh (56422): drop_caches: 3
[74937.467132] sh (56422): drop_caches: 3
[74941.513011] sh (56422): drop_caches: 3
[74945.560764] sh (56422): drop_caches: 3
[74949.603669] sh (56422): drop_caches: 3
[74953.648679] sh (56422): drop_caches: 3
[74957.693163] sh (56422): drop_caches: 3
[74961.730842] sh (56422): drop_caches: 3
[74965.775451] sh (56422): drop_caches: 3
[74969.813128] sh (56422): drop_caches: 3
[74973.861041] sh (56422): drop_caches: 3
[74977.905518] sh (56422): drop_caches: 3
[74981.952390] sh (56422): drop_caches: 3
[74985.998122] sh (56422): drop_caches: 3
[74990.042668] sh (56422): drop_caches: 3
[74994.087851] sh (56422): drop_caches: 3
[74998.131613] sh (56422): drop_caches: 3
[75002.178005] sh (56422): drop_caches: 3
[75006.224440] sh (56422): drop_caches: 3
[75010.268904] sh (56422): drop_caches: 3
[75014.315238] sh (56422): drop_caches: 3
[75018.355283] sh (56422): drop_caches: 3
[75022.402263] sh (56422): drop_caches: 3
[75026.447396] sh (56422): drop_caches: 3
[75030.487306] sh (56422): drop_caches: 3
[75034.529176] sh (56422): drop_caches: 3
[75038.575114] sh (56422): drop_caches: 3
[75042.621851] sh (56422): drop_caches: 3
[75046.660282] sh (56422): drop_caches: 3
[75050.706451] sh (56422): drop_caches: 3
[75054.753259] sh (56422): drop_caches: 3
[75058.800071] sh (56422): drop_caches: 3
[75062.848710] sh (56422): drop_caches: 3
[75066.892701] sh (56422): drop_caches: 3
[75070.941805] sh (56422): drop_caches: 3
[75074.988627] sh (56422): drop_caches: 3
[75079.038676] sh (56422): drop_caches: 3
[75083.085250] sh (56422): drop_caches: 3
[75087.130816] sh (56422): drop_caches: 3
[75091.174427] sh (56422): drop_caches: 3
[75095.217537] sh (56422): drop_caches: 3
[75099.262713] sh (56422): drop_caches: 3
[75103.309263] sh (56422): drop_caches: 3
[75107.347134] sh (56422): drop_caches: 3
[75111.393818] sh (56422): drop_caches: 3
[75115.438991] sh (56422): drop_caches: 3
[75119.486181] sh (56422): drop_caches: 3
[75123.532462] sh (56422): drop_caches: 3
[75127.577669] sh (56422): drop_caches: 3
[75131.624291] sh (56422): drop_caches: 3
[75135.669584] sh (56422): drop_caches: 3
[75139.715411] sh (56422): drop_caches: 3
[75143.760613] sh (56422): drop_caches: 3
[75147.805077] sh (56422): drop_caches: 3
[75151.851301] sh (56422): drop_caches: 3
[75155.895824] sh (56422): drop_caches: 3
[75159.941235] sh (56422): drop_caches: 3
[75163.984312] sh (56422): drop_caches: 3
[75168.030443] sh (56422): drop_caches: 3
[75172.074963] sh (56422): drop_caches: 3
[75176.121372] sh (56422): drop_caches: 3
[75180.166590] sh (56422): drop_caches: 3
[75184.212897] sh (56422): drop_caches: 3
[75188.254966] sh (56422): drop_caches: 3
[75192.301232] sh (56422): drop_caches: 3
[75196.347190] sh (56422): drop_caches: 3
[75200.389933] sh (56422): drop_caches: 3
[75204.436387] sh (56422): drop_caches: 3
[75208.482176] sh (56422): drop_caches: 3
[75212.527184] sh (56422): drop_caches: 3
[75216.571713] sh (56422): drop_caches: 3
[75220.617600] sh (56422): drop_caches: 3
[75224.663762] sh (56422): drop_caches: 3
[75228.708707] sh (56422): drop_caches: 3
[75232.755045] sh (56422): drop_caches: 3
[75236.799285] sh (56422): drop_caches: 3
[75240.843729] sh (56422): drop_caches: 3
[75244.890228] sh (56422): drop_caches: 3
[75248.935456] sh (56422): drop_caches: 3
[75252.981384] sh (56422): drop_caches: 3
[75257.026797] sh (56422): drop_caches: 3
[75261.072196] sh (56422): drop_caches: 3
[75265.116978] sh (56422): drop_caches: 3
[75269.163283] sh (56422): drop_caches: 3
[75273.207961] sh (56422): drop_caches: 3
[75277.253273] sh (56422): drop_caches: 3
[75281.296003] sh (56422): drop_caches: 3
[75285.341998] sh (56422): drop_caches: 3
[75289.388125] sh (56422): drop_caches: 3
[75293.432960] sh (56422): drop_caches: 3
[75297.478104] sh (56422): drop_caches: 3
[75301.524743] sh (56422): drop_caches: 3
[75305.568864] sh (56422): drop_caches: 3
[75309.615800] sh (56422): drop_caches: 3
[75313.661459] sh (56422): drop_caches: 3
[75317.707013] sh (56422): drop_caches: 3
[75321.745020] sh (56422): drop_caches: 3
[75325.789644] sh (56422): drop_caches: 3
[75329.835742] sh (56422): drop_caches: 3
[75333.880468] sh (56422): drop_caches: 3
[75337.924358] sh (56422): drop_caches: 3
[75341.970930] sh (56422): drop_caches: 3
[75346.018945] sh (56422): drop_caches: 3
[75350.063059] sh (56422): drop_caches: 3
[75354.106156] sh (56422): drop_caches: 3
[75358.149299] sh (56422): drop_caches: 3
[75362.193650] sh (56422): drop_caches: 3
[75366.237028] sh (56422): drop_caches: 3
[75370.285033] sh (56422): drop_caches: 3
[75374.324757] sh (56422): drop_caches: 3
[75378.366116] sh (56422): drop_caches: 3
[75382.409090] sh (56422): drop_caches: 3
[75386.453814] sh (56422): drop_caches: 3
[75390.493962] sh (56422): drop_caches: 3
[75394.532989] sh (56422): drop_caches: 3
[75398.578182] sh (56422): drop_caches: 3
[75402.623904] sh (56422): drop_caches: 3
[75406.669343] sh (56422): drop_caches: 3
[75410.713655] sh (56422): drop_caches: 3
[75414.759217] sh (56422): drop_caches: 3
[75418.805226] sh (56422): drop_caches: 3
[75422.851251] sh (56422): drop_caches: 3
[75426.894145] sh (56422): drop_caches: 3
[75430.938502] sh (56422): drop_caches: 3
[75434.984894] sh (56422): drop_caches: 3
[75439.030398] sh (56422): drop_caches: 3
[75443.076773] sh (56422): drop_caches: 3
[75447.122507] sh (56422): drop_caches: 3
[75451.162466] sh (56422): drop_caches: 3
[75455.205407] sh (56422): drop_caches: 3
[75459.249171] sh (56422): drop_caches: 3
[75463.295476] sh (56422): drop_caches: 3
[75467.335785] sh (56422): drop_caches: 3
[75471.382784] sh (56422): drop_caches: 3
[75475.427581] sh (56422): drop_caches: 3
[75479.472426] sh (56422): drop_caches: 3
[75483.517911] sh (56422): drop_caches: 3
[75487.560720] sh (56422): drop_caches: 3
[75491.606184] sh (56422): drop_caches: 3
[75495.650778] sh (56422): drop_caches: 3
[75499.697232] sh (56422): drop_caches: 3
[75503.743589] sh (56422): drop_caches: 3
[75507.789703] sh (56422): drop_caches: 3
[75511.834917] sh (56422): drop_caches: 3
[75515.881672] sh (56422): drop_caches: 3
[75519.927592] sh (56422): drop_caches: 3
[75523.972147] sh (56422): drop_caches: 3
[75528.016381] sh (56422): drop_caches: 3
[75532.060163] sh (56422): drop_caches: 3
[75536.105426] sh (56422): drop_caches: 3
[75540.150122] sh (56422): drop_caches: 3
[75544.195787] sh (56422): drop_caches: 3
[75548.238320] sh (56422): drop_caches: 3
[75552.285028] sh (56422): drop_caches: 3
[75556.329984] sh (56422): drop_caches: 3
[75560.378615] sh (56422): drop_caches: 3
[75564.426538] sh (56422): drop_caches: 3
[75568.473190] sh (56422): drop_caches: 3
[75572.519734] sh (56422): drop_caches: 3
[75576.566144] sh (56422): drop_caches: 3
[75580.614468] sh (56422): drop_caches: 3
[75584.662425] sh (56422): drop_caches: 3
[75588.707132] sh (56422): drop_caches: 3
[75592.755386] sh (56422): drop_caches: 3
[75596.803713] sh (56422): drop_caches: 3
[75600.851830] sh (56422): drop_caches: 3
[75604.899924] sh (56422): drop_caches: 3
[75608.945385] sh (56422): drop_caches: 3
[75612.989558] sh (56422): drop_caches: 3
[75617.029605] sh (56422): drop_caches: 3
[75621.075553] sh (56422): drop_caches: 3
[75625.118771] sh (56422): drop_caches: 3
[75629.163101] sh (56422): drop_caches: 3
[75633.212056] sh (56422): drop_caches: 3
[75637.258063] sh (56422): drop_caches: 3
[75641.301501] sh (56422): drop_caches: 3
[75645.347685] sh (56422): drop_caches: 3
[75649.391549] sh (56422): drop_caches: 3
[75653.436074] sh (56422): drop_caches: 3
[75657.479675] sh (56422): drop_caches: 3
[75661.523205] sh (56422): drop_caches: 3
[75661.574960] iCAT_SQLITE_RUN_END run=20260829-181335-56297
[75661.595600] EXT4-fs (nvme1n1): unmounting filesystem 798e2dfc-eb09-4b84-bdbc-6f3f06c1e3c3.
[75661.696802] pci_bus 0001:10: busn_res: [bus 10-ff] is released
[75661.696840] NVMeVirt: GC stats: policy=cat-fig7 host_pages=32366775 gc_pages=11504325 gc_count=685479 WAF=1.355 k=4 scale_pct=25 age_ratio=4
[75661.769329] NVMeVirt: Virtual NVMe device closed
