[64630.790137] NVMeVirt: Version 1.10 for >> Samsung 970 Pro SSD <<
[64630.790148] NVMeVirt: Storage: 0x100100000-0x300000000 (8191 MiB)
[64630.799008] NVMeVirt: Total Capacity(GiB,MiB)=2,2048 chs=2 luns=4 lines=8192 blk-size(MiB,KiB)=0,64 line-size(MiB,KiB)=0,256
[64630.808712] NVMeVirt: [chmodel_init] bandwidth 800 max_credits 26 tx_time 152
[64630.815763] NVMeVirt: [chmodel_init] bandwidth 800 max_credits 26 tx_time 152
[64630.815777] NVMeVirt: [chmodel_init] bandwidth 3360 max_credits 110 tx_time 36
[64630.817103] NVMeVirt: pqueue: Copyright (c) 2014, Volkan Yazıcı <volkan.yazici@gmail.com>. All rights reserved.
[64630.817140] NVMeVirt: Init FTL instance with 2 channels (524288 pages)
[64630.817141] NVMeVirt: GC victim policy: cat-fig7 k=2 scale_pct=200 age_ratio=4
[64630.823806] NVMeVirt: [chmodel_init] bandwidth 800 max_credits 26 tx_time 152
[64630.830375] NVMeVirt: [chmodel_init] bandwidth 800 max_credits 26 tx_time 152
[64630.830389] NVMeVirt: [chmodel_init] bandwidth 3360 max_credits 110 tx_time 36
[64630.831632] NVMeVirt: Init FTL instance with 2 channels (524288 pages)
[64630.831633] NVMeVirt: GC victim policy: cat-fig7 k=2 scale_pct=200 age_ratio=4
[64630.838050] NVMeVirt: [chmodel_init] bandwidth 800 max_credits 26 tx_time 152
[64630.844516] NVMeVirt: [chmodel_init] bandwidth 800 max_credits 26 tx_time 152
[64630.844530] NVMeVirt: [chmodel_init] bandwidth 3360 max_credits 110 tx_time 36
[64630.845783] NVMeVirt: Init FTL instance with 2 channels (524288 pages)
[64630.845784] NVMeVirt: GC victim policy: cat-fig7 k=2 scale_pct=200 age_ratio=4
[64630.852177] NVMeVirt: [chmodel_init] bandwidth 800 max_credits 26 tx_time 152
[64630.858565] NVMeVirt: [chmodel_init] bandwidth 800 max_credits 26 tx_time 152
[64630.858578] NVMeVirt: [chmodel_init] bandwidth 3360 max_credits 110 tx_time 36
[64630.859836] NVMeVirt: Init FTL instance with 2 channels (524288 pages)
[64630.859837] NVMeVirt: GC victim policy: cat-fig7 k=2 scale_pct=200 age_ratio=4
[64630.859840] NVMeVirt: FTL physical space: 8588886016, logical space: 8026996276 (physical/logical * 100 = 107)
[64630.859842] NVMeVirt: ns 0/1: size 7655 MiB
[64630.859883] PCI host bridge to bus 0001:10
[64630.859884] pci_bus 0001:10: root bus resource [io  0x0000-0xffff]
[64630.859886] pci_bus 0001:10: root bus resource [mem 0x00000000-0x3fffffffffff]
[64630.859888] pci_bus 0001:10: root bus resource [bus 00-ff]
[64630.859894] pci 0001:10:00.0: [0c51:0110] type 00 class 0x010802 PCIe Endpoint
[64630.859897] pci 0001:10:00.0: BAR 0 [mem 0x100000000-0x100003fff 64bit]
[64630.859898] pci 0001:10:00.0: enabling Extended Tags
[64630.860006] NVMeVirt: Virtual PCI bus created (node 0)
[64630.860478] NVMeVirt: nvmev_io_worker_0 started on cpu 2 (node 0)
[64630.860523] NVMeVirt: nvmev_dispatcher started on cpu 1 (node 0)
[64630.860772] nvme nvme1: pci function 0001:10:00.0
[64630.863328] nvme nvme1: 20/0/0 default/read/poll queues
[64630.865977] NVMeVirt: Virtual NVMe device created
[64631.925820] EXT4-fs (nvme1n1): mounted filesystem a6b59a80-cd2f-49f6-8679-016652a9ce11 r/w with ordered data mode. Quota mode: none.
[64631.956514] iCAT_SQLITE_LOAD_START run=20260829-153547-52490
[64709.087142] iCAT_SQLITE_LOAD_END run=20260829-153547-52490
[64709.508848] sh (52625): drop_caches: 3
[64709.537782] iCAT_SQLITE_RUN_START run=20260829-153547-52490
[64713.126155] sh (52624): drop_caches: 3
[64717.172900] sh (52624): drop_caches: 3
[64721.216369] sh (52624): drop_caches: 3
[64725.260119] sh (52624): drop_caches: 3
[64729.305006] sh (52624): drop_caches: 3
[64733.350510] sh (52624): drop_caches: 3
[64737.393380] sh (52624): drop_caches: 3
[64741.438087] sh (52624): drop_caches: 3
[64745.482914] sh (52624): drop_caches: 3
[64749.528873] sh (52624): drop_caches: 3
[64753.574375] sh (52624): drop_caches: 3
[64757.617614] sh (52624): drop_caches: 3
[64761.662474] sh (52624): drop_caches: 3
[64765.708118] sh (52624): drop_caches: 3
[64769.751362] sh (52624): drop_caches: 3
[64773.791415] sh (52624): drop_caches: 3
[64777.837931] sh (52624): drop_caches: 3
[64781.884566] sh (52624): drop_caches: 3
[64785.931795] sh (52624): drop_caches: 3
[64789.977506] sh (52624): drop_caches: 3
[64794.023035] sh (52624): drop_caches: 3
[64798.068690] sh (52624): drop_caches: 3
[64802.113230] sh (52624): drop_caches: 3
[64806.158371] sh (52624): drop_caches: 3
[64810.203660] sh (52624): drop_caches: 3
[64814.248860] sh (52624): drop_caches: 3
[64818.294233] sh (52624): drop_caches: 3
[64822.340751] sh (52624): drop_caches: 3
[64826.378208] sh (52624): drop_caches: 3
[64830.416318] sh (52624): drop_caches: 3
[64834.461571] sh (52624): drop_caches: 3
[64838.507594] sh (52624): drop_caches: 3
[64842.545397] sh (52624): drop_caches: 3
[64846.585327] sh (52624): drop_caches: 3
[64850.630875] sh (52624): drop_caches: 3
[64854.678281] sh (52624): drop_caches: 3
[64858.723613] sh (52624): drop_caches: 3
[64862.768486] sh (52624): drop_caches: 3
[64866.811700] sh (52624): drop_caches: 3
[64870.856663] sh (52624): drop_caches: 3
[64874.901208] sh (52624): drop_caches: 3
[64878.945153] sh (52624): drop_caches: 3
[64882.993006] sh (52624): drop_caches: 3
[64887.039161] sh (52624): drop_caches: 3
[64891.087180] sh (52624): drop_caches: 3
[64895.135061] sh (52624): drop_caches: 3
[64899.180163] sh (52624): drop_caches: 3
[64903.226683] sh (52624): drop_caches: 3
[64907.272324] sh (52624): drop_caches: 3
[64911.317506] sh (52624): drop_caches: 3
[64915.360633] sh (52624): drop_caches: 3
[64919.401781] sh (52624): drop_caches: 3
[64923.439334] sh (52624): drop_caches: 3
[64927.483641] sh (52624): drop_caches: 3
[64931.529625] sh (52624): drop_caches: 3
[64935.573434] sh (52624): drop_caches: 3
[64939.618510] sh (52624): drop_caches: 3
[64943.666296] sh (52624): drop_caches: 3
[64947.710600] sh (52624): drop_caches: 3
[64951.750964] sh (52624): drop_caches: 3
[64955.795621] sh (52624): drop_caches: 3
[64959.840737] sh (52624): drop_caches: 3
[64963.886020] sh (52624): drop_caches: 3
[64967.930441] sh (52624): drop_caches: 3
[64971.975035] sh (52624): drop_caches: 3
[64976.018828] sh (52624): drop_caches: 3
[64980.062756] sh (52624): drop_caches: 3
[64984.108542] sh (52624): drop_caches: 3
[64988.152529] sh (52624): drop_caches: 3
[64992.195956] sh (52624): drop_caches: 3
[64996.237924] sh (52624): drop_caches: 3
[65000.276055] sh (52624): drop_caches: 3
[65004.318214] sh (52624): drop_caches: 3
[65008.363048] sh (52624): drop_caches: 3
[65012.405835] sh (52624): drop_caches: 3
[65016.451758] sh (52624): drop_caches: 3
[65020.496715] sh (52624): drop_caches: 3
[65024.543944] sh (52624): drop_caches: 3
[65028.588380] sh (52624): drop_caches: 3
[65032.633439] sh (52624): drop_caches: 3
[65036.681513] sh (52624): drop_caches: 3
[65040.725524] sh (52624): drop_caches: 3
[65044.770319] sh (52624): drop_caches: 3
[65048.816384] sh (52624): drop_caches: 3
[65052.863820] sh (52624): drop_caches: 3
[65056.908354] sh (52624): drop_caches: 3
[65060.950596] sh (52624): drop_caches: 3
[65064.994433] sh (52624): drop_caches: 3
[65069.038444] sh (52624): drop_caches: 3
[65073.081790] sh (52624): drop_caches: 3
[65077.121000] sh (52624): drop_caches: 3
[65081.168362] sh (52624): drop_caches: 3
[65085.213688] sh (52624): drop_caches: 3
[65089.256235] sh (52624): drop_caches: 3
[65093.299856] sh (52624): drop_caches: 3
[65097.343795] sh (52624): drop_caches: 3
[65101.388324] sh (52624): drop_caches: 3
[65105.433889] sh (52624): drop_caches: 3
[65109.474240] sh (52624): drop_caches: 3
[65113.518652] sh (52624): drop_caches: 3
[65117.561693] sh (52624): drop_caches: 3
[65121.606423] sh (52624): drop_caches: 3
[65125.651873] sh (52624): drop_caches: 3
[65129.697109] sh (52624): drop_caches: 3
[65133.741224] sh (52624): drop_caches: 3
[65137.785899] sh (52624): drop_caches: 3
[65141.829452] sh (52624): drop_caches: 3
[65145.874118] sh (52624): drop_caches: 3
[65149.920376] sh (52624): drop_caches: 3
[65153.963711] sh (52624): drop_caches: 3
[65158.006521] sh (52624): drop_caches: 3
[65162.052856] sh (52624): drop_caches: 3
[65166.097515] sh (52624): drop_caches: 3
[65170.140299] sh (52624): drop_caches: 3
[65174.181802] sh (52624): drop_caches: 3
[65178.225657] sh (52624): drop_caches: 3
[65182.268117] sh (52624): drop_caches: 3
[65186.312155] sh (52624): drop_caches: 3
[65190.357794] sh (52624): drop_caches: 3
[65194.396748] sh (52624): drop_caches: 3
[65198.435314] sh (52624): drop_caches: 3
[65202.479837] sh (52624): drop_caches: 3
[65206.522588] sh (52624): drop_caches: 3
[65210.559519] sh (52624): drop_caches: 3
[65214.599538] sh (52624): drop_caches: 3
[65218.643535] sh (52624): drop_caches: 3
[65222.688055] sh (52624): drop_caches: 3
[65226.730326] sh (52624): drop_caches: 3
[65230.779216] sh (52624): drop_caches: 3
[65234.826725] sh (52624): drop_caches: 3
[65238.873975] sh (52624): drop_caches: 3
[65242.921206] sh (52624): drop_caches: 3
[65246.965685] sh (52624): drop_caches: 3
[65251.012618] sh (52624): drop_caches: 3
[65255.054704] sh (52624): drop_caches: 3
[65259.101281] sh (52624): drop_caches: 3
[65263.145749] sh (52624): drop_caches: 3
[65267.190913] sh (52624): drop_caches: 3
[65271.237778] sh (52624): drop_caches: 3
[65275.282887] sh (52624): drop_caches: 3
[65279.326850] sh (52624): drop_caches: 3
[65283.371879] sh (52624): drop_caches: 3
[65287.409542] sh (52624): drop_caches: 3
[65291.454930] sh (52624): drop_caches: 3
[65295.499963] sh (52624): drop_caches: 3
[65299.543076] sh (52624): drop_caches: 3
[65303.590081] sh (52624): drop_caches: 3
[65307.635479] sh (52624): drop_caches: 3
[65311.680347] sh (52624): drop_caches: 3
[65315.726906] sh (52624): drop_caches: 3
[65319.770954] sh (52624): drop_caches: 3
[65323.810108] sh (52624): drop_caches: 3
[65327.855827] sh (52624): drop_caches: 3
[65331.900920] sh (52624): drop_caches: 3
[65335.945113] sh (52624): drop_caches: 3
[65339.988428] sh (52624): drop_caches: 3
[65344.032285] sh (52624): drop_caches: 3
[65348.074983] sh (52624): drop_caches: 3
[65352.122142] sh (52624): drop_caches: 3
[65356.164561] sh (52624): drop_caches: 3
[65360.207344] sh (52624): drop_caches: 3
[65364.255240] sh (52624): drop_caches: 3
[65368.300507] sh (52624): drop_caches: 3
[65372.345640] sh (52624): drop_caches: 3
[65376.388010] sh (52624): drop_caches: 3
[65380.432653] sh (52624): drop_caches: 3
[65384.478241] sh (52624): drop_caches: 3
[65388.520696] sh (52624): drop_caches: 3
[65392.565853] sh (52624): drop_caches: 3
[65396.608457] sh (52624): drop_caches: 3
[65400.652831] sh (52624): drop_caches: 3
[65404.688039] sh (52624): drop_caches: 3
[65408.736091] sh (52624): drop_caches: 3
[65412.780993] sh (52624): drop_caches: 3
[65416.828713] sh (52624): drop_caches: 3
[65420.873641] sh (52624): drop_caches: 3
[65424.921509] sh (52624): drop_caches: 3
[65428.965923] sh (52624): drop_caches: 3
[65433.014156] sh (52624): drop_caches: 3
[65437.057857] sh (52624): drop_caches: 3
[65441.100875] sh (52624): drop_caches: 3
[65445.146042] sh (52624): drop_caches: 3
[65449.190735] sh (52624): drop_caches: 3
[65453.234164] sh (52624): drop_caches: 3
[65457.281946] sh (52624): drop_caches: 3
[65461.328298] sh (52624): drop_caches: 3
[65465.373205] sh (52624): drop_caches: 3
[65469.421323] sh (52624): drop_caches: 3
[65473.468353] sh (52624): drop_caches: 3
[65477.515304] sh (52624): drop_caches: 3
[65481.553518] sh (52624): drop_caches: 3
[65485.598448] sh (52624): drop_caches: 3
[65489.643144] sh (52624): drop_caches: 3
[65493.688995] sh (52624): drop_caches: 3
[65497.732212] sh (52624): drop_caches: 3
[65501.776052] sh (52624): drop_caches: 3
[65505.820856] sh (52624): drop_caches: 3
[65509.863555] sh (52624): drop_caches: 3
[65513.908823] sh (52624): drop_caches: 3
[65517.953693] sh (52624): drop_caches: 3
[65521.998898] sh (52624): drop_caches: 3
[65526.045234] sh (52624): drop_caches: 3
[65530.089487] sh (52624): drop_caches: 3
[65534.135602] sh (52624): drop_caches: 3
[65538.178443] sh (52624): drop_caches: 3
[65542.230263] sh (52624): drop_caches: 3
[65546.273969] sh (52624): drop_caches: 3
[65550.317530] sh (52624): drop_caches: 3
[65554.361479] sh (52624): drop_caches: 3
[65558.398773] sh (52624): drop_caches: 3
[65562.442254] sh (52624): drop_caches: 3
[65566.489497] sh (52624): drop_caches: 3
[65570.535597] sh (52624): drop_caches: 3
[65574.577087] sh (52624): drop_caches: 3
[65578.620730] sh (52624): drop_caches: 3
[65582.667399] sh (52624): drop_caches: 3
[65586.713178] sh (52624): drop_caches: 3
[65590.759444] sh (52624): drop_caches: 3
[65594.805926] sh (52624): drop_caches: 3
[65598.849418] sh (52624): drop_caches: 3
[65602.891684] sh (52624): drop_caches: 3
[65606.935906] sh (52624): drop_caches: 3
[65610.979890] sh (52624): drop_caches: 3
[65615.025515] sh (52624): drop_caches: 3
[65619.071356] sh (52624): drop_caches: 3
[65623.117303] sh (52624): drop_caches: 3
[65627.162816] sh (52624): drop_caches: 3
[65631.207590] sh (52624): drop_caches: 3
[65635.252772] sh (52624): drop_caches: 3
[65639.295434] sh (52624): drop_caches: 3
[65643.340839] sh (52624): drop_caches: 3
[65647.380205] sh (52624): drop_caches: 3
[65651.416745] sh (52624): drop_caches: 3
[65655.468607] sh (52624): drop_caches: 3
[65659.516884] sh (52624): drop_caches: 3
[65663.565605] sh (52624): drop_caches: 3
[65667.610813] sh (52624): drop_caches: 3
[65671.656441] sh (52624): drop_caches: 3
[65675.702666] sh (52624): drop_caches: 3
[65679.747985] sh (52624): drop_caches: 3
[65683.788947] sh (52624): drop_caches: 3
[65687.834855] sh (52624): drop_caches: 3
[65691.878654] sh (52624): drop_caches: 3
[65695.926275] sh (52624): drop_caches: 3
[65699.972286] sh (52624): drop_caches: 3
[65704.015673] sh (52624): drop_caches: 3
[65708.060219] sh (52624): drop_caches: 3
[65712.105534] sh (52624): drop_caches: 3
[65716.148848] sh (52624): drop_caches: 3
[65720.191702] sh (52624): drop_caches: 3
[65724.235844] sh (52624): drop_caches: 3
[65728.280270] sh (52624): drop_caches: 3
[65732.324391] sh (52624): drop_caches: 3
[65736.369052] sh (52624): drop_caches: 3
[65740.411898] sh (52624): drop_caches: 3
[65744.460147] sh (52624): drop_caches: 3
[65748.505606] sh (52624): drop_caches: 3
[65752.549755] sh (52624): drop_caches: 3
[65756.592833] sh (52624): drop_caches: 3
[65760.639328] sh (52624): drop_caches: 3
[65764.683933] sh (52624): drop_caches: 3
[65768.728488] sh (52624): drop_caches: 3
[65772.773255] sh (52624): drop_caches: 3
[65776.817645] sh (52624): drop_caches: 3
[65780.862986] sh (52624): drop_caches: 3
[65784.907523] sh (52624): drop_caches: 3
[65788.951555] sh (52624): drop_caches: 3
[65792.997306] sh (52624): drop_caches: 3
[65797.043037] sh (52624): drop_caches: 3
[65801.086931] sh (52624): drop_caches: 3
[65805.130827] sh (52624): drop_caches: 3
[65809.168983] sh (52624): drop_caches: 3
[65813.215179] sh (52624): drop_caches: 3
[65817.259966] sh (52624): drop_caches: 3
[65821.305512] sh (52624): drop_caches: 3
[65825.350582] sh (52624): drop_caches: 3
[65829.394035] sh (52624): drop_caches: 3
[65833.438489] sh (52624): drop_caches: 3
[65837.480609] sh (52624): drop_caches: 3
[65841.525665] sh (52624): drop_caches: 3
[65845.571953] sh (52624): drop_caches: 3
[65849.618113] sh (52624): drop_caches: 3
[65853.663362] sh (52624): drop_caches: 3
[65857.706958] sh (52624): drop_caches: 3
[65861.751012] sh (52624): drop_caches: 3
[65865.794124] sh (52624): drop_caches: 3
[65869.842408] sh (52624): drop_caches: 3
[65873.888547] sh (52624): drop_caches: 3
[65877.933242] sh (52624): drop_caches: 3
[65881.982834] sh (52624): drop_caches: 3
[65886.021895] sh (52624): drop_caches: 3
[65890.067946] sh (52624): drop_caches: 3
[65894.112388] sh (52624): drop_caches: 3
[65898.158799] sh (52624): drop_caches: 3
[65902.204431] sh (52624): drop_caches: 3
[65906.249308] sh (52624): drop_caches: 3
[65910.295310] sh (52624): drop_caches: 3
[65914.339636] sh (52624): drop_caches: 3
[65918.376451] sh (52624): drop_caches: 3
[65922.413580] sh (52624): drop_caches: 3
[65926.455415] sh (52624): drop_caches: 3
[65930.501284] sh (52624): drop_caches: 3
[65934.541270] sh (52624): drop_caches: 3
[65938.577796] sh (52624): drop_caches: 3
[65942.623916] sh (52624): drop_caches: 3
[65946.668962] sh (52624): drop_caches: 3
[65950.713001] sh (52624): drop_caches: 3
[65954.756468] sh (52624): drop_caches: 3
[65958.800941] sh (52624): drop_caches: 3
[65962.841379] sh (52624): drop_caches: 3
[65966.884206] sh (52624): drop_caches: 3
[65970.929210] sh (52624): drop_caches: 3
[65974.973897] sh (52624): drop_caches: 3
[65979.018635] sh (52624): drop_caches: 3
[65983.063670] sh (52624): drop_caches: 3
[65987.109409] sh (52624): drop_caches: 3
[65991.157417] sh (52624): drop_caches: 3
[65995.201467] sh (52624): drop_caches: 3
[65999.245483] sh (52624): drop_caches: 3
[66003.290844] sh (52624): drop_caches: 3
[66007.329885] sh (52624): drop_caches: 3
[66011.368249] sh (52624): drop_caches: 3
[66015.410450] sh (52624): drop_caches: 3
[66019.453673] sh (52624): drop_caches: 3
[66023.500849] sh (52624): drop_caches: 3
[66027.543429] sh (52624): drop_caches: 3
[66031.588845] sh (52624): drop_caches: 3
[66035.634523] sh (52624): drop_caches: 3
[66039.672347] sh (52624): drop_caches: 3
[66043.720419] sh (52624): drop_caches: 3
[66047.766887] sh (52624): drop_caches: 3
[66051.812897] sh (52624): drop_caches: 3
[66055.859381] sh (52624): drop_caches: 3
[66059.905787] sh (52624): drop_caches: 3
[66063.951257] sh (52624): drop_caches: 3
[66067.997498] sh (52624): drop_caches: 3
[66072.043413] sh (52624): drop_caches: 3
[66076.089080] sh (52624): drop_caches: 3
[66080.134618] sh (52624): drop_caches: 3
[66084.177547] sh (52624): drop_caches: 3
[66088.225912] sh (52624): drop_caches: 3
[66092.271688] sh (52624): drop_caches: 3
[66096.316016] sh (52624): drop_caches: 3
[66100.362192] sh (52624): drop_caches: 3
[66104.408059] sh (52624): drop_caches: 3
[66108.451343] sh (52624): drop_caches: 3
[66112.497715] sh (52624): drop_caches: 3
[66116.546721] sh (52624): drop_caches: 3
[66120.588965] sh (52624): drop_caches: 3
[66124.636533] sh (52624): drop_caches: 3
[66128.683732] sh (52624): drop_caches: 3
[66132.728491] sh (52624): drop_caches: 3
[66136.777223] sh (52624): drop_caches: 3
[66140.820807] sh (52624): drop_caches: 3
[66144.865883] sh (52624): drop_caches: 3
[66148.908907] sh (52624): drop_caches: 3
[66152.958681] sh (52624): drop_caches: 3
[66157.005121] sh (52624): drop_caches: 3
[66161.048893] sh (52624): drop_caches: 3
[66165.091853] sh (52624): drop_caches: 3
[66169.136791] sh (52624): drop_caches: 3
[66173.185954] sh (52624): drop_caches: 3
[66177.234882] sh (52624): drop_caches: 3
[66181.279512] sh (52624): drop_caches: 3
[66185.327772] sh (52624): drop_caches: 3
[66189.370591] sh (52624): drop_caches: 3
[66193.418279] sh (52624): drop_caches: 3
[66197.463269] sh (52624): drop_caches: 3
[66201.511289] sh (52624): drop_caches: 3
[66205.555790] sh (52624): drop_caches: 3
[66209.601262] sh (52624): drop_caches: 3
[66213.630921] sh (52624): drop_caches: 3
[66213.684765] iCAT_SQLITE_RUN_END run=20260829-153547-52490
[66213.704481] EXT4-fs (nvme1n1): unmounting filesystem a6b59a80-cd2f-49f6-8679-016652a9ce11.
[66213.778389] pci_bus 0001:10: busn_res: [bus 10-ff] is released
[66213.778428] NVMeVirt: GC stats: policy=cat-fig7 host_pages=32416295 gc_pages=16239330 gc_count=760237 WAF=1.500 k=2 scale_pct=200 age_ratio=4
[66213.851270] NVMeVirt: Virtual NVMe device closed
