[88035.951570] NVMeVirt: Version 1.10 for >> Samsung 970 Pro SSD <<
[88035.951583] NVMeVirt: Storage: 0x100100000-0x300000000 (8191 MiB)
[88035.959408] NVMeVirt: Total Capacity(GiB,MiB)=2,2048 chs=2 luns=4 lines=8192 blk-size(MiB,KiB)=0,64 line-size(MiB,KiB)=0,256
[88035.967264] NVMeVirt: [chmodel_init] bandwidth 800 max_credits 26 tx_time 152
[88035.974104] NVMeVirt: [chmodel_init] bandwidth 800 max_credits 26 tx_time 152
[88035.974118] NVMeVirt: [chmodel_init] bandwidth 3360 max_credits 110 tx_time 36
[88035.975374] NVMeVirt: pqueue: Copyright (c) 2014, Volkan Yazıcı <volkan.yazici@gmail.com>. All rights reserved.
[88035.975412] NVMeVirt: Init FTL instance with 2 channels (524288 pages)
[88035.975413] NVMeVirt: GC victim policy: cat-fig7 k=4 scale_pct=200 age_ratio=4
[88035.982081] NVMeVirt: [chmodel_init] bandwidth 800 max_credits 26 tx_time 152
[88035.988723] NVMeVirt: [chmodel_init] bandwidth 800 max_credits 26 tx_time 152
[88035.988738] NVMeVirt: [chmodel_init] bandwidth 3360 max_credits 110 tx_time 36
[88035.990089] NVMeVirt: Init FTL instance with 2 channels (524288 pages)
[88035.990091] NVMeVirt: GC victim policy: cat-fig7 k=4 scale_pct=200 age_ratio=4
[88035.996946] NVMeVirt: [chmodel_init] bandwidth 800 max_credits 26 tx_time 152
[88036.003666] NVMeVirt: [chmodel_init] bandwidth 800 max_credits 26 tx_time 152
[88036.003679] NVMeVirt: [chmodel_init] bandwidth 3360 max_credits 110 tx_time 36
[88036.004943] NVMeVirt: Init FTL instance with 2 channels (524288 pages)
[88036.004944] NVMeVirt: GC victim policy: cat-fig7 k=4 scale_pct=200 age_ratio=4
[88036.011416] NVMeVirt: [chmodel_init] bandwidth 800 max_credits 26 tx_time 152
[88036.017814] NVMeVirt: [chmodel_init] bandwidth 800 max_credits 26 tx_time 152
[88036.017829] NVMeVirt: [chmodel_init] bandwidth 3360 max_credits 110 tx_time 36
[88036.019079] NVMeVirt: Init FTL instance with 2 channels (524288 pages)
[88036.019080] NVMeVirt: GC victim policy: cat-fig7 k=4 scale_pct=200 age_ratio=4
[88036.019084] NVMeVirt: FTL physical space: 8588886016, logical space: 8026996276 (physical/logical * 100 = 107)
[88036.019085] NVMeVirt: ns 0/1: size 7655 MiB
[88036.019125] PCI host bridge to bus 0001:10
[88036.019127] pci_bus 0001:10: root bus resource [io  0x0000-0xffff]
[88036.019129] pci_bus 0001:10: root bus resource [mem 0x00000000-0x3fffffffffff]
[88036.019131] pci_bus 0001:10: root bus resource [bus 00-ff]
[88036.019136] pci 0001:10:00.0: [0c51:0110] type 00 class 0x010802 PCIe Endpoint
[88036.019139] pci 0001:10:00.0: BAR 0 [mem 0x100000000-0x100003fff 64bit]
[88036.019141] pci 0001:10:00.0: enabling Extended Tags
[88036.019249] NVMeVirt: Virtual PCI bus created (node 0)
[88036.019867] NVMeVirt: nvmev_dispatcher started on cpu 1 (node 0)
[88036.019895] NVMeVirt: nvmev_io_worker_0 started on cpu 2 (node 0)
[88036.020140] nvme nvme1: pci function 0001:10:00.0
[88036.024855] nvme nvme1: 20/0/0 default/read/poll queues
[88036.027821] NVMeVirt: Virtual NVMe device created
[88037.089633] EXT4-fs (nvme1n1): mounted filesystem d178fa6e-7861-45e4-b56f-efa3fac8ea7e r/w with ordered data mode. Quota mode: none.
[88037.119491] iCAT_SQLITE_LOAD_START run=20260829-220552-61958
[88114.073035] iCAT_SQLITE_LOAD_END run=20260829-220552-61958
[88114.490922] sh (62086): drop_caches: 3
[88114.522241] iCAT_SQLITE_RUN_START run=20260829-220552-61958
[88118.116170] sh (62085): drop_caches: 3
[88122.163231] sh (62085): drop_caches: 3
[88126.208183] sh (62085): drop_caches: 3
[88130.247542] sh (62085): drop_caches: 3
[88134.284129] sh (62085): drop_caches: 3
[88138.330182] sh (62085): drop_caches: 3
[88142.375498] sh (62085): drop_caches: 3
[88146.413761] sh (62085): drop_caches: 3
[88150.457483] sh (62085): drop_caches: 3
[88154.506020] sh (62085): drop_caches: 3
[88158.549420] sh (62085): drop_caches: 3
[88162.595125] sh (62085): drop_caches: 3
[88166.642002] sh (62085): drop_caches: 3
[88170.685412] sh (62085): drop_caches: 3
[88174.724855] sh (62085): drop_caches: 3
[88178.762340] sh (62085): drop_caches: 3
[88182.808468] sh (62085): drop_caches: 3
[88186.853672] sh (62085): drop_caches: 3
[88190.898189] sh (62085): drop_caches: 3
[88194.944160] sh (62085): drop_caches: 3
[88198.988117] sh (62085): drop_caches: 3
[88203.033581] sh (62085): drop_caches: 3
[88207.078854] sh (62085): drop_caches: 3
[88211.124899] sh (62085): drop_caches: 3
[88215.170663] sh (62085): drop_caches: 3
[88219.210077] sh (62085): drop_caches: 3
[88223.248077] sh (62085): drop_caches: 3
[88227.292221] sh (62085): drop_caches: 3
[88231.335173] sh (62085): drop_caches: 3
[88235.377902] sh (62085): drop_caches: 3
[88239.420794] sh (62085): drop_caches: 3
[88243.465429] sh (62085): drop_caches: 3
[88247.510448] sh (62085): drop_caches: 3
[88251.550636] sh (62085): drop_caches: 3
[88255.595695] sh (62085): drop_caches: 3
[88259.638992] sh (62085): drop_caches: 3
[88263.685202] sh (62085): drop_caches: 3
[88267.730490] sh (62085): drop_caches: 3
[88271.776823] sh (62085): drop_caches: 3
[88275.818974] sh (62085): drop_caches: 3
[88279.863051] sh (62085): drop_caches: 3
[88283.906934] sh (62085): drop_caches: 3
[88287.950528] sh (62085): drop_caches: 3
[88291.994580] sh (62085): drop_caches: 3
[88296.039130] sh (62085): drop_caches: 3
[88300.081652] sh (62085): drop_caches: 3
[88304.130729] sh (62085): drop_caches: 3
[88308.177911] sh (62085): drop_caches: 3
[88312.224478] sh (62085): drop_caches: 3
[88316.269865] sh (62085): drop_caches: 3
[88320.315509] sh (62085): drop_caches: 3
[88324.360582] sh (62085): drop_caches: 3
[88328.403748] sh (62085): drop_caches: 3
[88332.446149] sh (62085): drop_caches: 3
[88336.490581] sh (62085): drop_caches: 3
[88340.533589] sh (62085): drop_caches: 3
[88344.577852] sh (62085): drop_caches: 3
[88348.627276] sh (62085): drop_caches: 3
[88352.671776] sh (62085): drop_caches: 3
[88356.713720] sh (62085): drop_caches: 3
[88360.758686] sh (62085): drop_caches: 3
[88364.805771] sh (62085): drop_caches: 3
[88368.845136] sh (62085): drop_caches: 3
[88372.890597] sh (62085): drop_caches: 3
[88376.933727] sh (62085): drop_caches: 3
[88380.977294] sh (62085): drop_caches: 3
[88385.021781] sh (62085): drop_caches: 3
[88389.066092] sh (62085): drop_caches: 3
[88393.109404] sh (62085): drop_caches: 3
[88397.155592] sh (62085): drop_caches: 3
[88401.200281] sh (62085): drop_caches: 3
[88405.245993] sh (62085): drop_caches: 3
[88409.290070] sh (62085): drop_caches: 3
[88413.334018] sh (62085): drop_caches: 3
[88417.377467] sh (62085): drop_caches: 3
[88421.422528] sh (62085): drop_caches: 3
[88425.467469] sh (62085): drop_caches: 3
[88429.512494] sh (62085): drop_caches: 3
[88433.557283] sh (62085): drop_caches: 3
[88437.602560] sh (62085): drop_caches: 3
[88441.647307] sh (62085): drop_caches: 3
[88445.692644] sh (62085): drop_caches: 3
[88449.735376] sh (62085): drop_caches: 3
[88453.779486] sh (62085): drop_caches: 3
[88457.823030] sh (62085): drop_caches: 3
[88461.867943] sh (62085): drop_caches: 3
[88465.910351] sh (62085): drop_caches: 3
[88469.954549] sh (62085): drop_caches: 3
[88473.999600] sh (62085): drop_caches: 3
[88478.043678] sh (62085): drop_caches: 3
[88482.089126] sh (62085): drop_caches: 3
[88486.132323] sh (62085): drop_caches: 3
[88490.176536] sh (62085): drop_caches: 3
[88494.214094] sh (62085): drop_caches: 3
[88498.252520] sh (62085): drop_caches: 3
[88502.294172] sh (62085): drop_caches: 3
[88506.340600] sh (62085): drop_caches: 3
[88510.386576] sh (62085): drop_caches: 3
[88514.425606] sh (62085): drop_caches: 3
[88518.470435] sh (62085): drop_caches: 3
[88522.513705] sh (62085): drop_caches: 3
[88526.558874] sh (62085): drop_caches: 3
[88530.601246] sh (62085): drop_caches: 3
[88534.647244] sh (62085): drop_caches: 3
[88538.692162] sh (62085): drop_caches: 3
[88542.734493] sh (62085): drop_caches: 3
[88546.780266] sh (62085): drop_caches: 3
[88550.824456] sh (62085): drop_caches: 3
[88554.869167] sh (62085): drop_caches: 3
[88558.913476] sh (62085): drop_caches: 3
[88562.957905] sh (62085): drop_caches: 3
[88567.003500] sh (62085): drop_caches: 3
[88571.047640] sh (62085): drop_caches: 3
[88575.090693] sh (62085): drop_caches: 3
[88579.137120] sh (62085): drop_caches: 3
[88583.184196] sh (62085): drop_caches: 3
[88587.224237] sh (62085): drop_caches: 3
[88591.269477] sh (62085): drop_caches: 3
[88595.313658] sh (62085): drop_caches: 3
[88599.358254] sh (62085): drop_caches: 3
[88603.403261] sh (62085): drop_caches: 3
[88607.448263] sh (62085): drop_caches: 3
[88611.492996] sh (62085): drop_caches: 3
[88615.541059] sh (62085): drop_caches: 3
[88619.586140] sh (62085): drop_caches: 3
[88623.633865] sh (62085): drop_caches: 3
[88627.677674] sh (62085): drop_caches: 3
[88631.723114] sh (62085): drop_caches: 3
[88635.767696] sh (62085): drop_caches: 3
[88639.813403] sh (62085): drop_caches: 3
[88643.858366] sh (62085): drop_caches: 3
[88647.902884] sh (62085): drop_caches: 3
[88651.946335] sh (62085): drop_caches: 3
[88655.982899] sh (62085): drop_caches: 3
[88660.028141] sh (62085): drop_caches: 3
[88664.076021] sh (62085): drop_caches: 3
[88668.120932] sh (62085): drop_caches: 3
[88672.167832] sh (62085): drop_caches: 3
[88676.210801] sh (62085): drop_caches: 3
[88680.257743] sh (62085): drop_caches: 3
[88684.302846] sh (62085): drop_caches: 3
[88688.350858] sh (62085): drop_caches: 3
[88692.398945] sh (62085): drop_caches: 3
[88696.444113] sh (62085): drop_caches: 3
[88700.490575] sh (62085): drop_caches: 3
[88704.533092] sh (62085): drop_caches: 3
[88708.581042] sh (62085): drop_caches: 3
[88712.627643] sh (62085): drop_caches: 3
[88716.672748] sh (62085): drop_caches: 3
[88720.718316] sh (62085): drop_caches: 3
[88724.761558] sh (62085): drop_caches: 3
[88728.799446] sh (62085): drop_caches: 3
[88732.838355] sh (62085): drop_caches: 3
[88736.883990] sh (62085): drop_caches: 3
[88740.928355] sh (62085): drop_caches: 3
[88744.971549] sh (62085): drop_caches: 3
[88749.016341] sh (62085): drop_caches: 3
[88753.058914] sh (62085): drop_caches: 3
[88757.103847] sh (62085): drop_caches: 3
[88761.150509] sh (62085): drop_caches: 3
[88765.193305] sh (62085): drop_caches: 3
[88769.239005] sh (62085): drop_caches: 3
[88773.283400] sh (62085): drop_caches: 3
[88777.330950] sh (62085): drop_caches: 3
[88781.376132] sh (62085): drop_caches: 3
[88785.420651] sh (62085): drop_caches: 3
[88789.467440] sh (62085): drop_caches: 3
[88793.510703] sh (62085): drop_caches: 3
[88797.553200] sh (62085): drop_caches: 3
[88801.600386] sh (62085): drop_caches: 3
[88805.644014] sh (62085): drop_caches: 3
[88809.687275] sh (62085): drop_caches: 3
[88813.732810] sh (62085): drop_caches: 3
[88817.776749] sh (62085): drop_caches: 3
[88821.821679] sh (62085): drop_caches: 3
[88825.867484] sh (62085): drop_caches: 3
[88829.912312] sh (62085): drop_caches: 3
[88833.958002] sh (62085): drop_caches: 3
[88838.004687] sh (62085): drop_caches: 3
[88842.048779] sh (62085): drop_caches: 3
[88846.093355] sh (62085): drop_caches: 3
[88850.138387] sh (62085): drop_caches: 3
[88854.184536] sh (62085): drop_caches: 3
[88858.224911] sh (62085): drop_caches: 3
[88862.272573] sh (62085): drop_caches: 3
[88866.319185] sh (62085): drop_caches: 3
[88870.363540] sh (62085): drop_caches: 3
[88874.403983] sh (62085): drop_caches: 3
[88878.450725] sh (62085): drop_caches: 3
[88882.495786] sh (62085): drop_caches: 3
[88886.542993] sh (62085): drop_caches: 3
[88890.588342] sh (62085): drop_caches: 3
[88894.632180] sh (62085): drop_caches: 3
[88898.679887] sh (62085): drop_caches: 3
[88902.726866] sh (62085): drop_caches: 3
[88906.773545] sh (62085): drop_caches: 3
[88910.818662] sh (62085): drop_caches: 3
[88914.864172] sh (62085): drop_caches: 3
[88918.910058] sh (62085): drop_caches: 3
[88922.956566] sh (62085): drop_caches: 3
[88927.000522] sh (62085): drop_caches: 3
[88931.044382] sh (62085): drop_caches: 3
[88935.087827] sh (62085): drop_caches: 3
[88939.130940] sh (62085): drop_caches: 3
[88943.178726] sh (62085): drop_caches: 3
[88947.219312] sh (62085): drop_caches: 3
[88951.259803] sh (62085): drop_caches: 3
[88955.304193] sh (62085): drop_caches: 3
[88959.351205] sh (62085): drop_caches: 3
[88963.396990] sh (62085): drop_caches: 3
[88967.440972] sh (62085): drop_caches: 3
[88971.486423] sh (62085): drop_caches: 3
[88975.532672] sh (62085): drop_caches: 3
[88979.576864] sh (62085): drop_caches: 3
[88983.623153] sh (62085): drop_caches: 3
[88987.668473] sh (62085): drop_caches: 3
[88991.715613] sh (62085): drop_caches: 3
[88995.762411] sh (62085): drop_caches: 3
[88999.809016] sh (62085): drop_caches: 3
[89003.855051] sh (62085): drop_caches: 3
[89007.901152] sh (62085): drop_caches: 3
[89011.945734] sh (62085): drop_caches: 3
[89015.990628] sh (62085): drop_caches: 3
[89020.034319] sh (62085): drop_caches: 3
[89024.081957] sh (62085): drop_caches: 3
[89028.123746] sh (62085): drop_caches: 3
[89032.169940] sh (62085): drop_caches: 3
[89036.215983] sh (62085): drop_caches: 3
[89040.259428] sh (62085): drop_caches: 3
[89044.303284] sh (62085): drop_caches: 3
[89048.348927] sh (62085): drop_caches: 3
[89052.393082] sh (62085): drop_caches: 3
[89056.439971] sh (62085): drop_caches: 3
[89060.478935] sh (62085): drop_caches: 3
[89064.523806] sh (62085): drop_caches: 3
[89068.567726] sh (62085): drop_caches: 3
[89072.612795] sh (62085): drop_caches: 3
[89076.656994] sh (62085): drop_caches: 3
[89080.701031] sh (62085): drop_caches: 3
[89084.744830] sh (62085): drop_caches: 3
[89088.783610] sh (62085): drop_caches: 3
[89092.829723] sh (62085): drop_caches: 3
[89096.873874] sh (62085): drop_caches: 3
[89100.922189] sh (62085): drop_caches: 3
[89104.985942] sh (62085): drop_caches: 3
[89109.029877] sh (62085): drop_caches: 3
[89113.077421] sh (62085): drop_caches: 3
[89117.118498] sh (62085): drop_caches: 3
[89121.165265] sh (62085): drop_caches: 3
[89125.213401] sh (62085): drop_caches: 3
[89129.262023] sh (62085): drop_caches: 3
[89133.314498] sh (62085): drop_caches: 3
[89137.362920] sh (62085): drop_caches: 3
[89141.410664] sh (62085): drop_caches: 3
[89145.456720] sh (62085): drop_caches: 3
[89149.505974] sh (62085): drop_caches: 3
[89153.551543] sh (62085): drop_caches: 3
[89157.602709] sh (62085): drop_caches: 3
[89161.650832] sh (62085): drop_caches: 3
[89165.691126] sh (62085): drop_caches: 3
[89169.739872] sh (62085): drop_caches: 3
[89173.787782] sh (62085): drop_caches: 3
[89177.837028] sh (62085): drop_caches: 3
[89181.886096] sh (62085): drop_caches: 3
[89185.935181] sh (62085): drop_caches: 3
[89189.976932] sh (62085): drop_caches: 3
[89194.023480] sh (62085): drop_caches: 3
[89198.071651] sh (62085): drop_caches: 3
[89202.117038] sh (62085): drop_caches: 3
[89206.165492] sh (62085): drop_caches: 3
[89210.207855] sh (62085): drop_caches: 3
[89214.248805] sh (62085): drop_caches: 3
[89218.298561] sh (62085): drop_caches: 3
[89222.347001] sh (62085): drop_caches: 3
[89226.390557] sh (62085): drop_caches: 3
[89230.432938] sh (62085): drop_caches: 3
[89234.479595] sh (62085): drop_caches: 3
[89238.525720] sh (62085): drop_caches: 3
[89242.572199] sh (62085): drop_caches: 3
[89246.618474] sh (62085): drop_caches: 3
[89250.662346] sh (62085): drop_caches: 3
[89254.707464] sh (62085): drop_caches: 3
[89258.747641] sh (62085): drop_caches: 3
[89262.795621] sh (62085): drop_caches: 3
[89266.838916] sh (62085): drop_caches: 3
[89270.879102] sh (62085): drop_caches: 3
[89274.928499] sh (62085): drop_caches: 3
[89278.975296] sh (62085): drop_caches: 3
[89283.024499] sh (62085): drop_caches: 3
[89287.072371] sh (62085): drop_caches: 3
[89291.119001] sh (62085): drop_caches: 3
[89295.167313] sh (62085): drop_caches: 3
[89299.207071] sh (62085): drop_caches: 3
[89303.248623] sh (62085): drop_caches: 3
[89307.295900] sh (62085): drop_caches: 3
[89311.340778] sh (62085): drop_caches: 3
[89315.387351] sh (62085): drop_caches: 3
[89319.434447] sh (62085): drop_caches: 3
[89323.481809] sh (62085): drop_caches: 3
[89327.527875] sh (62085): drop_caches: 3
[89331.573792] sh (62085): drop_caches: 3
[89335.614227] sh (62085): drop_caches: 3
[89339.663137] sh (62085): drop_caches: 3
[89343.707575] sh (62085): drop_caches: 3
[89347.754365] sh (62085): drop_caches: 3
[89351.800061] sh (62085): drop_caches: 3
[89355.850168] sh (62085): drop_caches: 3
[89359.891544] sh (62085): drop_caches: 3
[89363.938849] sh (62085): drop_caches: 3
[89367.987987] sh (62085): drop_caches: 3
[89372.033959] sh (62085): drop_caches: 3
[89376.082397] sh (62085): drop_caches: 3
[89380.127136] sh (62085): drop_caches: 3
[89384.173768] sh (62085): drop_caches: 3
[89388.219965] sh (62085): drop_caches: 3
[89392.267419] sh (62085): drop_caches: 3
[89396.313637] sh (62085): drop_caches: 3
[89400.361106] sh (62085): drop_caches: 3
[89404.411185] sh (62085): drop_caches: 3
[89408.457990] sh (62085): drop_caches: 3
[89412.509674] sh (62085): drop_caches: 3
[89416.560207] sh (62085): drop_caches: 3
[89420.606085] sh (62085): drop_caches: 3
[89424.652911] sh (62085): drop_caches: 3
[89428.698752] sh (62085): drop_caches: 3
[89432.747983] sh (62085): drop_caches: 3
[89436.790015] sh (62085): drop_caches: 3
[89440.838006] sh (62085): drop_caches: 3
[89444.885817] sh (62085): drop_caches: 3
[89448.930059] sh (62085): drop_caches: 3
[89452.976959] sh (62085): drop_caches: 3
[89457.026720] sh (62085): drop_caches: 3
[89461.068524] sh (62085): drop_caches: 3
[89465.115573] sh (62085): drop_caches: 3
[89469.166879] sh (62085): drop_caches: 3
[89473.208630] sh (62085): drop_caches: 3
[89477.254188] sh (62085): drop_caches: 3
[89481.304780] sh (62085): drop_caches: 3
[89485.352380] sh (62085): drop_caches: 3
[89489.400603] sh (62085): drop_caches: 3
[89493.446036] sh (62085): drop_caches: 3
[89497.492768] sh (62085): drop_caches: 3
[89501.540556] sh (62085): drop_caches: 3
[89505.588579] sh (62085): drop_caches: 3
[89509.634091] sh (62085): drop_caches: 3
[89513.682790] sh (62085): drop_caches: 3
[89517.728528] sh (62085): drop_caches: 3
[89521.777222] sh (62085): drop_caches: 3
[89525.823140] sh (62085): drop_caches: 3
[89529.869255] sh (62085): drop_caches: 3
[89533.917531] sh (62085): drop_caches: 3
[89537.968447] sh (62085): drop_caches: 3
[89542.019577] sh (62085): drop_caches: 3
[89546.059923] sh (62085): drop_caches: 3
[89550.106010] sh (62085): drop_caches: 3
[89554.153925] sh (62085): drop_caches: 3
[89558.196332] sh (62085): drop_caches: 3
[89562.239119] sh (62085): drop_caches: 3
[89566.279408] sh (62085): drop_caches: 3
[89570.328446] sh (62085): drop_caches: 3
[89574.369820] sh (62085): drop_caches: 3
[89578.411432] sh (62085): drop_caches: 3
[89582.459045] sh (62085): drop_caches: 3
[89586.510262] sh (62085): drop_caches: 3
[89590.556741] sh (62085): drop_caches: 3
[89594.605240] sh (62085): drop_caches: 3
[89598.655298] sh (62085): drop_caches: 3
[89602.705396] sh (62085): drop_caches: 3
[89606.751191] sh (62085): drop_caches: 3
[89610.796115] sh (62085): drop_caches: 3
[89614.825866] sh (62085): drop_caches: 3
[89614.876106] iCAT_SQLITE_RUN_END run=20260829-220552-61958
[89614.896354] EXT4-fs (nvme1n1): unmounting filesystem d178fa6e-7861-45e4-b56f-efa3fac8ea7e.
[89614.971301] pci_bus 0001:10: busn_res: [bus 10-ff] is released
[89614.971350] NVMeVirt: GC stats: policy=cat-fig7 host_pages=32398728 gc_pages=15315878 gc_count=745534 WAF=1.472 k=4 scale_pct=200 age_ratio=4
[89615.035148] NVMeVirt: Virtual NVMe device closed
