[116344.960158] NVMeVirt: Version 1.10 for >> Samsung 970 Pro SSD <<
[116344.960167] NVMeVirt: Storage: 0x100100000-0x300000000 (8191 MiB)
[116344.967540] NVMeVirt: Total Capacity(GiB,MiB)=2,2048 chs=2 luns=4 lines=8192 blk-size(MiB,KiB)=0,64 line-size(MiB,KiB)=0,256
[116344.978602] NVMeVirt: [chmodel_init] bandwidth 800 max_credits 26 tx_time 152
[116344.985264] NVMeVirt: [chmodel_init] bandwidth 800 max_credits 26 tx_time 152
[116344.985278] NVMeVirt: [chmodel_init] bandwidth 3360 max_credits 110 tx_time 36
[116344.986478] NVMeVirt: pqueue: Copyright (c) 2014, Volkan Yazıcı <volkan.yazici@gmail.com>. All rights reserved.
[116344.986515] NVMeVirt: Init FTL instance with 2 channels (524288 pages)
[116344.986516] NVMeVirt: GC victim policy: cat-fig7 k=7 scale_pct=400 age_ratio=4
[116344.993072] NVMeVirt: [chmodel_init] bandwidth 800 max_credits 26 tx_time 152
[116344.999592] NVMeVirt: [chmodel_init] bandwidth 800 max_credits 26 tx_time 152
[116344.999605] NVMeVirt: [chmodel_init] bandwidth 3360 max_credits 110 tx_time 36
[116345.000877] NVMeVirt: Init FTL instance with 2 channels (524288 pages)
[116345.000878] NVMeVirt: GC victim policy: cat-fig7 k=7 scale_pct=400 age_ratio=4
[116345.007350] NVMeVirt: [chmodel_init] bandwidth 800 max_credits 26 tx_time 152
[116345.013806] NVMeVirt: [chmodel_init] bandwidth 800 max_credits 26 tx_time 152
[116345.013822] NVMeVirt: [chmodel_init] bandwidth 3360 max_credits 110 tx_time 36
[116345.015087] NVMeVirt: Init FTL instance with 2 channels (524288 pages)
[116345.015088] NVMeVirt: GC victim policy: cat-fig7 k=7 scale_pct=400 age_ratio=4
[116345.021598] NVMeVirt: [chmodel_init] bandwidth 800 max_credits 26 tx_time 152
[116345.028175] NVMeVirt: [chmodel_init] bandwidth 800 max_credits 26 tx_time 152
[116345.028190] NVMeVirt: [chmodel_init] bandwidth 3360 max_credits 110 tx_time 36
[116345.029484] NVMeVirt: Init FTL instance with 2 channels (524288 pages)
[116345.029485] NVMeVirt: GC victim policy: cat-fig7 k=7 scale_pct=400 age_ratio=4
[116345.029490] NVMeVirt: FTL physical space: 8588886016, logical space: 8026996276 (physical/logical * 100 = 107)
[116345.029491] NVMeVirt: ns 0/1: size 7655 MiB
[116345.029531] PCI host bridge to bus 0001:10
[116345.029533] pci_bus 0001:10: root bus resource [io  0x0000-0xffff]
[116345.029535] pci_bus 0001:10: root bus resource [mem 0x00000000-0x3fffffffffff]
[116345.029536] pci_bus 0001:10: root bus resource [bus 00-ff]
[116345.029542] pci 0001:10:00.0: [0c51:0110] type 00 class 0x010802 PCIe Endpoint
[116345.029545] pci 0001:10:00.0: BAR 0 [mem 0x100000000-0x100003fff 64bit]
[116345.029547] pci 0001:10:00.0: enabling Extended Tags
[116345.029658] NVMeVirt: Virtual PCI bus created (node 0)
[116345.030157] NVMeVirt: nvmev_io_worker_0 started on cpu 2 (node 0)
[116345.030196] NVMeVirt: nvmev_dispatcher started on cpu 1 (node 0)
[116345.030375] nvme nvme1: pci function 0001:10:00.0
[116345.034959] nvme nvme1: 20/0/0 default/read/poll queues
[116345.038211] NVMeVirt: Virtual NVMe device created
[116346.094745] EXT4-fs (nvme1n1): mounted filesystem be9970b0-f70a-47c2-8fa4-44bf6ef3a936 r/w with ordered data mode. Quota mode: none.
[116346.126310] iCAT_SQLITE_LOAD_START run=20260830-055742-75150
[116424.702392] iCAT_SQLITE_LOAD_END run=20260830-055742-75150
[116425.125476] sh (75282): drop_caches: 3
[116425.159604] iCAT_SQLITE_RUN_START run=20260830-055742-75150
[116428.743270] sh (75281): drop_caches: 3
[116432.789269] sh (75281): drop_caches: 3
[116436.836631] sh (75281): drop_caches: 3
[116440.882495] sh (75281): drop_caches: 3
[116444.929315] sh (75281): drop_caches: 3
[116448.974024] sh (75281): drop_caches: 3
[116453.017708] sh (75281): drop_caches: 3
[116457.064842] sh (75281): drop_caches: 3
[116461.111062] sh (75281): drop_caches: 3
[116465.156526] sh (75281): drop_caches: 3
[116469.203090] sh (75281): drop_caches: 3
[116473.248810] sh (75281): drop_caches: 3
[116477.295469] sh (75281): drop_caches: 3
[116481.339945] sh (75281): drop_caches: 3
[116485.384705] sh (75281): drop_caches: 3
[116489.422795] sh (75281): drop_caches: 3
[116493.471470] sh (75281): drop_caches: 3
[116497.517509] sh (75281): drop_caches: 3
[116501.563587] sh (75281): drop_caches: 3
[116505.609761] sh (75281): drop_caches: 3
[116509.656071] sh (75281): drop_caches: 3
[116513.705018] sh (75281): drop_caches: 3
[116517.750216] sh (75281): drop_caches: 3
[116521.798828] sh (75281): drop_caches: 3
[116525.845810] sh (75281): drop_caches: 3
[116529.889210] sh (75281): drop_caches: 3
[116533.927279] sh (75281): drop_caches: 3
[116537.967395] sh (75281): drop_caches: 3
[116542.012428] sh (75281): drop_caches: 3
[116546.058080] sh (75281): drop_caches: 3
[116550.097708] sh (75281): drop_caches: 3
[116554.136143] sh (75281): drop_caches: 3
[116558.179294] sh (75281): drop_caches: 3
[116562.227138] sh (75281): drop_caches: 3
[116566.273234] sh (75281): drop_caches: 3
[116570.318854] sh (75281): drop_caches: 3
[116574.365709] sh (75281): drop_caches: 3
[116578.412459] sh (75281): drop_caches: 3
[116582.458370] sh (75281): drop_caches: 3
[116586.503602] sh (75281): drop_caches: 3
[116590.547085] sh (75281): drop_caches: 3
[116594.592646] sh (75281): drop_caches: 3
[116598.637875] sh (75281): drop_caches: 3
[116602.683533] sh (75281): drop_caches: 3
[116606.729346] sh (75281): drop_caches: 3
[116610.775209] sh (75281): drop_caches: 3
[116614.823255] sh (75281): drop_caches: 3
[116618.871139] sh (75281): drop_caches: 3
[116622.917262] sh (75281): drop_caches: 3
[116626.956293] sh (75281): drop_caches: 3
[116631.001777] sh (75281): drop_caches: 3
[116635.047968] sh (75281): drop_caches: 3
[116639.093876] sh (75281): drop_caches: 3
[116643.139853] sh (75281): drop_caches: 3
[116647.184535] sh (75281): drop_caches: 3
[116651.230920] sh (75281): drop_caches: 3
[116655.277577] sh (75281): drop_caches: 3
[116659.323081] sh (75281): drop_caches: 3
[116663.369502] sh (75281): drop_caches: 3
[116667.414671] sh (75281): drop_caches: 3
[116671.462571] sh (75281): drop_caches: 3
[116675.508420] sh (75281): drop_caches: 3
[116679.547158] sh (75281): drop_caches: 3
[116683.590027] sh (75281): drop_caches: 3
[116687.636103] sh (75281): drop_caches: 3
[116691.683879] sh (75281): drop_caches: 3
[116695.728500] sh (75281): drop_caches: 3
[116699.776735] sh (75281): drop_caches: 3
[116703.823964] sh (75281): drop_caches: 3
[116707.869750] sh (75281): drop_caches: 3
[116711.912659] sh (75281): drop_caches: 3
[116715.955697] sh (75281): drop_caches: 3
[116720.001139] sh (75281): drop_caches: 3
[116724.047278] sh (75281): drop_caches: 3
[116728.091579] sh (75281): drop_caches: 3
[116732.136684] sh (75281): drop_caches: 3
[116736.182883] sh (75281): drop_caches: 3
[116740.227524] sh (75281): drop_caches: 3
[116744.273556] sh (75281): drop_caches: 3
[116748.318998] sh (75281): drop_caches: 3
[116752.365532] sh (75281): drop_caches: 3
[116756.408531] sh (75281): drop_caches: 3
[116760.454068] sh (75281): drop_caches: 3
[116764.499685] sh (75281): drop_caches: 3
[116768.543958] sh (75281): drop_caches: 3
[116772.588143] sh (75281): drop_caches: 3
[116776.633947] sh (75281): drop_caches: 3
[116780.681686] sh (75281): drop_caches: 3
[116784.728449] sh (75281): drop_caches: 3
[116788.778285] sh (75281): drop_caches: 3
[116792.823346] sh (75281): drop_caches: 3
[116796.866420] sh (75281): drop_caches: 3
[116800.912065] sh (75281): drop_caches: 3
[116804.949331] sh (75281): drop_caches: 3
[116808.995211] sh (75281): drop_caches: 3
[116813.040760] sh (75281): drop_caches: 3
[116817.084956] sh (75281): drop_caches: 3
[116821.130043] sh (75281): drop_caches: 3
[116825.175715] sh (75281): drop_caches: 3
[116829.222450] sh (75281): drop_caches: 3
[116833.268142] sh (75281): drop_caches: 3
[116837.313791] sh (75281): drop_caches: 3
[116841.360235] sh (75281): drop_caches: 3
[116845.409358] sh (75281): drop_caches: 3
[116849.451036] sh (75281): drop_caches: 3
[116853.496350] sh (75281): drop_caches: 3
[116857.543593] sh (75281): drop_caches: 3
[116861.586054] sh (75281): drop_caches: 3
[116865.629517] sh (75281): drop_caches: 3
[116869.675637] sh (75281): drop_caches: 3
[116873.720918] sh (75281): drop_caches: 3
[116877.766992] sh (75281): drop_caches: 3
[116881.812517] sh (75281): drop_caches: 3
[116885.856761] sh (75281): drop_caches: 3
[116889.900625] sh (75281): drop_caches: 3
[116893.938264] sh (75281): drop_caches: 3
[116897.978075] sh (75281): drop_caches: 3
[116902.023218] sh (75281): drop_caches: 3
[116906.069561] sh (75281): drop_caches: 3
[116910.109955] sh (75281): drop_caches: 3
[116914.152309] sh (75281): drop_caches: 3
[116918.199297] sh (75281): drop_caches: 3
[116922.245918] sh (75281): drop_caches: 3
[116926.293138] sh (75281): drop_caches: 3
[116930.338081] sh (75281): drop_caches: 3
[116934.383281] sh (75281): drop_caches: 3
[116938.428271] sh (75281): drop_caches: 3
[116942.474023] sh (75281): drop_caches: 3
[116946.518932] sh (75281): drop_caches: 3
[116950.564198] sh (75281): drop_caches: 3
[116954.609356] sh (75281): drop_caches: 3
[116958.652652] sh (75281): drop_caches: 3
[116962.698572] sh (75281): drop_caches: 3
[116966.743277] sh (75281): drop_caches: 3
[116970.786330] sh (75281): drop_caches: 3
[116974.830298] sh (75281): drop_caches: 3
[116978.873105] sh (75281): drop_caches: 3
[116982.917858] sh (75281): drop_caches: 3
[116986.957252] sh (75281): drop_caches: 3
[116991.002137] sh (75281): drop_caches: 3
[116995.044888] sh (75281): drop_caches: 3
[116999.090588] sh (75281): drop_caches: 3
[117003.136123] sh (75281): drop_caches: 3
[117007.172888] sh (75281): drop_caches: 3
[117011.219974] sh (75281): drop_caches: 3
[117015.268035] sh (75281): drop_caches: 3
[117019.311316] sh (75281): drop_caches: 3
[117023.355974] sh (75281): drop_caches: 3
[117027.400937] sh (75281): drop_caches: 3
[117031.446538] sh (75281): drop_caches: 3
[117035.491376] sh (75281): drop_caches: 3
[117039.537156] sh (75281): drop_caches: 3
[117043.582950] sh (75281): drop_caches: 3
[117047.626733] sh (75281): drop_caches: 3
[117051.671951] sh (75281): drop_caches: 3
[117055.718878] sh (75281): drop_caches: 3
[117059.764369] sh (75281): drop_caches: 3
[117063.809421] sh (75281): drop_caches: 3
[117067.855639] sh (75281): drop_caches: 3
[117071.902733] sh (75281): drop_caches: 3
[117075.947793] sh (75281): drop_caches: 3
[117079.993564] sh (75281): drop_caches: 3
[117084.032873] sh (75281): drop_caches: 3
[117088.080427] sh (75281): drop_caches: 3
[117092.123913] sh (75281): drop_caches: 3
[117096.167178] sh (75281): drop_caches: 3
[117100.212663] sh (75281): drop_caches: 3
[117104.258117] sh (75281): drop_caches: 3
[117108.302055] sh (75281): drop_caches: 3
[117112.346976] sh (75281): drop_caches: 3
[117116.391455] sh (75281): drop_caches: 3
[117120.437344] sh (75281): drop_caches: 3
[117124.481224] sh (75281): drop_caches: 3
[117128.523491] sh (75281): drop_caches: 3
[117132.569288] sh (75281): drop_caches: 3
[117136.614766] sh (75281): drop_caches: 3
[117140.659126] sh (75281): drop_caches: 3
[117144.706070] sh (75281): drop_caches: 3
[117148.751120] sh (75281): drop_caches: 3
[117152.795157] sh (75281): drop_caches: 3
[117156.840964] sh (75281): drop_caches: 3
[117160.887514] sh (75281): drop_caches: 3
[117164.932833] sh (75281): drop_caches: 3
[117168.977072] sh (75281): drop_caches: 3
[117173.022511] sh (75281): drop_caches: 3
[117177.067780] sh (75281): drop_caches: 3
[117181.112892] sh (75281): drop_caches: 3
[117185.157801] sh (75281): drop_caches: 3
[117189.206951] sh (75281): drop_caches: 3
[117193.251673] sh (75281): drop_caches: 3
[117197.296569] sh (75281): drop_caches: 3
[117201.339984] sh (75281): drop_caches: 3
[117205.385085] sh (75281): drop_caches: 3
[117209.425318] sh (75281): drop_caches: 3
[117213.470095] sh (75281): drop_caches: 3
[117217.515449] sh (75281): drop_caches: 3
[117221.559502] sh (75281): drop_caches: 3
[117225.603570] sh (75281): drop_caches: 3
[117229.648020] sh (75281): drop_caches: 3
[117233.691991] sh (75281): drop_caches: 3
[117237.737421] sh (75281): drop_caches: 3
[117241.783811] sh (75281): drop_caches: 3
[117245.829380] sh (75281): drop_caches: 3
[117249.873685] sh (75281): drop_caches: 3
[117253.921559] sh (75281): drop_caches: 3
[117257.962375] sh (75281): drop_caches: 3
[117262.006825] sh (75281): drop_caches: 3
[117266.052370] sh (75281): drop_caches: 3
[117270.091573] sh (75281): drop_caches: 3
[117274.130816] sh (75281): drop_caches: 3
[117278.175920] sh (75281): drop_caches: 3
[117282.220024] sh (75281): drop_caches: 3
[117286.268048] sh (75281): drop_caches: 3
[117290.311034] sh (75281): drop_caches: 3
[117294.356890] sh (75281): drop_caches: 3
[117298.405521] sh (75281): drop_caches: 3
[117302.451783] sh (75281): drop_caches: 3
[117306.495922] sh (75281): drop_caches: 3
[117310.541722] sh (75281): drop_caches: 3
[117314.587748] sh (75281): drop_caches: 3
[117318.635273] sh (75281): drop_caches: 3
[117322.682212] sh (75281): drop_caches: 3
[117326.728074] sh (75281): drop_caches: 3
[117330.771564] sh (75281): drop_caches: 3
[117334.817458] sh (75281): drop_caches: 3
[117338.865430] sh (75281): drop_caches: 3
[117342.913802] sh (75281): drop_caches: 3
[117346.955113] sh (75281): drop_caches: 3
[117351.000086] sh (75281): drop_caches: 3
[117355.043000] sh (75281): drop_caches: 3
[117359.087008] sh (75281): drop_caches: 3
[117363.135434] sh (75281): drop_caches: 3
[117367.181350] sh (75281): drop_caches: 3
[117371.227245] sh (75281): drop_caches: 3
[117375.271998] sh (75281): drop_caches: 3
[117379.317267] sh (75281): drop_caches: 3
[117383.361032] sh (75281): drop_caches: 3
[117387.406631] sh (75281): drop_caches: 3
[117391.451968] sh (75281): drop_caches: 3
[117395.497764] sh (75281): drop_caches: 3
[117399.541825] sh (75281): drop_caches: 3
[117403.585044] sh (75281): drop_caches: 3
[117407.629999] sh (75281): drop_caches: 3
[117411.672114] sh (75281): drop_caches: 3
[117415.717132] sh (75281): drop_caches: 3
[117419.763690] sh (75281): drop_caches: 3
[117423.808673] sh (75281): drop_caches: 3
[117427.851189] sh (75281): drop_caches: 3
[117431.898129] sh (75281): drop_caches: 3
[117435.944017] sh (75281): drop_caches: 3
[117439.990346] sh (75281): drop_caches: 3
[117444.036354] sh (75281): drop_caches: 3
[117448.075609] sh (75281): drop_caches: 3
[117452.122642] sh (75281): drop_caches: 3
[117456.168353] sh (75281): drop_caches: 3
[117460.211975] sh (75281): drop_caches: 3
[117464.256886] sh (75281): drop_caches: 3
[117468.302294] sh (75281): drop_caches: 3
[117472.348017] sh (75281): drop_caches: 3
[117476.393012] sh (75281): drop_caches: 3
[117480.438430] sh (75281): drop_caches: 3
[117484.483209] sh (75281): drop_caches: 3
[117488.521939] sh (75281): drop_caches: 3
[117492.568877] sh (75281): drop_caches: 3
[117496.614783] sh (75281): drop_caches: 3
[117500.661696] sh (75281): drop_caches: 3
[117504.708222] sh (75281): drop_caches: 3
[117508.752843] sh (75281): drop_caches: 3
[117512.795970] sh (75281): drop_caches: 3
[117516.838235] sh (75281): drop_caches: 3
[117520.884522] sh (75281): drop_caches: 3
[117524.931446] sh (75281): drop_caches: 3
[117528.977255] sh (75281): drop_caches: 3
[117533.020067] sh (75281): drop_caches: 3
[117537.068586] sh (75281): drop_caches: 3
[117541.114604] sh (75281): drop_caches: 3
[117545.160174] sh (75281): drop_caches: 3
[117549.207358] sh (75281): drop_caches: 3
[117553.253857] sh (75281): drop_caches: 3
[117557.298300] sh (75281): drop_caches: 3
[117561.342279] sh (75281): drop_caches: 3
[117565.385769] sh (75281): drop_caches: 3
[117569.422441] sh (75281): drop_caches: 3
[117573.467467] sh (75281): drop_caches: 3
[117577.514194] sh (75281): drop_caches: 3
[117581.559396] sh (75281): drop_caches: 3
[117585.605729] sh (75281): drop_caches: 3
[117589.651180] sh (75281): drop_caches: 3
[117593.697380] sh (75281): drop_caches: 3
[117597.741292] sh (75281): drop_caches: 3
[117601.788723] sh (75281): drop_caches: 3
[117605.831525] sh (75281): drop_caches: 3
[117609.874425] sh (75281): drop_caches: 3
[117613.911923] sh (75281): drop_caches: 3
[117617.952691] sh (75281): drop_caches: 3
[117621.999762] sh (75281): drop_caches: 3
[117626.043547] sh (75281): drop_caches: 3
[117630.088890] sh (75281): drop_caches: 3
[117634.129593] sh (75281): drop_caches: 3
[117638.175057] sh (75281): drop_caches: 3
[117642.221515] sh (75281): drop_caches: 3
[117646.266098] sh (75281): drop_caches: 3
[117650.311352] sh (75281): drop_caches: 3
[117654.359039] sh (75281): drop_caches: 3
[117658.404368] sh (75281): drop_caches: 3
[117662.450686] sh (75281): drop_caches: 3
[117666.495209] sh (75281): drop_caches: 3
[117670.540588] sh (75281): drop_caches: 3
[117674.586426] sh (75281): drop_caches: 3
[117678.631757] sh (75281): drop_caches: 3
[117682.683221] sh (75281): drop_caches: 3
[117686.728969] sh (75281): drop_caches: 3
[117690.771263] sh (75281): drop_caches: 3
[117694.813970] sh (75281): drop_caches: 3
[117698.861115] sh (75281): drop_caches: 3
[117702.905494] sh (75281): drop_caches: 3
[117706.943904] sh (75281): drop_caches: 3
[117710.988851] sh (75281): drop_caches: 3
[117715.032946] sh (75281): drop_caches: 3
[117719.079805] sh (75281): drop_caches: 3
[117723.124904] sh (75281): drop_caches: 3
[117727.169230] sh (75281): drop_caches: 3
[117731.214674] sh (75281): drop_caches: 3
[117735.260335] sh (75281): drop_caches: 3
[117739.304629] sh (75281): drop_caches: 3
[117743.348741] sh (75281): drop_caches: 3
[117747.391260] sh (75281): drop_caches: 3
[117751.438941] sh (75281): drop_caches: 3
[117755.487404] sh (75281): drop_caches: 3
[117759.531279] sh (75281): drop_caches: 3
[117763.579240] sh (75281): drop_caches: 3
[117767.624976] sh (75281): drop_caches: 3
[117771.670677] sh (75281): drop_caches: 3
[117775.715911] sh (75281): drop_caches: 3
[117779.760508] sh (75281): drop_caches: 3
[117783.805396] sh (75281): drop_caches: 3
[117787.849047] sh (75281): drop_caches: 3
[117791.895218] sh (75281): drop_caches: 3
[117795.938149] sh (75281): drop_caches: 3
[117799.988634] sh (75281): drop_caches: 3
[117804.035906] sh (75281): drop_caches: 3
[117808.075379] sh (75281): drop_caches: 3
[117812.121036] sh (75281): drop_caches: 3
[117816.163388] sh (75281): drop_caches: 3
[117820.208399] sh (75281): drop_caches: 3
[117824.253991] sh (75281): drop_caches: 3
[117828.299614] sh (75281): drop_caches: 3
[117832.344902] sh (75281): drop_caches: 3
[117836.389302] sh (75281): drop_caches: 3
[117840.432393] sh (75281): drop_caches: 3
[117844.478328] sh (75281): drop_caches: 3
[117848.519799] sh (75281): drop_caches: 3
[117852.566709] sh (75281): drop_caches: 3
[117856.612073] sh (75281): drop_caches: 3
[117860.655451] sh (75281): drop_caches: 3
[117864.700320] sh (75281): drop_caches: 3
[117868.745191] sh (75281): drop_caches: 3
[117872.788219] sh (75281): drop_caches: 3
[117876.836162] sh (75281): drop_caches: 3
[117880.882987] sh (75281): drop_caches: 3
[117884.927829] sh (75281): drop_caches: 3
[117888.973426] sh (75281): drop_caches: 3
[117893.014537] sh (75281): drop_caches: 3
[117897.060205] sh (75281): drop_caches: 3
[117901.105844] sh (75281): drop_caches: 3
[117905.151746] sh (75281): drop_caches: 3
[117909.197917] sh (75281): drop_caches: 3
[117913.241177] sh (75281): drop_caches: 3
[117917.286887] sh (75281): drop_caches: 3
[117921.333335] sh (75281): drop_caches: 3
[117925.356514] sh (75281): drop_caches: 3
[117925.407382] iCAT_SQLITE_RUN_END run=20260830-055742-75150
[117925.427448] EXT4-fs (nvme1n1): unmounting filesystem be9970b0-f70a-47c2-8fa4-44bf6ef3a936.
[117925.497136] pci_bus 0001:10: busn_res: [bus 10-ff] is released
[117925.497182] NVMeVirt: GC stats: policy=cat-fig7 host_pages=32390516 gc_pages=15566685 gc_count=749324 WAF=1.480 k=7 scale_pct=400 age_ratio=4
[117925.568315] NVMeVirt: Virtual NVMe device closed
