[91192.135705] NVMeVirt: Version 1.10 for >> Samsung 970 Pro SSD <<
[91192.135714] NVMeVirt: Storage: 0x100100000-0x300000000 (8191 MiB)
[91192.143044] NVMeVirt: Total Capacity(GiB,MiB)=2,2048 chs=2 luns=4 lines=8192 blk-size(MiB,KiB)=0,64 line-size(MiB,KiB)=0,256
[91192.157523] NVMeVirt: [chmodel_init] bandwidth 800 max_credits 26 tx_time 152
[91192.165779] NVMeVirt: [chmodel_init] bandwidth 800 max_credits 26 tx_time 152
[91192.165794] NVMeVirt: [chmodel_init] bandwidth 3360 max_credits 110 tx_time 36
[91192.167137] NVMeVirt: pqueue: Copyright (c) 2014, Volkan Yazıcı <volkan.yazici@gmail.com>. All rights reserved.
[91192.167173] NVMeVirt: Init FTL instance with 2 channels (524288 pages)
[91192.167174] NVMeVirt: GC victim policy: cat-fig7 k=4 scale_pct=200 age_ratio=16
[91192.173827] NVMeVirt: [chmodel_init] bandwidth 800 max_credits 26 tx_time 152
[91192.180321] NVMeVirt: [chmodel_init] bandwidth 800 max_credits 26 tx_time 152
[91192.180336] NVMeVirt: [chmodel_init] bandwidth 3360 max_credits 110 tx_time 36
[91192.181599] NVMeVirt: Init FTL instance with 2 channels (524288 pages)
[91192.181600] NVMeVirt: GC victim policy: cat-fig7 k=4 scale_pct=200 age_ratio=16
[91192.188031] NVMeVirt: [chmodel_init] bandwidth 800 max_credits 26 tx_time 152
[91192.194456] NVMeVirt: [chmodel_init] bandwidth 800 max_credits 26 tx_time 152
[91192.194469] NVMeVirt: [chmodel_init] bandwidth 3360 max_credits 110 tx_time 36
[91192.195748] NVMeVirt: Init FTL instance with 2 channels (524288 pages)
[91192.195749] NVMeVirt: GC victim policy: cat-fig7 k=4 scale_pct=200 age_ratio=16
[91192.202207] NVMeVirt: [chmodel_init] bandwidth 800 max_credits 26 tx_time 152
[91192.208642] NVMeVirt: [chmodel_init] bandwidth 800 max_credits 26 tx_time 152
[91192.208657] NVMeVirt: [chmodel_init] bandwidth 3360 max_credits 110 tx_time 36
[91192.209903] NVMeVirt: Init FTL instance with 2 channels (524288 pages)
[91192.209904] NVMeVirt: GC victim policy: cat-fig7 k=4 scale_pct=200 age_ratio=16
[91192.209908] NVMeVirt: FTL physical space: 8588886016, logical space: 8026996276 (physical/logical * 100 = 107)
[91192.209910] NVMeVirt: ns 0/1: size 7655 MiB
[91192.209950] PCI host bridge to bus 0001:10
[91192.209952] pci_bus 0001:10: root bus resource [io  0x0000-0xffff]
[91192.209954] pci_bus 0001:10: root bus resource [mem 0x00000000-0x3fffffffffff]
[91192.209956] pci_bus 0001:10: root bus resource [bus 00-ff]
[91192.209962] pci 0001:10:00.0: [0c51:0110] type 00 class 0x010802 PCIe Endpoint
[91192.209964] pci 0001:10:00.0: BAR 0 [mem 0x100000000-0x100003fff 64bit]
[91192.209966] pci 0001:10:00.0: enabling Extended Tags
[91192.210079] NVMeVirt: Virtual PCI bus created (node 0)
[91192.210644] NVMeVirt: nvmev_io_worker_0 started on cpu 2 (node 0)
[91192.210676] NVMeVirt: nvmev_dispatcher started on cpu 1 (node 0)
[91192.210814] nvme nvme1: pci function 0001:10:00.0
[91192.214852] nvme nvme1: 20/0/0 default/read/poll queues
[91192.218482] NVMeVirt: Virtual NVMe device created
[91193.280316] EXT4-fs (nvme1n1): mounted filesystem 4a1c9cd6-5330-45a4-a796-4d979a6643f2 r/w with ordered data mode. Quota mode: none.
[91193.311674] iCAT_SQLITE_LOAD_START run=20260829-225828-64091
[91271.373717] iCAT_SQLITE_LOAD_END run=20260829-225828-64091
[91271.777871] sh (64216): drop_caches: 3
[91271.805810] iCAT_SQLITE_RUN_START run=20260829-225828-64091
[91275.422126] sh (64217): drop_caches: 3
[91279.470714] sh (64217): drop_caches: 3
[91283.520386] sh (64217): drop_caches: 3
[91287.567316] sh (64217): drop_caches: 3
[91291.617075] sh (64217): drop_caches: 3
[91295.666849] sh (64217): drop_caches: 3
[91299.718111] sh (64217): drop_caches: 3
[91303.760638] sh (64217): drop_caches: 3
[91307.810746] sh (64217): drop_caches: 3
[91311.861076] sh (64217): drop_caches: 3
[91315.905497] sh (64217): drop_caches: 3
[91319.952579] sh (64217): drop_caches: 3
[91323.992167] sh (64217): drop_caches: 3
[91328.040759] sh (64217): drop_caches: 3
[91332.087929] sh (64217): drop_caches: 3
[91336.129813] sh (64217): drop_caches: 3
[91340.177686] sh (64217): drop_caches: 3
[91344.227623] sh (64217): drop_caches: 3
[91348.280229] sh (64217): drop_caches: 3
[91352.327245] sh (64217): drop_caches: 3
[91356.377801] sh (64217): drop_caches: 3
[91360.426245] sh (64217): drop_caches: 3
[91364.471845] sh (64217): drop_caches: 3
[91368.518215] sh (64217): drop_caches: 3
[91372.567859] sh (64217): drop_caches: 3
[91376.617343] sh (64217): drop_caches: 3
[91380.666105] sh (64217): drop_caches: 3
[91384.714065] sh (64217): drop_caches: 3
[91388.762870] sh (64217): drop_caches: 3
[91392.811951] sh (64217): drop_caches: 3
[91396.859616] sh (64217): drop_caches: 3
[91400.908268] sh (64217): drop_caches: 3
[91404.948725] sh (64217): drop_caches: 3
[91408.997297] sh (64217): drop_caches: 3
[91413.044868] sh (64217): drop_caches: 3
[91417.091723] sh (64217): drop_caches: 3
[91421.138198] sh (64217): drop_caches: 3
[91425.186787] sh (64217): drop_caches: 3
[91429.234804] sh (64217): drop_caches: 3
[91433.283673] sh (64217): drop_caches: 3
[91437.329798] sh (64217): drop_caches: 3
[91441.375802] sh (64217): drop_caches: 3
[91445.425246] sh (64217): drop_caches: 3
[91449.466453] sh (64217): drop_caches: 3
[91453.514616] sh (64217): drop_caches: 3
[91457.560376] sh (64217): drop_caches: 3
[91461.610144] sh (64217): drop_caches: 3
[91465.658358] sh (64217): drop_caches: 3
[91469.705584] sh (64217): drop_caches: 3
[91473.753902] sh (64217): drop_caches: 3
[91477.802512] sh (64217): drop_caches: 3
[91481.848880] sh (64217): drop_caches: 3
[91485.899697] sh (64217): drop_caches: 3
[91489.945397] sh (64217): drop_caches: 3
[91493.984803] sh (64217): drop_caches: 3
[91498.027680] sh (64217): drop_caches: 3
[91502.075616] sh (64217): drop_caches: 3
[91506.117239] sh (64217): drop_caches: 3
[91510.165594] sh (64217): drop_caches: 3
[91514.209178] sh (64217): drop_caches: 3
[91518.254841] sh (64217): drop_caches: 3
[91522.301139] sh (64217): drop_caches: 3
[91526.346529] sh (64217): drop_caches: 3
[91530.388447] sh (64217): drop_caches: 3
[91534.436103] sh (64217): drop_caches: 3
[91538.481644] sh (64217): drop_caches: 3
[91542.532707] sh (64217): drop_caches: 3
[91546.580516] sh (64217): drop_caches: 3
[91550.628250] sh (64217): drop_caches: 3
[91554.668850] sh (64217): drop_caches: 3
[91558.714543] sh (64217): drop_caches: 3
[91562.763344] sh (64217): drop_caches: 3
[91566.809808] sh (64217): drop_caches: 3
[91570.860175] sh (64217): drop_caches: 3
[91574.902275] sh (64217): drop_caches: 3
[91578.949249] sh (64217): drop_caches: 3
[91582.995544] sh (64217): drop_caches: 3
[91587.045992] sh (64217): drop_caches: 3
[91591.088597] sh (64217): drop_caches: 3
[91595.138662] sh (64217): drop_caches: 3
[91599.180150] sh (64217): drop_caches: 3
[91603.220325] sh (64217): drop_caches: 3
[91607.269323] sh (64217): drop_caches: 3
[91611.315355] sh (64217): drop_caches: 3
[91615.362017] sh (64217): drop_caches: 3
[91619.405005] sh (64217): drop_caches: 3
[91623.452648] sh (64217): drop_caches: 3
[91627.503276] sh (64217): drop_caches: 3
[91631.551988] sh (64217): drop_caches: 3
[91635.601312] sh (64217): drop_caches: 3
[91639.650562] sh (64217): drop_caches: 3
[91643.696310] sh (64217): drop_caches: 3
[91647.747352] sh (64217): drop_caches: 3
[91651.796264] sh (64217): drop_caches: 3
[91655.843459] sh (64217): drop_caches: 3
[91659.885815] sh (64217): drop_caches: 3
[91663.933532] sh (64217): drop_caches: 3
[91667.985183] sh (64217): drop_caches: 3
[91672.033453] sh (64217): drop_caches: 3
[91676.075594] sh (64217): drop_caches: 3
[91680.121246] sh (64217): drop_caches: 3
[91684.162682] sh (64217): drop_caches: 3
[91688.208542] sh (64217): drop_caches: 3
[91692.256648] sh (64217): drop_caches: 3
[91696.298704] sh (64217): drop_caches: 3
[91700.340596] sh (64217): drop_caches: 3
[91704.386328] sh (64217): drop_caches: 3
[91708.434356] sh (64217): drop_caches: 3
[91712.483433] sh (64217): drop_caches: 3
[91716.529684] sh (64217): drop_caches: 3
[91720.578294] sh (64217): drop_caches: 3
[91724.620561] sh (64217): drop_caches: 3
[91728.666520] sh (64217): drop_caches: 3
[91732.712744] sh (64217): drop_caches: 3
[91736.760366] sh (64217): drop_caches: 3
[91740.806189] sh (64217): drop_caches: 3
[91744.853035] sh (64217): drop_caches: 3
[91748.901297] sh (64217): drop_caches: 3
[91752.947996] sh (64217): drop_caches: 3
[91756.998453] sh (64217): drop_caches: 3
[91761.044074] sh (64217): drop_caches: 3
[91765.086697] sh (64217): drop_caches: 3
[91769.127204] sh (64217): drop_caches: 3
[91773.173585] sh (64217): drop_caches: 3
[91777.215815] sh (64217): drop_caches: 3
[91781.264852] sh (64217): drop_caches: 3
[91785.313229] sh (64217): drop_caches: 3
[91789.360026] sh (64217): drop_caches: 3
[91793.405412] sh (64217): drop_caches: 3
[91797.452669] sh (64217): drop_caches: 3
[91801.503111] sh (64217): drop_caches: 3
[91805.548967] sh (64217): drop_caches: 3
[91809.598608] sh (64217): drop_caches: 3
[91813.647254] sh (64217): drop_caches: 3
[91817.694541] sh (64217): drop_caches: 3
[91821.746724] sh (64217): drop_caches: 3
[91825.795668] sh (64217): drop_caches: 3
[91829.841541] sh (64217): drop_caches: 3
[91833.890536] sh (64217): drop_caches: 3
[91837.936610] sh (64217): drop_caches: 3
[91841.985872] sh (64217): drop_caches: 3
[91846.025698] sh (64217): drop_caches: 3
[91850.073751] sh (64217): drop_caches: 3
[91854.122438] sh (64217): drop_caches: 3
[91858.169296] sh (64217): drop_caches: 3
[91862.210025] sh (64217): drop_caches: 3
[91866.260852] sh (64217): drop_caches: 3
[91870.302087] sh (64217): drop_caches: 3
[91874.344861] sh (64217): drop_caches: 3
[91878.385235] sh (64217): drop_caches: 3
[91882.436535] sh (64217): drop_caches: 3
[91886.485760] sh (64217): drop_caches: 3
[91890.533544] sh (64217): drop_caches: 3
[91894.576292] sh (64217): drop_caches: 3
[91898.623983] sh (64217): drop_caches: 3
[91902.669756] sh (64217): drop_caches: 3
[91906.717348] sh (64217): drop_caches: 3
[91910.764867] sh (64217): drop_caches: 3
[91914.812037] sh (64217): drop_caches: 3
[91918.859411] sh (64217): drop_caches: 3
[91922.905992] sh (64217): drop_caches: 3
[91926.955626] sh (64217): drop_caches: 3
[91931.005365] sh (64217): drop_caches: 3
[91935.054284] sh (64217): drop_caches: 3
[91939.101885] sh (64217): drop_caches: 3
[91943.151174] sh (64217): drop_caches: 3
[91947.193851] sh (64217): drop_caches: 3
[91951.237332] sh (64217): drop_caches: 3
[91955.282748] sh (64217): drop_caches: 3
[91959.324977] sh (64217): drop_caches: 3
[91963.373393] sh (64217): drop_caches: 3
[91967.420920] sh (64217): drop_caches: 3
[91971.469252] sh (64217): drop_caches: 3
[91975.517546] sh (64217): drop_caches: 3
[91979.565743] sh (64217): drop_caches: 3
[91983.611400] sh (64217): drop_caches: 3
[91987.657703] sh (64217): drop_caches: 3
[91991.700452] sh (64217): drop_caches: 3
[91995.748406] sh (64217): drop_caches: 3
[91999.794932] sh (64217): drop_caches: 3
[92003.847168] sh (64217): drop_caches: 3
[92007.893645] sh (64217): drop_caches: 3
[92011.943914] sh (64217): drop_caches: 3
[92015.992667] sh (64217): drop_caches: 3
[92020.043647] sh (64217): drop_caches: 3
[92024.092412] sh (64217): drop_caches: 3
[92028.141000] sh (64217): drop_caches: 3
[92032.187648] sh (64217): drop_caches: 3
[92036.228861] sh (64217): drop_caches: 3
[92040.276631] sh (64217): drop_caches: 3
[92044.325896] sh (64217): drop_caches: 3
[92048.366258] sh (64217): drop_caches: 3
[92052.411581] sh (64217): drop_caches: 3
[92056.460133] sh (64217): drop_caches: 3
[92060.508069] sh (64217): drop_caches: 3
[92064.556373] sh (64217): drop_caches: 3
[92068.603727] sh (64217): drop_caches: 3
[92072.650644] sh (64217): drop_caches: 3
[92076.697553] sh (64217): drop_caches: 3
[92080.747357] sh (64217): drop_caches: 3
[92084.793597] sh (64217): drop_caches: 3
[92088.841191] sh (64217): drop_caches: 3
[92092.893073] sh (64217): drop_caches: 3
[92096.942380] sh (64217): drop_caches: 3
[92100.990655] sh (64217): drop_caches: 3
[92105.036427] sh (64217): drop_caches: 3
[92109.083627] sh (64217): drop_caches: 3
[92113.132062] sh (64217): drop_caches: 3
[92117.170857] sh (64217): drop_caches: 3
[92121.218443] sh (64217): drop_caches: 3
[92125.261065] sh (64217): drop_caches: 3
[92129.309033] sh (64217): drop_caches: 3
[92133.355136] sh (64217): drop_caches: 3
[92137.398372] sh (64217): drop_caches: 3
[92141.446463] sh (64217): drop_caches: 3
[92145.497176] sh (64217): drop_caches: 3
[92149.543209] sh (64217): drop_caches: 3
[92153.594542] sh (64217): drop_caches: 3
[92157.637572] sh (64217): drop_caches: 3
[92161.688876] sh (64217): drop_caches: 3
[92165.735553] sh (64217): drop_caches: 3
[92169.787119] sh (64217): drop_caches: 3
[92173.835533] sh (64217): drop_caches: 3
[92177.881169] sh (64217): drop_caches: 3
[92181.928400] sh (64217): drop_caches: 3
[92185.974865] sh (64217): drop_caches: 3
[92190.017299] sh (64217): drop_caches: 3
[92194.066970] sh (64217): drop_caches: 3
[92198.114392] sh (64217): drop_caches: 3
[92202.160688] sh (64217): drop_caches: 3
[92206.201147] sh (64217): drop_caches: 3
[92210.251341] sh (64217): drop_caches: 3
[92214.300445] sh (64217): drop_caches: 3
[92218.343629] sh (64217): drop_caches: 3
[92222.384614] sh (64217): drop_caches: 3
[92226.427305] sh (64217): drop_caches: 3
[92230.475635] sh (64217): drop_caches: 3
[92234.525618] sh (64217): drop_caches: 3
[92238.573323] sh (64217): drop_caches: 3
[92242.620633] sh (64217): drop_caches: 3
[92246.670195] sh (64217): drop_caches: 3
[92250.719216] sh (64217): drop_caches: 3
[92254.770432] sh (64217): drop_caches: 3
[92258.816823] sh (64217): drop_caches: 3
[92262.864319] sh (64217): drop_caches: 3
[92266.912008] sh (64217): drop_caches: 3
[92270.959464] sh (64217): drop_caches: 3
[92275.002138] sh (64217): drop_caches: 3
[92279.049832] sh (64217): drop_caches: 3
[92283.096994] sh (64217): drop_caches: 3
[92287.149735] sh (64217): drop_caches: 3
[92291.190427] sh (64217): drop_caches: 3
[92295.240257] sh (64217): drop_caches: 3
[92299.288003] sh (64217): drop_caches: 3
[92303.337370] sh (64217): drop_caches: 3
[92307.386968] sh (64217): drop_caches: 3
[92311.428974] sh (64217): drop_caches: 3
[92315.469392] sh (64217): drop_caches: 3
[92319.518531] sh (64217): drop_caches: 3
[92323.560326] sh (64217): drop_caches: 3
[92327.607816] sh (64217): drop_caches: 3
[92331.655674] sh (64217): drop_caches: 3
[92335.705243] sh (64217): drop_caches: 3
[92339.752996] sh (64217): drop_caches: 3
[92343.799382] sh (64217): drop_caches: 3
[92347.845934] sh (64217): drop_caches: 3
[92351.894587] sh (64217): drop_caches: 3
[92355.942325] sh (64217): drop_caches: 3
[92359.989570] sh (64217): drop_caches: 3
[92364.036030] sh (64217): drop_caches: 3
[92368.087276] sh (64217): drop_caches: 3
[92372.138011] sh (64217): drop_caches: 3
[92376.178605] sh (64217): drop_caches: 3
[92380.219972] sh (64217): drop_caches: 3
[92384.265893] sh (64217): drop_caches: 3
[92388.314647] sh (64217): drop_caches: 3
[92392.361025] sh (64217): drop_caches: 3
[92396.409504] sh (64217): drop_caches: 3
[92400.458385] sh (64217): drop_caches: 3
[92404.502220] sh (64217): drop_caches: 3
[92408.549571] sh (64217): drop_caches: 3
[92412.598266] sh (64217): drop_caches: 3
[92416.645152] sh (64217): drop_caches: 3
[92420.694060] sh (64217): drop_caches: 3
[92424.739837] sh (64217): drop_caches: 3
[92428.787494] sh (64217): drop_caches: 3
[92432.835507] sh (64217): drop_caches: 3
[92436.884734] sh (64217): drop_caches: 3
[92440.934024] sh (64217): drop_caches: 3
[92444.980298] sh (64217): drop_caches: 3
[92449.025904] sh (64217): drop_caches: 3
[92453.075112] sh (64217): drop_caches: 3
[92457.124142] sh (64217): drop_caches: 3
[92461.173921] sh (64217): drop_caches: 3
[92465.221533] sh (64217): drop_caches: 3
[92469.262187] sh (64217): drop_caches: 3
[92473.309299] sh (64217): drop_caches: 3
[92477.355901] sh (64217): drop_caches: 3
[92481.404236] sh (64217): drop_caches: 3
[92485.446141] sh (64217): drop_caches: 3
[92489.496440] sh (64217): drop_caches: 3
[92493.544776] sh (64217): drop_caches: 3
[92497.593630] sh (64217): drop_caches: 3
[92501.641700] sh (64217): drop_caches: 3
[92505.690188] sh (64217): drop_caches: 3
[92509.738614] sh (64217): drop_caches: 3
[92513.788233] sh (64217): drop_caches: 3
[92517.835581] sh (64217): drop_caches: 3
[92521.881121] sh (64217): drop_caches: 3
[92525.929190] sh (64217): drop_caches: 3
[92529.975220] sh (64217): drop_caches: 3
[92534.023923] sh (64217): drop_caches: 3
[92538.073550] sh (64217): drop_caches: 3
[92542.121465] sh (64217): drop_caches: 3
[92546.167369] sh (64217): drop_caches: 3
[92550.209682] sh (64217): drop_caches: 3
[92554.258503] sh (64217): drop_caches: 3
[92558.307682] sh (64217): drop_caches: 3
[92562.347561] sh (64217): drop_caches: 3
[92566.389771] sh (64217): drop_caches: 3
[92570.429455] sh (64217): drop_caches: 3
[92574.481614] sh (64217): drop_caches: 3
[92578.534184] sh (64217): drop_caches: 3
[92582.584805] sh (64217): drop_caches: 3
[92586.633193] sh (64217): drop_caches: 3
[92590.682619] sh (64217): drop_caches: 3
[92594.732592] sh (64217): drop_caches: 3
[92598.783105] sh (64217): drop_caches: 3
[92602.828483] sh (64217): drop_caches: 3
[92606.875632] sh (64217): drop_caches: 3
[92610.925208] sh (64217): drop_caches: 3
[92614.967034] sh (64217): drop_caches: 3
[92619.015066] sh (64217): drop_caches: 3
[92623.061649] sh (64217): drop_caches: 3
[92627.109146] sh (64217): drop_caches: 3
[92631.157414] sh (64217): drop_caches: 3
[92635.197707] sh (64217): drop_caches: 3
[92639.246281] sh (64217): drop_caches: 3
[92643.294949] sh (64217): drop_caches: 3
[92647.342915] sh (64217): drop_caches: 3
[92651.389272] sh (64217): drop_caches: 3
[92655.437721] sh (64217): drop_caches: 3
[92659.486393] sh (64217): drop_caches: 3
[92663.532396] sh (64217): drop_caches: 3
[92667.582490] sh (64217): drop_caches: 3
[92671.630650] sh (64217): drop_caches: 3
[92675.670027] sh (64217): drop_caches: 3
[92679.721645] sh (64217): drop_caches: 3
[92683.767254] sh (64217): drop_caches: 3
[92687.815551] sh (64217): drop_caches: 3
[92691.864618] sh (64217): drop_caches: 3
[92695.913706] sh (64217): drop_caches: 3
[92699.960054] sh (64217): drop_caches: 3
[92704.010048] sh (64217): drop_caches: 3
[92708.061400] sh (64217): drop_caches: 3
[92712.109128] sh (64217): drop_caches: 3
[92716.149459] sh (64217): drop_caches: 3
[92720.198428] sh (64217): drop_caches: 3
[92724.247223] sh (64217): drop_caches: 3
[92728.287153] sh (64217): drop_caches: 3
[92732.333528] sh (64217): drop_caches: 3
[92736.379811] sh (64217): drop_caches: 3
[92740.426856] sh (64217): drop_caches: 3
[92744.476212] sh (64217): drop_caches: 3
[92748.523696] sh (64217): drop_caches: 3
[92752.571865] sh (64217): drop_caches: 3
[92756.619615] sh (64217): drop_caches: 3
[92760.665696] sh (64217): drop_caches: 3
[92764.705487] sh (64217): drop_caches: 3
[92768.753640] sh (64217): drop_caches: 3
[92772.793011] sh (64217): drop_caches: 3
[92772.840741] iCAT_SQLITE_RUN_END run=20260829-225828-64091
[92772.860498] EXT4-fs (nvme1n1): unmounting filesystem 4a1c9cd6-5330-45a4-a796-4d979a6643f2.
[92772.949006] pci_bus 0001:10: busn_res: [bus 10-ff] is released
[92772.949068] NVMeVirt: GC stats: policy=cat-fig7 host_pages=32407518 gc_pages=13798576 gc_count=721963 WAF=1.425 k=4 scale_pct=200 age_ratio=16
[92773.022690] NVMeVirt: Virtual NVMe device closed
