[66214.027614] NVMeVirt: Version 1.10 for >> Samsung 970 Pro SSD <<
[66214.027623] NVMeVirt: Storage: 0x100100000-0x300000000 (8191 MiB)
[66214.035204] NVMeVirt: Total Capacity(GiB,MiB)=2,2048 chs=2 luns=4 lines=8192 blk-size(MiB,KiB)=0,64 line-size(MiB,KiB)=0,256
[66214.049511] NVMeVirt: [chmodel_init] bandwidth 800 max_credits 26 tx_time 152
[66214.057243] NVMeVirt: [chmodel_init] bandwidth 800 max_credits 26 tx_time 152
[66214.057257] NVMeVirt: [chmodel_init] bandwidth 3360 max_credits 110 tx_time 36
[66214.058527] NVMeVirt: pqueue: Copyright (c) 2014, Volkan Yazıcı <volkan.yazici@gmail.com>. All rights reserved.
[66214.058563] NVMeVirt: Init FTL instance with 2 channels (524288 pages)
[66214.058564] NVMeVirt: GC victim policy: cat-fig7 k=2 scale_pct=200 age_ratio=7
[66214.065168] NVMeVirt: [chmodel_init] bandwidth 800 max_credits 26 tx_time 152
[66214.071601] NVMeVirt: [chmodel_init] bandwidth 800 max_credits 26 tx_time 152
[66214.071615] NVMeVirt: [chmodel_init] bandwidth 3360 max_credits 110 tx_time 36
[66214.072866] NVMeVirt: Init FTL instance with 2 channels (524288 pages)
[66214.072867] NVMeVirt: GC victim policy: cat-fig7 k=2 scale_pct=200 age_ratio=7
[66214.079244] NVMeVirt: [chmodel_init] bandwidth 800 max_credits 26 tx_time 152
[66214.085659] NVMeVirt: [chmodel_init] bandwidth 800 max_credits 26 tx_time 152
[66214.085673] NVMeVirt: [chmodel_init] bandwidth 3360 max_credits 110 tx_time 36
[66214.086925] NVMeVirt: Init FTL instance with 2 channels (524288 pages)
[66214.086926] NVMeVirt: GC victim policy: cat-fig7 k=2 scale_pct=200 age_ratio=7
[66214.093411] NVMeVirt: [chmodel_init] bandwidth 800 max_credits 26 tx_time 152
[66214.099795] NVMeVirt: [chmodel_init] bandwidth 800 max_credits 26 tx_time 152
[66214.099810] NVMeVirt: [chmodel_init] bandwidth 3360 max_credits 110 tx_time 36
[66214.101107] NVMeVirt: Init FTL instance with 2 channels (524288 pages)
[66214.101109] NVMeVirt: GC victim policy: cat-fig7 k=2 scale_pct=200 age_ratio=7
[66214.101113] NVMeVirt: FTL physical space: 8588886016, logical space: 8026996276 (physical/logical * 100 = 107)
[66214.101114] NVMeVirt: ns 0/1: size 7655 MiB
[66214.101154] PCI host bridge to bus 0001:10
[66214.101155] pci_bus 0001:10: root bus resource [io  0x0000-0xffff]
[66214.101157] pci_bus 0001:10: root bus resource [mem 0x00000000-0x3fffffffffff]
[66214.101159] pci_bus 0001:10: root bus resource [bus 00-ff]
[66214.101165] pci 0001:10:00.0: [0c51:0110] type 00 class 0x010802 PCIe Endpoint
[66214.101168] pci 0001:10:00.0: BAR 0 [mem 0x100000000-0x100003fff 64bit]
[66214.101169] pci 0001:10:00.0: enabling Extended Tags
[66214.101273] NVMeVirt: Virtual PCI bus created (node 0)
[66214.101779] NVMeVirt: nvmev_io_worker_0 started on cpu 2 (node 0)
[66214.101838] NVMeVirt: nvmev_dispatcher started on cpu 1 (node 0)
[66214.102022] nvme nvme1: pci function 0001:10:00.0
[66214.106577] nvme nvme1: 20/0/0 default/read/poll queues
[66214.109177] NVMeVirt: Virtual NVMe device created
[66215.170146] EXT4-fs (nvme1n1): mounted filesystem 3dc28992-32f1-470c-abc0-0582c5cc8111 r/w with ordered data mode. Quota mode: none.
[66215.201543] iCAT_SQLITE_LOAD_START run=20260829-160210-53125
[66292.467783] iCAT_SQLITE_LOAD_END run=20260829-160210-53125
[66292.891397] sh (53259): drop_caches: 3
[66292.925638] iCAT_SQLITE_RUN_START run=20260829-160210-53125
[66296.507239] sh (53256): drop_caches: 3
[66300.552769] sh (53256): drop_caches: 3
[66304.597959] sh (53256): drop_caches: 3
[66308.640451] sh (53256): drop_caches: 3
[66312.688895] sh (53256): drop_caches: 3
[66316.734575] sh (53256): drop_caches: 3
[66320.781041] sh (53256): drop_caches: 3
[66324.828257] sh (53256): drop_caches: 3
[66328.874821] sh (53256): drop_caches: 3
[66332.920353] sh (53256): drop_caches: 3
[66336.964055] sh (53256): drop_caches: 3
[66341.009580] sh (53256): drop_caches: 3
[66345.052734] sh (53256): drop_caches: 3
[66349.097146] sh (53256): drop_caches: 3
[66353.143508] sh (53256): drop_caches: 3
[66357.181270] sh (53256): drop_caches: 3
[66361.224414] sh (53256): drop_caches: 3
[66365.269467] sh (53256): drop_caches: 3
[66369.313664] sh (53256): drop_caches: 3
[66373.360422] sh (53256): drop_caches: 3
[66377.397475] sh (53256): drop_caches: 3
[66381.443374] sh (53256): drop_caches: 3
[66385.491434] sh (53256): drop_caches: 3
[66389.535955] sh (53256): drop_caches: 3
[66393.583185] sh (53256): drop_caches: 3
[66397.628948] sh (53256): drop_caches: 3
[66401.675104] sh (53256): drop_caches: 3
[66405.720440] sh (53256): drop_caches: 3
[66409.764263] sh (53256): drop_caches: 3
[66413.810211] sh (53256): drop_caches: 3
[66417.855753] sh (53256): drop_caches: 3
[66421.897568] sh (53256): drop_caches: 3
[66425.941828] sh (53256): drop_caches: 3
[66429.985871] sh (53256): drop_caches: 3
[66434.029858] sh (53256): drop_caches: 3
[66438.076542] sh (53256): drop_caches: 3
[66442.121767] sh (53256): drop_caches: 3
[66446.166473] sh (53256): drop_caches: 3
[66450.205305] sh (53256): drop_caches: 3
[66454.248575] sh (53256): drop_caches: 3
[66458.294715] sh (53256): drop_caches: 3
[66462.339550] sh (53256): drop_caches: 3
[66466.378213] sh (53256): drop_caches: 3
[66470.415342] sh (53256): drop_caches: 3
[66474.461689] sh (53256): drop_caches: 3
[66478.504073] sh (53256): drop_caches: 3
[66482.542806] sh (53256): drop_caches: 3
[66486.582921] sh (53256): drop_caches: 3
[66490.624879] sh (53256): drop_caches: 3
[66494.670813] sh (53256): drop_caches: 3
[66498.715890] sh (53256): drop_caches: 3
[66502.759916] sh (53256): drop_caches: 3
[66506.805890] sh (53256): drop_caches: 3
[66510.851406] sh (53256): drop_caches: 3
[66514.896733] sh (53256): drop_caches: 3
[66518.944104] sh (53256): drop_caches: 3
[66522.989309] sh (53256): drop_caches: 3
[66527.027694] sh (53256): drop_caches: 3
[66531.070209] sh (53256): drop_caches: 3
[66535.115870] sh (53256): drop_caches: 3
[66539.161029] sh (53256): drop_caches: 3
[66543.206711] sh (53256): drop_caches: 3
[66547.245850] sh (53256): drop_caches: 3
[66551.290706] sh (53256): drop_caches: 3
[66555.336308] sh (53256): drop_caches: 3
[66559.373525] sh (53256): drop_caches: 3
[66563.412500] sh (53256): drop_caches: 3
[66567.457700] sh (53256): drop_caches: 3
[66571.503075] sh (53256): drop_caches: 3
[66575.546534] sh (53256): drop_caches: 3
[66579.590931] sh (53256): drop_caches: 3
[66583.636475] sh (53256): drop_caches: 3
[66587.683914] sh (53256): drop_caches: 3
[66591.729152] sh (53256): drop_caches: 3
[66595.773907] sh (53256): drop_caches: 3
[66599.817682] sh (53256): drop_caches: 3
[66603.855458] sh (53256): drop_caches: 3
[66607.901487] sh (53256): drop_caches: 3
[66611.946859] sh (53256): drop_caches: 3
[66615.991375] sh (53256): drop_caches: 3
[66620.035134] sh (53256): drop_caches: 3
[66624.080314] sh (53256): drop_caches: 3
[66628.126746] sh (53256): drop_caches: 3
[66632.170261] sh (53256): drop_caches: 3
[66636.214725] sh (53256): drop_caches: 3
[66640.258702] sh (53256): drop_caches: 3
[66644.303524] sh (53256): drop_caches: 3
[66648.347627] sh (53256): drop_caches: 3
[66652.393858] sh (53256): drop_caches: 3
[66656.439598] sh (53256): drop_caches: 3
[66660.485132] sh (53256): drop_caches: 3
[66664.529856] sh (53256): drop_caches: 3
[66668.572687] sh (53256): drop_caches: 3
[66672.618704] sh (53256): drop_caches: 3
[66676.661660] sh (53256): drop_caches: 3
[66680.705806] sh (53256): drop_caches: 3
[66684.754029] sh (53256): drop_caches: 3
[66688.800321] sh (53256): drop_caches: 3
[66692.845775] sh (53256): drop_caches: 3
[66696.890317] sh (53256): drop_caches: 3
[66700.938553] sh (53256): drop_caches: 3
[66704.984243] sh (53256): drop_caches: 3
[66709.028289] sh (53256): drop_caches: 3
[66713.071050] sh (53256): drop_caches: 3
[66717.114318] sh (53256): drop_caches: 3
[66721.160091] sh (53256): drop_caches: 3
[66725.205250] sh (53256): drop_caches: 3
[66729.247769] sh (53256): drop_caches: 3
[66733.290988] sh (53256): drop_caches: 3
[66737.329316] sh (53256): drop_caches: 3
[66741.376743] sh (53256): drop_caches: 3
[66745.419282] sh (53256): drop_caches: 3
[66749.466581] sh (53256): drop_caches: 3
[66753.511322] sh (53256): drop_caches: 3
[66757.556783] sh (53256): drop_caches: 3
[66761.602090] sh (53256): drop_caches: 3
[66765.647182] sh (53256): drop_caches: 3
[66769.690676] sh (53256): drop_caches: 3
[66773.733869] sh (53256): drop_caches: 3
[66777.777561] sh (53256): drop_caches: 3
[66781.820709] sh (53256): drop_caches: 3
[66785.866104] sh (53256): drop_caches: 3
[66789.909000] sh (53256): drop_caches: 3
[66793.956228] sh (53256): drop_caches: 3
[66797.999753] sh (53256): drop_caches: 3
[66802.047954] sh (53256): drop_caches: 3
[66806.107549] sh (53256): drop_caches: 3
[66810.166317] sh (53256): drop_caches: 3
[66814.209210] sh (53256): drop_caches: 3
[66818.256311] sh (53256): drop_caches: 3
[66822.299304] sh (53256): drop_caches: 3
[66826.341109] sh (53256): drop_caches: 3
[66830.378148] sh (53256): drop_caches: 3
[66834.418253] sh (53256): drop_caches: 3
[66838.464082] sh (53256): drop_caches: 3
[66842.510093] sh (53256): drop_caches: 3
[66846.547836] sh (53256): drop_caches: 3
[66850.584882] sh (53256): drop_caches: 3
[66854.629484] sh (53256): drop_caches: 3
[66858.676620] sh (53256): drop_caches: 3
[66862.719470] sh (53256): drop_caches: 3
[66866.763004] sh (53256): drop_caches: 3
[66870.808816] sh (53256): drop_caches: 3
[66874.853581] sh (53256): drop_caches: 3
[66878.899693] sh (53256): drop_caches: 3
[66882.942815] sh (53256): drop_caches: 3
[66886.991412] sh (53256): drop_caches: 3
[66891.036606] sh (53256): drop_caches: 3
[66895.081504] sh (53256): drop_caches: 3
[66899.127774] sh (53256): drop_caches: 3
[66903.174440] sh (53256): drop_caches: 3
[66907.214802] sh (53256): drop_caches: 3
[66911.259946] sh (53256): drop_caches: 3
[66915.305610] sh (53256): drop_caches: 3
[66919.354084] sh (53256): drop_caches: 3
[66923.393780] sh (53256): drop_caches: 3
[66927.439079] sh (53256): drop_caches: 3
[66931.475965] sh (53256): drop_caches: 3
[66935.521786] sh (53256): drop_caches: 3
[66939.560206] sh (53256): drop_caches: 3
[66943.605802] sh (53256): drop_caches: 3
[66947.653131] sh (53256): drop_caches: 3
[66951.697500] sh (53256): drop_caches: 3
[66955.745231] sh (53256): drop_caches: 3
[66959.792073] sh (53256): drop_caches: 3
[66963.839302] sh (53256): drop_caches: 3
[66967.884774] sh (53256): drop_caches: 3
[66971.927177] sh (53256): drop_caches: 3
[66975.973330] sh (53256): drop_caches: 3
[66980.014297] sh (53256): drop_caches: 3
[66984.059576] sh (53256): drop_caches: 3
[66988.105826] sh (53256): drop_caches: 3
[66992.150303] sh (53256): drop_caches: 3
[66996.195761] sh (53256): drop_caches: 3
[67000.240708] sh (53256): drop_caches: 3
[67004.284072] sh (53256): drop_caches: 3
[67008.323403] sh (53256): drop_caches: 3
[67012.368239] sh (53256): drop_caches: 3
[67016.414415] sh (53256): drop_caches: 3
[67020.458507] sh (53256): drop_caches: 3
[67024.505665] sh (53256): drop_caches: 3
[67028.548801] sh (53256): drop_caches: 3
[67032.590926] sh (53256): drop_caches: 3
[67036.639914] sh (53256): drop_caches: 3
[67040.687350] sh (53256): drop_caches: 3
[67044.732710] sh (53256): drop_caches: 3
[67048.781288] sh (53256): drop_caches: 3
[67052.826321] sh (53256): drop_caches: 3
[67056.871728] sh (53256): drop_caches: 3
[67060.919035] sh (53256): drop_caches: 3
[67064.960128] sh (53256): drop_caches: 3
[67069.004437] sh (53256): drop_caches: 3
[67073.048046] sh (53256): drop_caches: 3
[67077.089249] sh (53256): drop_caches: 3
[67081.134421] sh (53256): drop_caches: 3
[67085.179972] sh (53256): drop_caches: 3
[67089.223945] sh (53256): drop_caches: 3
[67093.268166] sh (53256): drop_caches: 3
[67097.314875] sh (53256): drop_caches: 3
[67101.357760] sh (53256): drop_caches: 3
[67105.404157] sh (53256): drop_caches: 3
[67109.449542] sh (53256): drop_caches: 3
[67113.494935] sh (53256): drop_caches: 3
[67117.538798] sh (53256): drop_caches: 3
[67121.582122] sh (53256): drop_caches: 3
[67125.628509] sh (53256): drop_caches: 3
[67129.674859] sh (53256): drop_caches: 3
[67133.720828] sh (53256): drop_caches: 3
[67137.765317] sh (53256): drop_caches: 3
[67141.808634] sh (53256): drop_caches: 3
[67145.852920] sh (53256): drop_caches: 3
[67149.897134] sh (53256): drop_caches: 3
[67153.943011] sh (53256): drop_caches: 3
[67157.987599] sh (53256): drop_caches: 3
[67162.034547] sh (53256): drop_caches: 3
[67166.079611] sh (53256): drop_caches: 3
[67170.125321] sh (53256): drop_caches: 3
[67174.169979] sh (53256): drop_caches: 3
[67178.215359] sh (53256): drop_caches: 3
[67182.257768] sh (53256): drop_caches: 3
[67186.301639] sh (53256): drop_caches: 3
[67190.347154] sh (53256): drop_caches: 3
[67194.386346] sh (53256): drop_caches: 3
[67198.426584] sh (53256): drop_caches: 3
[67202.474715] sh (53256): drop_caches: 3
[67206.521234] sh (53256): drop_caches: 3
[67210.561541] sh (53256): drop_caches: 3
[67214.605829] sh (53256): drop_caches: 3
[67218.649354] sh (53256): drop_caches: 3
[67222.692307] sh (53256): drop_caches: 3
[67226.741344] sh (53256): drop_caches: 3
[67230.788100] sh (53256): drop_caches: 3
[67234.830846] sh (53256): drop_caches: 3
[67238.874947] sh (53256): drop_caches: 3
[67242.918168] sh (53256): drop_caches: 3
[67246.964003] sh (53256): drop_caches: 3
[67251.010318] sh (53256): drop_caches: 3
[67255.055290] sh (53256): drop_caches: 3
[67259.100456] sh (53256): drop_caches: 3
[67263.146259] sh (53256): drop_caches: 3
[67267.183434] sh (53256): drop_caches: 3
[67271.230825] sh (53256): drop_caches: 3
[67275.276965] sh (53256): drop_caches: 3
[67279.322523] sh (53256): drop_caches: 3
[67283.361213] sh (53256): drop_caches: 3
[67287.400586] sh (53256): drop_caches: 3
[67291.447584] sh (53256): drop_caches: 3
[67295.495282] sh (53256): drop_caches: 3
[67299.541767] sh (53256): drop_caches: 3
[67303.589781] sh (53256): drop_caches: 3
[67307.635514] sh (53256): drop_caches: 3
[67311.684482] sh (53256): drop_caches: 3
[67315.731913] sh (53256): drop_caches: 3
[67319.777937] sh (53256): drop_caches: 3
[67323.825087] sh (53256): drop_caches: 3
[67327.870894] sh (53256): drop_caches: 3
[67331.914426] sh (53256): drop_caches: 3
[67335.951772] sh (53256): drop_caches: 3
[67339.999879] sh (53256): drop_caches: 3
[67344.043734] sh (53256): drop_caches: 3
[67348.087996] sh (53256): drop_caches: 3
[67352.133533] sh (53256): drop_caches: 3
[67356.182537] sh (53256): drop_caches: 3
[67360.229103] sh (53256): drop_caches: 3
[67364.274712] sh (53256): drop_caches: 3
[67368.319828] sh (53256): drop_caches: 3
[67372.365735] sh (53256): drop_caches: 3
[67376.412601] sh (53256): drop_caches: 3
[67380.459995] sh (53256): drop_caches: 3
[67384.504562] sh (53256): drop_caches: 3
[67388.551511] sh (53256): drop_caches: 3
[67392.596133] sh (53256): drop_caches: 3
[67396.642388] sh (53256): drop_caches: 3
[67400.684410] sh (53256): drop_caches: 3
[67404.730415] sh (53256): drop_caches: 3
[67408.774770] sh (53256): drop_caches: 3
[67412.814112] sh (53256): drop_caches: 3
[67416.858813] sh (53256): drop_caches: 3
[67420.904853] sh (53256): drop_caches: 3
[67424.949464] sh (53256): drop_caches: 3
[67428.995030] sh (53256): drop_caches: 3
[67433.037917] sh (53256): drop_caches: 3
[67437.085169] sh (53256): drop_caches: 3
[67441.129362] sh (53256): drop_caches: 3
[67445.174555] sh (53256): drop_caches: 3
[67449.218604] sh (53256): drop_caches: 3
[67453.265821] sh (53256): drop_caches: 3
[67457.310117] sh (53256): drop_caches: 3
[67461.355648] sh (53256): drop_caches: 3
[67465.399713] sh (53256): drop_caches: 3
[67469.442524] sh (53256): drop_caches: 3
[67473.488397] sh (53256): drop_caches: 3
[67477.533701] sh (53256): drop_caches: 3
[67481.579854] sh (53256): drop_caches: 3
[67485.622254] sh (53256): drop_caches: 3
[67489.668900] sh (53256): drop_caches: 3
[67493.715373] sh (53256): drop_caches: 3
[67497.760844] sh (53256): drop_caches: 3
[67501.806889] sh (53256): drop_caches: 3
[67505.853054] sh (53256): drop_caches: 3
[67509.898461] sh (53256): drop_caches: 3
[67513.945066] sh (53256): drop_caches: 3
[67517.990908] sh (53256): drop_caches: 3
[67522.034630] sh (53256): drop_caches: 3
[67526.080398] sh (53256): drop_caches: 3
[67530.126098] sh (53256): drop_caches: 3
[67534.172311] sh (53256): drop_caches: 3
[67538.214615] sh (53256): drop_caches: 3
[67542.261052] sh (53256): drop_caches: 3
[67546.306690] sh (53256): drop_caches: 3
[67550.351182] sh (53256): drop_caches: 3
[67554.391169] sh (53256): drop_caches: 3
[67558.434869] sh (53256): drop_caches: 3
[67562.482682] sh (53256): drop_caches: 3
[67566.528800] sh (53256): drop_caches: 3
[67570.568274] sh (53256): drop_caches: 3
[67574.613152] sh (53256): drop_caches: 3
[67578.658561] sh (53256): drop_caches: 3
[67582.704538] sh (53256): drop_caches: 3
[67586.748568] sh (53256): drop_caches: 3
[67590.796108] sh (53256): drop_caches: 3
[67594.840143] sh (53256): drop_caches: 3
[67598.884150] sh (53256): drop_caches: 3
[67602.929568] sh (53256): drop_caches: 3
[67606.974413] sh (53256): drop_caches: 3
[67611.019543] sh (53256): drop_caches: 3
[67615.062815] sh (53256): drop_caches: 3
[67619.109724] sh (53256): drop_caches: 3
[67623.156138] sh (53256): drop_caches: 3
[67627.195035] sh (53256): drop_caches: 3
[67631.239043] sh (53256): drop_caches: 3
[67635.284674] sh (53256): drop_caches: 3
[67639.329621] sh (53256): drop_caches: 3
[67643.368724] sh (53256): drop_caches: 3
[67647.408713] sh (53256): drop_caches: 3
[67651.452834] sh (53256): drop_caches: 3
[67655.499028] sh (53256): drop_caches: 3
[67659.544077] sh (53256): drop_caches: 3
[67663.590763] sh (53256): drop_caches: 3
[67667.634638] sh (53256): drop_caches: 3
[67671.680682] sh (53256): drop_caches: 3
[67675.725788] sh (53256): drop_caches: 3
[67679.770676] sh (53256): drop_caches: 3
[67683.815485] sh (53256): drop_caches: 3
[67687.862488] sh (53256): drop_caches: 3
[67691.910189] sh (53256): drop_caches: 3
[67695.956409] sh (53256): drop_caches: 3
[67700.000018] sh (53256): drop_caches: 3
[67704.046755] sh (53256): drop_caches: 3
[67708.091974] sh (53256): drop_caches: 3
[67712.137084] sh (53256): drop_caches: 3
[67716.182205] sh (53256): drop_caches: 3
[67720.226679] sh (53256): drop_caches: 3
[67724.269898] sh (53256): drop_caches: 3
[67728.316975] sh (53256): drop_caches: 3
[67732.361650] sh (53256): drop_caches: 3
[67736.410082] sh (53256): drop_caches: 3
[67740.447996] sh (53256): drop_caches: 3
[67744.495013] sh (53256): drop_caches: 3
[67748.540987] sh (53256): drop_caches: 3
[67752.587595] sh (53256): drop_caches: 3
[67756.635996] sh (53256): drop_caches: 3
[67760.683486] sh (53256): drop_caches: 3
[67764.728956] sh (53256): drop_caches: 3
[67768.773492] sh (53256): drop_caches: 3
[67772.819385] sh (53256): drop_caches: 3
[67776.865149] sh (53256): drop_caches: 3
[67780.910253] sh (53256): drop_caches: 3
[67784.956558] sh (53256): drop_caches: 3
[67789.001697] sh (53256): drop_caches: 3
[67793.044730] sh (53256): drop_caches: 3
[67793.097370] iCAT_SQLITE_RUN_END run=20260829-160210-53125
[67793.117196] EXT4-fs (nvme1n1): unmounting filesystem 3dc28992-32f1-470c-abc0-0582c5cc8111.
[67793.188830] pci_bus 0001:10: busn_res: [bus 10-ff] is released
[67793.188878] NVMeVirt: GC stats: policy=cat-fig7 host_pages=32392994 gc_pages=16241160 gc_count=759902 WAF=1.501 k=2 scale_pct=200 age_ratio=7
[67793.253760] NVMeVirt: Virtual NVMe device closed
