[59876.058069] NVMeVirt: Version 1.10 for >> Samsung 970 Pro SSD <<
[59876.058077] NVMeVirt: Storage: 0x100100000-0x300000000 (8191 MiB)
[59876.064575] NVMeVirt: Total Capacity(GiB,MiB)=2,2048 chs=2 luns=4 lines=8192 blk-size(MiB,KiB)=0,64 line-size(MiB,KiB)=0,256
[59876.071234] NVMeVirt: [chmodel_init] bandwidth 800 max_credits 26 tx_time 152
[59876.077884] NVMeVirt: [chmodel_init] bandwidth 800 max_credits 26 tx_time 152
[59876.077898] NVMeVirt: [chmodel_init] bandwidth 3360 max_credits 110 tx_time 36
[59876.079130] NVMeVirt: pqueue: Copyright (c) 2014, Volkan Yazıcı <volkan.yazici@gmail.com>. All rights reserved.
[59876.079167] NVMeVirt: Init FTL instance with 2 channels (524288 pages)
[59876.079168] NVMeVirt: GC victim policy: cat-fig7 k=2 scale_pct=100 age_ratio=4
[59876.085765] NVMeVirt: [chmodel_init] bandwidth 800 max_credits 26 tx_time 152
[59876.092267] NVMeVirt: [chmodel_init] bandwidth 800 max_credits 26 tx_time 152
[59876.092281] NVMeVirt: [chmodel_init] bandwidth 3360 max_credits 110 tx_time 36
[59876.093561] NVMeVirt: Init FTL instance with 2 channels (524288 pages)
[59876.093562] NVMeVirt: GC victim policy: cat-fig7 k=2 scale_pct=100 age_ratio=4
[59876.100013] NVMeVirt: [chmodel_init] bandwidth 800 max_credits 26 tx_time 152
[59876.106560] NVMeVirt: [chmodel_init] bandwidth 800 max_credits 26 tx_time 152
[59876.106575] NVMeVirt: [chmodel_init] bandwidth 3360 max_credits 110 tx_time 36
[59876.107853] NVMeVirt: Init FTL instance with 2 channels (524288 pages)
[59876.107855] NVMeVirt: GC victim policy: cat-fig7 k=2 scale_pct=100 age_ratio=4
[59876.114433] NVMeVirt: [chmodel_init] bandwidth 800 max_credits 26 tx_time 152
[59876.120888] NVMeVirt: [chmodel_init] bandwidth 800 max_credits 26 tx_time 152
[59876.120903] NVMeVirt: [chmodel_init] bandwidth 3360 max_credits 110 tx_time 36
[59876.122154] NVMeVirt: Init FTL instance with 2 channels (524288 pages)
[59876.122155] NVMeVirt: GC victim policy: cat-fig7 k=2 scale_pct=100 age_ratio=4
[59876.122159] NVMeVirt: FTL physical space: 8588886016, logical space: 8026996276 (physical/logical * 100 = 107)
[59876.122161] NVMeVirt: ns 0/1: size 7655 MiB
[59876.122201] PCI host bridge to bus 0001:10
[59876.122203] pci_bus 0001:10: root bus resource [io  0x0000-0xffff]
[59876.122205] pci_bus 0001:10: root bus resource [mem 0x00000000-0x3fffffffffff]
[59876.122206] pci_bus 0001:10: root bus resource [bus 00-ff]
[59876.122213] pci 0001:10:00.0: [0c51:0110] type 00 class 0x010802 PCIe Endpoint
[59876.122215] pci 0001:10:00.0: BAR 0 [mem 0x100000000-0x100003fff 64bit]
[59876.122217] pci 0001:10:00.0: enabling Extended Tags
[59876.122326] NVMeVirt: Virtual PCI bus created (node 0)
[59876.122814] NVMeVirt: nvmev_io_worker_0 started on cpu 2 (node 0)
[59876.122922] NVMeVirt: nvmev_dispatcher started on cpu 1 (node 0)
[59876.123081] nvme nvme1: pci function 0001:10:00.0
[59876.127463] nvme nvme1: 20/0/0 default/read/poll queues
[59876.130657] NVMeVirt: Virtual NVMe device created
[59877.192701] EXT4-fs (nvme1n1): mounted filesystem fa2a207e-223d-4ba5-a5e1-1cb1d206613e r/w with ordered data mode. Quota mode: none.
[59877.224622] iCAT_SQLITE_LOAD_START run=20260829-141632-50560
[59954.873878] iCAT_SQLITE_LOAD_END run=20260829-141632-50560
[59955.293858] sh (50696): drop_caches: 3
[59955.322636] iCAT_SQLITE_RUN_START run=20260829-141632-50560
[59958.915559] sh (50697): drop_caches: 3
[59962.962268] sh (50697): drop_caches: 3
[59967.006024] sh (50697): drop_caches: 3
[59971.051075] sh (50697): drop_caches: 3
[59975.097006] sh (50697): drop_caches: 3
[59979.144236] sh (50697): drop_caches: 3
[59983.188704] sh (50697): drop_caches: 3
[59987.236521] sh (50697): drop_caches: 3
[59991.282660] sh (50697): drop_caches: 3
[59995.326764] sh (50697): drop_caches: 3
[59999.375548] sh (50697): drop_caches: 3
[60003.422177] sh (50697): drop_caches: 3
[60007.462670] sh (50697): drop_caches: 3
[60011.508773] sh (50697): drop_caches: 3
[60015.554258] sh (50697): drop_caches: 3
[60019.600219] sh (50697): drop_caches: 3
[60023.646269] sh (50697): drop_caches: 3
[60027.693013] sh (50697): drop_caches: 3
[60031.737255] sh (50697): drop_caches: 3
[60035.782905] sh (50697): drop_caches: 3
[60039.826167] sh (50697): drop_caches: 3
[60043.873012] sh (50697): drop_caches: 3
[60047.921878] sh (50697): drop_caches: 3
[60051.966860] sh (50697): drop_caches: 3
[60056.010937] sh (50697): drop_caches: 3
[60060.057890] sh (50697): drop_caches: 3
[60064.105475] sh (50697): drop_caches: 3
[60068.150373] sh (50697): drop_caches: 3
[60072.196753] sh (50697): drop_caches: 3
[60076.243957] sh (50697): drop_caches: 3
[60080.287770] sh (50697): drop_caches: 3
[60084.336050] sh (50697): drop_caches: 3
[60088.382499] sh (50697): drop_caches: 3
[60092.428350] sh (50697): drop_caches: 3
[60096.475457] sh (50697): drop_caches: 3
[60100.520173] sh (50697): drop_caches: 3
[60104.568932] sh (50697): drop_caches: 3
[60108.615273] sh (50697): drop_caches: 3
[60112.663762] sh (50697): drop_caches: 3
[60116.708595] sh (50697): drop_caches: 3
[60120.754331] sh (50697): drop_caches: 3
[60124.803562] sh (50697): drop_caches: 3
[60128.852489] sh (50697): drop_caches: 3
[60132.898475] sh (50697): drop_caches: 3
[60136.946045] sh (50697): drop_caches: 3
[60140.993520] sh (50697): drop_caches: 3
[60145.036433] sh (50697): drop_caches: 3
[60149.083147] sh (50697): drop_caches: 3
[60153.128586] sh (50697): drop_caches: 3
[60157.176066] sh (50697): drop_caches: 3
[60161.221322] sh (50697): drop_caches: 3
[60165.265170] sh (50697): drop_caches: 3
[60169.311255] sh (50697): drop_caches: 3
[60173.356287] sh (50697): drop_caches: 3
[60177.403700] sh (50697): drop_caches: 3
[60181.448785] sh (50697): drop_caches: 3
[60185.493466] sh (50697): drop_caches: 3
[60189.533619] sh (50697): drop_caches: 3
[60193.580458] sh (50697): drop_caches: 3
[60197.624682] sh (50697): drop_caches: 3
[60201.671569] sh (50697): drop_caches: 3
[60205.716894] sh (50697): drop_caches: 3
[60209.761993] sh (50697): drop_caches: 3
[60213.810151] sh (50697): drop_caches: 3
[60217.857166] sh (50697): drop_caches: 3
[60221.902493] sh (50697): drop_caches: 3
[60225.949028] sh (50697): drop_caches: 3
[60229.994230] sh (50697): drop_caches: 3
[60234.040029] sh (50697): drop_caches: 3
[60238.088581] sh (50697): drop_caches: 3
[60242.134668] sh (50697): drop_caches: 3
[60246.180990] sh (50697): drop_caches: 3
[60250.225596] sh (50697): drop_caches: 3
[60254.273368] sh (50697): drop_caches: 3
[60258.316871] sh (50697): drop_caches: 3
[60262.364534] sh (50697): drop_caches: 3
[60266.403020] sh (50697): drop_caches: 3
[60270.444122] sh (50697): drop_caches: 3
[60274.483330] sh (50697): drop_caches: 3
[60278.528319] sh (50697): drop_caches: 3
[60282.576408] sh (50697): drop_caches: 3
[60286.614940] sh (50697): drop_caches: 3
[60290.655774] sh (50697): drop_caches: 3
[60294.701955] sh (50697): drop_caches: 3
[60298.746799] sh (50697): drop_caches: 3
[60302.792299] sh (50697): drop_caches: 3
[60306.837237] sh (50697): drop_caches: 3
[60310.884764] sh (50697): drop_caches: 3
[60314.928504] sh (50697): drop_caches: 3
[60318.977173] sh (50697): drop_caches: 3
[60323.024928] sh (50697): drop_caches: 3
[60327.073634] sh (50697): drop_caches: 3
[60331.119360] sh (50697): drop_caches: 3
[60335.164184] sh (50697): drop_caches: 3
[60339.209166] sh (50697): drop_caches: 3
[60343.255706] sh (50697): drop_caches: 3
[60347.299982] sh (50697): drop_caches: 3
[60351.345283] sh (50697): drop_caches: 3
[60355.388772] sh (50697): drop_caches: 3
[60359.427196] sh (50697): drop_caches: 3
[60363.464316] sh (50697): drop_caches: 3
[60367.508437] sh (50697): drop_caches: 3
[60371.556259] sh (50697): drop_caches: 3
[60375.605623] sh (50697): drop_caches: 3
[60379.650111] sh (50697): drop_caches: 3
[60383.694792] sh (50697): drop_caches: 3
[60387.741417] sh (50697): drop_caches: 3
[60391.786098] sh (50697): drop_caches: 3
[60395.829829] sh (50697): drop_caches: 3
[60399.878654] sh (50697): drop_caches: 3
[60403.922998] sh (50697): drop_caches: 3
[60407.967371] sh (50697): drop_caches: 3
[60412.014210] sh (50697): drop_caches: 3
[60416.059653] sh (50697): drop_caches: 3
[60420.105421] sh (50697): drop_caches: 3
[60424.152112] sh (50697): drop_caches: 3
[60428.198361] sh (50697): drop_caches: 3
[60432.244769] sh (50697): drop_caches: 3
[60436.292522] sh (50697): drop_caches: 3
[60440.338637] sh (50697): drop_caches: 3
[60444.385107] sh (50697): drop_caches: 3
[60448.424129] sh (50697): drop_caches: 3
[60452.469953] sh (50697): drop_caches: 3
[60456.513866] sh (50697): drop_caches: 3
[60460.560623] sh (50697): drop_caches: 3
[60464.607193] sh (50697): drop_caches: 3
[60468.651407] sh (50697): drop_caches: 3
[60472.697999] sh (50697): drop_caches: 3
[60476.742365] sh (50697): drop_caches: 3
[60480.789485] sh (50697): drop_caches: 3
[60484.834787] sh (50697): drop_caches: 3
[60488.879963] sh (50697): drop_caches: 3
[60492.926625] sh (50697): drop_caches: 3
[60496.972629] sh (50697): drop_caches: 3
[60501.021159] sh (50697): drop_caches: 3
[60505.065407] sh (50697): drop_caches: 3
[60509.112476] sh (50697): drop_caches: 3
[60513.157208] sh (50697): drop_caches: 3
[60517.196236] sh (50697): drop_caches: 3
[60521.243068] sh (50697): drop_caches: 3
[60525.287229] sh (50697): drop_caches: 3
[60529.331216] sh (50697): drop_caches: 3
[60533.380596] sh (50697): drop_caches: 3
[60537.426996] sh (50697): drop_caches: 3
[60541.473326] sh (50697): drop_caches: 3
[60545.521055] sh (50697): drop_caches: 3
[60549.567178] sh (50697): drop_caches: 3
[60553.613054] sh (50697): drop_caches: 3
[60557.657023] sh (50697): drop_caches: 3
[60561.701319] sh (50697): drop_caches: 3
[60565.748056] sh (50697): drop_caches: 3
[60569.795217] sh (50697): drop_caches: 3
[60573.840035] sh (50697): drop_caches: 3
[60577.887770] sh (50697): drop_caches: 3
[60581.932005] sh (50697): drop_caches: 3
[60585.978073] sh (50697): drop_caches: 3
[60590.024842] sh (50697): drop_caches: 3
[60594.063077] sh (50697): drop_caches: 3
[60598.110344] sh (50697): drop_caches: 3
[60602.157034] sh (50697): drop_caches: 3
[60606.204099] sh (50697): drop_caches: 3
[60610.250462] sh (50697): drop_caches: 3
[60614.299849] sh (50697): drop_caches: 3
[60618.346120] sh (50697): drop_caches: 3
[60622.389552] sh (50697): drop_caches: 3
[60626.428098] sh (50697): drop_caches: 3
[60630.468375] sh (50697): drop_caches: 3
[60634.514836] sh (50697): drop_caches: 3
[60638.559193] sh (50697): drop_caches: 3
[60642.601089] sh (50697): drop_caches: 3
[60646.641152] sh (50697): drop_caches: 3
[60650.685859] sh (50697): drop_caches: 3
[60654.734174] sh (50697): drop_caches: 3
[60658.780645] sh (50697): drop_caches: 3
[60662.824376] sh (50697): drop_caches: 3
[60666.870182] sh (50697): drop_caches: 3
[60670.915431] sh (50697): drop_caches: 3
[60674.961647] sh (50697): drop_caches: 3
[60679.005040] sh (50697): drop_caches: 3
[60683.051306] sh (50697): drop_caches: 3
[60687.099244] sh (50697): drop_caches: 3
[60691.145245] sh (50697): drop_caches: 3
[60695.193544] sh (50697): drop_caches: 3
[60699.242953] sh (50697): drop_caches: 3
[60703.291808] sh (50697): drop_caches: 3
[60707.337081] sh (50697): drop_caches: 3
[60711.383992] sh (50697): drop_caches: 3
[60715.422237] sh (50697): drop_caches: 3
[60719.462178] sh (50697): drop_caches: 3
[60723.508837] sh (50697): drop_caches: 3
[60727.554580] sh (50697): drop_caches: 3
[60731.601702] sh (50697): drop_caches: 3
[60735.646539] sh (50697): drop_caches: 3
[60739.692252] sh (50697): drop_caches: 3
[60743.738510] sh (50697): drop_caches: 3
[60747.785225] sh (50697): drop_caches: 3
[60751.829731] sh (50697): drop_caches: 3
[60755.876447] sh (50697): drop_caches: 3
[60759.923062] sh (50697): drop_caches: 3
[60763.969945] sh (50697): drop_caches: 3
[60768.016935] sh (50697): drop_caches: 3
[60772.061623] sh (50697): drop_caches: 3
[60776.108072] sh (50697): drop_caches: 3
[60780.154226] sh (50697): drop_caches: 3
[60784.201300] sh (50697): drop_caches: 3
[60788.246688] sh (50697): drop_caches: 3
[60792.292706] sh (50697): drop_caches: 3
[60796.339434] sh (50697): drop_caches: 3
[60800.384932] sh (50697): drop_caches: 3
[60804.431316] sh (50697): drop_caches: 3
[60808.474920] sh (50697): drop_caches: 3
[60812.523463] sh (50697): drop_caches: 3
[60816.572140] sh (50697): drop_caches: 3
[60820.618238] sh (50697): drop_caches: 3
[60824.662516] sh (50697): drop_caches: 3
[60828.705788] sh (50697): drop_caches: 3
[60832.752190] sh (50697): drop_caches: 3
[60836.799621] sh (50697): drop_caches: 3
[60840.845962] sh (50697): drop_caches: 3
[60844.885698] sh (50697): drop_caches: 3
[60848.934049] sh (50697): drop_caches: 3
[60852.978195] sh (50697): drop_caches: 3
[60857.024693] sh (50697): drop_caches: 3
[60861.070788] sh (50697): drop_caches: 3
[60865.117766] sh (50697): drop_caches: 3
[60869.167955] sh (50697): drop_caches: 3
[60873.216757] sh (50697): drop_caches: 3
[60877.263802] sh (50697): drop_caches: 3
[60881.311856] sh (50697): drop_caches: 3
[60885.356822] sh (50697): drop_caches: 3
[60889.404041] sh (50697): drop_caches: 3
[60893.451739] sh (50697): drop_caches: 3
[60897.495779] sh (50697): drop_caches: 3
[60901.543400] sh (50697): drop_caches: 3
[60905.588971] sh (50697): drop_caches: 3
[60909.628792] sh (50697): drop_caches: 3
[60913.674594] sh (50697): drop_caches: 3
[60917.719631] sh (50697): drop_caches: 3
[60921.766665] sh (50697): drop_caches: 3
[60925.812763] sh (50697): drop_caches: 3
[60929.856117] sh (50697): drop_caches: 3
[60933.902575] sh (50697): drop_caches: 3
[60937.948339] sh (50697): drop_caches: 3
[60941.991433] sh (50697): drop_caches: 3
[60946.040328] sh (50697): drop_caches: 3
[60950.086278] sh (50697): drop_caches: 3
[60954.131653] sh (50697): drop_caches: 3
[60958.179020] sh (50697): drop_caches: 3
[60962.222525] sh (50697): drop_caches: 3
[60966.269984] sh (50697): drop_caches: 3
[60970.315794] sh (50697): drop_caches: 3
[60974.360282] sh (50697): drop_caches: 3
[60978.405305] sh (50697): drop_caches: 3
[60982.443742] sh (50697): drop_caches: 3
[60986.490912] sh (50697): drop_caches: 3
[60990.536336] sh (50697): drop_caches: 3
[60994.582962] sh (50697): drop_caches: 3
[60998.621421] sh (50697): drop_caches: 3
[61002.668120] sh (50697): drop_caches: 3
[61006.713257] sh (50697): drop_caches: 3
[61010.760304] sh (50697): drop_caches: 3
[61014.804833] sh (50697): drop_caches: 3
[61018.851340] sh (50697): drop_caches: 3
[61022.896721] sh (50697): drop_caches: 3
[61026.942983] sh (50697): drop_caches: 3
[61030.987220] sh (50697): drop_caches: 3
[61035.035300] sh (50697): drop_caches: 3
[61039.083589] sh (50697): drop_caches: 3
[61043.128850] sh (50697): drop_caches: 3
[61047.173345] sh (50697): drop_caches: 3
[61051.219576] sh (50697): drop_caches: 3
[61055.267489] sh (50697): drop_caches: 3
[61059.314457] sh (50697): drop_caches: 3
[61063.361059] sh (50697): drop_caches: 3
[61067.411207] sh (50697): drop_caches: 3
[61071.453572] sh (50697): drop_caches: 3
[61075.497757] sh (50697): drop_caches: 3
[61079.546541] sh (50697): drop_caches: 3
[61083.592539] sh (50697): drop_caches: 3
[61087.635874] sh (50697): drop_caches: 3
[61091.681312] sh (50697): drop_caches: 3
[61095.728065] sh (50697): drop_caches: 3
[61099.775590] sh (50697): drop_caches: 3
[61103.819181] sh (50697): drop_caches: 3
[61107.864861] sh (50697): drop_caches: 3
[61111.911882] sh (50697): drop_caches: 3
[61115.959710] sh (50697): drop_caches: 3
[61120.006372] sh (50697): drop_caches: 3
[61124.050633] sh (50697): drop_caches: 3
[61128.097071] sh (50697): drop_caches: 3
[61132.143253] sh (50697): drop_caches: 3
[61136.186749] sh (50697): drop_caches: 3
[61140.232528] sh (50697): drop_caches: 3
[61144.279547] sh (50697): drop_caches: 3
[61148.325943] sh (50697): drop_caches: 3
[61152.369826] sh (50697): drop_caches: 3
[61156.417253] sh (50697): drop_caches: 3
[61160.460686] sh (50697): drop_caches: 3
[61164.504328] sh (50697): drop_caches: 3
[61168.543728] sh (50697): drop_caches: 3
[61172.581851] sh (50697): drop_caches: 3
[61176.627030] sh (50697): drop_caches: 3
[61180.675046] sh (50697): drop_caches: 3
[61184.722979] sh (50697): drop_caches: 3
[61188.771279] sh (50697): drop_caches: 3
[61192.816896] sh (50697): drop_caches: 3
[61196.862662] sh (50697): drop_caches: 3
[61200.908962] sh (50697): drop_caches: 3
[61204.959077] sh (50697): drop_caches: 3
[61209.006649] sh (50697): drop_caches: 3
[61213.052670] sh (50697): drop_caches: 3
[61217.100790] sh (50697): drop_caches: 3
[61221.145930] sh (50697): drop_caches: 3
[61225.192516] sh (50697): drop_caches: 3
[61229.240815] sh (50697): drop_caches: 3
[61233.289271] sh (50697): drop_caches: 3
[61237.336012] sh (50697): drop_caches: 3
[61241.381521] sh (50697): drop_caches: 3
[61245.427219] sh (50697): drop_caches: 3
[61249.471395] sh (50697): drop_caches: 3
[61253.517835] sh (50697): drop_caches: 3
[61257.566257] sh (50697): drop_caches: 3
[61261.605907] sh (50697): drop_caches: 3
[61265.652736] sh (50697): drop_caches: 3
[61269.698905] sh (50697): drop_caches: 3
[61273.743064] sh (50697): drop_caches: 3
[61277.787345] sh (50697): drop_caches: 3
[61281.835734] sh (50697): drop_caches: 3
[61285.878532] sh (50697): drop_caches: 3
[61289.925313] sh (50697): drop_caches: 3
[61293.975080] sh (50697): drop_caches: 3
[61298.022703] sh (50697): drop_caches: 3
[61302.067777] sh (50697): drop_caches: 3
[61306.113548] sh (50697): drop_caches: 3
[61310.161723] sh (50697): drop_caches: 3
[61314.206347] sh (50697): drop_caches: 3
[61318.248874] sh (50697): drop_caches: 3
[61322.294399] sh (50697): drop_caches: 3
[61326.339873] sh (50697): drop_caches: 3
[61330.385949] sh (50697): drop_caches: 3
[61334.426633] sh (50697): drop_caches: 3
[61338.464759] sh (50697): drop_caches: 3
[61342.515289] sh (50697): drop_caches: 3
[61346.559818] sh (50697): drop_caches: 3
[61350.601286] sh (50697): drop_caches: 3
[61354.647566] sh (50697): drop_caches: 3
[61358.696896] sh (50697): drop_caches: 3
[61362.746363] sh (50697): drop_caches: 3
[61366.795684] sh (50697): drop_caches: 3
[61370.844643] sh (50697): drop_caches: 3
[61374.894288] sh (50697): drop_caches: 3
[61378.957773] sh (50697): drop_caches: 3
[61383.020647] sh (50697): drop_caches: 3
[61387.081576] sh (50697): drop_caches: 3
[61391.140397] sh (50697): drop_caches: 3
[61395.190132] sh (50697): drop_caches: 3
[61399.237329] sh (50697): drop_caches: 3
[61403.287385] sh (50697): drop_caches: 3
[61407.337372] sh (50697): drop_caches: 3
[61411.384258] sh (50697): drop_caches: 3
[61415.426813] sh (50697): drop_caches: 3
[61419.468904] sh (50697): drop_caches: 3
[61423.516123] sh (50697): drop_caches: 3
[61427.562882] sh (50697): drop_caches: 3
[61431.609324] sh (50697): drop_caches: 3
[61435.654997] sh (50697): drop_caches: 3
[61439.700923] sh (50697): drop_caches: 3
[61443.744634] sh (50697): drop_caches: 3
[61447.795696] sh (50697): drop_caches: 3
[61451.844592] sh (50697): drop_caches: 3
[61455.888628] sh (50697): drop_caches: 3
[61459.933601] sh (50697): drop_caches: 3
[61463.959936] sh (50697): drop_caches: 3
[61464.011312] iCAT_SQLITE_RUN_END run=20260829-141632-50560
[61464.030547] EXT4-fs (nvme1n1): unmounting filesystem fa2a207e-223d-4ba5-a5e1-1cb1d206613e.
[61464.092712] pci_bus 0001:10: busn_res: [bus 10-ff] is released
[61464.092757] NVMeVirt: GC stats: policy=cat-fig7 host_pages=32420207 gc_pages=16252147 gc_count=760499 WAF=1.501 k=2 scale_pct=100 age_ratio=4
[61464.162133] NVMeVirt: Virtual NVMe device closed
