[137046.044980] NVMeVirt: Version 1.10 for >> Samsung 970 Pro SSD <<
[137046.044988] NVMeVirt: Storage: 0x100100000-0x300000000 (8191 MiB)
[137046.050609] NVMeVirt: Total Capacity(GiB,MiB)=2,2048 chs=2 luns=4 lines=8192 blk-size(MiB,KiB)=0,64 line-size(MiB,KiB)=0,256
[137046.059530] NVMeVirt: [chmodel_init] bandwidth 800 max_credits 26 tx_time 152
[137046.070222] NVMeVirt: [chmodel_init] bandwidth 800 max_credits 26 tx_time 152
[137046.070237] NVMeVirt: [chmodel_init] bandwidth 3360 max_credits 110 tx_time 36
[137046.071477] NVMeVirt: pqueue: Copyright (c) 2014, Volkan Yazıcı <volkan.yazici@gmail.com>. All rights reserved.
[137046.071513] NVMeVirt: Init FTL instance with 2 channels (524288 pages)
[137046.071514] NVMeVirt: GC victim policy: cat-fig7 k=10 scale_pct=200 age_ratio=7
[137046.078177] NVMeVirt: [chmodel_init] bandwidth 800 max_credits 26 tx_time 152
[137046.084662] NVMeVirt: [chmodel_init] bandwidth 800 max_credits 26 tx_time 152
[137046.084676] NVMeVirt: [chmodel_init] bandwidth 3360 max_credits 110 tx_time 36
[137046.085941] NVMeVirt: Init FTL instance with 2 channels (524288 pages)
[137046.085941] NVMeVirt: GC victim policy: cat-fig7 k=10 scale_pct=200 age_ratio=7
[137046.092390] NVMeVirt: [chmodel_init] bandwidth 800 max_credits 26 tx_time 152
[137046.098813] NVMeVirt: [chmodel_init] bandwidth 800 max_credits 26 tx_time 152
[137046.098826] NVMeVirt: [chmodel_init] bandwidth 3360 max_credits 110 tx_time 36
[137046.100090] NVMeVirt: Init FTL instance with 2 channels (524288 pages)
[137046.100092] NVMeVirt: GC victim policy: cat-fig7 k=10 scale_pct=200 age_ratio=7
[137046.106549] NVMeVirt: [chmodel_init] bandwidth 800 max_credits 26 tx_time 152
[137046.113025] NVMeVirt: [chmodel_init] bandwidth 800 max_credits 26 tx_time 152
[137046.113039] NVMeVirt: [chmodel_init] bandwidth 3360 max_credits 110 tx_time 36
[137046.114296] NVMeVirt: Init FTL instance with 2 channels (524288 pages)
[137046.114297] NVMeVirt: GC victim policy: cat-fig7 k=10 scale_pct=200 age_ratio=7
[137046.114301] NVMeVirt: FTL physical space: 8588886016, logical space: 8026996276 (physical/logical * 100 = 107)
[137046.114303] NVMeVirt: ns 0/1: size 7655 MiB
[137046.114343] PCI host bridge to bus 0001:10
[137046.114344] pci_bus 0001:10: root bus resource [io  0x0000-0xffff]
[137046.114347] pci_bus 0001:10: root bus resource [mem 0x00000000-0x3fffffffffff]
[137046.114348] pci_bus 0001:10: root bus resource [bus 00-ff]
[137046.114355] pci 0001:10:00.0: [0c51:0110] type 00 class 0x010802 PCIe Endpoint
[137046.114358] pci 0001:10:00.0: BAR 0 [mem 0x100000000-0x100003fff 64bit]
[137046.114360] pci 0001:10:00.0: enabling Extended Tags
[137046.114470] NVMeVirt: Virtual PCI bus created (node 0)
[137046.114878] NVMeVirt: nvmev_io_worker_0 started on cpu 2 (node 0)
[137046.114899] NVMeVirt: nvmev_dispatcher started on cpu 1 (node 0)
[137046.115167] nvme nvme1: pci function 0001:10:00.0
[137046.118262] nvme nvme1: 20/0/0 default/read/poll queues
[137046.121186] NVMeVirt: Virtual NVMe device created
[137047.183862] EXT4-fs (nvme1n1): mounted filesystem 93b074d7-2f46-4682-b998-7b348c938f16 r/w with ordered data mode. Quota mode: none.
[137047.213686] iCAT_SQLITE_LOAD_START run=20260830-114243-141522
[137126.662413] iCAT_SQLITE_LOAD_END run=20260830-114243-141522
[137127.084904] sh (141652): drop_caches: 3
[137127.112760] iCAT_SQLITE_RUN_START run=20260830-114243-141522
[137130.701537] sh (141653): drop_caches: 3
[137134.738370] sh (141653): drop_caches: 3
[137138.775877] sh (141653): drop_caches: 3
[137142.821091] sh (141653): drop_caches: 3
[137146.866633] sh (141653): drop_caches: 3
[137150.912294] sh (141653): drop_caches: 3
[137154.959447] sh (141653): drop_caches: 3
[137159.006103] sh (141653): drop_caches: 3
[137163.052138] sh (141653): drop_caches: 3
[137167.097080] sh (141653): drop_caches: 3
[137171.145405] sh (141653): drop_caches: 3
[137175.188780] sh (141653): drop_caches: 3
[137179.235115] sh (141653): drop_caches: 3
[137183.282515] sh (141653): drop_caches: 3
[137187.328182] sh (141653): drop_caches: 3
[137191.366410] sh (141653): drop_caches: 3
[137195.412546] sh (141653): drop_caches: 3
[137199.458315] sh (141653): drop_caches: 3
[137203.505127] sh (141653): drop_caches: 3
[137207.548603] sh (141653): drop_caches: 3
[137211.591715] sh (141653): drop_caches: 3
[137215.635166] sh (141653): drop_caches: 3
[137219.678668] sh (141653): drop_caches: 3
[137223.722994] sh (141653): drop_caches: 3
[137227.766442] sh (141653): drop_caches: 3
[137231.810019] sh (141653): drop_caches: 3
[137235.854402] sh (141653): drop_caches: 3
[137239.900246] sh (141653): drop_caches: 3
[137243.947585] sh (141653): drop_caches: 3
[137247.992920] sh (141653): drop_caches: 3
[137252.038575] sh (141653): drop_caches: 3
[137256.084910] sh (141653): drop_caches: 3
[137260.129655] sh (141653): drop_caches: 3
[137264.173610] sh (141653): drop_caches: 3
[137268.218731] sh (141653): drop_caches: 3
[137272.265189] sh (141653): drop_caches: 3
[137276.311215] sh (141653): drop_caches: 3
[137280.356052] sh (141653): drop_caches: 3
[137284.403231] sh (141653): drop_caches: 3
[137288.452243] sh (141653): drop_caches: 3
[137292.500554] sh (141653): drop_caches: 3
[137296.547249] sh (141653): drop_caches: 3
[137300.595886] sh (141653): drop_caches: 3
[137304.640244] sh (141653): drop_caches: 3
[137308.685087] sh (141653): drop_caches: 3
[137312.731799] sh (141653): drop_caches: 3
[137316.773358] sh (141653): drop_caches: 3
[137320.815769] sh (141653): drop_caches: 3
[137324.861813] sh (141653): drop_caches: 3
[137328.905933] sh (141653): drop_caches: 3
[137332.950866] sh (141653): drop_caches: 3
[137336.994866] sh (141653): drop_caches: 3
[137341.039309] sh (141653): drop_caches: 3
[137345.085141] sh (141653): drop_caches: 3
[137349.133881] sh (141653): drop_caches: 3
[137353.179145] sh (141653): drop_caches: 3
[137357.223562] sh (141653): drop_caches: 3
[137361.268563] sh (141653): drop_caches: 3
[137365.312898] sh (141653): drop_caches: 3
[137369.359071] sh (141653): drop_caches: 3
[137373.404355] sh (141653): drop_caches: 3
[137377.452651] sh (141653): drop_caches: 3
[137381.497539] sh (141653): drop_caches: 3
[137385.547990] sh (141653): drop_caches: 3
[137389.594006] sh (141653): drop_caches: 3
[137393.639255] sh (141653): drop_caches: 3
[137397.685209] sh (141653): drop_caches: 3
[137401.731675] sh (141653): drop_caches: 3
[137405.770864] sh (141653): drop_caches: 3
[137409.813832] sh (141653): drop_caches: 3
[137413.860991] sh (141653): drop_caches: 3
[137417.905652] sh (141653): drop_caches: 3
[137421.945929] sh (141653): drop_caches: 3
[137425.993608] sh (141653): drop_caches: 3
[137430.037279] sh (141653): drop_caches: 3
[137434.083493] sh (141653): drop_caches: 3
[137438.130230] sh (141653): drop_caches: 3
[137442.175922] sh (141653): drop_caches: 3
[137446.219048] sh (141653): drop_caches: 3
[137450.263137] sh (141653): drop_caches: 3
[137454.311136] sh (141653): drop_caches: 3
[137458.349909] sh (141653): drop_caches: 3
[137462.395888] sh (141653): drop_caches: 3
[137466.439918] sh (141653): drop_caches: 3
[137470.485230] sh (141653): drop_caches: 3
[137474.529085] sh (141653): drop_caches: 3
[137478.575561] sh (141653): drop_caches: 3
[137482.622149] sh (141653): drop_caches: 3
[137486.667991] sh (141653): drop_caches: 3
[137490.711694] sh (141653): drop_caches: 3
[137494.758457] sh (141653): drop_caches: 3
[137498.806832] sh (141653): drop_caches: 3
[137502.857565] sh (141653): drop_caches: 3
[137506.903851] sh (141653): drop_caches: 3
[137510.950513] sh (141653): drop_caches: 3
[137514.996037] sh (141653): drop_caches: 3
[137519.040038] sh (141653): drop_caches: 3
[137523.087069] sh (141653): drop_caches: 3
[137527.133753] sh (141653): drop_caches: 3
[137531.180410] sh (141653): drop_caches: 3
[137535.227417] sh (141653): drop_caches: 3
[137539.273315] sh (141653): drop_caches: 3
[137543.317023] sh (141653): drop_caches: 3
[137547.361096] sh (141653): drop_caches: 3
[137551.399413] sh (141653): drop_caches: 3
[137555.446090] sh (141653): drop_caches: 3
[137559.494398] sh (141653): drop_caches: 3
[137563.539425] sh (141653): drop_caches: 3
[137567.582736] sh (141653): drop_caches: 3
[137571.626358] sh (141653): drop_caches: 3
[137575.672652] sh (141653): drop_caches: 3
[137579.718883] sh (141653): drop_caches: 3
[137583.764853] sh (141653): drop_caches: 3
[137587.810036] sh (141653): drop_caches: 3
[137591.856846] sh (141653): drop_caches: 3
[137595.903064] sh (141653): drop_caches: 3
[137599.946987] sh (141653): drop_caches: 3
[137603.993223] sh (141653): drop_caches: 3
[137608.040160] sh (141653): drop_caches: 3
[137612.083170] sh (141653): drop_caches: 3
[137616.129512] sh (141653): drop_caches: 3
[137620.174859] sh (141653): drop_caches: 3
[137624.213959] sh (141653): drop_caches: 3
[137628.262432] sh (141653): drop_caches: 3
[137632.308050] sh (141653): drop_caches: 3
[137636.353549] sh (141653): drop_caches: 3
[137640.399083] sh (141653): drop_caches: 3
[137644.444840] sh (141653): drop_caches: 3
[137648.489411] sh (141653): drop_caches: 3
[137652.534529] sh (141653): drop_caches: 3
[137656.580259] sh (141653): drop_caches: 3
[137660.624408] sh (141653): drop_caches: 3
[137664.669230] sh (141653): drop_caches: 3
[137668.714900] sh (141653): drop_caches: 3
[137672.758135] sh (141653): drop_caches: 3
[137676.803520] sh (141653): drop_caches: 3
[137680.848967] sh (141653): drop_caches: 3
[137684.891811] sh (141653): drop_caches: 3
[137688.938382] sh (141653): drop_caches: 3
[137692.984919] sh (141653): drop_caches: 3
[137697.030148] sh (141653): drop_caches: 3
[137701.076239] sh (141653): drop_caches: 3
[137705.121402] sh (141653): drop_caches: 3
[137709.165262] sh (141653): drop_caches: 3
[137713.209799] sh (141653): drop_caches: 3
[137717.255337] sh (141653): drop_caches: 3
[137721.298852] sh (141653): drop_caches: 3
[137725.344935] sh (141653): drop_caches: 3
[137729.391491] sh (141653): drop_caches: 3
[137733.438665] sh (141653): drop_caches: 3
[137737.484654] sh (141653): drop_caches: 3
[137741.529690] sh (141653): drop_caches: 3
[137745.574901] sh (141653): drop_caches: 3
[137749.620543] sh (141653): drop_caches: 3
[137753.666290] sh (141653): drop_caches: 3
[137757.713391] sh (141653): drop_caches: 3
[137761.752767] sh (141653): drop_caches: 3
[137765.792465] sh (141653): drop_caches: 3
[137769.840074] sh (141653): drop_caches: 3
[137773.886119] sh (141653): drop_caches: 3
[137777.927076] sh (141653): drop_caches: 3
[137781.973373] sh (141653): drop_caches: 3
[137786.011994] sh (141653): drop_caches: 3
[137790.057536] sh (141653): drop_caches: 3
[137794.100519] sh (141653): drop_caches: 3
[137798.148852] sh (141653): drop_caches: 3
[137802.194510] sh (141653): drop_caches: 3
[137806.237544] sh (141653): drop_caches: 3
[137810.282630] sh (141653): drop_caches: 3
[137814.328317] sh (141653): drop_caches: 3
[137818.372833] sh (141653): drop_caches: 3
[137822.418750] sh (141653): drop_caches: 3
[137826.465487] sh (141653): drop_caches: 3
[137830.510549] sh (141653): drop_caches: 3
[137834.560017] sh (141653): drop_caches: 3
[137838.604923] sh (141653): drop_caches: 3
[137842.651015] sh (141653): drop_caches: 3
[137846.696758] sh (141653): drop_caches: 3
[137850.741487] sh (141653): drop_caches: 3
[137854.781404] sh (141653): drop_caches: 3
[137858.826730] sh (141653): drop_caches: 3
[137862.865512] sh (141653): drop_caches: 3
[137866.909778] sh (141653): drop_caches: 3
[137870.957553] sh (141653): drop_caches: 3
[137875.001743] sh (141653): drop_caches: 3
[137879.046040] sh (141653): drop_caches: 3
[137883.089459] sh (141653): drop_caches: 3
[137887.134617] sh (141653): drop_caches: 3
[137891.180780] sh (141653): drop_caches: 3
[137895.223515] sh (141653): drop_caches: 3
[137899.269634] sh (141653): drop_caches: 3
[137903.314073] sh (141653): drop_caches: 3
[137907.361647] sh (141653): drop_caches: 3
[137911.399672] sh (141653): drop_caches: 3
[137915.445862] sh (141653): drop_caches: 3
[137919.491261] sh (141653): drop_caches: 3
[137923.537056] sh (141653): drop_caches: 3
[137927.580051] sh (141653): drop_caches: 3
[137931.624732] sh (141653): drop_caches: 3
[137935.669242] sh (141653): drop_caches: 3
[137939.710616] sh (141653): drop_caches: 3
[137943.753768] sh (141653): drop_caches: 3
[137947.799517] sh (141653): drop_caches: 3
[137951.845671] sh (141653): drop_caches: 3
[137955.894140] sh (141653): drop_caches: 3
[137959.943081] sh (141653): drop_caches: 3
[137963.987525] sh (141653): drop_caches: 3
[137968.032972] sh (141653): drop_caches: 3
[137972.078244] sh (141653): drop_caches: 3
[137976.123980] sh (141653): drop_caches: 3
[137980.170027] sh (141653): drop_caches: 3
[137984.214748] sh (141653): drop_caches: 3
[137988.260839] sh (141653): drop_caches: 3
[137992.306586] sh (141653): drop_caches: 3
[137996.350896] sh (141653): drop_caches: 3
[138000.396273] sh (141653): drop_caches: 3
[138004.441759] sh (141653): drop_caches: 3
[138008.484679] sh (141653): drop_caches: 3
[138012.529679] sh (141653): drop_caches: 3
[138016.575861] sh (141653): drop_caches: 3
[138020.621724] sh (141653): drop_caches: 3
[138024.667836] sh (141653): drop_caches: 3
[138028.711082] sh (141653): drop_caches: 3
[138032.761971] sh (141653): drop_caches: 3
[138036.807335] sh (141653): drop_caches: 3
[138040.852926] sh (141653): drop_caches: 3
[138044.896638] sh (141653): drop_caches: 3
[138048.940100] sh (141653): drop_caches: 3
[138052.985481] sh (141653): drop_caches: 3
[138057.034113] sh (141653): drop_caches: 3
[138061.077777] sh (141653): drop_caches: 3
[138065.127220] sh (141653): drop_caches: 3
[138069.172497] sh (141653): drop_caches: 3
[138073.216429] sh (141653): drop_caches: 3
[138077.262185] sh (141653): drop_caches: 3
[138081.306864] sh (141653): drop_caches: 3
[138085.352568] sh (141653): drop_caches: 3
[138089.398668] sh (141653): drop_caches: 3
[138093.441962] sh (141653): drop_caches: 3
[138097.495326] sh (141653): drop_caches: 3
[138101.541718] sh (141653): drop_caches: 3
[138105.587873] sh (141653): drop_caches: 3
[138109.634124] sh (141653): drop_caches: 3
[138113.673901] sh (141653): drop_caches: 3
[138117.719183] sh (141653): drop_caches: 3
[138121.756686] sh (141653): drop_caches: 3
[138125.801482] sh (141653): drop_caches: 3
[138129.850563] sh (141653): drop_caches: 3
[138133.896402] sh (141653): drop_caches: 3
[138137.936302] sh (141653): drop_caches: 3
[138141.982233] sh (141653): drop_caches: 3
[138146.025384] sh (141653): drop_caches: 3
[138150.072211] sh (141653): drop_caches: 3
[138154.118025] sh (141653): drop_caches: 3
[138158.163377] sh (141653): drop_caches: 3
[138162.210567] sh (141653): drop_caches: 3
[138166.256336] sh (141653): drop_caches: 3
[138170.302190] sh (141653): drop_caches: 3
[138174.349419] sh (141653): drop_caches: 3
[138178.398362] sh (141653): drop_caches: 3
[138182.444857] sh (141653): drop_caches: 3
[138186.490680] sh (141653): drop_caches: 3
[138190.530934] sh (141653): drop_caches: 3
[138194.577218] sh (141653): drop_caches: 3
[138198.623675] sh (141653): drop_caches: 3
[138202.671027] sh (141653): drop_caches: 3
[138206.717790] sh (141653): drop_caches: 3
[138210.758388] sh (141653): drop_caches: 3
[138214.805565] sh (141653): drop_caches: 3
[138218.853248] sh (141653): drop_caches: 3
[138222.898141] sh (141653): drop_caches: 3
[138226.944828] sh (141653): drop_caches: 3
[138230.992668] sh (141653): drop_caches: 3
[138235.037331] sh (141653): drop_caches: 3
[138239.083262] sh (141653): drop_caches: 3
[138243.127125] sh (141653): drop_caches: 3
[138247.173559] sh (141653): drop_caches: 3
[138251.220390] sh (141653): drop_caches: 3
[138255.266102] sh (141653): drop_caches: 3
[138259.313430] sh (141653): drop_caches: 3
[138263.359483] sh (141653): drop_caches: 3
[138267.407071] sh (141653): drop_caches: 3
[138271.451053] sh (141653): drop_caches: 3
[138275.497222] sh (141653): drop_caches: 3
[138279.543219] sh (141653): drop_caches: 3
[138283.589120] sh (141653): drop_caches: 3
[138287.634621] sh (141653): drop_caches: 3
[138291.680653] sh (141653): drop_caches: 3
[138295.726962] sh (141653): drop_caches: 3
[138299.775348] sh (141653): drop_caches: 3
[138303.821566] sh (141653): drop_caches: 3
[138307.866019] sh (141653): drop_caches: 3
[138311.907372] sh (141653): drop_caches: 3
[138315.955511] sh (141653): drop_caches: 3
[138320.001892] sh (141653): drop_caches: 3
[138324.049413] sh (141653): drop_caches: 3
[138328.092181] sh (141653): drop_caches: 3
[138332.139452] sh (141653): drop_caches: 3
[138336.183230] sh (141653): drop_caches: 3
[138340.228645] sh (141653): drop_caches: 3
[138344.271496] sh (141653): drop_caches: 3
[138348.316122] sh (141653): drop_caches: 3
[138352.361066] sh (141653): drop_caches: 3
[138356.405702] sh (141653): drop_caches: 3
[138360.450641] sh (141653): drop_caches: 3
[138364.493139] sh (141653): drop_caches: 3
[138368.538211] sh (141653): drop_caches: 3
[138372.584066] sh (141653): drop_caches: 3
[138376.629264] sh (141653): drop_caches: 3
[138380.675657] sh (141653): drop_caches: 3
[138384.719039] sh (141653): drop_caches: 3
[138388.762707] sh (141653): drop_caches: 3
[138392.805195] sh (141653): drop_caches: 3
[138396.852375] sh (141653): drop_caches: 3
[138400.895533] sh (141653): drop_caches: 3
[138404.941085] sh (141653): drop_caches: 3
[138408.986986] sh (141653): drop_caches: 3
[138413.032058] sh (141653): drop_caches: 3
[138417.076515] sh (141653): drop_caches: 3
[138421.121532] sh (141653): drop_caches: 3
[138425.167653] sh (141653): drop_caches: 3
[138429.212341] sh (141653): drop_caches: 3
[138433.256170] sh (141653): drop_caches: 3
[138437.301053] sh (141653): drop_caches: 3
[138441.341089] sh (141653): drop_caches: 3
[138445.385294] sh (141653): drop_caches: 3
[138449.427391] sh (141653): drop_caches: 3
[138453.472526] sh (141653): drop_caches: 3
[138457.519919] sh (141653): drop_caches: 3
[138461.564170] sh (141653): drop_caches: 3
[138465.611467] sh (141653): drop_caches: 3
[138469.655545] sh (141653): drop_caches: 3
[138473.700160] sh (141653): drop_caches: 3
[138477.739527] sh (141653): drop_caches: 3
[138481.780140] sh (141653): drop_caches: 3
[138485.824167] sh (141653): drop_caches: 3
[138489.867635] sh (141653): drop_caches: 3
[138493.905054] sh (141653): drop_caches: 3
[138497.943926] sh (141653): drop_caches: 3
[138501.988570] sh (141653): drop_caches: 3
[138506.032787] sh (141653): drop_caches: 3
[138510.079627] sh (141653): drop_caches: 3
[138514.124414] sh (141653): drop_caches: 3
[138518.163244] sh (141653): drop_caches: 3
[138522.209027] sh (141653): drop_caches: 3
[138526.255659] sh (141653): drop_caches: 3
[138530.300409] sh (141653): drop_caches: 3
[138534.346411] sh (141653): drop_caches: 3
[138538.391435] sh (141653): drop_caches: 3
[138542.435616] sh (141653): drop_caches: 3
[138546.480493] sh (141653): drop_caches: 3
[138550.525925] sh (141653): drop_caches: 3
[138554.568474] sh (141653): drop_caches: 3
[138558.615943] sh (141653): drop_caches: 3
[138562.659742] sh (141653): drop_caches: 3
[138566.704796] sh (141653): drop_caches: 3
[138570.741599] sh (141653): drop_caches: 3
[138574.782884] sh (141653): drop_caches: 3
[138578.827078] sh (141653): drop_caches: 3
[138582.873326] sh (141653): drop_caches: 3
[138586.918613] sh (141653): drop_caches: 3
[138590.964665] sh (141653): drop_caches: 3
[138595.004624] sh (141653): drop_caches: 3
[138599.049650] sh (141653): drop_caches: 3
[138603.096235] sh (141653): drop_caches: 3
[138607.140858] sh (141653): drop_caches: 3
[138611.182880] sh (141653): drop_caches: 3
[138615.228491] sh (141653): drop_caches: 3
[138619.274482] sh (141653): drop_caches: 3
[138623.317351] sh (141653): drop_caches: 3
[138627.364788] sh (141653): drop_caches: 3
[138631.400432] sh (141653): drop_caches: 3
[138631.449749] iCAT_SQLITE_RUN_END run=20260830-114243-141522
[138631.468497] EXT4-fs (nvme1n1): unmounting filesystem 93b074d7-2f46-4682-b998-7b348c938f16.
[138631.530482] pci_bus 0001:10: busn_res: [bus 10-ff] is released
[138631.530520] NVMeVirt: GC stats: policy=cat-fig7 host_pages=32422952 gc_pages=13397860 gc_count=715943 WAF=1.413 k=10 scale_pct=200 age_ratio=7
[138631.603803] NVMeVirt: Virtual NVMe device closed
