[102241.793583] NVMeVirt: Version 1.10 for >> Samsung 970 Pro SSD <<
[102241.793590] NVMeVirt: Storage: 0x100100000-0x300000000 (8191 MiB)
[102241.799195] NVMeVirt: Total Capacity(GiB,MiB)=2,2048 chs=2 luns=4 lines=8192 blk-size(MiB,KiB)=0,64 line-size(MiB,KiB)=0,256
[102241.806239] NVMeVirt: [chmodel_init] bandwidth 800 max_credits 26 tx_time 152
[102241.815673] NVMeVirt: [chmodel_init] bandwidth 800 max_credits 26 tx_time 152
[102241.815688] NVMeVirt: [chmodel_init] bandwidth 3360 max_credits 110 tx_time 36
[102241.816933] NVMeVirt: pqueue: Copyright (c) 2014, Volkan Yazıcı <volkan.yazici@gmail.com>. All rights reserved.
[102241.816970] NVMeVirt: Init FTL instance with 2 channels (524288 pages)
[102241.816971] NVMeVirt: GC victim policy: cat-fig7 k=7 scale_pct=50 age_ratio=4
[102241.823613] NVMeVirt: [chmodel_init] bandwidth 800 max_credits 26 tx_time 152
[102241.830248] NVMeVirt: [chmodel_init] bandwidth 800 max_credits 26 tx_time 152
[102241.830263] NVMeVirt: [chmodel_init] bandwidth 3360 max_credits 110 tx_time 36
[102241.831515] NVMeVirt: Init FTL instance with 2 channels (524288 pages)
[102241.831516] NVMeVirt: GC victim policy: cat-fig7 k=7 scale_pct=50 age_ratio=4
[102241.837954] NVMeVirt: [chmodel_init] bandwidth 800 max_credits 26 tx_time 152
[102241.844365] NVMeVirt: [chmodel_init] bandwidth 800 max_credits 26 tx_time 152
[102241.844379] NVMeVirt: [chmodel_init] bandwidth 3360 max_credits 110 tx_time 36
[102241.845633] NVMeVirt: Init FTL instance with 2 channels (524288 pages)
[102241.845634] NVMeVirt: GC victim policy: cat-fig7 k=7 scale_pct=50 age_ratio=4
[102241.852132] NVMeVirt: [chmodel_init] bandwidth 800 max_credits 26 tx_time 152
[102241.858587] NVMeVirt: [chmodel_init] bandwidth 800 max_credits 26 tx_time 152
[102241.858601] NVMeVirt: [chmodel_init] bandwidth 3360 max_credits 110 tx_time 36
[102241.859862] NVMeVirt: Init FTL instance with 2 channels (524288 pages)
[102241.859863] NVMeVirt: GC victim policy: cat-fig7 k=7 scale_pct=50 age_ratio=4
[102241.859866] NVMeVirt: FTL physical space: 8588886016, logical space: 8026996276 (physical/logical * 100 = 107)
[102241.859868] NVMeVirt: ns 0/1: size 7655 MiB
[102241.859908] PCI host bridge to bus 0001:10
[102241.859910] pci_bus 0001:10: root bus resource [io  0x0000-0xffff]
[102241.859912] pci_bus 0001:10: root bus resource [mem 0x00000000-0x3fffffffffff]
[102241.859913] pci_bus 0001:10: root bus resource [bus 00-ff]
[102241.859919] pci 0001:10:00.0: [0c51:0110] type 00 class 0x010802 PCIe Endpoint
[102241.859922] pci 0001:10:00.0: BAR 0 [mem 0x100000000-0x100003fff 64bit]
[102241.859924] pci 0001:10:00.0: enabling Extended Tags
[102241.860033] NVMeVirt: Virtual PCI bus created (node 0)
[102241.860655] NVMeVirt: nvmev_io_worker_0 started on cpu 2 (node 0)
[102241.860769] NVMeVirt: nvmev_dispatcher started on cpu 1 (node 0)
[102241.860924] nvme nvme1: pci function 0001:10:00.0
[102241.865511] nvme nvme1: 20/0/0 default/read/poll queues
[102241.869832] NVMeVirt: Virtual NVMe device created
[102242.931983] EXT4-fs (nvme1n1): mounted filesystem 100432f2-b7bd-40bd-9578-16483e92ab38 r/w with ordered data mode. Quota mode: none.
[102242.962447] iCAT_SQLITE_LOAD_START run=20260830-020238-69461
[102322.350818] iCAT_SQLITE_LOAD_END run=20260830-020238-69461
[102322.751614] sh (69597): drop_caches: 3
[102322.783901] iCAT_SQLITE_RUN_START run=20260830-020238-69461
[102326.393773] sh (69594): drop_caches: 3
[102330.445903] sh (69594): drop_caches: 3
[102334.488631] sh (69594): drop_caches: 3
[102338.536606] sh (69594): drop_caches: 3
[102342.587924] sh (69594): drop_caches: 3
[102346.638500] sh (69594): drop_caches: 3
[102350.687596] sh (69594): drop_caches: 3
[102354.728794] sh (69594): drop_caches: 3
[102358.778646] sh (69594): drop_caches: 3
[102362.825188] sh (69594): drop_caches: 3
[102366.876494] sh (69594): drop_caches: 3
[102370.923409] sh (69594): drop_caches: 3
[102374.974907] sh (69594): drop_caches: 3
[102379.023706] sh (69594): drop_caches: 3
[102383.073551] sh (69594): drop_caches: 3
[102387.117735] sh (69594): drop_caches: 3
[102391.167489] sh (69594): drop_caches: 3
[102395.215415] sh (69594): drop_caches: 3
[102399.264461] sh (69594): drop_caches: 3
[102403.306956] sh (69594): drop_caches: 3
[102407.355238] sh (69594): drop_caches: 3
[102411.405955] sh (69594): drop_caches: 3
[102415.457309] sh (69594): drop_caches: 3
[102419.507560] sh (69594): drop_caches: 3
[102423.555994] sh (69594): drop_caches: 3
[102427.607519] sh (69594): drop_caches: 3
[102431.654324] sh (69594): drop_caches: 3
[102435.703594] sh (69594): drop_caches: 3
[102439.754713] sh (69594): drop_caches: 3
[102443.801595] sh (69594): drop_caches: 3
[102447.853046] sh (69594): drop_caches: 3
[102451.902252] sh (69594): drop_caches: 3
[102455.952316] sh (69594): drop_caches: 3
[102459.998811] sh (69594): drop_caches: 3
[102464.049915] sh (69594): drop_caches: 3
[102468.090667] sh (69594): drop_caches: 3
[102472.137067] sh (69594): drop_caches: 3
[102476.187882] sh (69594): drop_caches: 3
[102480.235664] sh (69594): drop_caches: 3
[102484.277152] sh (69594): drop_caches: 3
[102488.324129] sh (69594): drop_caches: 3
[102492.373007] sh (69594): drop_caches: 3
[102496.424027] sh (69594): drop_caches: 3
[102500.471892] sh (69594): drop_caches: 3
[102504.516986] sh (69594): drop_caches: 3
[102508.566843] sh (69594): drop_caches: 3
[102512.615911] sh (69594): drop_caches: 3
[102516.664895] sh (69594): drop_caches: 3
[102520.713798] sh (69594): drop_caches: 3
[102524.762009] sh (69594): drop_caches: 3
[102528.811237] sh (69594): drop_caches: 3
[102532.859132] sh (69594): drop_caches: 3
[102536.908434] sh (69594): drop_caches: 3
[102540.956583] sh (69594): drop_caches: 3
[102544.999229] sh (69594): drop_caches: 3
[102549.045547] sh (69594): drop_caches: 3
[102553.097137] sh (69594): drop_caches: 3
[102557.146889] sh (69594): drop_caches: 3
[102561.195956] sh (69594): drop_caches: 3
[102565.242483] sh (69594): drop_caches: 3
[102569.289976] sh (69594): drop_caches: 3
[102573.337871] sh (69594): drop_caches: 3
[102577.379319] sh (69594): drop_caches: 3
[102581.426653] sh (69594): drop_caches: 3
[102585.475205] sh (69594): drop_caches: 3
[102589.525508] sh (69594): drop_caches: 3
[102593.572787] sh (69594): drop_caches: 3
[102597.623769] sh (69594): drop_caches: 3
[102601.669853] sh (69594): drop_caches: 3
[102605.718927] sh (69594): drop_caches: 3
[102609.767652] sh (69594): drop_caches: 3
[102613.816734] sh (69594): drop_caches: 3
[102617.863536] sh (69594): drop_caches: 3
[102621.911931] sh (69594): drop_caches: 3
[102625.960724] sh (69594): drop_caches: 3
[102630.007372] sh (69594): drop_caches: 3
[102634.050786] sh (69594): drop_caches: 3
[102638.094487] sh (69594): drop_caches: 3
[102642.138950] sh (69594): drop_caches: 3
[102646.188715] sh (69594): drop_caches: 3
[102650.235552] sh (69594): drop_caches: 3
[102654.279378] sh (69594): drop_caches: 3
[102658.331064] sh (69594): drop_caches: 3
[102662.377294] sh (69594): drop_caches: 3
[102666.423593] sh (69594): drop_caches: 3
[102670.473239] sh (69594): drop_caches: 3
[102674.522339] sh (69594): drop_caches: 3
[102678.565405] sh (69594): drop_caches: 3
[102682.606440] sh (69594): drop_caches: 3
[102686.654576] sh (69594): drop_caches: 3
[102690.702494] sh (69594): drop_caches: 3
[102694.751628] sh (69594): drop_caches: 3
[102698.799095] sh (69594): drop_caches: 3
[102702.846854] sh (69594): drop_caches: 3
[102706.894307] sh (69594): drop_caches: 3
[102710.943079] sh (69594): drop_caches: 3
[102714.991031] sh (69594): drop_caches: 3
[102719.038413] sh (69594): drop_caches: 3
[102723.080659] sh (69594): drop_caches: 3
[102727.123729] sh (69594): drop_caches: 3
[102731.170556] sh (69594): drop_caches: 3
[102735.211358] sh (69594): drop_caches: 3
[102739.258616] sh (69594): drop_caches: 3
[102743.305353] sh (69594): drop_caches: 3
[102747.354044] sh (69594): drop_caches: 3
[102751.400286] sh (69594): drop_caches: 3
[102755.450205] sh (69594): drop_caches: 3
[102759.496059] sh (69594): drop_caches: 3
[102763.544617] sh (69594): drop_caches: 3
[102767.594081] sh (69594): drop_caches: 3
[102771.642487] sh (69594): drop_caches: 3
[102775.693430] sh (69594): drop_caches: 3
[102779.745099] sh (69594): drop_caches: 3
[102783.794000] sh (69594): drop_caches: 3
[102787.841059] sh (69594): drop_caches: 3
[102791.888875] sh (69594): drop_caches: 3
[102795.938448] sh (69594): drop_caches: 3
[102799.985925] sh (69594): drop_caches: 3
[102804.035863] sh (69594): drop_caches: 3
[102808.078686] sh (69594): drop_caches: 3
[102812.128889] sh (69594): drop_caches: 3
[102816.178608] sh (69594): drop_caches: 3
[102820.227143] sh (69594): drop_caches: 3
[102824.272488] sh (69594): drop_caches: 3
[102828.318472] sh (69594): drop_caches: 3
[102832.368511] sh (69594): drop_caches: 3
[102836.415965] sh (69594): drop_caches: 3
[102840.462290] sh (69594): drop_caches: 3
[102844.511546] sh (69594): drop_caches: 3
[102848.562677] sh (69594): drop_caches: 3
[102852.605919] sh (69594): drop_caches: 3
[102856.653170] sh (69594): drop_caches: 3
[102860.702137] sh (69594): drop_caches: 3
[102864.750258] sh (69594): drop_caches: 3
[102868.795243] sh (69594): drop_caches: 3
[102872.842249] sh (69594): drop_caches: 3
[102876.890473] sh (69594): drop_caches: 3
[102880.938459] sh (69594): drop_caches: 3
[102884.984562] sh (69594): drop_caches: 3
[102889.035493] sh (69594): drop_caches: 3
[102893.084943] sh (69594): drop_caches: 3
[102897.134683] sh (69594): drop_caches: 3
[102901.183574] sh (69594): drop_caches: 3
[102905.232567] sh (69594): drop_caches: 3
[102909.278979] sh (69594): drop_caches: 3
[102913.325331] sh (69594): drop_caches: 3
[102917.373548] sh (69594): drop_caches: 3
[102921.422612] sh (69594): drop_caches: 3
[102925.463839] sh (69594): drop_caches: 3
[102929.513632] sh (69594): drop_caches: 3
[102933.564354] sh (69594): drop_caches: 3
[102937.612745] sh (69594): drop_caches: 3
[102941.654456] sh (69594): drop_caches: 3
[102945.705230] sh (69594): drop_caches: 3
[102949.753870] sh (69594): drop_caches: 3
[102953.803427] sh (69594): drop_caches: 3
[102957.851540] sh (69594): drop_caches: 3
[102961.899693] sh (69594): drop_caches: 3
[102965.948035] sh (69594): drop_caches: 3
[102969.996174] sh (69594): drop_caches: 3
[102974.045536] sh (69594): drop_caches: 3
[102978.088669] sh (69594): drop_caches: 3
[102982.133144] sh (69594): drop_caches: 3
[102986.183808] sh (69594): drop_caches: 3
[102990.229990] sh (69594): drop_caches: 3
[102994.273322] sh (69594): drop_caches: 3
[102998.324139] sh (69594): drop_caches: 3
[103002.370689] sh (69594): drop_caches: 3
[103006.421517] sh (69594): drop_caches: 3
[103010.469451] sh (69594): drop_caches: 3
[103014.518327] sh (69594): drop_caches: 3
[103018.567030] sh (69594): drop_caches: 3
[103022.618584] sh (69594): drop_caches: 3
[103026.669936] sh (69594): drop_caches: 3
[103030.711313] sh (69594): drop_caches: 3
[103034.754196] sh (69594): drop_caches: 3
[103038.803269] sh (69594): drop_caches: 3
[103042.852947] sh (69594): drop_caches: 3
[103046.901951] sh (69594): drop_caches: 3
[103050.951094] sh (69594): drop_caches: 3
[103055.000978] sh (69594): drop_caches: 3
[103059.051523] sh (69594): drop_caches: 3
[103063.092787] sh (69594): drop_caches: 3
[103067.142779] sh (69594): drop_caches: 3
[103071.189552] sh (69594): drop_caches: 3
[103075.236671] sh (69594): drop_caches: 3
[103079.288969] sh (69594): drop_caches: 3
[103083.344895] sh (69594): drop_caches: 3
[103087.393787] sh (69594): drop_caches: 3
[103091.445258] sh (69594): drop_caches: 3
[103095.495247] sh (69594): drop_caches: 3
[103099.542875] sh (69594): drop_caches: 3
[103103.589682] sh (69594): drop_caches: 3
[103107.638584] sh (69594): drop_caches: 3
[103111.687411] sh (69594): drop_caches: 3
[103115.733969] sh (69594): drop_caches: 3
[103119.782668] sh (69594): drop_caches: 3
[103123.825527] sh (69594): drop_caches: 3
[103127.868928] sh (69594): drop_caches: 3
[103131.917869] sh (69594): drop_caches: 3
[103135.967276] sh (69594): drop_caches: 3
[103140.016699] sh (69594): drop_caches: 3
[103144.066128] sh (69594): drop_caches: 3
[103148.115397] sh (69594): drop_caches: 3
[103152.162387] sh (69594): drop_caches: 3
[103156.202879] sh (69594): drop_caches: 3
[103160.253815] sh (69594): drop_caches: 3
[103164.300132] sh (69594): drop_caches: 3
[103168.348223] sh (69594): drop_caches: 3
[103172.399712] sh (69594): drop_caches: 3
[103176.446406] sh (69594): drop_caches: 3
[103180.495641] sh (69594): drop_caches: 3
[103184.544467] sh (69594): drop_caches: 3
[103188.593116] sh (69594): drop_caches: 3
[103192.633503] sh (69594): drop_caches: 3
[103196.683958] sh (69594): drop_caches: 3
[103200.734329] sh (69594): drop_caches: 3
[103204.780483] sh (69594): drop_caches: 3
[103208.828611] sh (69594): drop_caches: 3
[103212.871480] sh (69594): drop_caches: 3
[103216.919986] sh (69594): drop_caches: 3
[103220.963104] sh (69594): drop_caches: 3
[103225.011567] sh (69594): drop_caches: 3
[103229.061506] sh (69594): drop_caches: 3
[103233.108104] sh (69594): drop_caches: 3
[103237.148714] sh (69594): drop_caches: 3
[103241.197006] sh (69594): drop_caches: 3
[103245.244809] sh (69594): drop_caches: 3
[103249.293330] sh (69594): drop_caches: 3
[103253.340734] sh (69594): drop_caches: 3
[103257.390078] sh (69594): drop_caches: 3
[103261.438659] sh (69594): drop_caches: 3
[103265.485533] sh (69594): drop_caches: 3
[103269.526963] sh (69594): drop_caches: 3
[103273.573698] sh (69594): drop_caches: 3
[103277.621650] sh (69594): drop_caches: 3
[103281.665830] sh (69594): drop_caches: 3
[103285.712470] sh (69594): drop_caches: 3
[103289.761502] sh (69594): drop_caches: 3
[103293.812613] sh (69594): drop_caches: 3
[103297.858941] sh (69594): drop_caches: 3
[103301.908613] sh (69594): drop_caches: 3
[103305.952197] sh (69594): drop_caches: 3
[103310.000088] sh (69594): drop_caches: 3
[103314.047303] sh (69594): drop_caches: 3
[103318.088829] sh (69594): drop_caches: 3
[103322.140996] sh (69594): drop_caches: 3
[103326.188290] sh (69594): drop_caches: 3
[103330.236666] sh (69594): drop_caches: 3
[103334.281385] sh (69594): drop_caches: 3
[103338.330861] sh (69594): drop_caches: 3
[103342.381545] sh (69594): drop_caches: 3
[103346.430500] sh (69594): drop_caches: 3
[103350.481839] sh (69594): drop_caches: 3
[103354.530039] sh (69594): drop_caches: 3
[103358.578219] sh (69594): drop_caches: 3
[103362.627032] sh (69594): drop_caches: 3
[103366.673590] sh (69594): drop_caches: 3
[103370.723401] sh (69594): drop_caches: 3
[103374.770921] sh (69594): drop_caches: 3
[103378.818848] sh (69594): drop_caches: 3
[103382.865325] sh (69594): drop_caches: 3
[103386.913973] sh (69594): drop_caches: 3
[103390.961622] sh (69594): drop_caches: 3
[103395.010886] sh (69594): drop_caches: 3
[103399.058557] sh (69594): drop_caches: 3
[103403.100724] sh (69594): drop_caches: 3
[103407.142594] sh (69594): drop_caches: 3
[103411.182968] sh (69594): drop_caches: 3
[103415.233547] sh (69594): drop_caches: 3
[103419.281869] sh (69594): drop_caches: 3
[103423.329177] sh (69594): drop_caches: 3
[103427.376877] sh (69594): drop_caches: 3
[103431.427527] sh (69594): drop_caches: 3
[103435.475929] sh (69594): drop_caches: 3
[103439.523870] sh (69594): drop_caches: 3
[103443.573708] sh (69594): drop_caches: 3
[103447.620065] sh (69594): drop_caches: 3
[103451.669510] sh (69594): drop_caches: 3
[103455.718715] sh (69594): drop_caches: 3
[103459.767339] sh (69594): drop_caches: 3
[103463.816492] sh (69594): drop_caches: 3
[103467.868194] sh (69594): drop_caches: 3
[103471.918276] sh (69594): drop_caches: 3
[103475.968717] sh (69594): drop_caches: 3
[103480.017572] sh (69594): drop_caches: 3
[103484.069853] sh (69594): drop_caches: 3
[103488.113976] sh (69594): drop_caches: 3
[103492.165478] sh (69594): drop_caches: 3
[103496.216456] sh (69594): drop_caches: 3
[103500.263980] sh (69594): drop_caches: 3
[103504.311747] sh (69594): drop_caches: 3
[103508.362039] sh (69594): drop_caches: 3
[103512.411844] sh (69594): drop_caches: 3
[103516.460882] sh (69594): drop_caches: 3
[103520.510765] sh (69594): drop_caches: 3
[103524.557741] sh (69594): drop_caches: 3
[103528.606399] sh (69594): drop_caches: 3
[103532.655360] sh (69594): drop_caches: 3
[103536.704007] sh (69594): drop_caches: 3
[103540.752760] sh (69594): drop_caches: 3
[103544.803211] sh (69594): drop_caches: 3
[103548.849503] sh (69594): drop_caches: 3
[103552.900254] sh (69594): drop_caches: 3
[103556.949552] sh (69594): drop_caches: 3
[103560.999309] sh (69594): drop_caches: 3
[103565.048796] sh (69594): drop_caches: 3
[103569.099564] sh (69594): drop_caches: 3
[103573.148664] sh (69594): drop_caches: 3
[103577.197344] sh (69594): drop_caches: 3
[103581.240313] sh (69594): drop_caches: 3
[103585.289666] sh (69594): drop_caches: 3
[103589.339933] sh (69594): drop_caches: 3
[103593.389436] sh (69594): drop_caches: 3
[103597.439141] sh (69594): drop_caches: 3
[103601.489994] sh (69594): drop_caches: 3
[103605.538904] sh (69594): drop_caches: 3
[103609.590251] sh (69594): drop_caches: 3
[103613.637755] sh (69594): drop_caches: 3
[103617.684024] sh (69594): drop_caches: 3
[103621.733778] sh (69594): drop_caches: 3
[103625.780921] sh (69594): drop_caches: 3
[103629.828465] sh (69594): drop_caches: 3
[103633.876916] sh (69594): drop_caches: 3
[103637.925737] sh (69594): drop_caches: 3
[103641.976428] sh (69594): drop_caches: 3
[103646.026925] sh (69594): drop_caches: 3
[103650.068069] sh (69594): drop_caches: 3
[103654.109895] sh (69594): drop_caches: 3
[103658.158229] sh (69594): drop_caches: 3
[103662.204983] sh (69594): drop_caches: 3
[103666.247209] sh (69594): drop_caches: 3
[103670.288566] sh (69594): drop_caches: 3
[103674.337749] sh (69594): drop_caches: 3
[103678.388034] sh (69594): drop_caches: 3
[103682.436741] sh (69594): drop_caches: 3
[103686.485395] sh (69594): drop_caches: 3
[103690.532178] sh (69594): drop_caches: 3
[103694.583893] sh (69594): drop_caches: 3
[103698.633822] sh (69594): drop_caches: 3
[103702.683512] sh (69594): drop_caches: 3
[103706.731297] sh (69594): drop_caches: 3
[103710.784280] sh (69594): drop_caches: 3
[103714.833334] sh (69594): drop_caches: 3
[103718.881135] sh (69594): drop_caches: 3
[103722.932078] sh (69594): drop_caches: 3
[103726.983060] sh (69594): drop_caches: 3
[103731.033665] sh (69594): drop_caches: 3
[103735.076299] sh (69594): drop_caches: 3
[103739.119919] sh (69594): drop_caches: 3
[103743.168808] sh (69594): drop_caches: 3
[103747.217511] sh (69594): drop_caches: 3
[103751.262178] sh (69594): drop_caches: 3
[103755.308731] sh (69594): drop_caches: 3
[103759.357978] sh (69594): drop_caches: 3
[103763.405705] sh (69594): drop_caches: 3
[103767.452499] sh (69594): drop_caches: 3
[103771.499103] sh (69594): drop_caches: 3
[103775.547961] sh (69594): drop_caches: 3
[103779.595401] sh (69594): drop_caches: 3
[103783.644355] sh (69594): drop_caches: 3
[103787.696004] sh (69594): drop_caches: 3
[103791.738092] sh (69594): drop_caches: 3
[103795.786654] sh (69594): drop_caches: 3
[103799.838014] sh (69594): drop_caches: 3
[103803.888983] sh (69594): drop_caches: 3
[103807.938558] sh (69594): drop_caches: 3
[103811.984754] sh (69594): drop_caches: 3
[103816.032251] sh (69594): drop_caches: 3
[103820.079610] sh (69594): drop_caches: 3
[103824.129294] sh (69594): drop_caches: 3
[103828.175454] sh (69594): drop_caches: 3
[103828.227497] iCAT_SQLITE_RUN_END run=20260830-020238-69461
[103828.247705] EXT4-fs (nvme1n1): unmounting filesystem 100432f2-b7bd-40bd-9578-16483e92ab38.
[103828.327074] pci_bus 0001:10: busn_res: [bus 10-ff] is released
[103828.327133] NVMeVirt: GC stats: policy=cat-fig7 host_pages=32423212 gc_pages=12311230 gc_count=698969 WAF=1.379 k=7 scale_pct=50 age_ratio=4
[103828.400193] NVMeVirt: Virtual NVMe device closed
