[95947.280950] NVMeVirt: Version 1.10 for >> Samsung 970 Pro SSD <<
[95947.280962] NVMeVirt: Storage: 0x100100000-0x300000000 (8191 MiB)
[95947.287469] NVMeVirt: Total Capacity(GiB,MiB)=2,2048 chs=2 luns=4 lines=8192 blk-size(MiB,KiB)=0,64 line-size(MiB,KiB)=0,256
[95947.295383] NVMeVirt: [chmodel_init] bandwidth 800 max_credits 26 tx_time 152
[95947.303985] NVMeVirt: [chmodel_init] bandwidth 800 max_credits 26 tx_time 152
[95947.304000] NVMeVirt: [chmodel_init] bandwidth 3360 max_credits 110 tx_time 36
[95947.305256] NVMeVirt: pqueue: Copyright (c) 2014, Volkan Yazıcı <volkan.yazici@gmail.com>. All rights reserved.
[95947.305293] NVMeVirt: Init FTL instance with 2 channels (524288 pages)
[95947.305294] NVMeVirt: GC victim policy: cat-fig7 k=4 scale_pct=400 age_ratio=16
[95947.311861] NVMeVirt: [chmodel_init] bandwidth 800 max_credits 26 tx_time 152
[95947.318334] NVMeVirt: [chmodel_init] bandwidth 800 max_credits 26 tx_time 152
[95947.318349] NVMeVirt: [chmodel_init] bandwidth 3360 max_credits 110 tx_time 36
[95947.319612] NVMeVirt: Init FTL instance with 2 channels (524288 pages)
[95947.319613] NVMeVirt: GC victim policy: cat-fig7 k=4 scale_pct=400 age_ratio=16
[95947.326054] NVMeVirt: [chmodel_init] bandwidth 800 max_credits 26 tx_time 152
[95947.332535] NVMeVirt: [chmodel_init] bandwidth 800 max_credits 26 tx_time 152
[95947.332549] NVMeVirt: [chmodel_init] bandwidth 3360 max_credits 110 tx_time 36
[95947.333805] NVMeVirt: Init FTL instance with 2 channels (524288 pages)
[95947.333806] NVMeVirt: GC victim policy: cat-fig7 k=4 scale_pct=400 age_ratio=16
[95947.340285] NVMeVirt: [chmodel_init] bandwidth 800 max_credits 26 tx_time 152
[95947.346697] NVMeVirt: [chmodel_init] bandwidth 800 max_credits 26 tx_time 152
[95947.346711] NVMeVirt: [chmodel_init] bandwidth 3360 max_credits 110 tx_time 36
[95947.347957] NVMeVirt: Init FTL instance with 2 channels (524288 pages)
[95947.347958] NVMeVirt: GC victim policy: cat-fig7 k=4 scale_pct=400 age_ratio=16
[95947.347962] NVMeVirt: FTL physical space: 8588886016, logical space: 8026996276 (physical/logical * 100 = 107)
[95947.347963] NVMeVirt: ns 0/1: size 7655 MiB
[95947.348004] PCI host bridge to bus 0001:10
[95947.348005] pci_bus 0001:10: root bus resource [io  0x0000-0xffff]
[95947.348007] pci_bus 0001:10: root bus resource [mem 0x00000000-0x3fffffffffff]
[95947.348009] pci_bus 0001:10: root bus resource [bus 00-ff]
[95947.348015] pci 0001:10:00.0: [0c51:0110] type 00 class 0x010802 PCIe Endpoint
[95947.348017] pci 0001:10:00.0: BAR 0 [mem 0x100000000-0x100003fff 64bit]
[95947.348019] pci 0001:10:00.0: enabling Extended Tags
[95947.348130] NVMeVirt: Virtual PCI bus created (node 0)
[95947.348772] NVMeVirt: nvmev_io_worker_0 started on cpu 2 (node 0)
[95947.348944] NVMeVirt: nvmev_dispatcher started on cpu 1 (node 0)
[95947.349051] nvme nvme1: pci function 0001:10:00.0
[95947.353401] nvme nvme1: 20/0/0 default/read/poll queues
[95947.357704] NVMeVirt: Virtual NVMe device created
[95948.419026] EXT4-fs (nvme1n1): mounted filesystem a61f64de-41f2-41ee-9e11-4f6035f89dcb r/w with ordered data mode. Quota mode: none.
[95948.448636] iCAT_SQLITE_LOAD_START run=20260830-001744-66197
[96026.371733] iCAT_SQLITE_LOAD_END run=20260830-001744-66197
[96026.749593] sh (66326): drop_caches: 3
[96026.778996] iCAT_SQLITE_RUN_START run=20260830-001744-66197
[96030.417323] sh (66328): drop_caches: 3
[96034.459013] sh (66328): drop_caches: 3
[96038.508163] sh (66328): drop_caches: 3
[96042.557992] sh (66328): drop_caches: 3
[96046.607847] sh (66328): drop_caches: 3
[96050.658135] sh (66328): drop_caches: 3
[96054.707523] sh (66328): drop_caches: 3
[96058.757682] sh (66328): drop_caches: 3
[96062.807034] sh (66328): drop_caches: 3
[96066.856757] sh (66328): drop_caches: 3
[96070.905559] sh (66328): drop_caches: 3
[96074.955310] sh (66328): drop_caches: 3
[96079.004967] sh (66328): drop_caches: 3
[96083.054073] sh (66328): drop_caches: 3
[96087.099138] sh (66328): drop_caches: 3
[96091.144346] sh (66328): drop_caches: 3
[96095.187266] sh (66328): drop_caches: 3
[96099.236368] sh (66328): drop_caches: 3
[96103.285227] sh (66328): drop_caches: 3
[96107.335104] sh (66328): drop_caches: 3
[96111.381349] sh (66328): drop_caches: 3
[96115.428102] sh (66328): drop_caches: 3
[96119.475186] sh (66328): drop_caches: 3
[96123.517770] sh (66328): drop_caches: 3
[96127.565134] sh (66328): drop_caches: 3
[96131.612025] sh (66328): drop_caches: 3
[96135.662573] sh (66328): drop_caches: 3
[96139.712863] sh (66328): drop_caches: 3
[96143.760638] sh (66328): drop_caches: 3
[96147.809219] sh (66328): drop_caches: 3
[96151.858083] sh (66328): drop_caches: 3
[96155.905883] sh (66328): drop_caches: 3
[96159.955450] sh (66328): drop_caches: 3
[96164.004676] sh (66328): drop_caches: 3
[96168.052042] sh (66328): drop_caches: 3
[96172.103057] sh (66328): drop_caches: 3
[96176.154470] sh (66328): drop_caches: 3
[96180.203974] sh (66328): drop_caches: 3
[96184.253966] sh (66328): drop_caches: 3
[96188.302206] sh (66328): drop_caches: 3
[96192.350780] sh (66328): drop_caches: 3
[96196.398788] sh (66328): drop_caches: 3
[96200.446207] sh (66328): drop_caches: 3
[96204.495705] sh (66328): drop_caches: 3
[96208.541471] sh (66328): drop_caches: 3
[96212.591460] sh (66328): drop_caches: 3
[96216.637924] sh (66328): drop_caches: 3
[96220.680512] sh (66328): drop_caches: 3
[96224.728904] sh (66328): drop_caches: 3
[96228.774784] sh (66328): drop_caches: 3
[96232.826152] sh (66328): drop_caches: 3
[96236.874287] sh (66328): drop_caches: 3
[96240.922184] sh (66328): drop_caches: 3
[96244.970595] sh (66328): drop_caches: 3
[96249.019132] sh (66328): drop_caches: 3
[96253.068247] sh (66328): drop_caches: 3
[96257.113403] sh (66328): drop_caches: 3
[96261.154777] sh (66328): drop_caches: 3
[96265.202472] sh (66328): drop_caches: 3
[96269.250979] sh (66328): drop_caches: 3
[96273.300385] sh (66328): drop_caches: 3
[96277.347984] sh (66328): drop_caches: 3
[96281.398538] sh (66328): drop_caches: 3
[96285.447042] sh (66328): drop_caches: 3
[96289.496420] sh (66328): drop_caches: 3
[96293.542413] sh (66328): drop_caches: 3
[96297.586891] sh (66328): drop_caches: 3
[96301.633643] sh (66328): drop_caches: 3
[96305.682772] sh (66328): drop_caches: 3
[96309.733996] sh (66328): drop_caches: 3
[96313.782327] sh (66328): drop_caches: 3
[96317.830912] sh (66328): drop_caches: 3
[96321.877103] sh (66328): drop_caches: 3
[96325.921192] sh (66328): drop_caches: 3
[96329.967340] sh (66328): drop_caches: 3
[96334.016185] sh (66328): drop_caches: 3
[96338.063681] sh (66328): drop_caches: 3
[96342.112238] sh (66328): drop_caches: 3
[96346.153400] sh (66328): drop_caches: 3
[96350.202293] sh (66328): drop_caches: 3
[96354.250984] sh (66328): drop_caches: 3
[96358.298190] sh (66328): drop_caches: 3
[96362.339312] sh (66328): drop_caches: 3
[96366.387705] sh (66328): drop_caches: 3
[96370.434873] sh (66328): drop_caches: 3
[96374.485309] sh (66328): drop_caches: 3
[96378.531848] sh (66328): drop_caches: 3
[96382.573396] sh (66328): drop_caches: 3
[96386.622558] sh (66328): drop_caches: 3
[96390.670986] sh (66328): drop_caches: 3
[96394.731388] sh (66328): drop_caches: 3
[96398.816681] sh (66328): drop_caches: 3
[96402.866668] sh (66328): drop_caches: 3
[96406.923656] sh (66328): drop_caches: 3
[96410.967351] sh (66328): drop_caches: 3
[96415.023936] sh (66328): drop_caches: 3
[96419.075558] sh (66328): drop_caches: 3
[96423.121041] sh (66328): drop_caches: 3
[96427.166556] sh (66328): drop_caches: 3
[96431.207825] sh (66328): drop_caches: 3
[96435.248015] sh (66328): drop_caches: 3
[96439.297071] sh (66328): drop_caches: 3
[96443.344695] sh (66328): drop_caches: 3
[96447.393007] sh (66328): drop_caches: 3
[96451.441786] sh (66328): drop_caches: 3
[96455.491310] sh (66328): drop_caches: 3
[96459.539832] sh (66328): drop_caches: 3
[96463.589416] sh (66328): drop_caches: 3
[96467.635319] sh (66328): drop_caches: 3
[96471.677613] sh (66328): drop_caches: 3
[96475.725978] sh (66328): drop_caches: 3
[96479.774801] sh (66328): drop_caches: 3
[96483.820665] sh (66328): drop_caches: 3
[96487.870451] sh (66328): drop_caches: 3
[96491.922160] sh (66328): drop_caches: 3
[96495.968231] sh (66328): drop_caches: 3
[96500.016530] sh (66328): drop_caches: 3
[96504.062541] sh (66328): drop_caches: 3
[96508.109609] sh (66328): drop_caches: 3
[96512.158210] sh (66328): drop_caches: 3
[96516.204338] sh (66328): drop_caches: 3
[96520.246401] sh (66328): drop_caches: 3
[96524.295526] sh (66328): drop_caches: 3
[96528.341195] sh (66328): drop_caches: 3
[96532.389353] sh (66328): drop_caches: 3
[96536.438501] sh (66328): drop_caches: 3
[96540.489782] sh (66328): drop_caches: 3
[96544.539125] sh (66328): drop_caches: 3
[96548.588047] sh (66328): drop_caches: 3
[96552.635295] sh (66328): drop_caches: 3
[96556.685994] sh (66328): drop_caches: 3
[96560.727977] sh (66328): drop_caches: 3
[96564.779370] sh (66328): drop_caches: 3
[96568.821373] sh (66328): drop_caches: 3
[96572.870725] sh (66328): drop_caches: 3
[96576.917784] sh (66328): drop_caches: 3
[96580.964576] sh (66328): drop_caches: 3
[96585.010892] sh (66328): drop_caches: 3
[96589.057839] sh (66328): drop_caches: 3
[96593.105955] sh (66328): drop_caches: 3
[96597.151806] sh (66328): drop_caches: 3
[96601.193100] sh (66328): drop_caches: 3
[96605.239857] sh (66328): drop_caches: 3
[96609.288410] sh (66328): drop_caches: 3
[96613.331487] sh (66328): drop_caches: 3
[96617.379200] sh (66328): drop_caches: 3
[96621.427828] sh (66328): drop_caches: 3
[96625.474614] sh (66328): drop_caches: 3
[96629.522099] sh (66328): drop_caches: 3
[96633.568733] sh (66328): drop_caches: 3
[96637.620543] sh (66328): drop_caches: 3
[96641.669141] sh (66328): drop_caches: 3
[96645.715944] sh (66328): drop_caches: 3
[96649.762558] sh (66328): drop_caches: 3
[96653.805063] sh (66328): drop_caches: 3
[96657.853228] sh (66328): drop_caches: 3
[96661.902546] sh (66328): drop_caches: 3
[96665.951356] sh (66328): drop_caches: 3
[96670.003456] sh (66328): drop_caches: 3
[96674.055796] sh (66328): drop_caches: 3
[96678.103689] sh (66328): drop_caches: 3
[96682.145381] sh (66328): drop_caches: 3
[96686.191923] sh (66328): drop_caches: 3
[96690.241980] sh (66328): drop_caches: 3
[96694.288559] sh (66328): drop_caches: 3
[96698.328827] sh (66328): drop_caches: 3
[96702.376679] sh (66328): drop_caches: 3
[96706.417025] sh (66328): drop_caches: 3
[96710.462982] sh (66328): drop_caches: 3
[96714.511374] sh (66328): drop_caches: 3
[96718.562770] sh (66328): drop_caches: 3
[96722.610519] sh (66328): drop_caches: 3
[96726.657531] sh (66328): drop_caches: 3
[96730.707484] sh (66328): drop_caches: 3
[96734.752941] sh (66328): drop_caches: 3
[96738.800533] sh (66328): drop_caches: 3
[96742.842567] sh (66328): drop_caches: 3
[96746.891099] sh (66328): drop_caches: 3
[96750.939256] sh (66328): drop_caches: 3
[96754.987499] sh (66328): drop_caches: 3
[96759.029668] sh (66328): drop_caches: 3
[96763.075790] sh (66328): drop_caches: 3
[96767.122774] sh (66328): drop_caches: 3
[96771.162862] sh (66328): drop_caches: 3
[96775.203686] sh (66328): drop_caches: 3
[96779.251389] sh (66328): drop_caches: 3
[96783.304074] sh (66328): drop_caches: 3
[96787.355502] sh (66328): drop_caches: 3
[96791.402833] sh (66328): drop_caches: 3
[96795.452139] sh (66328): drop_caches: 3
[96799.496617] sh (66328): drop_caches: 3
[96803.544478] sh (66328): drop_caches: 3
[96807.591812] sh (66328): drop_caches: 3
[96811.639634] sh (66328): drop_caches: 3
[96815.685714] sh (66328): drop_caches: 3
[96819.733546] sh (66328): drop_caches: 3
[96823.780532] sh (66328): drop_caches: 3
[96827.826493] sh (66328): drop_caches: 3
[96831.873583] sh (66328): drop_caches: 3
[96835.914293] sh (66328): drop_caches: 3
[96839.965542] sh (66328): drop_caches: 3
[96844.011952] sh (66328): drop_caches: 3
[96848.059480] sh (66328): drop_caches: 3
[96852.107222] sh (66328): drop_caches: 3
[96856.152714] sh (66328): drop_caches: 3
[96860.203691] sh (66328): drop_caches: 3
[96864.252188] sh (66328): drop_caches: 3
[96868.303507] sh (66328): drop_caches: 3
[96872.351333] sh (66328): drop_caches: 3
[96876.399919] sh (66328): drop_caches: 3
[96880.447382] sh (66328): drop_caches: 3
[96884.491671] sh (66328): drop_caches: 3
[96888.540416] sh (66328): drop_caches: 3
[96892.586063] sh (66328): drop_caches: 3
[96896.627689] sh (66328): drop_caches: 3
[96900.676240] sh (66328): drop_caches: 3
[96904.722393] sh (66328): drop_caches: 3
[96908.765174] sh (66328): drop_caches: 3
[96912.814554] sh (66328): drop_caches: 3
[96916.863947] sh (66328): drop_caches: 3
[96920.913573] sh (66328): drop_caches: 3
[96924.961540] sh (66328): drop_caches: 3
[96929.004297] sh (66328): drop_caches: 3
[96933.050775] sh (66328): drop_caches: 3
[96937.100189] sh (66328): drop_caches: 3
[96941.140533] sh (66328): drop_caches: 3
[96945.188129] sh (66328): drop_caches: 3
[96949.234713] sh (66328): drop_caches: 3
[96953.281562] sh (66328): drop_caches: 3
[96957.329561] sh (66328): drop_caches: 3
[96961.379448] sh (66328): drop_caches: 3
[96965.427391] sh (66328): drop_caches: 3
[96969.475629] sh (66328): drop_caches: 3
[96973.524571] sh (66328): drop_caches: 3
[96977.572717] sh (66328): drop_caches: 3
[96981.621470] sh (66328): drop_caches: 3
[96985.669982] sh (66328): drop_caches: 3
[96989.716262] sh (66328): drop_caches: 3
[96993.763066] sh (66328): drop_caches: 3
[96997.811889] sh (66328): drop_caches: 3
[97001.855817] sh (66328): drop_caches: 3
[97005.902893] sh (66328): drop_caches: 3
[97009.945669] sh (66328): drop_caches: 3
[97013.994739] sh (66328): drop_caches: 3
[97018.036802] sh (66328): drop_caches: 3
[97022.083454] sh (66328): drop_caches: 3
[97026.126017] sh (66328): drop_caches: 3
[97030.165488] sh (66328): drop_caches: 3
[97034.215304] sh (66328): drop_caches: 3
[97038.262474] sh (66328): drop_caches: 3
[97042.305342] sh (66328): drop_caches: 3
[97046.348693] sh (66328): drop_caches: 3
[97050.396750] sh (66328): drop_caches: 3
[97054.446293] sh (66328): drop_caches: 3
[97058.493792] sh (66328): drop_caches: 3
[97062.540099] sh (66328): drop_caches: 3
[97066.590891] sh (66328): drop_caches: 3
[97070.635474] sh (66328): drop_caches: 3
[97074.682862] sh (66328): drop_caches: 3
[97078.728682] sh (66328): drop_caches: 3
[97082.777881] sh (66328): drop_caches: 3
[97086.825106] sh (66328): drop_caches: 3
[97090.871964] sh (66328): drop_caches: 3
[97094.919468] sh (66328): drop_caches: 3
[97098.965532] sh (66328): drop_caches: 3
[97103.012116] sh (66328): drop_caches: 3
[97107.059246] sh (66328): drop_caches: 3
[97111.102435] sh (66328): drop_caches: 3
[97115.145491] sh (66328): drop_caches: 3
[97119.191541] sh (66328): drop_caches: 3
[97123.238660] sh (66328): drop_caches: 3
[97127.285222] sh (66328): drop_caches: 3
[97131.335952] sh (66328): drop_caches: 3
[97135.381826] sh (66328): drop_caches: 3
[97139.430537] sh (66328): drop_caches: 3
[97143.480257] sh (66328): drop_caches: 3
[97147.528675] sh (66328): drop_caches: 3
[97151.577406] sh (66328): drop_caches: 3
[97155.626200] sh (66328): drop_caches: 3
[97159.674535] sh (66328): drop_caches: 3
[97163.725293] sh (66328): drop_caches: 3
[97167.771567] sh (66328): drop_caches: 3
[97171.824428] sh (66328): drop_caches: 3
[97175.875425] sh (66328): drop_caches: 3
[97179.923524] sh (66328): drop_caches: 3
[97183.971037] sh (66328): drop_caches: 3
[97188.019660] sh (66328): drop_caches: 3
[97192.061352] sh (66328): drop_caches: 3
[97196.110521] sh (66328): drop_caches: 3
[97200.151937] sh (66328): drop_caches: 3
[97204.200833] sh (66328): drop_caches: 3
[97208.252342] sh (66328): drop_caches: 3
[97212.297824] sh (66328): drop_caches: 3
[97216.352885] sh (66328): drop_caches: 3
[97220.401015] sh (66328): drop_caches: 3
[97224.450253] sh (66328): drop_caches: 3
[97228.499781] sh (66328): drop_caches: 3
[97232.545939] sh (66328): drop_caches: 3
[97236.595510] sh (66328): drop_caches: 3
[97240.641533] sh (66328): drop_caches: 3
[97244.689453] sh (66328): drop_caches: 3
[97248.737473] sh (66328): drop_caches: 3
[97252.786947] sh (66328): drop_caches: 3
[97256.835204] sh (66328): drop_caches: 3
[97260.879525] sh (66328): drop_caches: 3
[97264.929705] sh (66328): drop_caches: 3
[97268.977767] sh (66328): drop_caches: 3
[97273.026075] sh (66328): drop_caches: 3
[97277.074364] sh (66328): drop_caches: 3
[97281.120520] sh (66328): drop_caches: 3
[97285.169457] sh (66328): drop_caches: 3
[97289.209172] sh (66328): drop_caches: 3
[97293.255666] sh (66328): drop_caches: 3
[97297.300348] sh (66328): drop_caches: 3
[97301.349029] sh (66328): drop_caches: 3
[97305.394905] sh (66328): drop_caches: 3
[97309.443952] sh (66328): drop_caches: 3
[97313.491307] sh (66328): drop_caches: 3
[97317.539007] sh (66328): drop_caches: 3
[97321.588200] sh (66328): drop_caches: 3
[97325.634303] sh (66328): drop_caches: 3
[97329.683882] sh (66328): drop_caches: 3
[97333.731165] sh (66328): drop_caches: 3
[97337.777481] sh (66328): drop_caches: 3
[97341.827746] sh (66328): drop_caches: 3
[97345.876985] sh (66328): drop_caches: 3
[97349.923628] sh (66328): drop_caches: 3
[97353.974770] sh (66328): drop_caches: 3
[97358.021858] sh (66328): drop_caches: 3
[97362.067628] sh (66328): drop_caches: 3
[97366.117707] sh (66328): drop_caches: 3
[97370.160136] sh (66328): drop_caches: 3
[97374.207517] sh (66328): drop_caches: 3
[97378.250059] sh (66328): drop_caches: 3
[97382.294306] sh (66328): drop_caches: 3
[97386.336590] sh (66328): drop_caches: 3
[97390.384451] sh (66328): drop_caches: 3
[97394.433836] sh (66328): drop_caches: 3
[97398.481790] sh (66328): drop_caches: 3
[97402.532152] sh (66328): drop_caches: 3
[97406.574622] sh (66328): drop_caches: 3
[97410.620902] sh (66328): drop_caches: 3
[97414.670001] sh (66328): drop_caches: 3
[97418.722282] sh (66328): drop_caches: 3
[97422.774092] sh (66328): drop_caches: 3
[97426.821095] sh (66328): drop_caches: 3
[97430.868136] sh (66328): drop_caches: 3
[97434.914074] sh (66328): drop_caches: 3
[97438.961293] sh (66328): drop_caches: 3
[97443.006849] sh (66328): drop_caches: 3
[97447.052703] sh (66328): drop_caches: 3
[97451.093624] sh (66328): drop_caches: 3
[97455.134877] sh (66328): drop_caches: 3
[97459.176377] sh (66328): drop_caches: 3
[97463.224942] sh (66328): drop_caches: 3
[97467.266396] sh (66328): drop_caches: 3
[97471.314602] sh (66328): drop_caches: 3
[97475.363880] sh (66328): drop_caches: 3
[97479.412984] sh (66328): drop_caches: 3
[97483.458919] sh (66328): drop_caches: 3
[97487.499764] sh (66328): drop_caches: 3
[97491.548803] sh (66328): drop_caches: 3
[97495.596017] sh (66328): drop_caches: 3
[97499.644709] sh (66328): drop_caches: 3
[97503.693145] sh (66328): drop_caches: 3
[97507.740690] sh (66328): drop_caches: 3
[97511.788610] sh (66328): drop_caches: 3
[97515.838419] sh (66328): drop_caches: 3
[97519.885203] sh (66328): drop_caches: 3
[97523.930065] sh (66328): drop_caches: 3
[97527.980191] sh (66328): drop_caches: 3
[97532.023060] sh (66328): drop_caches: 3
[97536.049752] sh (66328): drop_caches: 3
[97536.097675] iCAT_SQLITE_RUN_END run=20260830-001744-66197
[97536.117556] EXT4-fs (nvme1n1): unmounting filesystem a61f64de-41f2-41ee-9e11-4f6035f89dcb.
[97536.183149] pci_bus 0001:10: busn_res: [bus 10-ff] is released
[97536.183189] NVMeVirt: GC stats: policy=cat-fig7 host_pages=32421212 gc_pages=15897120 gc_count=754967 WAF=1.490 k=4 scale_pct=400 age_ratio=16
[97536.253626] NVMeVirt: Virtual NVMe device closed
