[63043.513639] NVMeVirt: Version 1.10 for >> Samsung 970 Pro SSD <<
[63043.513651] NVMeVirt: Storage: 0x100100000-0x300000000 (8191 MiB)
[63043.522537] NVMeVirt: Total Capacity(GiB,MiB)=2,2048 chs=2 luns=4 lines=8192 blk-size(MiB,KiB)=0,64 line-size(MiB,KiB)=0,256
[63043.533679] NVMeVirt: [chmodel_init] bandwidth 800 max_credits 26 tx_time 152
[63043.541044] NVMeVirt: [chmodel_init] bandwidth 800 max_credits 26 tx_time 152
[63043.541058] NVMeVirt: [chmodel_init] bandwidth 3360 max_credits 110 tx_time 36
[63043.542308] NVMeVirt: pqueue: Copyright (c) 2014, Volkan Yazıcı <volkan.yazici@gmail.com>. All rights reserved.
[63043.542344] NVMeVirt: Init FTL instance with 2 channels (524288 pages)
[63043.542345] NVMeVirt: GC victim policy: cat-fig7 k=2 scale_pct=100 age_ratio=16
[63043.548854] NVMeVirt: [chmodel_init] bandwidth 800 max_credits 26 tx_time 152
[63043.555320] NVMeVirt: [chmodel_init] bandwidth 800 max_credits 26 tx_time 152
[63043.555334] NVMeVirt: [chmodel_init] bandwidth 3360 max_credits 110 tx_time 36
[63043.556587] NVMeVirt: Init FTL instance with 2 channels (524288 pages)
[63043.556588] NVMeVirt: GC victim policy: cat-fig7 k=2 scale_pct=100 age_ratio=16
[63043.563015] NVMeVirt: [chmodel_init] bandwidth 800 max_credits 26 tx_time 152
[63043.569428] NVMeVirt: [chmodel_init] bandwidth 800 max_credits 26 tx_time 152
[63043.569442] NVMeVirt: [chmodel_init] bandwidth 3360 max_credits 110 tx_time 36
[63043.570687] NVMeVirt: Init FTL instance with 2 channels (524288 pages)
[63043.570687] NVMeVirt: GC victim policy: cat-fig7 k=2 scale_pct=100 age_ratio=16
[63043.577098] NVMeVirt: [chmodel_init] bandwidth 800 max_credits 26 tx_time 152
[63043.583515] NVMeVirt: [chmodel_init] bandwidth 800 max_credits 26 tx_time 152
[63043.583529] NVMeVirt: [chmodel_init] bandwidth 3360 max_credits 110 tx_time 36
[63043.584761] NVMeVirt: Init FTL instance with 2 channels (524288 pages)
[63043.584762] NVMeVirt: GC victim policy: cat-fig7 k=2 scale_pct=100 age_ratio=16
[63043.584766] NVMeVirt: FTL physical space: 8588886016, logical space: 8026996276 (physical/logical * 100 = 107)
[63043.584767] NVMeVirt: ns 0/1: size 7655 MiB
[63043.584809] PCI host bridge to bus 0001:10
[63043.584811] pci_bus 0001:10: root bus resource [io  0x0000-0xffff]
[63043.584813] pci_bus 0001:10: root bus resource [mem 0x00000000-0x3fffffffffff]
[63043.584814] pci_bus 0001:10: root bus resource [bus 00-ff]
[63043.584820] pci 0001:10:00.0: [0c51:0110] type 00 class 0x010802 PCIe Endpoint
[63043.584823] pci 0001:10:00.0: BAR 0 [mem 0x100000000-0x100003fff 64bit]
[63043.584824] pci 0001:10:00.0: enabling Extended Tags
[63043.584935] NVMeVirt: Virtual PCI bus created (node 0)
[63043.585434] NVMeVirt: nvmev_io_worker_0 started on cpu 2 (node 0)
[63043.585527] NVMeVirt: nvmev_dispatcher started on cpu 1 (node 0)
[63043.585838] nvme nvme1: pci function 0001:10:00.0
[63043.590590] nvme nvme1: 20/0/0 default/read/poll queues
[63043.594798] NVMeVirt: Virtual NVMe device created
[63044.656882] EXT4-fs (nvme1n1): mounted filesystem a645fe1b-4499-440c-aa11-92ba70cebb81 r/w with ordered data mode. Quota mode: none.
[63044.689414] iCAT_SQLITE_LOAD_START run=20260829-150920-51849
[63121.991697] iCAT_SQLITE_LOAD_END run=20260829-150920-51849
[63122.443788] sh (51982): drop_caches: 3
[63122.478756] iCAT_SQLITE_RUN_START run=20260829-150920-51849
[63126.032921] sh (51983): drop_caches: 3
[63130.077208] sh (51983): drop_caches: 3
[63134.123934] sh (51983): drop_caches: 3
[63138.170521] sh (51983): drop_caches: 3
[63142.217596] sh (51983): drop_caches: 3
[63146.263326] sh (51983): drop_caches: 3
[63150.308426] sh (51983): drop_caches: 3
[63154.353911] sh (51983): drop_caches: 3
[63158.392772] sh (51983): drop_caches: 3
[63162.430535] sh (51983): drop_caches: 3
[63166.473940] sh (51983): drop_caches: 3
[63170.522770] sh (51983): drop_caches: 3
[63174.566276] sh (51983): drop_caches: 3
[63178.608017] sh (51983): drop_caches: 3
[63182.647500] sh (51983): drop_caches: 3
[63186.692743] sh (51983): drop_caches: 3
[63190.741105] sh (51983): drop_caches: 3
[63194.785516] sh (51983): drop_caches: 3
[63198.830562] sh (51983): drop_caches: 3
[63202.874724] sh (51983): drop_caches: 3
[63206.917699] sh (51983): drop_caches: 3
[63210.960396] sh (51983): drop_caches: 3
[63215.005507] sh (51983): drop_caches: 3
[63219.051126] sh (51983): drop_caches: 3
[63223.094202] sh (51983): drop_caches: 3
[63227.140059] sh (51983): drop_caches: 3
[63231.182890] sh (51983): drop_caches: 3
[63235.225597] sh (51983): drop_caches: 3
[63239.272448] sh (51983): drop_caches: 3
[63243.317546] sh (51983): drop_caches: 3
[63247.362285] sh (51983): drop_caches: 3
[63251.400130] sh (51983): drop_caches: 3
[63255.440858] sh (51983): drop_caches: 3
[63259.479381] sh (51983): drop_caches: 3
[63263.524383] sh (51983): drop_caches: 3
[63267.567210] sh (51983): drop_caches: 3
[63271.610246] sh (51983): drop_caches: 3
[63275.654322] sh (51983): drop_caches: 3
[63279.696878] sh (51983): drop_caches: 3
[63283.744222] sh (51983): drop_caches: 3
[63287.790238] sh (51983): drop_caches: 3
[63291.835469] sh (51983): drop_caches: 3
[63295.882868] sh (51983): drop_caches: 3
[63299.930328] sh (51983): drop_caches: 3
[63303.973813] sh (51983): drop_caches: 3
[63308.017723] sh (51983): drop_caches: 3
[63312.065619] sh (51983): drop_caches: 3
[63316.110105] sh (51983): drop_caches: 3
[63320.154673] sh (51983): drop_caches: 3
[63324.199730] sh (51983): drop_caches: 3
[63328.245253] sh (51983): drop_caches: 3
[63332.290110] sh (51983): drop_caches: 3
[63336.333290] sh (51983): drop_caches: 3
[63340.378297] sh (51983): drop_caches: 3
[63344.421645] sh (51983): drop_caches: 3
[63348.465470] sh (51983): drop_caches: 3
[63352.508574] sh (51983): drop_caches: 3
[63356.552456] sh (51983): drop_caches: 3
[63360.594505] sh (51983): drop_caches: 3
[63364.638824] sh (51983): drop_caches: 3
[63368.684308] sh (51983): drop_caches: 3
[63372.729296] sh (51983): drop_caches: 3
[63376.770092] sh (51983): drop_caches: 3
[63380.814960] sh (51983): drop_caches: 3
[63384.857996] sh (51983): drop_caches: 3
[63388.897614] sh (51983): drop_caches: 3
[63392.942438] sh (51983): drop_caches: 3
[63396.985118] sh (51983): drop_caches: 3
[63401.028490] sh (51983): drop_caches: 3
[63405.073369] sh (51983): drop_caches: 3
[63409.118106] sh (51983): drop_caches: 3
[63413.162577] sh (51983): drop_caches: 3
[63417.207713] sh (51983): drop_caches: 3
[63421.250048] sh (51983): drop_caches: 3
[63425.292041] sh (51983): drop_caches: 3
[63429.335369] sh (51983): drop_caches: 3
[63433.379354] sh (51983): drop_caches: 3
[63437.418916] sh (51983): drop_caches: 3
[63441.464025] sh (51983): drop_caches: 3
[63445.506505] sh (51983): drop_caches: 3
[63449.550027] sh (51983): drop_caches: 3
[63453.595644] sh (51983): drop_caches: 3
[63457.641966] sh (51983): drop_caches: 3
[63461.684213] sh (51983): drop_caches: 3
[63465.727505] sh (51983): drop_caches: 3
[63469.774183] sh (51983): drop_caches: 3
[63473.819222] sh (51983): drop_caches: 3
[63477.863821] sh (51983): drop_caches: 3
[63481.908717] sh (51983): drop_caches: 3
[63485.953739] sh (51983): drop_caches: 3
[63490.000928] sh (51983): drop_caches: 3
[63494.043494] sh (51983): drop_caches: 3
[63498.088414] sh (51983): drop_caches: 3
[63502.133273] sh (51983): drop_caches: 3
[63506.179726] sh (51983): drop_caches: 3
[63510.225482] sh (51983): drop_caches: 3
[63514.269917] sh (51983): drop_caches: 3
[63518.311560] sh (51983): drop_caches: 3
[63522.358337] sh (51983): drop_caches: 3
[63526.396966] sh (51983): drop_caches: 3
[63530.434952] sh (51983): drop_caches: 3
[63534.477296] sh (51983): drop_caches: 3
[63538.519134] sh (51983): drop_caches: 3
[63542.559206] sh (51983): drop_caches: 3
[63546.602710] sh (51983): drop_caches: 3
[63550.647251] sh (51983): drop_caches: 3
[63554.692610] sh (51983): drop_caches: 3
[63558.737525] sh (51983): drop_caches: 3
[63562.781878] sh (51983): drop_caches: 3
[63566.826360] sh (51983): drop_caches: 3
[63570.870099] sh (51983): drop_caches: 3
[63574.917336] sh (51983): drop_caches: 3
[63578.962165] sh (51983): drop_caches: 3
[63583.007784] sh (51983): drop_caches: 3
[63587.052971] sh (51983): drop_caches: 3
[63591.095184] sh (51983): drop_caches: 3
[63595.139541] sh (51983): drop_caches: 3
[63599.184173] sh (51983): drop_caches: 3
[63603.229090] sh (51983): drop_caches: 3
[63607.271038] sh (51983): drop_caches: 3
[63611.313637] sh (51983): drop_caches: 3
[63615.360346] sh (51983): drop_caches: 3
[63619.398888] sh (51983): drop_caches: 3
[63623.436621] sh (51983): drop_caches: 3
[63627.478944] sh (51983): drop_caches: 3
[63631.523543] sh (51983): drop_caches: 3
[63635.568914] sh (51983): drop_caches: 3
[63639.612579] sh (51983): drop_caches: 3
[63643.657884] sh (51983): drop_caches: 3
[63647.703055] sh (51983): drop_caches: 3
[63651.745189] sh (51983): drop_caches: 3
[63655.788209] sh (51983): drop_caches: 3
[63659.830609] sh (51983): drop_caches: 3
[63663.877409] sh (51983): drop_caches: 3
[63667.922225] sh (51983): drop_caches: 3
[63671.964302] sh (51983): drop_caches: 3
[63676.010337] sh (51983): drop_caches: 3
[63680.053421] sh (51983): drop_caches: 3
[63684.099575] sh (51983): drop_caches: 3
[63688.144776] sh (51983): drop_caches: 3
[63692.188667] sh (51983): drop_caches: 3
[63696.231001] sh (51983): drop_caches: 3
[63700.276564] sh (51983): drop_caches: 3
[63704.322011] sh (51983): drop_caches: 3
[63708.366018] sh (51983): drop_caches: 3
[63712.408670] sh (51983): drop_caches: 3
[63716.453994] sh (51983): drop_caches: 3
[63720.498298] sh (51983): drop_caches: 3
[63724.546556] sh (51983): drop_caches: 3
[63728.590153] sh (51983): drop_caches: 3
[63732.635202] sh (51983): drop_caches: 3
[63736.681195] sh (51983): drop_caches: 3
[63740.720358] sh (51983): drop_caches: 3
[63744.762986] sh (51983): drop_caches: 3
[63748.808425] sh (51983): drop_caches: 3
[63752.853315] sh (51983): drop_caches: 3
[63756.897946] sh (51983): drop_caches: 3
[63760.944071] sh (51983): drop_caches: 3
[63764.989725] sh (51983): drop_caches: 3
[63769.035973] sh (51983): drop_caches: 3
[63773.079469] sh (51983): drop_caches: 3
[63777.123714] sh (51983): drop_caches: 3
[63781.166626] sh (51983): drop_caches: 3
[63785.210397] sh (51983): drop_caches: 3
[63789.256925] sh (51983): drop_caches: 3
[63793.301660] sh (51983): drop_caches: 3
[63797.347926] sh (51983): drop_caches: 3
[63801.391748] sh (51983): drop_caches: 3
[63805.437485] sh (51983): drop_caches: 3
[63809.479624] sh (51983): drop_caches: 3
[63813.524496] sh (51983): drop_caches: 3
[63817.563676] sh (51983): drop_caches: 3
[63821.609304] sh (51983): drop_caches: 3
[63825.654292] sh (51983): drop_caches: 3
[63829.700167] sh (51983): drop_caches: 3
[63833.743656] sh (51983): drop_caches: 3
[63837.788961] sh (51983): drop_caches: 3
[63841.833448] sh (51983): drop_caches: 3
[63845.879177] sh (51983): drop_caches: 3
[63849.922975] sh (51983): drop_caches: 3
[63853.966271] sh (51983): drop_caches: 3
[63858.009281] sh (51983): drop_caches: 3
[63862.055114] sh (51983): drop_caches: 3
[63866.098828] sh (51983): drop_caches: 3
[63870.140962] sh (51983): drop_caches: 3
[63874.185529] sh (51983): drop_caches: 3
[63878.226450] sh (51983): drop_caches: 3
[63882.272108] sh (51983): drop_caches: 3
[63886.315774] sh (51983): drop_caches: 3
[63890.361160] sh (51983): drop_caches: 3
[63894.399725] sh (51983): drop_caches: 3
[63898.438571] sh (51983): drop_caches: 3
[63902.482029] sh (51983): drop_caches: 3
[63906.526535] sh (51983): drop_caches: 3
[63910.564525] sh (51983): drop_caches: 3
[63914.604144] sh (51983): drop_caches: 3
[63918.646173] sh (51983): drop_caches: 3
[63922.690061] sh (51983): drop_caches: 3
[63926.728498] sh (51983): drop_caches: 3
[63930.770651] sh (51983): drop_caches: 3
[63934.814524] sh (51983): drop_caches: 3
[63938.860042] sh (51983): drop_caches: 3
[63942.906524] sh (51983): drop_caches: 3
[63946.951573] sh (51983): drop_caches: 3
[63950.996925] sh (51983): drop_caches: 3
[63955.041883] sh (51983): drop_caches: 3
[63959.086230] sh (51983): drop_caches: 3
[63963.132491] sh (51983): drop_caches: 3
[63967.177764] sh (51983): drop_caches: 3
[63971.222274] sh (51983): drop_caches: 3
[63975.267416] sh (51983): drop_caches: 3
[63979.311725] sh (51983): drop_caches: 3
[63983.359042] sh (51983): drop_caches: 3
[63987.398223] sh (51983): drop_caches: 3
[63991.438232] sh (51983): drop_caches: 3
[63995.484051] sh (51983): drop_caches: 3
[63999.528666] sh (51983): drop_caches: 3
[64003.574325] sh (51983): drop_caches: 3
[64007.618882] sh (51983): drop_caches: 3
[64011.663869] sh (51983): drop_caches: 3
[64015.706417] sh (51983): drop_caches: 3
[64019.752898] sh (51983): drop_caches: 3
[64023.799609] sh (51983): drop_caches: 3
[64027.842226] sh (51983): drop_caches: 3
[64031.884708] sh (51983): drop_caches: 3
[64035.931514] sh (51983): drop_caches: 3
[64039.977178] sh (51983): drop_caches: 3
[64044.019728] sh (51983): drop_caches: 3
[64048.062952] sh (51983): drop_caches: 3
[64052.105156] sh (51983): drop_caches: 3
[64056.152115] sh (51983): drop_caches: 3
[64060.196477] sh (51983): drop_caches: 3
[64064.242319] sh (51983): drop_caches: 3
[64068.285318] sh (51983): drop_caches: 3
[64072.331990] sh (51983): drop_caches: 3
[64076.377519] sh (51983): drop_caches: 3
[64080.420727] sh (51983): drop_caches: 3
[64084.463384] sh (51983): drop_caches: 3
[64088.510635] sh (51983): drop_caches: 3
[64092.555364] sh (51983): drop_caches: 3
[64096.601462] sh (51983): drop_caches: 3
[64100.644907] sh (51983): drop_caches: 3
[64104.691846] sh (51983): drop_caches: 3
[64108.735573] sh (51983): drop_caches: 3
[64112.781577] sh (51983): drop_caches: 3
[64116.828634] sh (51983): drop_caches: 3
[64120.875754] sh (51983): drop_caches: 3
[64124.921784] sh (51983): drop_caches: 3
[64128.966947] sh (51983): drop_caches: 3
[64133.014622] sh (51983): drop_caches: 3
[64137.060188] sh (51983): drop_caches: 3
[64141.104214] sh (51983): drop_caches: 3
[64145.147827] sh (51983): drop_caches: 3
[64149.193119] sh (51983): drop_caches: 3
[64153.237631] sh (51983): drop_caches: 3
[64157.284816] sh (51983): drop_caches: 3
[64161.328733] sh (51983): drop_caches: 3
[64165.373819] sh (51983): drop_caches: 3
[64169.418162] sh (51983): drop_caches: 3
[64173.463697] sh (51983): drop_caches: 3
[64177.507620] sh (51983): drop_caches: 3
[64181.553184] sh (51983): drop_caches: 3
[64185.595905] sh (51983): drop_caches: 3
[64189.641768] sh (51983): drop_caches: 3
[64193.686751] sh (51983): drop_caches: 3
[64197.729366] sh (51983): drop_caches: 3
[64201.773242] sh (51983): drop_caches: 3
[64205.817671] sh (51983): drop_caches: 3
[64209.861029] sh (51983): drop_caches: 3
[64213.904203] sh (51983): drop_caches: 3
[64217.948167] sh (51983): drop_caches: 3
[64221.986853] sh (51983): drop_caches: 3
[64226.032061] sh (51983): drop_caches: 3
[64230.079891] sh (51983): drop_caches: 3
[64234.122392] sh (51983): drop_caches: 3
[64238.164995] sh (51983): drop_caches: 3
[64242.213032] sh (51983): drop_caches: 3
[64246.258059] sh (51983): drop_caches: 3
[64250.302300] sh (51983): drop_caches: 3
[64254.349305] sh (51983): drop_caches: 3
[64258.389395] sh (51983): drop_caches: 3
[64262.427303] sh (51983): drop_caches: 3
[64266.469331] sh (51983): drop_caches: 3
[64270.513156] sh (51983): drop_caches: 3
[64274.551773] sh (51983): drop_caches: 3
[64278.591093] sh (51983): drop_caches: 3
[64282.636439] sh (51983): drop_caches: 3
[64286.681802] sh (51983): drop_caches: 3
[64290.727261] sh (51983): drop_caches: 3
[64294.771801] sh (51983): drop_caches: 3
[64298.811308] sh (51983): drop_caches: 3
[64302.855411] sh (51983): drop_caches: 3
[64306.899855] sh (51983): drop_caches: 3
[64310.942860] sh (51983): drop_caches: 3
[64314.986442] sh (51983): drop_caches: 3
[64319.029068] sh (51983): drop_caches: 3
[64323.074857] sh (51983): drop_caches: 3
[64327.118190] sh (51983): drop_caches: 3
[64331.160213] sh (51983): drop_caches: 3
[64335.202961] sh (51983): drop_caches: 3
[64339.245456] sh (51983): drop_caches: 3
[64343.290531] sh (51983): drop_caches: 3
[64347.332847] sh (51983): drop_caches: 3
[64351.376742] sh (51983): drop_caches: 3
[64355.415005] sh (51983): drop_caches: 3
[64359.457021] sh (51983): drop_caches: 3
[64363.501122] sh (51983): drop_caches: 3
[64367.546634] sh (51983): drop_caches: 3
[64371.591330] sh (51983): drop_caches: 3
[64375.628939] sh (51983): drop_caches: 3
[64379.674392] sh (51983): drop_caches: 3
[64383.718355] sh (51983): drop_caches: 3
[64387.762552] sh (51983): drop_caches: 3
[64391.805154] sh (51983): drop_caches: 3
[64395.847638] sh (51983): drop_caches: 3
[64399.892361] sh (51983): drop_caches: 3
[64403.934592] sh (51983): drop_caches: 3
[64407.979432] sh (51983): drop_caches: 3
[64412.024438] sh (51983): drop_caches: 3
[64416.067133] sh (51983): drop_caches: 3
[64420.112667] sh (51983): drop_caches: 3
[64424.154126] sh (51983): drop_caches: 3
[64428.201039] sh (51983): drop_caches: 3
[64432.244967] sh (51983): drop_caches: 3
[64436.289895] sh (51983): drop_caches: 3
[64440.333362] sh (51983): drop_caches: 3
[64444.381413] sh (51983): drop_caches: 3
[64448.427078] sh (51983): drop_caches: 3
[64452.464645] sh (51983): drop_caches: 3
[64456.510000] sh (51983): drop_caches: 3
[64460.555085] sh (51983): drop_caches: 3
[64464.600168] sh (51983): drop_caches: 3
[64468.646185] sh (51983): drop_caches: 3
[64472.689980] sh (51983): drop_caches: 3
[64476.731277] sh (51983): drop_caches: 3
[64480.778715] sh (51983): drop_caches: 3
[64484.821264] sh (51983): drop_caches: 3
[64488.867826] sh (51983): drop_caches: 3
[64492.912818] sh (51983): drop_caches: 3
[64496.958022] sh (51983): drop_caches: 3
[64501.003345] sh (51983): drop_caches: 3
[64505.047314] sh (51983): drop_caches: 3
[64509.092252] sh (51983): drop_caches: 3
[64513.141475] sh (51983): drop_caches: 3
[64517.187065] sh (51983): drop_caches: 3
[64521.231933] sh (51983): drop_caches: 3
[64525.276782] sh (51983): drop_caches: 3
[64529.322383] sh (51983): drop_caches: 3
[64533.367096] sh (51983): drop_caches: 3
[64537.411646] sh (51983): drop_caches: 3
[64541.454620] sh (51983): drop_caches: 3
[64545.498186] sh (51983): drop_caches: 3
[64549.544985] sh (51983): drop_caches: 3
[64553.590501] sh (51983): drop_caches: 3
[64557.633427] sh (51983): drop_caches: 3
[64561.681651] sh (51983): drop_caches: 3
[64565.725228] sh (51983): drop_caches: 3
[64569.772613] sh (51983): drop_caches: 3
[64573.817445] sh (51983): drop_caches: 3
[64577.861263] sh (51983): drop_caches: 3
[64581.907679] sh (51983): drop_caches: 3
[64585.953288] sh (51983): drop_caches: 3
[64589.998172] sh (51983): drop_caches: 3
[64594.042486] sh (51983): drop_caches: 3
[64598.087329] sh (51983): drop_caches: 3
[64602.130877] sh (51983): drop_caches: 3
[64606.174022] sh (51983): drop_caches: 3
[64610.217830] sh (51983): drop_caches: 3
[64614.262724] sh (51983): drop_caches: 3
[64618.305492] sh (51983): drop_caches: 3
[64622.350922] sh (51983): drop_caches: 3
[64626.391810] sh (51983): drop_caches: 3
[64630.411163] sh (51983): drop_caches: 3
[64630.458874] iCAT_SQLITE_RUN_END run=20260829-150920-51849
[64630.478612] EXT4-fs (nvme1n1): unmounting filesystem a645fe1b-4499-440c-aa11-92ba70cebb81.
[64630.554249] pci_bus 0001:10: busn_res: [bus 10-ff] is released
[64630.554300] NVMeVirt: GC stats: policy=cat-fig7 host_pages=32418562 gc_pages=16189583 gc_count=759495 WAF=1.499 k=2 scale_pct=100 age_ratio=16
[64630.618842] NVMeVirt: Virtual NVMe device closed
