[72519.248969] NVMeVirt: Version 1.10 for >> Samsung 970 Pro SSD <<
[72519.248976] NVMeVirt: Storage: 0x100100000-0x300000000 (8191 MiB)
[72519.254683] NVMeVirt: Total Capacity(GiB,MiB)=2,2048 chs=2 luns=4 lines=8192 blk-size(MiB,KiB)=0,64 line-size(MiB,KiB)=0,256
[72519.261329] NVMeVirt: [chmodel_init] bandwidth 800 max_credits 26 tx_time 152
[72519.267939] NVMeVirt: [chmodel_init] bandwidth 800 max_credits 26 tx_time 152
[72519.267954] NVMeVirt: [chmodel_init] bandwidth 3360 max_credits 110 tx_time 36
[72519.269153] NVMeVirt: pqueue: Copyright (c) 2014, Volkan Yazıcı <volkan.yazici@gmail.com>. All rights reserved.
[72519.269188] NVMeVirt: Init FTL instance with 2 channels (524288 pages)
[72519.269189] NVMeVirt: GC victim policy: cat-fig7 k=2 scale_pct=400 age_ratio=16
[72519.275669] NVMeVirt: [chmodel_init] bandwidth 800 max_credits 26 tx_time 152
[72519.282143] NVMeVirt: [chmodel_init] bandwidth 800 max_credits 26 tx_time 152
[72519.282158] NVMeVirt: [chmodel_init] bandwidth 3360 max_credits 110 tx_time 36
[72519.283391] NVMeVirt: Init FTL instance with 2 channels (524288 pages)
[72519.283392] NVMeVirt: GC victim policy: cat-fig7 k=2 scale_pct=400 age_ratio=16
[72519.289877] NVMeVirt: [chmodel_init] bandwidth 800 max_credits 26 tx_time 152
[72519.296357] NVMeVirt: [chmodel_init] bandwidth 800 max_credits 26 tx_time 152
[72519.296370] NVMeVirt: [chmodel_init] bandwidth 3360 max_credits 110 tx_time 36
[72519.297638] NVMeVirt: Init FTL instance with 2 channels (524288 pages)
[72519.297639] NVMeVirt: GC victim policy: cat-fig7 k=2 scale_pct=400 age_ratio=16
[72519.304089] NVMeVirt: [chmodel_init] bandwidth 800 max_credits 26 tx_time 152
[72519.310524] NVMeVirt: [chmodel_init] bandwidth 800 max_credits 26 tx_time 152
[72519.310539] NVMeVirt: [chmodel_init] bandwidth 3360 max_credits 110 tx_time 36
[72519.311803] NVMeVirt: Init FTL instance with 2 channels (524288 pages)
[72519.311804] NVMeVirt: GC victim policy: cat-fig7 k=2 scale_pct=400 age_ratio=16
[72519.311808] NVMeVirt: FTL physical space: 8588886016, logical space: 8026996276 (physical/logical * 100 = 107)
[72519.311810] NVMeVirt: ns 0/1: size 7655 MiB
[72519.311849] PCI host bridge to bus 0001:10
[72519.311851] pci_bus 0001:10: root bus resource [io  0x0000-0xffff]
[72519.311853] pci_bus 0001:10: root bus resource [mem 0x00000000-0x3fffffffffff]
[72519.311855] pci_bus 0001:10: root bus resource [bus 00-ff]
[72519.311861] pci 0001:10:00.0: [0c51:0110] type 00 class 0x010802 PCIe Endpoint
[72519.311864] pci 0001:10:00.0: BAR 0 [mem 0x100000000-0x100003fff 64bit]
[72519.311865] pci 0001:10:00.0: enabling Extended Tags
[72519.311980] NVMeVirt: Virtual PCI bus created (node 0)
[72519.312551] NVMeVirt: nvmev_io_worker_0 started on cpu 2 (node 0)
[72519.312629] NVMeVirt: nvmev_dispatcher started on cpu 1 (node 0)
[72519.312851] nvme nvme1: pci function 0001:10:00.0
[72519.316835] nvme nvme1: 20/0/0 default/read/poll queues
[72519.319472] NVMeVirt: Virtual NVMe device created
[72520.380821] EXT4-fs (nvme1n1): mounted filesystem 9b22e27c-0ef2-4a6d-b509-f5f15a21aa50 r/w with ordered data mode. Quota mode: none.
[72520.412895] iCAT_SQLITE_LOAD_START run=20260829-174715-55664
[72598.142702] iCAT_SQLITE_LOAD_END run=20260829-174715-55664
[72598.581044] sh (55793): drop_caches: 3
[72598.614177] iCAT_SQLITE_RUN_START run=20260829-174715-55664
[72602.184150] sh (55795): drop_caches: 3
[72606.227915] sh (55795): drop_caches: 3
[72610.270798] sh (55795): drop_caches: 3
[72614.317084] sh (55795): drop_caches: 3
[72618.357432] sh (55795): drop_caches: 3
[72622.403968] sh (55795): drop_caches: 3
[72626.448260] sh (55795): drop_caches: 3
[72630.496914] sh (55795): drop_caches: 3
[72634.537908] sh (55795): drop_caches: 3
[72638.585294] sh (55795): drop_caches: 3
[72642.630430] sh (55795): drop_caches: 3
[72646.673172] sh (55795): drop_caches: 3
[72650.715970] sh (55795): drop_caches: 3
[72654.760967] sh (55795): drop_caches: 3
[72658.808121] sh (55795): drop_caches: 3
[72662.853654] sh (55795): drop_caches: 3
[72666.900618] sh (55795): drop_caches: 3
[72670.945281] sh (55795): drop_caches: 3
[72674.988429] sh (55795): drop_caches: 3
[72679.034330] sh (55795): drop_caches: 3
[72683.079514] sh (55795): drop_caches: 3
[72687.125701] sh (55795): drop_caches: 3
[72691.169490] sh (55795): drop_caches: 3
[72695.216456] sh (55795): drop_caches: 3
[72699.261121] sh (55795): drop_caches: 3
[72703.307398] sh (55795): drop_caches: 3
[72707.348444] sh (55795): drop_caches: 3
[72711.386533] sh (55795): drop_caches: 3
[72715.431367] sh (55795): drop_caches: 3
[72719.479949] sh (55795): drop_caches: 3
[72723.524226] sh (55795): drop_caches: 3
[72727.568577] sh (55795): drop_caches: 3
[72731.613604] sh (55795): drop_caches: 3
[72735.660254] sh (55795): drop_caches: 3
[72739.706070] sh (55795): drop_caches: 3
[72743.752744] sh (55795): drop_caches: 3
[72747.799010] sh (55795): drop_caches: 3
[72751.843847] sh (55795): drop_caches: 3
[72755.890000] sh (55795): drop_caches: 3
[72759.934237] sh (55795): drop_caches: 3
[72763.980782] sh (55795): drop_caches: 3
[72768.027588] sh (55795): drop_caches: 3
[72772.073354] sh (55795): drop_caches: 3
[72776.116077] sh (55795): drop_caches: 3
[72780.163833] sh (55795): drop_caches: 3
[72784.207987] sh (55795): drop_caches: 3
[72788.253959] sh (55795): drop_caches: 3
[72792.298347] sh (55795): drop_caches: 3
[72796.343766] sh (55795): drop_caches: 3
[72800.390306] sh (55795): drop_caches: 3
[72804.435753] sh (55795): drop_caches: 3
[72808.484548] sh (55795): drop_caches: 3
[72812.531890] sh (55795): drop_caches: 3
[72816.574162] sh (55795): drop_caches: 3
[72820.618237] sh (55795): drop_caches: 3
[72824.663509] sh (55795): drop_caches: 3
[72828.707390] sh (55795): drop_caches: 3
[72832.745085] sh (55795): drop_caches: 3
[72836.788271] sh (55795): drop_caches: 3
[72840.832624] sh (55795): drop_caches: 3
[72844.875007] sh (55795): drop_caches: 3
[72848.917350] sh (55795): drop_caches: 3
[72852.954818] sh (55795): drop_caches: 3
[72856.999289] sh (55795): drop_caches: 3
[72861.044398] sh (55795): drop_caches: 3
[72865.090991] sh (55795): drop_caches: 3
[72869.136460] sh (55795): drop_caches: 3
[72873.181393] sh (55795): drop_caches: 3
[72877.225488] sh (55795): drop_caches: 3
[72881.272205] sh (55795): drop_caches: 3
[72885.317736] sh (55795): drop_caches: 3
[72889.362488] sh (55795): drop_caches: 3
[72893.405229] sh (55795): drop_caches: 3
[72897.447542] sh (55795): drop_caches: 3
[72901.490610] sh (55795): drop_caches: 3
[72905.538149] sh (55795): drop_caches: 3
[72909.574638] sh (55795): drop_caches: 3
[72913.620976] sh (55795): drop_caches: 3
[72917.663852] sh (55795): drop_caches: 3
[72921.707277] sh (55795): drop_caches: 3
[72925.753305] sh (55795): drop_caches: 3
[72929.797003] sh (55795): drop_caches: 3
[72933.839837] sh (55795): drop_caches: 3
[72937.886333] sh (55795): drop_caches: 3
[72941.930431] sh (55795): drop_caches: 3
[72945.977904] sh (55795): drop_caches: 3
[72950.021838] sh (55795): drop_caches: 3
[72954.067796] sh (55795): drop_caches: 3
[72958.112309] sh (55795): drop_caches: 3
[72962.159148] sh (55795): drop_caches: 3
[72966.202270] sh (55795): drop_caches: 3
[72970.245298] sh (55795): drop_caches: 3
[72974.291078] sh (55795): drop_caches: 3
[72978.328723] sh (55795): drop_caches: 3
[72982.368234] sh (55795): drop_caches: 3
[72986.405528] sh (55795): drop_caches: 3
[72990.450437] sh (55795): drop_caches: 3
[72994.495550] sh (55795): drop_caches: 3
[72998.534520] sh (55795): drop_caches: 3
[73002.577293] sh (55795): drop_caches: 3
[73006.626789] sh (55795): drop_caches: 3
[73010.670853] sh (55795): drop_caches: 3
[73014.715353] sh (55795): drop_caches: 3
[73018.761178] sh (55795): drop_caches: 3
[73022.805616] sh (55795): drop_caches: 3
[73026.850350] sh (55795): drop_caches: 3
[73030.894220] sh (55795): drop_caches: 3
[73034.943756] sh (55795): drop_caches: 3
[73038.989089] sh (55795): drop_caches: 3
[73043.035413] sh (55795): drop_caches: 3
[73047.080805] sh (55795): drop_caches: 3
[73051.123530] sh (55795): drop_caches: 3
[73055.168615] sh (55795): drop_caches: 3
[73059.214985] sh (55795): drop_caches: 3
[73063.258364] sh (55795): drop_caches: 3
[73067.302821] sh (55795): drop_caches: 3
[73071.340237] sh (55795): drop_caches: 3
[73075.378333] sh (55795): drop_caches: 3
[73079.424262] sh (55795): drop_caches: 3
[73083.467534] sh (55795): drop_caches: 3
[73087.510324] sh (55795): drop_caches: 3
[73091.554211] sh (55795): drop_caches: 3
[73095.599647] sh (55795): drop_caches: 3
[73099.644297] sh (55795): drop_caches: 3
[73103.689360] sh (55795): drop_caches: 3
[73107.733660] sh (55795): drop_caches: 3
[73111.776863] sh (55795): drop_caches: 3
[73115.820405] sh (55795): drop_caches: 3
[73119.865582] sh (55795): drop_caches: 3
[73123.908330] sh (55795): drop_caches: 3
[73127.950445] sh (55795): drop_caches: 3
[73131.996321] sh (55795): drop_caches: 3
[73136.042904] sh (55795): drop_caches: 3
[73140.085617] sh (55795): drop_caches: 3
[73144.131481] sh (55795): drop_caches: 3
[73148.176703] sh (55795): drop_caches: 3
[73152.220595] sh (55795): drop_caches: 3
[73156.265939] sh (55795): drop_caches: 3
[73160.310370] sh (55795): drop_caches: 3
[73164.353592] sh (55795): drop_caches: 3
[73168.396136] sh (55795): drop_caches: 3
[73172.440989] sh (55795): drop_caches: 3
[73176.486047] sh (55795): drop_caches: 3
[73180.533310] sh (55795): drop_caches: 3
[73184.576659] sh (55795): drop_caches: 3
[73188.623369] sh (55795): drop_caches: 3
[73192.667921] sh (55795): drop_caches: 3
[73196.713746] sh (55795): drop_caches: 3
[73200.758555] sh (55795): drop_caches: 3
[73204.802209] sh (55795): drop_caches: 3
[73208.844932] sh (55795): drop_caches: 3
[73212.881386] sh (55795): drop_caches: 3
[73216.924794] sh (55795): drop_caches: 3
[73220.968899] sh (55795): drop_caches: 3
[73225.012751] sh (55795): drop_caches: 3
[73229.058668] sh (55795): drop_caches: 3
[73233.103228] sh (55795): drop_caches: 3
[73237.145999] sh (55795): drop_caches: 3
[73241.191817] sh (55795): drop_caches: 3
[73245.237775] sh (55795): drop_caches: 3
[73249.282696] sh (55795): drop_caches: 3
[73253.325944] sh (55795): drop_caches: 3
[73257.371338] sh (55795): drop_caches: 3
[73261.416177] sh (55795): drop_caches: 3
[73265.464689] sh (55795): drop_caches: 3
[73269.509390] sh (55795): drop_caches: 3
[73273.555293] sh (55795): drop_caches: 3
[73277.603679] sh (55795): drop_caches: 3
[73281.648271] sh (55795): drop_caches: 3
[73285.692614] sh (55795): drop_caches: 3
[73289.738616] sh (55795): drop_caches: 3
[73293.783092] sh (55795): drop_caches: 3
[73297.828534] sh (55795): drop_caches: 3
[73301.872729] sh (55795): drop_caches: 3
[73305.916801] sh (55795): drop_caches: 3
[73309.961233] sh (55795): drop_caches: 3
[73314.007842] sh (55795): drop_caches: 3
[73318.051255] sh (55795): drop_caches: 3
[73322.094997] sh (55795): drop_caches: 3
[73326.142140] sh (55795): drop_caches: 3
[73330.186165] sh (55795): drop_caches: 3
[73334.231271] sh (55795): drop_caches: 3
[73338.277331] sh (55795): drop_caches: 3
[73342.321895] sh (55795): drop_caches: 3
[73346.361671] sh (55795): drop_caches: 3
[73350.406979] sh (55795): drop_caches: 3
[73354.449637] sh (55795): drop_caches: 3
[73358.490722] sh (55795): drop_caches: 3
[73362.530695] sh (55795): drop_caches: 3
[73366.576218] sh (55795): drop_caches: 3
[73370.621482] sh (55795): drop_caches: 3
[73374.667262] sh (55795): drop_caches: 3
[73378.710121] sh (55795): drop_caches: 3
[73382.755003] sh (55795): drop_caches: 3
[73386.799278] sh (55795): drop_caches: 3
[73390.835279] sh (55795): drop_caches: 3
[73394.881188] sh (55795): drop_caches: 3
[73398.926705] sh (55795): drop_caches: 3
[73402.972262] sh (55795): drop_caches: 3
[73407.014878] sh (55795): drop_caches: 3
[73411.057424] sh (55795): drop_caches: 3
[73415.103751] sh (55795): drop_caches: 3
[73419.146345] sh (55795): drop_caches: 3
[73423.192873] sh (55795): drop_caches: 3
[73427.238046] sh (55795): drop_caches: 3
[73431.280931] sh (55795): drop_caches: 3
[73435.320008] sh (55795): drop_caches: 3
[73439.359707] sh (55795): drop_caches: 3
[73443.408255] sh (55795): drop_caches: 3
[73447.456210] sh (55795): drop_caches: 3
[73451.505498] sh (55795): drop_caches: 3
[73455.553254] sh (55795): drop_caches: 3
[73459.598695] sh (55795): drop_caches: 3
[73463.642332] sh (55795): drop_caches: 3
[73467.681814] sh (55795): drop_caches: 3
[73471.724069] sh (55795): drop_caches: 3
[73475.769731] sh (55795): drop_caches: 3
[73479.816129] sh (55795): drop_caches: 3
[73483.860739] sh (55795): drop_caches: 3
[73487.906871] sh (55795): drop_caches: 3
[73491.955673] sh (55795): drop_caches: 3
[73496.000590] sh (55795): drop_caches: 3
[73500.045715] sh (55795): drop_caches: 3
[73504.090736] sh (55795): drop_caches: 3
[73508.131734] sh (55795): drop_caches: 3
[73512.178880] sh (55795): drop_caches: 3
[73516.220279] sh (55795): drop_caches: 3
[73520.265635] sh (55795): drop_caches: 3
[73524.312010] sh (55795): drop_caches: 3
[73528.347937] sh (55795): drop_caches: 3
[73532.391574] sh (55795): drop_caches: 3
[73536.436608] sh (55795): drop_caches: 3
[73540.479451] sh (55795): drop_caches: 3
[73544.518367] sh (55795): drop_caches: 3
[73548.563424] sh (55795): drop_caches: 3
[73552.608564] sh (55795): drop_caches: 3
[73556.651729] sh (55795): drop_caches: 3
[73560.695956] sh (55795): drop_caches: 3
[73564.740463] sh (55795): drop_caches: 3
[73568.782709] sh (55795): drop_caches: 3
[73572.828602] sh (55795): drop_caches: 3
[73576.873584] sh (55795): drop_caches: 3
[73580.916181] sh (55795): drop_caches: 3
[73584.958644] sh (55795): drop_caches: 3
[73589.000447] sh (55795): drop_caches: 3
[73593.043855] sh (55795): drop_caches: 3
[73597.091842] sh (55795): drop_caches: 3
[73601.136146] sh (55795): drop_caches: 3
[73605.182717] sh (55795): drop_caches: 3
[73609.228886] sh (55795): drop_caches: 3
[73613.275796] sh (55795): drop_caches: 3
[73617.322838] sh (55795): drop_caches: 3
[73621.365861] sh (55795): drop_caches: 3
[73625.411432] sh (55795): drop_caches: 3
[73629.457252] sh (55795): drop_caches: 3
[73633.502546] sh (55795): drop_caches: 3
[73637.548937] sh (55795): drop_caches: 3
[73641.593340] sh (55795): drop_caches: 3
[73645.638583] sh (55795): drop_caches: 3
[73649.683081] sh (55795): drop_caches: 3
[73653.728605] sh (55795): drop_caches: 3
[73657.771440] sh (55795): drop_caches: 3
[73661.817066] sh (55795): drop_caches: 3
[73665.860283] sh (55795): drop_caches: 3
[73669.905901] sh (55795): drop_caches: 3
[73673.951213] sh (55795): drop_caches: 3
[73677.996267] sh (55795): drop_caches: 3
[73682.042275] sh (55795): drop_caches: 3
[73686.085214] sh (55795): drop_caches: 3
[73690.133068] sh (55795): drop_caches: 3
[73694.179994] sh (55795): drop_caches: 3
[73698.223528] sh (55795): drop_caches: 3
[73702.269062] sh (55795): drop_caches: 3
[73706.314828] sh (55795): drop_caches: 3
[73710.352489] sh (55795): drop_caches: 3
[73714.396916] sh (55795): drop_caches: 3
[73718.440308] sh (55795): drop_caches: 3
[73722.486103] sh (55795): drop_caches: 3
[73726.525745] sh (55795): drop_caches: 3
[73730.571185] sh (55795): drop_caches: 3
[73734.616016] sh (55795): drop_caches: 3
[73738.661389] sh (55795): drop_caches: 3
[73742.704998] sh (55795): drop_caches: 3
[73746.751618] sh (55795): drop_caches: 3
[73750.797102] sh (55795): drop_caches: 3
[73754.842454] sh (55795): drop_caches: 3
[73758.887556] sh (55795): drop_caches: 3
[73762.929220] sh (55795): drop_caches: 3
[73766.976851] sh (55795): drop_caches: 3
[73771.019364] sh (55795): drop_caches: 3
[73775.065519] sh (55795): drop_caches: 3
[73779.112743] sh (55795): drop_caches: 3
[73783.155231] sh (55795): drop_caches: 3
[73787.202972] sh (55795): drop_caches: 3
[73791.247364] sh (55795): drop_caches: 3
[73795.286424] sh (55795): drop_caches: 3
[73799.324744] sh (55795): drop_caches: 3
[73803.364006] sh (55795): drop_caches: 3
[73807.410447] sh (55795): drop_caches: 3
[73811.453586] sh (55795): drop_caches: 3
[73815.499712] sh (55795): drop_caches: 3
[73819.543183] sh (55795): drop_caches: 3
[73823.592107] sh (55795): drop_caches: 3
[73827.635512] sh (55795): drop_caches: 3
[73831.679006] sh (55795): drop_caches: 3
[73835.726422] sh (55795): drop_caches: 3
[73839.772389] sh (55795): drop_caches: 3
[73843.815042] sh (55795): drop_caches: 3
[73847.858383] sh (55795): drop_caches: 3
[73851.905462] sh (55795): drop_caches: 3
[73855.950719] sh (55795): drop_caches: 3
[73859.995332] sh (55795): drop_caches: 3
[73864.040253] sh (55795): drop_caches: 3
[73868.085421] sh (55795): drop_caches: 3
[73872.125621] sh (55795): drop_caches: 3
[73876.169717] sh (55795): drop_caches: 3
[73880.212149] sh (55795): drop_caches: 3
[73884.257573] sh (55795): drop_caches: 3
[73888.300679] sh (55795): drop_caches: 3
[73892.346720] sh (55795): drop_caches: 3
[73896.391178] sh (55795): drop_caches: 3
[73900.435603] sh (55795): drop_caches: 3
[73904.474539] sh (55795): drop_caches: 3
[73908.517023] sh (55795): drop_caches: 3
[73912.561838] sh (55795): drop_caches: 3
[73916.605470] sh (55795): drop_caches: 3
[73920.649391] sh (55795): drop_caches: 3
[73924.693249] sh (55795): drop_caches: 3
[73928.739064] sh (55795): drop_caches: 3
[73932.781219] sh (55795): drop_caches: 3
[73936.826345] sh (55795): drop_caches: 3
[73940.872317] sh (55795): drop_caches: 3
[73944.914710] sh (55795): drop_caches: 3
[73948.953149] sh (55795): drop_caches: 3
[73952.998333] sh (55795): drop_caches: 3
[73957.043641] sh (55795): drop_caches: 3
[73961.090297] sh (55795): drop_caches: 3
[73965.136834] sh (55795): drop_caches: 3
[73969.179991] sh (55795): drop_caches: 3
[73973.224988] sh (55795): drop_caches: 3
[73977.270629] sh (55795): drop_caches: 3
[73981.315400] sh (55795): drop_caches: 3
[73985.360879] sh (55795): drop_caches: 3
[73989.404986] sh (55795): drop_caches: 3
[73993.450867] sh (55795): drop_caches: 3
[73997.494518] sh (55795): drop_caches: 3
[74001.541178] sh (55795): drop_caches: 3
[74005.588315] sh (55795): drop_caches: 3
[74009.632015] sh (55795): drop_caches: 3
[74013.678618] sh (55795): drop_caches: 3
[74017.723212] sh (55795): drop_caches: 3
[74021.766741] sh (55795): drop_caches: 3
[74025.812365] sh (55795): drop_caches: 3
[74029.854634] sh (55795): drop_caches: 3
[74033.900680] sh (55795): drop_caches: 3
[74037.948170] sh (55795): drop_caches: 3
[74041.990979] sh (55795): drop_caches: 3
[74046.035326] sh (55795): drop_caches: 3
[74050.080677] sh (55795): drop_caches: 3
[74054.124814] sh (55795): drop_caches: 3
[74058.166889] sh (55795): drop_caches: 3
[74062.212812] sh (55795): drop_caches: 3
[74066.258981] sh (55795): drop_caches: 3
[74070.304369] sh (55795): drop_caches: 3
[74074.344473] sh (55795): drop_caches: 3
[74078.387427] sh (55795): drop_caches: 3
[74082.433741] sh (55795): drop_caches: 3
[74086.479024] sh (55795): drop_caches: 3
[74090.516476] sh (55795): drop_caches: 3
[74094.561164] sh (55795): drop_caches: 3
[74098.596213] sh (55795): drop_caches: 3
[74098.646467] iCAT_SQLITE_RUN_END run=20260829-174715-55664
[74098.666688] EXT4-fs (nvme1n1): unmounting filesystem 9b22e27c-0ef2-4a6d-b509-f5f15a21aa50.
[74098.739610] pci_bus 0001:10: busn_res: [bus 10-ff] is released
[74098.739667] NVMeVirt: GC stats: policy=cat-fig7 host_pages=32396326 gc_pages=16268434 gc_count=760380 WAF=1.502 k=2 scale_pct=400 age_ratio=16
[74098.808364] NVMeVirt: Virtual NVMe device closed
