[51960.117152] NVMeVirt: Version 1.10 for >> Samsung 970 Pro SSD <<
[51960.117158] NVMeVirt: Storage: 0x100100000-0x300000000 (8191 MiB)
[51960.123413] NVMeVirt: Total Capacity(GiB,MiB)=2,2048 chs=2 luns=4 lines=8192 blk-size(MiB,KiB)=0,64 line-size(MiB,KiB)=0,256
[51960.133096] NVMeVirt: [chmodel_init] bandwidth 800 max_credits 26 tx_time 152
[51960.139736] NVMeVirt: [chmodel_init] bandwidth 800 max_credits 26 tx_time 152
[51960.139749] NVMeVirt: [chmodel_init] bandwidth 3360 max_credits 110 tx_time 36
[51960.140970] NVMeVirt: pqueue: Copyright (c) 2014, Volkan Yazıcı <volkan.yazici@gmail.com>. All rights reserved.
[51960.141005] NVMeVirt: Init FTL instance with 2 channels (524288 pages)
[51960.141007] NVMeVirt: GC victim policy: cat-fig7 k=2 scale_pct=25 age_ratio=7
[51960.147507] NVMeVirt: [chmodel_init] bandwidth 800 max_credits 26 tx_time 152
[51960.153914] NVMeVirt: [chmodel_init] bandwidth 800 max_credits 26 tx_time 152
[51960.153928] NVMeVirt: [chmodel_init] bandwidth 3360 max_credits 110 tx_time 36
[51960.155179] NVMeVirt: Init FTL instance with 2 channels (524288 pages)
[51960.155180] NVMeVirt: GC victim policy: cat-fig7 k=2 scale_pct=25 age_ratio=7
[51960.161628] NVMeVirt: [chmodel_init] bandwidth 800 max_credits 26 tx_time 152
[51960.168074] NVMeVirt: [chmodel_init] bandwidth 800 max_credits 26 tx_time 152
[51960.168088] NVMeVirt: [chmodel_init] bandwidth 3360 max_credits 110 tx_time 36
[51960.169335] NVMeVirt: Init FTL instance with 2 channels (524288 pages)
[51960.169336] NVMeVirt: GC victim policy: cat-fig7 k=2 scale_pct=25 age_ratio=7
[51960.175732] NVMeVirt: [chmodel_init] bandwidth 800 max_credits 26 tx_time 152
[51960.182181] NVMeVirt: [chmodel_init] bandwidth 800 max_credits 26 tx_time 152
[51960.182194] NVMeVirt: [chmodel_init] bandwidth 3360 max_credits 110 tx_time 36
[51960.183435] NVMeVirt: Init FTL instance with 2 channels (524288 pages)
[51960.183436] NVMeVirt: GC victim policy: cat-fig7 k=2 scale_pct=25 age_ratio=7
[51960.183439] NVMeVirt: FTL physical space: 8588886016, logical space: 8026996276 (physical/logical * 100 = 107)
[51960.183441] NVMeVirt: ns 0/1: size 7655 MiB
[51960.183481] PCI host bridge to bus 0001:10
[51960.183488] pci_bus 0001:10: root bus resource [io  0x0000-0xffff]
[51960.183490] pci_bus 0001:10: root bus resource [mem 0x00000000-0x3fffffffffff]
[51960.183491] pci_bus 0001:10: root bus resource [bus 00-ff]
[51960.183497] pci 0001:10:00.0: [0c51:0110] type 00 class 0x010802 PCIe Endpoint
[51960.183500] pci 0001:10:00.0: BAR 0 [mem 0x100000000-0x100003fff 64bit]
[51960.183502] pci 0001:10:00.0: enabling Extended Tags
[51960.183609] NVMeVirt: Virtual PCI bus created (node 0)
[51960.184039] NVMeVirt: nvmev_io_worker_0 started on cpu 2 (node 0)
[51960.184152] NVMeVirt: nvmev_dispatcher started on cpu 1 (node 0)
[51960.184325] nvme nvme1: pci function 0001:10:00.0
[51960.188592] nvme nvme1: 20/0/0 default/read/poll queues
[51960.191759] NVMeVirt: Virtual NVMe device created
[51961.253566] EXT4-fs (nvme1n1): mounted filesystem 944e9910-d405-4d5e-b70b-c4e9433cd2e6 r/w with ordered data mode. Quota mode: none.
[51961.284450] iCAT_SQLITE_LOAD_START run=20260829-120436-47376
[52038.934650] iCAT_SQLITE_LOAD_END run=20260829-120436-47376
[52039.374190] sh (47510): drop_caches: 3
[52039.401681] iCAT_SQLITE_RUN_START run=20260829-120436-47376
[52042.979744] sh (47509): drop_caches: 3
[52047.024013] sh (47509): drop_caches: 3
[52051.070864] sh (47509): drop_caches: 3
[52055.117117] sh (47509): drop_caches: 3
[52059.161429] sh (47509): drop_caches: 3
[52063.210840] sh (47509): drop_caches: 3
[52067.256766] sh (47509): drop_caches: 3
[52071.303483] sh (47509): drop_caches: 3
[52075.349627] sh (47509): drop_caches: 3
[52079.396088] sh (47509): drop_caches: 3
[52083.442438] sh (47509): drop_caches: 3
[52087.486399] sh (47509): drop_caches: 3
[52091.525972] sh (47509): drop_caches: 3
[52095.574667] sh (47509): drop_caches: 3
[52099.625525] sh (47509): drop_caches: 3
[52103.670039] sh (47509): drop_caches: 3
[52107.717060] sh (47509): drop_caches: 3
[52111.760988] sh (47509): drop_caches: 3
[52115.808302] sh (47509): drop_caches: 3
[52119.853753] sh (47509): drop_caches: 3
[52123.898207] sh (47509): drop_caches: 3
[52127.946403] sh (47509): drop_caches: 3
[52131.992529] sh (47509): drop_caches: 3
[52136.039951] sh (47509): drop_caches: 3
[52140.085190] sh (47509): drop_caches: 3
[52144.131852] sh (47509): drop_caches: 3
[52148.177613] sh (47509): drop_caches: 3
[52152.223173] sh (47509): drop_caches: 3
[52156.269540] sh (47509): drop_caches: 3
[52160.314337] sh (47509): drop_caches: 3
[52164.361057] sh (47509): drop_caches: 3
[52168.406724] sh (47509): drop_caches: 3
[52172.451055] sh (47509): drop_caches: 3
[52176.497077] sh (47509): drop_caches: 3
[52180.542865] sh (47509): drop_caches: 3
[52184.588680] sh (47509): drop_caches: 3
[52188.633752] sh (47509): drop_caches: 3
[52192.677776] sh (47509): drop_caches: 3
[52196.727111] sh (47509): drop_caches: 3
[52200.772273] sh (47509): drop_caches: 3
[52204.816750] sh (47509): drop_caches: 3
[52208.862262] sh (47509): drop_caches: 3
[52212.907438] sh (47509): drop_caches: 3
[52216.950644] sh (47509): drop_caches: 3
[52220.997858] sh (47509): drop_caches: 3
[52225.043680] sh (47509): drop_caches: 3
[52229.091121] sh (47509): drop_caches: 3
[52233.136962] sh (47509): drop_caches: 3
[52237.182476] sh (47509): drop_caches: 3
[52241.229269] sh (47509): drop_caches: 3
[52245.272849] sh (47509): drop_caches: 3
[52249.319877] sh (47509): drop_caches: 3
[52253.363687] sh (47509): drop_caches: 3
[52257.408450] sh (47509): drop_caches: 3
[52261.454778] sh (47509): drop_caches: 3
[52265.500071] sh (47509): drop_caches: 3
[52269.538332] sh (47509): drop_caches: 3
[52273.584074] sh (47509): drop_caches: 3
[52277.627494] sh (47509): drop_caches: 3
[52281.673596] sh (47509): drop_caches: 3
[52285.719656] sh (47509): drop_caches: 3
[52289.765564] sh (47509): drop_caches: 3
[52293.809973] sh (47509): drop_caches: 3
[52297.856322] sh (47509): drop_caches: 3
[52301.899926] sh (47509): drop_caches: 3
[52305.945276] sh (47509): drop_caches: 3
[52309.990973] sh (47509): drop_caches: 3
[52314.037015] sh (47509): drop_caches: 3
[52318.081321] sh (47509): drop_caches: 3
[52322.127433] sh (47509): drop_caches: 3
[52326.174613] sh (47509): drop_caches: 3
[52330.219035] sh (47509): drop_caches: 3
[52334.263516] sh (47509): drop_caches: 3
[52338.307585] sh (47509): drop_caches: 3
[52342.357353] sh (47509): drop_caches: 3
[52346.403057] sh (47509): drop_caches: 3
[52350.444671] sh (47509): drop_caches: 3
[52354.490183] sh (47509): drop_caches: 3
[52358.529673] sh (47509): drop_caches: 3
[52362.575190] sh (47509): drop_caches: 3
[52366.622249] sh (47509): drop_caches: 3
[52370.666093] sh (47509): drop_caches: 3
[52374.704318] sh (47509): drop_caches: 3
[52378.749497] sh (47509): drop_caches: 3
[52382.793544] sh (47509): drop_caches: 3
[52386.839095] sh (47509): drop_caches: 3
[52390.885374] sh (47509): drop_caches: 3
[52394.929785] sh (47509): drop_caches: 3
[52398.975871] sh (47509): drop_caches: 3
[52403.021808] sh (47509): drop_caches: 3
[52407.067731] sh (47509): drop_caches: 3
[52411.110979] sh (47509): drop_caches: 3
[52415.159501] sh (47509): drop_caches: 3
[52419.206409] sh (47509): drop_caches: 3
[52423.250844] sh (47509): drop_caches: 3
[52427.294946] sh (47509): drop_caches: 3
[52431.340734] sh (47509): drop_caches: 3
[52435.387278] sh (47509): drop_caches: 3
[52439.428593] sh (47509): drop_caches: 3
[52443.474224] sh (47509): drop_caches: 3
[52447.512377] sh (47509): drop_caches: 3
[52451.553889] sh (47509): drop_caches: 3
[52455.596159] sh (47509): drop_caches: 3
[52459.644258] sh (47509): drop_caches: 3
[52463.687698] sh (47509): drop_caches: 3
[52467.732532] sh (47509): drop_caches: 3
[52471.776089] sh (47509): drop_caches: 3
[52475.822667] sh (47509): drop_caches: 3
[52479.871811] sh (47509): drop_caches: 3
[52483.917728] sh (47509): drop_caches: 3
[52487.965236] sh (47509): drop_caches: 3
[52492.008575] sh (47509): drop_caches: 3
[52496.054642] sh (47509): drop_caches: 3
[52500.101794] sh (47509): drop_caches: 3
[52504.147113] sh (47509): drop_caches: 3
[52508.190835] sh (47509): drop_caches: 3
[52512.234331] sh (47509): drop_caches: 3
[52516.281294] sh (47509): drop_caches: 3
[52520.325606] sh (47509): drop_caches: 3
[52524.371450] sh (47509): drop_caches: 3
[52528.415013] sh (47509): drop_caches: 3
[52532.461699] sh (47509): drop_caches: 3
[52536.506769] sh (47509): drop_caches: 3
[52540.550318] sh (47509): drop_caches: 3
[52544.598346] sh (47509): drop_caches: 3
[52548.645158] sh (47509): drop_caches: 3
[52552.693510] sh (47509): drop_caches: 3
[52556.743008] sh (47509): drop_caches: 3
[52560.791783] sh (47509): drop_caches: 3
[52564.837714] sh (47509): drop_caches: 3
[52568.880847] sh (47509): drop_caches: 3
[52572.927847] sh (47509): drop_caches: 3
[52576.973450] sh (47509): drop_caches: 3
[52581.019555] sh (47509): drop_caches: 3
[52585.065924] sh (47509): drop_caches: 3
[52589.110326] sh (47509): drop_caches: 3
[52593.156728] sh (47509): drop_caches: 3
[52597.201655] sh (47509): drop_caches: 3
[52601.244984] sh (47509): drop_caches: 3
[52605.291812] sh (47509): drop_caches: 3
[52609.334946] sh (47509): drop_caches: 3
[52613.384740] sh (47509): drop_caches: 3
[52617.428701] sh (47509): drop_caches: 3
[52621.472154] sh (47509): drop_caches: 3
[52625.519605] sh (47509): drop_caches: 3
[52629.565604] sh (47509): drop_caches: 3
[52633.615300] sh (47509): drop_caches: 3
[52637.663737] sh (47509): drop_caches: 3
[52641.709839] sh (47509): drop_caches: 3
[52645.753547] sh (47509): drop_caches: 3
[52649.801972] sh (47509): drop_caches: 3
[52653.846063] sh (47509): drop_caches: 3
[52657.893497] sh (47509): drop_caches: 3
[52661.936759] sh (47509): drop_caches: 3
[52665.983095] sh (47509): drop_caches: 3
[52670.027355] sh (47509): drop_caches: 3
[52674.071722] sh (47509): drop_caches: 3
[52678.111486] sh (47509): drop_caches: 3
[52682.157605] sh (47509): drop_caches: 3
[52686.202840] sh (47509): drop_caches: 3
[52690.249046] sh (47509): drop_caches: 3
[52694.291935] sh (47509): drop_caches: 3
[52698.342439] sh (47509): drop_caches: 3
[52702.388838] sh (47509): drop_caches: 3
[52706.431725] sh (47509): drop_caches: 3
[52710.478198] sh (47509): drop_caches: 3
[52714.516465] sh (47509): drop_caches: 3
[52718.559783] sh (47509): drop_caches: 3
[52722.605225] sh (47509): drop_caches: 3
[52726.649654] sh (47509): drop_caches: 3
[52730.687693] sh (47509): drop_caches: 3
[52734.735413] sh (47509): drop_caches: 3
[52738.781465] sh (47509): drop_caches: 3
[52742.830323] sh (47509): drop_caches: 3
[52746.878977] sh (47509): drop_caches: 3
[52750.924159] sh (47509): drop_caches: 3
[52754.964105] sh (47509): drop_caches: 3
[52759.010368] sh (47509): drop_caches: 3
[52763.058542] sh (47509): drop_caches: 3
[52767.106646] sh (47509): drop_caches: 3
[52771.149946] sh (47509): drop_caches: 3
[52775.195235] sh (47509): drop_caches: 3
[52779.241799] sh (47509): drop_caches: 3
[52783.288699] sh (47509): drop_caches: 3
[52787.335441] sh (47509): drop_caches: 3
[52791.380923] sh (47509): drop_caches: 3
[52795.424467] sh (47509): drop_caches: 3
[52799.464317] sh (47509): drop_caches: 3
[52803.501964] sh (47509): drop_caches: 3
[52807.542902] sh (47509): drop_caches: 3
[52811.587373] sh (47509): drop_caches: 3
[52815.631746] sh (47509): drop_caches: 3
[52819.677667] sh (47509): drop_caches: 3
[52823.722935] sh (47509): drop_caches: 3
[52827.767215] sh (47509): drop_caches: 3
[52831.813554] sh (47509): drop_caches: 3
[52835.857980] sh (47509): drop_caches: 3
[52839.906230] sh (47509): drop_caches: 3
[52843.952414] sh (47509): drop_caches: 3
[52847.998765] sh (47509): drop_caches: 3
[52852.044698] sh (47509): drop_caches: 3
[52856.090318] sh (47509): drop_caches: 3
[52860.137870] sh (47509): drop_caches: 3
[52864.185773] sh (47509): drop_caches: 3
[52868.231008] sh (47509): drop_caches: 3
[52872.275403] sh (47509): drop_caches: 3
[52876.323064] sh (47509): drop_caches: 3
[52880.372535] sh (47509): drop_caches: 3
[52884.417760] sh (47509): drop_caches: 3
[52888.464991] sh (47509): drop_caches: 3
[52892.511371] sh (47509): drop_caches: 3
[52896.557424] sh (47509): drop_caches: 3
[52900.602267] sh (47509): drop_caches: 3
[52904.646698] sh (47509): drop_caches: 3
[52908.690432] sh (47509): drop_caches: 3
[52912.736776] sh (47509): drop_caches: 3
[52916.782824] sh (47509): drop_caches: 3
[52920.827320] sh (47509): drop_caches: 3
[52924.873455] sh (47509): drop_caches: 3
[52928.920098] sh (47509): drop_caches: 3
[52932.966635] sh (47509): drop_caches: 3
[52937.012269] sh (47509): drop_caches: 3
[52941.057674] sh (47509): drop_caches: 3
[52945.100698] sh (47509): drop_caches: 3
[52949.147578] sh (47509): drop_caches: 3
[52953.193315] sh (47509): drop_caches: 3
[52957.238650] sh (47509): drop_caches: 3
[52961.285413] sh (47509): drop_caches: 3
[52965.332466] sh (47509): drop_caches: 3
[52969.375935] sh (47509): drop_caches: 3
[52973.419387] sh (47509): drop_caches: 3
[52977.465586] sh (47509): drop_caches: 3
[52981.511209] sh (47509): drop_caches: 3
[52985.558263] sh (47509): drop_caches: 3
[52989.605306] sh (47509): drop_caches: 3
[52993.652053] sh (47509): drop_caches: 3
[52997.698210] sh (47509): drop_caches: 3
[53001.742807] sh (47509): drop_caches: 3
[53005.791849] sh (47509): drop_caches: 3
[53009.836513] sh (47509): drop_caches: 3
[53013.882202] sh (47509): drop_caches: 3
[53017.929401] sh (47509): drop_caches: 3
[53021.977606] sh (47509): drop_caches: 3
[53026.025223] sh (47509): drop_caches: 3
[53030.067822] sh (47509): drop_caches: 3
[53034.112091] sh (47509): drop_caches: 3
[53038.162039] sh (47509): drop_caches: 3
[53042.209907] sh (47509): drop_caches: 3
[53046.253786] sh (47509): drop_caches: 3
[53050.296863] sh (47509): drop_caches: 3
[53054.342136] sh (47509): drop_caches: 3
[53058.387678] sh (47509): drop_caches: 3
[53062.431340] sh (47509): drop_caches: 3
[53066.476056] sh (47509): drop_caches: 3
[53070.515029] sh (47509): drop_caches: 3
[53074.561151] sh (47509): drop_caches: 3
[53078.606884] sh (47509): drop_caches: 3
[53082.651232] sh (47509): drop_caches: 3
[53086.693938] sh (47509): drop_caches: 3
[53090.739204] sh (47509): drop_caches: 3
[53094.790530] sh (47509): drop_caches: 3
[53098.841758] sh (47509): drop_caches: 3
[53102.890745] sh (47509): drop_caches: 3
[53106.938537] sh (47509): drop_caches: 3
[53110.983022] sh (47509): drop_caches: 3
[53115.026094] sh (47509): drop_caches: 3
[53119.070055] sh (47509): drop_caches: 3
[53123.116818] sh (47509): drop_caches: 3
[53127.162811] sh (47509): drop_caches: 3
[53131.208595] sh (47509): drop_caches: 3
[53135.254715] sh (47509): drop_caches: 3
[53139.300944] sh (47509): drop_caches: 3
[53143.347073] sh (47509): drop_caches: 3
[53147.391437] sh (47509): drop_caches: 3
[53151.436664] sh (47509): drop_caches: 3
[53155.480420] sh (47509): drop_caches: 3
[53159.519016] sh (47509): drop_caches: 3
[53163.563285] sh (47509): drop_caches: 3
[53167.608143] sh (47509): drop_caches: 3
[53171.654275] sh (47509): drop_caches: 3
[53175.699863] sh (47509): drop_caches: 3
[53179.744998] sh (47509): drop_caches: 3
[53183.790563] sh (47509): drop_caches: 3
[53187.834597] sh (47509): drop_caches: 3
[53191.879762] sh (47509): drop_caches: 3
[53195.926201] sh (47509): drop_caches: 3
[53199.969627] sh (47509): drop_caches: 3
[53204.017151] sh (47509): drop_caches: 3
[53208.063382] sh (47509): drop_caches: 3
[53212.105971] sh (47509): drop_caches: 3
[53216.148490] sh (47509): drop_caches: 3
[53220.196192] sh (47509): drop_caches: 3
[53224.239938] sh (47509): drop_caches: 3
[53228.286184] sh (47509): drop_caches: 3
[53232.332851] sh (47509): drop_caches: 3
[53236.379149] sh (47509): drop_caches: 3
[53240.421789] sh (47509): drop_caches: 3
[53244.467793] sh (47509): drop_caches: 3
[53248.513303] sh (47509): drop_caches: 3
[53252.558057] sh (47509): drop_caches: 3
[53256.604953] sh (47509): drop_caches: 3
[53260.650519] sh (47509): drop_caches: 3
[53264.697444] sh (47509): drop_caches: 3
[53268.742969] sh (47509): drop_caches: 3
[53272.787380] sh (47509): drop_caches: 3
[53276.833041] sh (47509): drop_caches: 3
[53280.877762] sh (47509): drop_caches: 3
[53284.923293] sh (47509): drop_caches: 3
[53288.968132] sh (47509): drop_caches: 3
[53293.012532] sh (47509): drop_caches: 3
[53297.058690] sh (47509): drop_caches: 3
[53301.105782] sh (47509): drop_caches: 3
[53305.149506] sh (47509): drop_caches: 3
[53309.196909] sh (47509): drop_caches: 3
[53313.240925] sh (47509): drop_caches: 3
[53317.287297] sh (47509): drop_caches: 3
[53321.330860] sh (47509): drop_caches: 3
[53325.374799] sh (47509): drop_caches: 3
[53329.421371] sh (47509): drop_caches: 3
[53333.459634] sh (47509): drop_caches: 3
[53337.506935] sh (47509): drop_caches: 3
[53341.553120] sh (47509): drop_caches: 3
[53345.599585] sh (47509): drop_caches: 3
[53349.644539] sh (47509): drop_caches: 3
[53353.683820] sh (47509): drop_caches: 3
[53357.729992] sh (47509): drop_caches: 3
[53361.773536] sh (47509): drop_caches: 3
[53365.817293] sh (47509): drop_caches: 3
[53369.861824] sh (47509): drop_caches: 3
[53373.905567] sh (47509): drop_caches: 3
[53377.950164] sh (47509): drop_caches: 3
[53381.996023] sh (47509): drop_caches: 3
[53386.040471] sh (47509): drop_caches: 3
[53390.086507] sh (47509): drop_caches: 3
[53394.129934] sh (47509): drop_caches: 3
[53398.176528] sh (47509): drop_caches: 3
[53402.222845] sh (47509): drop_caches: 3
[53406.269163] sh (47509): drop_caches: 3
[53410.315893] sh (47509): drop_caches: 3
[53414.364350] sh (47509): drop_caches: 3
[53418.410545] sh (47509): drop_caches: 3
[53422.457897] sh (47509): drop_caches: 3
[53426.497434] sh (47509): drop_caches: 3
[53430.537083] sh (47509): drop_caches: 3
[53434.584484] sh (47509): drop_caches: 3
[53438.631388] sh (47509): drop_caches: 3
[53442.670703] sh (47509): drop_caches: 3
[53446.708861] sh (47509): drop_caches: 3
[53450.758533] sh (47509): drop_caches: 3
[53454.805001] sh (47509): drop_caches: 3
[53458.851069] sh (47509): drop_caches: 3
[53462.894530] sh (47509): drop_caches: 3
[53466.940913] sh (47509): drop_caches: 3
[53470.989489] sh (47509): drop_caches: 3
[53475.035243] sh (47509): drop_caches: 3
[53479.081176] sh (47509): drop_caches: 3
[53483.126624] sh (47509): drop_caches: 3
[53487.173659] sh (47509): drop_caches: 3
[53491.217239] sh (47509): drop_caches: 3
[53495.254666] sh (47509): drop_caches: 3
[53499.300828] sh (47509): drop_caches: 3
[53503.346187] sh (47509): drop_caches: 3
[53507.389616] sh (47509): drop_caches: 3
[53511.434666] sh (47509): drop_caches: 3
[53515.479493] sh (47509): drop_caches: 3
[53519.520266] sh (47509): drop_caches: 3
[53523.565713] sh (47509): drop_caches: 3
[53527.612117] sh (47509): drop_caches: 3
[53531.659107] sh (47509): drop_caches: 3
[53535.702140] sh (47509): drop_caches: 3
[53539.747441] sh (47509): drop_caches: 3
[53539.786349] iCAT_SQLITE_RUN_END run=20260829-120436-47376
[53539.807437] EXT4-fs (nvme1n1): unmounting filesystem 944e9910-d405-4d5e-b70b-c4e9433cd2e6.
[53539.892915] pci_bus 0001:10: busn_res: [bus 10-ff] is released
[53539.892958] NVMeVirt: GC stats: policy=cat-fig7 host_pages=32416538 gc_pages=16021420 gc_count=756836 WAF=1.494 k=2 scale_pct=25 age_ratio=7
[53539.964830] NVMeVirt: Virtual NVMe device closed
