[92773.205134] NVMeVirt: Version 1.10 for >> Samsung 970 Pro SSD <<
[92773.205143] NVMeVirt: Storage: 0x100100000-0x300000000 (8191 MiB)
[92773.212822] NVMeVirt: Total Capacity(GiB,MiB)=2,2048 chs=2 luns=4 lines=8192 blk-size(MiB,KiB)=0,64 line-size(MiB,KiB)=0,256
[92773.222484] NVMeVirt: [chmodel_init] bandwidth 800 max_credits 26 tx_time 152
[92773.229163] NVMeVirt: [chmodel_init] bandwidth 800 max_credits 26 tx_time 152
[92773.229178] NVMeVirt: [chmodel_init] bandwidth 3360 max_credits 110 tx_time 36
[92773.230399] NVMeVirt: pqueue: Copyright (c) 2014, Volkan Yazıcı <volkan.yazici@gmail.com>. All rights reserved.
[92773.230436] NVMeVirt: Init FTL instance with 2 channels (524288 pages)
[92773.230437] NVMeVirt: GC victim policy: cat-fig7 k=4 scale_pct=400 age_ratio=4
[92773.236981] NVMeVirt: [chmodel_init] bandwidth 800 max_credits 26 tx_time 152
[92773.243466] NVMeVirt: [chmodel_init] bandwidth 800 max_credits 26 tx_time 152
[92773.243480] NVMeVirt: [chmodel_init] bandwidth 3360 max_credits 110 tx_time 36
[92773.244716] NVMeVirt: Init FTL instance with 2 channels (524288 pages)
[92773.244717] NVMeVirt: GC victim policy: cat-fig7 k=4 scale_pct=400 age_ratio=4
[92773.251089] NVMeVirt: [chmodel_init] bandwidth 800 max_credits 26 tx_time 152
[92773.257577] NVMeVirt: [chmodel_init] bandwidth 800 max_credits 26 tx_time 152
[92773.257591] NVMeVirt: [chmodel_init] bandwidth 3360 max_credits 110 tx_time 36
[92773.258921] NVMeVirt: Init FTL instance with 2 channels (524288 pages)
[92773.258922] NVMeVirt: GC victim policy: cat-fig7 k=4 scale_pct=400 age_ratio=4
[92773.265375] NVMeVirt: [chmodel_init] bandwidth 800 max_credits 26 tx_time 152
[92773.271776] NVMeVirt: [chmodel_init] bandwidth 800 max_credits 26 tx_time 152
[92773.271791] NVMeVirt: [chmodel_init] bandwidth 3360 max_credits 110 tx_time 36
[92773.273038] NVMeVirt: Init FTL instance with 2 channels (524288 pages)
[92773.273039] NVMeVirt: GC victim policy: cat-fig7 k=4 scale_pct=400 age_ratio=4
[92773.273043] NVMeVirt: FTL physical space: 8588886016, logical space: 8026996276 (physical/logical * 100 = 107)
[92773.273044] NVMeVirt: ns 0/1: size 7655 MiB
[92773.273083] PCI host bridge to bus 0001:10
[92773.273084] pci_bus 0001:10: root bus resource [io  0x0000-0xffff]
[92773.273087] pci_bus 0001:10: root bus resource [mem 0x00000000-0x3fffffffffff]
[92773.273088] pci_bus 0001:10: root bus resource [bus 00-ff]
[92773.273094] pci 0001:10:00.0: [0c51:0110] type 00 class 0x010802 PCIe Endpoint
[92773.273097] pci 0001:10:00.0: BAR 0 [mem 0x100000000-0x100003fff 64bit]
[92773.273099] pci 0001:10:00.0: enabling Extended Tags
[92773.273208] NVMeVirt: Virtual PCI bus created (node 0)
[92773.273763] NVMeVirt: nvmev_io_worker_0 started on cpu 2 (node 0)
[92773.273817] NVMeVirt: nvmev_dispatcher started on cpu 1 (node 0)
[92773.274004] nvme nvme1: pci function 0001:10:00.0
[92773.278657] nvme nvme1: 20/0/0 default/read/poll queues
[92773.281735] NVMeVirt: Virtual NVMe device created
[92774.334523] EXT4-fs (nvme1n1): mounted filesystem 6cbabfa1-53ef-40ce-97b7-be8780241161 r/w with ordered data mode. Quota mode: none.
[92774.362853] iCAT_SQLITE_LOAD_START run=20260829-232450-64731
[92852.118668] iCAT_SQLITE_LOAD_END run=20260829-232450-64731
[92852.497731] sh (64859): drop_caches: 3
[92852.523136] iCAT_SQLITE_RUN_START run=20260829-232450-64731
[92856.164470] sh (64860): drop_caches: 3
[92860.210622] sh (64860): drop_caches: 3
[92864.256882] sh (64860): drop_caches: 3
[92868.308057] sh (64860): drop_caches: 3
[92872.356318] sh (64860): drop_caches: 3
[92876.404204] sh (64860): drop_caches: 3
[92880.450760] sh (64860): drop_caches: 3
[92884.498453] sh (64860): drop_caches: 3
[92888.547812] sh (64860): drop_caches: 3
[92892.596648] sh (64860): drop_caches: 3
[92896.645233] sh (64860): drop_caches: 3
[92900.692880] sh (64860): drop_caches: 3
[92904.738816] sh (64860): drop_caches: 3
[92908.786271] sh (64860): drop_caches: 3
[92912.833386] sh (64860): drop_caches: 3
[92916.883281] sh (64860): drop_caches: 3
[92920.926040] sh (64860): drop_caches: 3
[92924.974312] sh (64860): drop_caches: 3
[92929.023537] sh (64860): drop_caches: 3
[92933.071057] sh (64860): drop_caches: 3
[92937.119325] sh (64860): drop_caches: 3
[92941.168779] sh (64860): drop_caches: 3
[92945.218302] sh (64860): drop_caches: 3
[92949.265023] sh (64860): drop_caches: 3
[92953.315940] sh (64860): drop_caches: 3
[92957.365787] sh (64860): drop_caches: 3
[92961.412651] sh (64860): drop_caches: 3
[92965.461338] sh (64860): drop_caches: 3
[92969.511376] sh (64860): drop_caches: 3
[92973.559867] sh (64860): drop_caches: 3
[92977.605850] sh (64860): drop_caches: 3
[92981.652980] sh (64860): drop_caches: 3
[92985.701582] sh (64860): drop_caches: 3
[92989.749807] sh (64860): drop_caches: 3
[92993.798711] sh (64860): drop_caches: 3
[92997.847878] sh (64860): drop_caches: 3
[93001.896530] sh (64860): drop_caches: 3
[93005.944813] sh (64860): drop_caches: 3
[93009.985474] sh (64860): drop_caches: 3
[93014.033209] sh (64860): drop_caches: 3
[93018.081285] sh (64860): drop_caches: 3
[93022.126900] sh (64860): drop_caches: 3
[93026.168099] sh (64860): drop_caches: 3
[93030.208013] sh (64860): drop_caches: 3
[93034.256193] sh (64860): drop_caches: 3
[93038.302220] sh (64860): drop_caches: 3
[93042.343270] sh (64860): drop_caches: 3
[93046.386866] sh (64860): drop_caches: 3
[93050.436930] sh (64860): drop_caches: 3
[93054.487635] sh (64860): drop_caches: 3
[93058.536042] sh (64860): drop_caches: 3
[93062.584624] sh (64860): drop_caches: 3
[93066.633431] sh (64860): drop_caches: 3
[93070.682224] sh (64860): drop_caches: 3
[93074.731141] sh (64860): drop_caches: 3
[93078.777609] sh (64860): drop_caches: 3
[93082.825267] sh (64860): drop_caches: 3
[93086.869097] sh (64860): drop_caches: 3
[93090.908130] sh (64860): drop_caches: 3
[93094.955598] sh (64860): drop_caches: 3
[93099.005817] sh (64860): drop_caches: 3
[93103.053459] sh (64860): drop_caches: 3
[93107.101419] sh (64860): drop_caches: 3
[93111.148096] sh (64860): drop_caches: 3
[93115.191582] sh (64860): drop_caches: 3
[93119.237446] sh (64860): drop_caches: 3
[93123.283791] sh (64860): drop_caches: 3
[93127.333189] sh (64860): drop_caches: 3
[93131.375168] sh (64860): drop_caches: 3
[93135.423410] sh (64860): drop_caches: 3
[93139.469140] sh (64860): drop_caches: 3
[93143.518050] sh (64860): drop_caches: 3
[93147.564792] sh (64860): drop_caches: 3
[93151.615600] sh (64860): drop_caches: 3
[93155.661377] sh (64860): drop_caches: 3
[93159.711474] sh (64860): drop_caches: 3
[93163.759594] sh (64860): drop_caches: 3
[93167.808575] sh (64860): drop_caches: 3
[93171.856662] sh (64860): drop_caches: 3
[93175.902045] sh (64860): drop_caches: 3
[93179.948621] sh (64860): drop_caches: 3
[93183.995242] sh (64860): drop_caches: 3
[93188.045157] sh (64860): drop_caches: 3
[93192.095638] sh (64860): drop_caches: 3
[93196.144243] sh (64860): drop_caches: 3
[93200.190203] sh (64860): drop_caches: 3
[93204.236609] sh (64860): drop_caches: 3
[93208.283069] sh (64860): drop_caches: 3
[93212.331012] sh (64860): drop_caches: 3
[93216.378198] sh (64860): drop_caches: 3
[93220.425392] sh (64860): drop_caches: 3
[93224.477020] sh (64860): drop_caches: 3
[93228.526531] sh (64860): drop_caches: 3
[93232.567922] sh (64860): drop_caches: 3
[93236.616366] sh (64860): drop_caches: 3
[93240.657797] sh (64860): drop_caches: 3
[93244.706853] sh (64860): drop_caches: 3
[93248.753009] sh (64860): drop_caches: 3
[93252.800129] sh (64860): drop_caches: 3
[93256.843965] sh (64860): drop_caches: 3
[93260.885210] sh (64860): drop_caches: 3
[93264.933408] sh (64860): drop_caches: 3
[93268.979279] sh (64860): drop_caches: 3
[93273.018814] sh (64860): drop_caches: 3
[93277.064259] sh (64860): drop_caches: 3
[93281.115308] sh (64860): drop_caches: 3
[93285.163095] sh (64860): drop_caches: 3
[93289.208612] sh (64860): drop_caches: 3
[93293.257725] sh (64860): drop_caches: 3
[93297.305936] sh (64860): drop_caches: 3
[93301.354455] sh (64860): drop_caches: 3
[93305.404378] sh (64860): drop_caches: 3
[93309.453106] sh (64860): drop_caches: 3
[93313.502662] sh (64860): drop_caches: 3
[93317.549428] sh (64860): drop_caches: 3
[93321.591181] sh (64860): drop_caches: 3
[93325.639347] sh (64860): drop_caches: 3
[93329.689276] sh (64860): drop_caches: 3
[93333.737379] sh (64860): drop_caches: 3
[93337.783569] sh (64860): drop_caches: 3
[93341.831491] sh (64860): drop_caches: 3
[93345.877531] sh (64860): drop_caches: 3
[93349.925635] sh (64860): drop_caches: 3
[93353.971135] sh (64860): drop_caches: 3
[93358.017731] sh (64860): drop_caches: 3
[93362.060284] sh (64860): drop_caches: 3
[93366.101804] sh (64860): drop_caches: 3
[93370.150277] sh (64860): drop_caches: 3
[93374.196128] sh (64860): drop_caches: 3
[93378.243280] sh (64860): drop_caches: 3
[93382.295429] sh (64860): drop_caches: 3
[93386.340728] sh (64860): drop_caches: 3
[93390.383519] sh (64860): drop_caches: 3
[93394.431891] sh (64860): drop_caches: 3
[93398.478856] sh (64860): drop_caches: 3
[93402.525151] sh (64860): drop_caches: 3
[93406.574547] sh (64860): drop_caches: 3
[93410.613884] sh (64860): drop_caches: 3
[93414.663044] sh (64860): drop_caches: 3
[93418.711423] sh (64860): drop_caches: 3
[93422.759381] sh (64860): drop_caches: 3
[93426.797735] sh (64860): drop_caches: 3
[93430.848013] sh (64860): drop_caches: 3
[93434.896526] sh (64860): drop_caches: 3
[93438.942896] sh (64860): drop_caches: 3
[93442.990304] sh (64860): drop_caches: 3
[93447.031384] sh (64860): drop_caches: 3
[93451.080096] sh (64860): drop_caches: 3
[93455.120908] sh (64860): drop_caches: 3
[93459.164647] sh (64860): drop_caches: 3
[93463.207754] sh (64860): drop_caches: 3
[93467.259718] sh (64860): drop_caches: 3
[93471.306458] sh (64860): drop_caches: 3
[93475.355809] sh (64860): drop_caches: 3
[93479.401687] sh (64860): drop_caches: 3
[93483.451788] sh (64860): drop_caches: 3
[93487.501270] sh (64860): drop_caches: 3
[93491.541466] sh (64860): drop_caches: 3
[93495.590509] sh (64860): drop_caches: 3
[93499.636297] sh (64860): drop_caches: 3
[93503.684397] sh (64860): drop_caches: 3
[93507.731327] sh (64860): drop_caches: 3
[93511.770724] sh (64860): drop_caches: 3
[93515.810386] sh (64860): drop_caches: 3
[93519.856886] sh (64860): drop_caches: 3
[93523.904931] sh (64860): drop_caches: 3
[93527.950999] sh (64860): drop_caches: 3
[93531.997028] sh (64860): drop_caches: 3
[93536.048263] sh (64860): drop_caches: 3
[93540.093806] sh (64860): drop_caches: 3
[93544.141803] sh (64860): drop_caches: 3
[93548.189729] sh (64860): drop_caches: 3
[93552.238940] sh (64860): drop_caches: 3
[93556.284718] sh (64860): drop_caches: 3
[93560.334301] sh (64860): drop_caches: 3
[93564.384249] sh (64860): drop_caches: 3
[93568.424752] sh (64860): drop_caches: 3
[93572.473790] sh (64860): drop_caches: 3
[93576.521387] sh (64860): drop_caches: 3
[93580.570526] sh (64860): drop_caches: 3
[93584.617814] sh (64860): drop_caches: 3
[93588.663467] sh (64860): drop_caches: 3
[93592.703823] sh (64860): drop_caches: 3
[93596.750891] sh (64860): drop_caches: 3
[93600.797038] sh (64860): drop_caches: 3
[93604.841433] sh (64860): drop_caches: 3
[93608.889102] sh (64860): drop_caches: 3
[93612.936144] sh (64860): drop_caches: 3
[93616.978369] sh (64860): drop_caches: 3
[93621.018491] sh (64860): drop_caches: 3
[93625.064592] sh (64860): drop_caches: 3
[93629.114236] sh (64860): drop_caches: 3
[93633.162171] sh (64860): drop_caches: 3
[93637.202253] sh (64860): drop_caches: 3
[93641.250845] sh (64860): drop_caches: 3
[93645.299882] sh (64860): drop_caches: 3
[93649.346446] sh (64860): drop_caches: 3
[93653.392371] sh (64860): drop_caches: 3
[93657.438172] sh (64860): drop_caches: 3
[93661.486782] sh (64860): drop_caches: 3
[93665.534527] sh (64860): drop_caches: 3
[93669.580140] sh (64860): drop_caches: 3
[93673.625808] sh (64860): drop_caches: 3
[93677.676744] sh (64860): drop_caches: 3
[93681.722310] sh (64860): drop_caches: 3
[93685.771625] sh (64860): drop_caches: 3
[93689.820859] sh (64860): drop_caches: 3
[93693.870343] sh (64860): drop_caches: 3
[93697.917811] sh (64860): drop_caches: 3
[93701.965069] sh (64860): drop_caches: 3
[93706.013343] sh (64860): drop_caches: 3
[93710.060308] sh (64860): drop_caches: 3
[93714.107711] sh (64860): drop_caches: 3
[93718.148777] sh (64860): drop_caches: 3
[93722.188737] sh (64860): drop_caches: 3
[93726.239719] sh (64860): drop_caches: 3
[93730.285060] sh (64860): drop_caches: 3
[93734.326447] sh (64860): drop_caches: 3
[93738.368531] sh (64860): drop_caches: 3
[93742.414938] sh (64860): drop_caches: 3
[93746.463258] sh (64860): drop_caches: 3
[93750.511715] sh (64860): drop_caches: 3
[93754.560898] sh (64860): drop_caches: 3
[93758.608371] sh (64860): drop_caches: 3
[93762.647720] sh (64860): drop_caches: 3
[93766.695270] sh (64860): drop_caches: 3
[93770.743503] sh (64860): drop_caches: 3
[93774.789655] sh (64860): drop_caches: 3
[93778.837204] sh (64860): drop_caches: 3
[93782.883274] sh (64860): drop_caches: 3
[93786.930615] sh (64860): drop_caches: 3
[93790.980436] sh (64860): drop_caches: 3
[93795.027410] sh (64860): drop_caches: 3
[93799.075498] sh (64860): drop_caches: 3
[93803.122200] sh (64860): drop_caches: 3
[93807.160830] sh (64860): drop_caches: 3
[93811.203904] sh (64860): drop_caches: 3
[93815.250217] sh (64860): drop_caches: 3
[93819.291203] sh (64860): drop_caches: 3
[93823.341943] sh (64860): drop_caches: 3
[93827.390360] sh (64860): drop_caches: 3
[93831.436934] sh (64860): drop_caches: 3
[93835.484757] sh (64860): drop_caches: 3
[93839.531133] sh (64860): drop_caches: 3
[93843.579882] sh (64860): drop_caches: 3
[93847.628268] sh (64860): drop_caches: 3
[93851.673747] sh (64860): drop_caches: 3
[93855.721936] sh (64860): drop_caches: 3
[93859.770723] sh (64860): drop_caches: 3
[93863.813755] sh (64860): drop_caches: 3
[93867.860127] sh (64860): drop_caches: 3
[93871.910536] sh (64860): drop_caches: 3
[93875.951489] sh (64860): drop_caches: 3
[93879.999558] sh (64860): drop_caches: 3
[93884.039500] sh (64860): drop_caches: 3
[93888.087321] sh (64860): drop_caches: 3
[93892.135392] sh (64860): drop_caches: 3
[93896.181749] sh (64860): drop_caches: 3
[93900.232490] sh (64860): drop_caches: 3
[93904.280375] sh (64860): drop_caches: 3
[93908.323561] sh (64860): drop_caches: 3
[93912.370536] sh (64860): drop_caches: 3
[93916.418596] sh (64860): drop_caches: 3
[93920.465652] sh (64860): drop_caches: 3
[93924.515277] sh (64860): drop_caches: 3
[93928.562303] sh (64860): drop_caches: 3
[93932.610414] sh (64860): drop_caches: 3
[93936.660781] sh (64860): drop_caches: 3
[93940.709384] sh (64860): drop_caches: 3
[93944.758717] sh (64860): drop_caches: 3
[93948.805759] sh (64860): drop_caches: 3
[93952.854350] sh (64860): drop_caches: 3
[93956.893718] sh (64860): drop_caches: 3
[93960.940464] sh (64860): drop_caches: 3
[93964.988468] sh (64860): drop_caches: 3
[93969.034165] sh (64860): drop_caches: 3
[93973.079729] sh (64860): drop_caches: 3
[93977.119267] sh (64860): drop_caches: 3
[93981.167171] sh (64860): drop_caches: 3
[93985.215622] sh (64860): drop_caches: 3
[93989.263524] sh (64860): drop_caches: 3
[93993.311872] sh (64860): drop_caches: 3
[93997.361184] sh (64860): drop_caches: 3
[94001.408049] sh (64860): drop_caches: 3
[94005.452291] sh (64860): drop_caches: 3
[94009.493465] sh (64860): drop_caches: 3
[94013.533898] sh (64860): drop_caches: 3
[94017.573752] sh (64860): drop_caches: 3
[94021.620931] sh (64860): drop_caches: 3
[94025.670941] sh (64860): drop_caches: 3
[94029.718167] sh (64860): drop_caches: 3
[94033.767013] sh (64860): drop_caches: 3
[94037.816677] sh (64860): drop_caches: 3
[94041.865368] sh (64860): drop_caches: 3
[94045.914013] sh (64860): drop_caches: 3
[94049.961200] sh (64860): drop_caches: 3
[94054.009626] sh (64860): drop_caches: 3
[94058.056219] sh (64860): drop_caches: 3
[94062.097708] sh (64860): drop_caches: 3
[94066.148635] sh (64860): drop_caches: 3
[94070.189450] sh (64860): drop_caches: 3
[94074.239513] sh (64860): drop_caches: 3
[94078.287367] sh (64860): drop_caches: 3
[94082.329497] sh (64860): drop_caches: 3
[94086.372476] sh (64860): drop_caches: 3
[94090.411164] sh (64860): drop_caches: 3
[94094.458987] sh (64860): drop_caches: 3
[94098.506959] sh (64860): drop_caches: 3
[94102.555834] sh (64860): drop_caches: 3
[94106.601757] sh (64860): drop_caches: 3
[94110.650433] sh (64860): drop_caches: 3
[94114.697268] sh (64860): drop_caches: 3
[94118.743336] sh (64860): drop_caches: 3
[94122.783218] sh (64860): drop_caches: 3
[94126.825367] sh (64860): drop_caches: 3
[94130.871302] sh (64860): drop_caches: 3
[94134.919701] sh (64860): drop_caches: 3
[94138.968070] sh (64860): drop_caches: 3
[94143.014245] sh (64860): drop_caches: 3
[94147.063640] sh (64860): drop_caches: 3
[94151.109430] sh (64860): drop_caches: 3
[94155.150849] sh (64860): drop_caches: 3
[94159.194604] sh (64860): drop_caches: 3
[94163.243262] sh (64860): drop_caches: 3
[94167.284977] sh (64860): drop_caches: 3
[94171.333348] sh (64860): drop_caches: 3
[94175.380266] sh (64860): drop_caches: 3
[94179.428215] sh (64860): drop_caches: 3
[94183.473129] sh (64860): drop_caches: 3
[94187.521427] sh (64860): drop_caches: 3
[94191.567887] sh (64860): drop_caches: 3
[94195.615870] sh (64860): drop_caches: 3
[94199.664682] sh (64860): drop_caches: 3
[94203.712077] sh (64860): drop_caches: 3
[94207.760834] sh (64860): drop_caches: 3
[94211.808262] sh (64860): drop_caches: 3
[94215.857168] sh (64860): drop_caches: 3
[94219.902771] sh (64860): drop_caches: 3
[94223.951622] sh (64860): drop_caches: 3
[94227.999751] sh (64860): drop_caches: 3
[94232.048194] sh (64860): drop_caches: 3
[94236.096934] sh (64860): drop_caches: 3
[94240.144749] sh (64860): drop_caches: 3
[94244.192555] sh (64860): drop_caches: 3
[94248.239282] sh (64860): drop_caches: 3
[94252.284956] sh (64860): drop_caches: 3
[94256.333800] sh (64860): drop_caches: 3
[94260.382262] sh (64860): drop_caches: 3
[94264.427604] sh (64860): drop_caches: 3
[94268.475357] sh (64860): drop_caches: 3
[94272.517333] sh (64860): drop_caches: 3
[94276.567060] sh (64860): drop_caches: 3
[94280.608554] sh (64860): drop_caches: 3
[94284.654478] sh (64860): drop_caches: 3
[94288.701313] sh (64860): drop_caches: 3
[94292.748481] sh (64860): drop_caches: 3
[94296.787569] sh (64860): drop_caches: 3
[94300.835679] sh (64860): drop_caches: 3
[94304.882465] sh (64860): drop_caches: 3
[94308.933851] sh (64860): drop_caches: 3
[94312.975159] sh (64860): drop_caches: 3
[94317.023946] sh (64860): drop_caches: 3
[94321.071672] sh (64860): drop_caches: 3
[94325.119606] sh (64860): drop_caches: 3
[94329.168041] sh (64860): drop_caches: 3
[94333.217424] sh (64860): drop_caches: 3
[94337.265309] sh (64860): drop_caches: 3
[94341.311458] sh (64860): drop_caches: 3
[94345.361908] sh (64860): drop_caches: 3
[94349.404493] sh (64860): drop_caches: 3
[94353.451150] sh (64860): drop_caches: 3
[94357.499886] sh (64860): drop_caches: 3
[94361.532376] sh (64860): drop_caches: 3
[94361.575171] iCAT_SQLITE_RUN_END run=20260829-232450-64731
[94361.595122] EXT4-fs (nvme1n1): unmounting filesystem 6cbabfa1-53ef-40ce-97b7-be8780241161.
[94361.680046] pci_bus 0001:10: busn_res: [bus 10-ff] is released
[94361.680077] NVMeVirt: GC stats: policy=cat-fig7 host_pages=32425652 gc_pages=16095365 gc_count=758134 WAF=1.496 k=4 scale_pct=400 age_ratio=4
[94361.743335] NVMeVirt: Virtual NVMe device closed
