[105390.357058] NVMeVirt: Version 1.10 for >> Samsung 970 Pro SSD <<
[105390.357068] NVMeVirt: Storage: 0x100100000-0x300000000 (8191 MiB)
[105390.364555] NVMeVirt: Total Capacity(GiB,MiB)=2,2048 chs=2 luns=4 lines=8192 blk-size(MiB,KiB)=0,64 line-size(MiB,KiB)=0,256
[105390.373964] NVMeVirt: [chmodel_init] bandwidth 800 max_credits 26 tx_time 152
[105390.380778] NVMeVirt: [chmodel_init] bandwidth 800 max_credits 26 tx_time 152
[105390.380793] NVMeVirt: [chmodel_init] bandwidth 3360 max_credits 110 tx_time 36
[105390.382008] NVMeVirt: pqueue: Copyright (c) 2014, Volkan Yazıcı <volkan.yazici@gmail.com>. All rights reserved.
[105390.382044] NVMeVirt: Init FTL instance with 2 channels (524288 pages)
[105390.382045] NVMeVirt: GC victim policy: cat-fig7 k=7 scale_pct=50 age_ratio=16
[105390.388599] NVMeVirt: [chmodel_init] bandwidth 800 max_credits 26 tx_time 152
[105390.395115] NVMeVirt: [chmodel_init] bandwidth 800 max_credits 26 tx_time 152
[105390.395129] NVMeVirt: [chmodel_init] bandwidth 3360 max_credits 110 tx_time 36
[105390.396388] NVMeVirt: Init FTL instance with 2 channels (524288 pages)
[105390.396389] NVMeVirt: GC victim policy: cat-fig7 k=7 scale_pct=50 age_ratio=16
[105390.403273] NVMeVirt: [chmodel_init] bandwidth 800 max_credits 26 tx_time 152
[105390.409897] NVMeVirt: [chmodel_init] bandwidth 800 max_credits 26 tx_time 152
[105390.409912] NVMeVirt: [chmodel_init] bandwidth 3360 max_credits 110 tx_time 36
[105390.411215] NVMeVirt: Init FTL instance with 2 channels (524288 pages)
[105390.411216] NVMeVirt: GC victim policy: cat-fig7 k=7 scale_pct=50 age_ratio=16
[105390.417723] NVMeVirt: [chmodel_init] bandwidth 800 max_credits 26 tx_time 152
[105390.424161] NVMeVirt: [chmodel_init] bandwidth 800 max_credits 26 tx_time 152
[105390.424175] NVMeVirt: [chmodel_init] bandwidth 3360 max_credits 110 tx_time 36
[105390.425426] NVMeVirt: Init FTL instance with 2 channels (524288 pages)
[105390.425427] NVMeVirt: GC victim policy: cat-fig7 k=7 scale_pct=50 age_ratio=16
[105390.425431] NVMeVirt: FTL physical space: 8588886016, logical space: 8026996276 (physical/logical * 100 = 107)
[105390.425432] NVMeVirt: ns 0/1: size 7655 MiB
[105390.425474] PCI host bridge to bus 0001:10
[105390.425476] pci_bus 0001:10: root bus resource [io  0x0000-0xffff]
[105390.425478] pci_bus 0001:10: root bus resource [mem 0x00000000-0x3fffffffffff]
[105390.425480] pci_bus 0001:10: root bus resource [bus 00-ff]
[105390.425486] pci 0001:10:00.0: [0c51:0110] type 00 class 0x010802 PCIe Endpoint
[105390.425488] pci 0001:10:00.0: BAR 0 [mem 0x100000000-0x100003fff 64bit]
[105390.425490] pci 0001:10:00.0: enabling Extended Tags
[105390.425599] NVMeVirt: Virtual PCI bus created (node 0)
[105390.426160] NVMeVirt: nvmev_io_worker_0 started on cpu 2 (node 0)
[105390.426289] NVMeVirt: nvmev_dispatcher started on cpu 1 (node 0)
[105390.426496] nvme nvme1: pci function 0001:10:00.0
[105390.430596] nvme nvme1: 20/0/0 default/read/poll queues
[105390.434156] NVMeVirt: Virtual NVMe device created
[105391.495415] EXT4-fs (nvme1n1): mounted filesystem fab93868-6465-439d-9200-53b6b1a1cc59 r/w with ordered data mode. Quota mode: none.
[105391.526224] iCAT_SQLITE_LOAD_START run=20260830-025507-70732
[105469.669700] iCAT_SQLITE_LOAD_END run=20260830-025507-70732
[105470.058798] sh (70860): drop_caches: 3
[105470.092772] iCAT_SQLITE_RUN_START run=20260830-025507-70732
[105473.713293] sh (70861): drop_caches: 3
[105477.762423] sh (70861): drop_caches: 3
[105481.811959] sh (70861): drop_caches: 3
[105485.865404] sh (70861): drop_caches: 3
[105489.915273] sh (70861): drop_caches: 3
[105493.965916] sh (70861): drop_caches: 3
[105498.016044] sh (70861): drop_caches: 3
[105502.059243] sh (70861): drop_caches: 3
[105506.101594] sh (70861): drop_caches: 3
[105510.150714] sh (70861): drop_caches: 3
[105514.202370] sh (70861): drop_caches: 3
[105518.246214] sh (70861): drop_caches: 3
[105522.293561] sh (70861): drop_caches: 3
[105526.342457] sh (70861): drop_caches: 3
[105530.386555] sh (70861): drop_caches: 3
[105534.437397] sh (70861): drop_caches: 3
[105538.486535] sh (70861): drop_caches: 3
[105542.536060] sh (70861): drop_caches: 3
[105546.586355] sh (70861): drop_caches: 3
[105550.633312] sh (70861): drop_caches: 3
[105554.681529] sh (70861): drop_caches: 3
[105558.725051] sh (70861): drop_caches: 3
[105562.773313] sh (70861): drop_caches: 3
[105566.824690] sh (70861): drop_caches: 3
[105570.874930] sh (70861): drop_caches: 3
[105574.922819] sh (70861): drop_caches: 3
[105578.972513] sh (70861): drop_caches: 3
[105583.023658] sh (70861): drop_caches: 3
[105587.067864] sh (70861): drop_caches: 3
[105591.118114] sh (70861): drop_caches: 3
[105595.167158] sh (70861): drop_caches: 3
[105599.217046] sh (70861): drop_caches: 3
[105603.269879] sh (70861): drop_caches: 3
[105607.318072] sh (70861): drop_caches: 3
[105611.368876] sh (70861): drop_caches: 3
[105615.419630] sh (70861): drop_caches: 3
[105619.470102] sh (70861): drop_caches: 3
[105623.514898] sh (70861): drop_caches: 3
[105627.562070] sh (70861): drop_caches: 3
[105631.609676] sh (70861): drop_caches: 3
[105635.657042] sh (70861): drop_caches: 3
[105639.706750] sh (70861): drop_caches: 3
[105643.751287] sh (70861): drop_caches: 3
[105647.793815] sh (70861): drop_caches: 3
[105651.844624] sh (70861): drop_caches: 3
[105655.893451] sh (70861): drop_caches: 3
[105659.943743] sh (70861): drop_caches: 3
[105663.990424] sh (70861): drop_caches: 3
[105668.039108] sh (70861): drop_caches: 3
[105672.084615] sh (70861): drop_caches: 3
[105676.136808] sh (70861): drop_caches: 3
[105680.186427] sh (70861): drop_caches: 3
[105684.236356] sh (70861): drop_caches: 3
[105688.286709] sh (70861): drop_caches: 3
[105692.335673] sh (70861): drop_caches: 3
[105696.381794] sh (70861): drop_caches: 3
[105700.430539] sh (70861): drop_caches: 3
[105704.473029] sh (70861): drop_caches: 3
[105708.521857] sh (70861): drop_caches: 3
[105712.571243] sh (70861): drop_caches: 3
[105716.620136] sh (70861): drop_caches: 3
[105720.669350] sh (70861): drop_caches: 3
[105724.716251] sh (70861): drop_caches: 3
[105728.765308] sh (70861): drop_caches: 3
[105732.817769] sh (70861): drop_caches: 3
[105736.863880] sh (70861): drop_caches: 3
[105740.913670] sh (70861): drop_caches: 3
[105744.965014] sh (70861): drop_caches: 3
[105749.004745] sh (70861): drop_caches: 3
[105753.053729] sh (70861): drop_caches: 3
[105757.100382] sh (70861): drop_caches: 3
[105761.152821] sh (70861): drop_caches: 3
[105765.202275] sh (70861): drop_caches: 3
[105769.250951] sh (70861): drop_caches: 3
[105773.298626] sh (70861): drop_caches: 3
[105777.345114] sh (70861): drop_caches: 3
[105781.391532] sh (70861): drop_caches: 3
[105785.440286] sh (70861): drop_caches: 3
[105789.489073] sh (70861): drop_caches: 3
[105793.537769] sh (70861): drop_caches: 3
[105797.586721] sh (70861): drop_caches: 3
[105801.636845] sh (70861): drop_caches: 3
[105805.683654] sh (70861): drop_caches: 3
[105809.736546] sh (70861): drop_caches: 3
[105813.779631] sh (70861): drop_caches: 3
[105817.828271] sh (70861): drop_caches: 3
[105821.880028] sh (70861): drop_caches: 3
[105825.922177] sh (70861): drop_caches: 3
[105829.971577] sh (70861): drop_caches: 3
[105834.020518] sh (70861): drop_caches: 3
[105838.059908] sh (70861): drop_caches: 3
[105842.106865] sh (70861): drop_caches: 3
[105846.156263] sh (70861): drop_caches: 3
[105850.205434] sh (70861): drop_caches: 3
[105854.248803] sh (70861): drop_caches: 3
[105858.297980] sh (70861): drop_caches: 3
[105862.344600] sh (70861): drop_caches: 3
[105866.396299] sh (70861): drop_caches: 3
[105870.446704] sh (70861): drop_caches: 3
[105874.492696] sh (70861): drop_caches: 3
[105878.535220] sh (70861): drop_caches: 3
[105882.585721] sh (70861): drop_caches: 3
[105886.635111] sh (70861): drop_caches: 3
[105890.684687] sh (70861): drop_caches: 3
[105894.734967] sh (70861): drop_caches: 3
[105898.784403] sh (70861): drop_caches: 3
[105902.831735] sh (70861): drop_caches: 3
[105906.881108] sh (70861): drop_caches: 3
[105910.930226] sh (70861): drop_caches: 3
[105914.972965] sh (70861): drop_caches: 3
[105919.018628] sh (70861): drop_caches: 3
[105923.062119] sh (70861): drop_caches: 3
[105927.108885] sh (70861): drop_caches: 3
[105931.159503] sh (70861): drop_caches: 3
[105935.209736] sh (70861): drop_caches: 3
[105939.259169] sh (70861): drop_caches: 3
[105943.308471] sh (70861): drop_caches: 3
[105947.355847] sh (70861): drop_caches: 3
[105951.406715] sh (70861): drop_caches: 3
[105955.454238] sh (70861): drop_caches: 3
[105959.494877] sh (70861): drop_caches: 3
[105963.543945] sh (70861): drop_caches: 3
[105967.590655] sh (70861): drop_caches: 3
[105971.640005] sh (70861): drop_caches: 3
[105975.688211] sh (70861): drop_caches: 3
[105979.739175] sh (70861): drop_caches: 3
[105983.789186] sh (70861): drop_caches: 3
[105987.838613] sh (70861): drop_caches: 3
[105991.887629] sh (70861): drop_caches: 3
[105995.936177] sh (70861): drop_caches: 3
[105999.978326] sh (70861): drop_caches: 3
[106004.027096] sh (70861): drop_caches: 3
[106008.076245] sh (70861): drop_caches: 3
[106012.126009] sh (70861): drop_caches: 3
[106016.173230] sh (70861): drop_caches: 3
[106020.222327] sh (70861): drop_caches: 3
[106024.270158] sh (70861): drop_caches: 3
[106028.320214] sh (70861): drop_caches: 3
[106032.369053] sh (70861): drop_caches: 3
[106036.419105] sh (70861): drop_caches: 3
[106040.469765] sh (70861): drop_caches: 3
[106044.518335] sh (70861): drop_caches: 3
[106048.568014] sh (70861): drop_caches: 3
[106052.614219] sh (70861): drop_caches: 3
[106056.662349] sh (70861): drop_caches: 3
[106060.709674] sh (70861): drop_caches: 3
[106064.754402] sh (70861): drop_caches: 3
[106068.801750] sh (70861): drop_caches: 3
[106072.852095] sh (70861): drop_caches: 3
[106076.900108] sh (70861): drop_caches: 3
[106080.947636] sh (70861): drop_caches: 3
[106084.994420] sh (70861): drop_caches: 3
[106089.045247] sh (70861): drop_caches: 3
[106093.095451] sh (70861): drop_caches: 3
[106097.147840] sh (70861): drop_caches: 3
[106101.198183] sh (70861): drop_caches: 3
[106105.247910] sh (70861): drop_caches: 3
[106109.290389] sh (70861): drop_caches: 3
[106113.339663] sh (70861): drop_caches: 3
[106117.389376] sh (70861): drop_caches: 3
[106121.439087] sh (70861): drop_caches: 3
[106125.490882] sh (70861): drop_caches: 3
[106129.540291] sh (70861): drop_caches: 3
[106133.588718] sh (70861): drop_caches: 3
[106137.639048] sh (70861): drop_caches: 3
[106141.688568] sh (70861): drop_caches: 3
[106145.737996] sh (70861): drop_caches: 3
[106149.786859] sh (70861): drop_caches: 3
[106153.834994] sh (70861): drop_caches: 3
[106157.885160] sh (70861): drop_caches: 3
[106161.933919] sh (70861): drop_caches: 3
[106165.980293] sh (70861): drop_caches: 3
[106170.022735] sh (70861): drop_caches: 3
[106174.066817] sh (70861): drop_caches: 3
[106178.119747] sh (70861): drop_caches: 3
[106182.163273] sh (70861): drop_caches: 3
[106186.210313] sh (70861): drop_caches: 3
[106190.254518] sh (70861): drop_caches: 3
[106194.304126] sh (70861): drop_caches: 3
[106198.352841] sh (70861): drop_caches: 3
[106202.399228] sh (70861): drop_caches: 3
[106206.447963] sh (70861): drop_caches: 3
[106210.494521] sh (70861): drop_caches: 3
[106214.536654] sh (70861): drop_caches: 3
[106218.586172] sh (70861): drop_caches: 3
[106222.633666] sh (70861): drop_caches: 3
[106226.674810] sh (70861): drop_caches: 3
[106230.722520] sh (70861): drop_caches: 3
[106234.769867] sh (70861): drop_caches: 3
[106238.818841] sh (70861): drop_caches: 3
[106242.868999] sh (70861): drop_caches: 3
[106246.917095] sh (70861): drop_caches: 3
[106250.965832] sh (70861): drop_caches: 3
[106255.015830] sh (70861): drop_caches: 3
[106259.058368] sh (70861): drop_caches: 3
[106263.101386] sh (70861): drop_caches: 3
[106267.151100] sh (70861): drop_caches: 3
[106271.198673] sh (70861): drop_caches: 3
[106275.240536] sh (70861): drop_caches: 3
[106279.290493] sh (70861): drop_caches: 3
[106283.340273] sh (70861): drop_caches: 3
[106287.389101] sh (70861): drop_caches: 3
[106291.439062] sh (70861): drop_caches: 3
[106295.482686] sh (70861): drop_caches: 3
[106299.533881] sh (70861): drop_caches: 3
[106303.583343] sh (70861): drop_caches: 3
[106307.633053] sh (70861): drop_caches: 3
[106311.683201] sh (70861): drop_caches: 3
[106315.733678] sh (70861): drop_caches: 3
[106319.783175] sh (70861): drop_caches: 3
[106323.833091] sh (70861): drop_caches: 3
[106327.882562] sh (70861): drop_caches: 3
[106331.933144] sh (70861): drop_caches: 3
[106335.980940] sh (70861): drop_caches: 3
[106340.027802] sh (70861): drop_caches: 3
[106344.080601] sh (70861): drop_caches: 3
[106348.130315] sh (70861): drop_caches: 3
[106352.180457] sh (70861): drop_caches: 3
[106356.224412] sh (70861): drop_caches: 3
[106360.273175] sh (70861): drop_caches: 3
[106364.323855] sh (70861): drop_caches: 3
[106368.371059] sh (70861): drop_caches: 3
[106372.418579] sh (70861): drop_caches: 3
[106376.468876] sh (70861): drop_caches: 3
[106380.514289] sh (70861): drop_caches: 3
[106384.562897] sh (70861): drop_caches: 3
[106388.612443] sh (70861): drop_caches: 3
[106392.661973] sh (70861): drop_caches: 3
[106396.708649] sh (70861): drop_caches: 3
[106400.753646] sh (70861): drop_caches: 3
[106404.795151] sh (70861): drop_caches: 3
[106408.843951] sh (70861): drop_caches: 3
[106412.891069] sh (70861): drop_caches: 3
[106416.941019] sh (70861): drop_caches: 3
[106420.988695] sh (70861): drop_caches: 3
[106425.035238] sh (70861): drop_caches: 3
[106429.083960] sh (70861): drop_caches: 3
[106433.133071] sh (70861): drop_caches: 3
[106437.180703] sh (70861): drop_caches: 3
[106441.228722] sh (70861): drop_caches: 3
[106445.279493] sh (70861): drop_caches: 3
[106449.327644] sh (70861): drop_caches: 3
[106453.371737] sh (70861): drop_caches: 3
[106457.419419] sh (70861): drop_caches: 3
[106461.468101] sh (70861): drop_caches: 3
[106465.518696] sh (70861): drop_caches: 3
[106469.566562] sh (70861): drop_caches: 3
[106473.613701] sh (70861): drop_caches: 3
[106477.660215] sh (70861): drop_caches: 3
[106481.712055] sh (70861): drop_caches: 3
[106485.756435] sh (70861): drop_caches: 3
[106489.806228] sh (70861): drop_caches: 3
[106493.856129] sh (70861): drop_caches: 3
[106497.905912] sh (70861): drop_caches: 3
[106501.955486] sh (70861): drop_caches: 3
[106506.005334] sh (70861): drop_caches: 3
[106510.047844] sh (70861): drop_caches: 3
[106514.092509] sh (70861): drop_caches: 3
[106518.140950] sh (70861): drop_caches: 3
[106522.191052] sh (70861): drop_caches: 3
[106526.233969] sh (70861): drop_caches: 3
[106530.285495] sh (70861): drop_caches: 3
[106534.327857] sh (70861): drop_caches: 3
[106538.376989] sh (70861): drop_caches: 3
[106542.417513] sh (70861): drop_caches: 3
[106546.467450] sh (70861): drop_caches: 3
[106550.516674] sh (70861): drop_caches: 3
[106554.562878] sh (70861): drop_caches: 3
[106558.613223] sh (70861): drop_caches: 3
[106562.662141] sh (70861): drop_caches: 3
[106566.710218] sh (70861): drop_caches: 3
[106570.758350] sh (70861): drop_caches: 3
[106574.802062] sh (70861): drop_caches: 3
[106578.850483] sh (70861): drop_caches: 3
[106582.900267] sh (70861): drop_caches: 3
[106586.950188] sh (70861): drop_caches: 3
[106590.998713] sh (70861): drop_caches: 3
[106595.042035] sh (70861): drop_caches: 3
[106599.083240] sh (70861): drop_caches: 3
[106603.131501] sh (70861): drop_caches: 3
[106607.184404] sh (70861): drop_caches: 3
[106611.232961] sh (70861): drop_caches: 3
[106615.285967] sh (70861): drop_caches: 3
[106619.338874] sh (70861): drop_caches: 3
[106623.387283] sh (70861): drop_caches: 3
[106627.437234] sh (70861): drop_caches: 3
[106631.481574] sh (70861): drop_caches: 3
[106635.534071] sh (70861): drop_caches: 3
[106639.585699] sh (70861): drop_caches: 3
[106643.638481] sh (70861): drop_caches: 3
[106647.687135] sh (70861): drop_caches: 3
[106651.736507] sh (70861): drop_caches: 3
[106655.787103] sh (70861): drop_caches: 3
[106659.838480] sh (70861): drop_caches: 3
[106663.889193] sh (70861): drop_caches: 3
[106667.939205] sh (70861): drop_caches: 3
[106671.989236] sh (70861): drop_caches: 3
[106676.031155] sh (70861): drop_caches: 3
[106680.077999] sh (70861): drop_caches: 3
[106684.128311] sh (70861): drop_caches: 3
[106688.175750] sh (70861): drop_caches: 3
[106692.226564] sh (70861): drop_caches: 3
[106696.276264] sh (70861): drop_caches: 3
[106700.318710] sh (70861): drop_caches: 3
[106704.360999] sh (70861): drop_caches: 3
[106708.405675] sh (70861): drop_caches: 3
[106712.455438] sh (70861): drop_caches: 3
[106716.502344] sh (70861): drop_caches: 3
[106720.550401] sh (70861): drop_caches: 3
[106724.602186] sh (70861): drop_caches: 3
[106728.653444] sh (70861): drop_caches: 3
[106732.702107] sh (70861): drop_caches: 3
[106736.758630] sh (70861): drop_caches: 3
[106740.805652] sh (70861): drop_caches: 3
[106744.853309] sh (70861): drop_caches: 3
[106748.894393] sh (70861): drop_caches: 3
[106752.941525] sh (70861): drop_caches: 3
[106756.993536] sh (70861): drop_caches: 3
[106761.042455] sh (70861): drop_caches: 3
[106765.090108] sh (70861): drop_caches: 3
[106769.137311] sh (70861): drop_caches: 3
[106773.187830] sh (70861): drop_caches: 3
[106777.237283] sh (70861): drop_caches: 3
[106781.285337] sh (70861): drop_caches: 3
[106785.334495] sh (70861): drop_caches: 3
[106789.381315] sh (70861): drop_caches: 3
[106793.431072] sh (70861): drop_caches: 3
[106797.478500] sh (70861): drop_caches: 3
[106801.531234] sh (70861): drop_caches: 3
[106805.580882] sh (70861): drop_caches: 3
[106809.631181] sh (70861): drop_caches: 3
[106813.680521] sh (70861): drop_caches: 3
[106817.723447] sh (70861): drop_caches: 3
[106821.772726] sh (70861): drop_caches: 3
[106825.822632] sh (70861): drop_caches: 3
[106829.873052] sh (70861): drop_caches: 3
[106833.923951] sh (70861): drop_caches: 3
[106837.975234] sh (70861): drop_caches: 3
[106842.033187] sh (70861): drop_caches: 3
[106846.079449] sh (70861): drop_caches: 3
[106850.126079] sh (70861): drop_caches: 3
[106854.179451] sh (70861): drop_caches: 3
[106858.220541] sh (70861): drop_caches: 3
[106862.266571] sh (70861): drop_caches: 3
[106866.310779] sh (70861): drop_caches: 3
[106870.358450] sh (70861): drop_caches: 3
[106874.401009] sh (70861): drop_caches: 3
[106878.449496] sh (70861): drop_caches: 3
[106882.499034] sh (70861): drop_caches: 3
[106886.548084] sh (70861): drop_caches: 3
[106890.594587] sh (70861): drop_caches: 3
[106894.646032] sh (70861): drop_caches: 3
[106898.695598] sh (70861): drop_caches: 3
[106902.738784] sh (70861): drop_caches: 3
[106906.788178] sh (70861): drop_caches: 3
[106910.839103] sh (70861): drop_caches: 3
[106914.885862] sh (70861): drop_caches: 3
[106918.933256] sh (70861): drop_caches: 3
[106922.974526] sh (70861): drop_caches: 3
[106927.025093] sh (70861): drop_caches: 3
[106931.069734] sh (70861): drop_caches: 3
[106935.098115] sh (70861): drop_caches: 3
[106935.149650] iCAT_SQLITE_RUN_END run=20260830-025507-70732
[106935.170737] EXT4-fs (nvme1n1): unmounting filesystem fab93868-6465-439d-9200-53b6b1a1cc59.
[106935.258272] pci_bus 0001:10: busn_res: [bus 10-ff] is released
[106935.258337] NVMeVirt: GC stats: policy=cat-fig7 host_pages=32299734 gc_pages=6160326 gc_count=600932 WAF=1.190 k=7 scale_pct=50 age_ratio=16
[106935.331280] NVMeVirt: Virtual NVMe device closed
