[127527.991783] NVMeVirt: Version 1.10 for >> Samsung 970 Pro SSD <<
[127527.991794] NVMeVirt: Storage: 0x100100000-0x300000000 (8191 MiB)
[127528.000495] NVMeVirt: Total Capacity(GiB,MiB)=2,2048 chs=2 luns=4 lines=8192 blk-size(MiB,KiB)=0,64 line-size(MiB,KiB)=0,256
[127528.011459] NVMeVirt: [chmodel_init] bandwidth 800 max_credits 26 tx_time 152
[127528.019460] NVMeVirt: [chmodel_init] bandwidth 800 max_credits 26 tx_time 152
[127528.019475] NVMeVirt: [chmodel_init] bandwidth 3360 max_credits 110 tx_time 36
[127528.020831] NVMeVirt: pqueue: Copyright (c) 2014, Volkan Yazıcı <volkan.yazici@gmail.com>. All rights reserved.
[127528.020880] NVMeVirt: Init FTL instance with 2 channels (524288 pages)
[127528.020881] NVMeVirt: GC victim policy: cat-fig7 k=10 scale_pct=50 age_ratio=7
[127528.028718] NVMeVirt: [chmodel_init] bandwidth 800 max_credits 26 tx_time 152
[127528.036649] NVMeVirt: [chmodel_init] bandwidth 800 max_credits 26 tx_time 152
[127528.036664] NVMeVirt: [chmodel_init] bandwidth 3360 max_credits 110 tx_time 36
[127528.037970] NVMeVirt: Init FTL instance with 2 channels (524288 pages)
[127528.037972] NVMeVirt: GC victim policy: cat-fig7 k=10 scale_pct=50 age_ratio=7
[127528.044551] NVMeVirt: [chmodel_init] bandwidth 800 max_credits 26 tx_time 152
[127528.050973] NVMeVirt: [chmodel_init] bandwidth 800 max_credits 26 tx_time 152
[127528.050987] NVMeVirt: [chmodel_init] bandwidth 3360 max_credits 110 tx_time 36
[127528.052236] NVMeVirt: Init FTL instance with 2 channels (524288 pages)
[127528.052237] NVMeVirt: GC victim policy: cat-fig7 k=10 scale_pct=50 age_ratio=7
[127528.058623] NVMeVirt: [chmodel_init] bandwidth 800 max_credits 26 tx_time 152
[127528.065060] NVMeVirt: [chmodel_init] bandwidth 800 max_credits 26 tx_time 152
[127528.065075] NVMeVirt: [chmodel_init] bandwidth 3360 max_credits 110 tx_time 36
[127528.066331] NVMeVirt: Init FTL instance with 2 channels (524288 pages)
[127528.066331] NVMeVirt: GC victim policy: cat-fig7 k=10 scale_pct=50 age_ratio=7
[127528.066336] NVMeVirt: FTL physical space: 8588886016, logical space: 8026996276 (physical/logical * 100 = 107)
[127528.066337] NVMeVirt: ns 0/1: size 7655 MiB
[127528.066378] PCI host bridge to bus 0001:10
[127528.066380] pci_bus 0001:10: root bus resource [io  0x0000-0xffff]
[127528.066382] pci_bus 0001:10: root bus resource [mem 0x00000000-0x3fffffffffff]
[127528.066384] pci_bus 0001:10: root bus resource [bus 00-ff]
[127528.066390] pci 0001:10:00.0: [0c51:0110] type 00 class 0x010802 PCIe Endpoint
[127528.066393] pci 0001:10:00.0: BAR 0 [mem 0x100000000-0x100003fff 64bit]
[127528.066394] pci 0001:10:00.0: enabling Extended Tags
[127528.066512] NVMeVirt: Virtual PCI bus created (node 0)
[127528.067078] NVMeVirt: nvmev_io_worker_0 started on cpu 2 (node 0)
[127528.067245] NVMeVirt: nvmev_dispatcher started on cpu 1 (node 0)
[127528.067351] nvme nvme1: pci function 0001:10:00.0
[127528.071869] nvme nvme1: 20/0/0 default/read/poll queues
[127528.075018] NVMeVirt: Virtual NVMe device created
[127529.136424] EXT4-fs (nvme1n1): mounted filesystem 83c826e0-eab5-4148-b574-b44b26a31355 r/w with ordered data mode. Quota mode: none.
[127529.166467] iCAT_SQLITE_LOAD_START run=20260830-090405-110715
[127610.463502] iCAT_SQLITE_LOAD_END run=20260830-090405-110715
[127610.826596] sh (111210): drop_caches: 3
[127610.858575] iCAT_SQLITE_RUN_START run=20260830-090405-110715
[127614.512968] sh (111207): drop_caches: 3
[127618.563098] sh (111207): drop_caches: 3
[127622.614544] sh (111207): drop_caches: 3
[127626.662666] sh (111207): drop_caches: 3
[127630.713059] sh (111207): drop_caches: 3
[127634.763700] sh (111207): drop_caches: 3
[127638.808790] sh (111207): drop_caches: 3
[127642.854277] sh (111207): drop_caches: 3
[127646.895926] sh (111207): drop_caches: 3
[127650.940654] sh (111207): drop_caches: 3
[127654.984339] sh (111207): drop_caches: 3
[127659.034596] sh (111207): drop_caches: 3
[127663.084684] sh (111207): drop_caches: 3
[127667.139605] sh (111207): drop_caches: 3
[127671.187089] sh (111207): drop_caches: 3
[127675.242558] sh (111207): drop_caches: 3
[127679.294858] sh (111207): drop_caches: 3
[127683.348526] sh (111207): drop_caches: 3
[127687.400850] sh (111207): drop_caches: 3
[127691.444241] sh (111207): drop_caches: 3
[127695.493539] sh (111207): drop_caches: 3
[127699.544973] sh (111207): drop_caches: 3
[127703.594912] sh (111207): drop_caches: 3
[127707.644319] sh (111207): drop_caches: 3
[127711.693034] sh (111207): drop_caches: 3
[127715.742394] sh (111207): drop_caches: 3
[127719.790574] sh (111207): drop_caches: 3
[127723.840366] sh (111207): drop_caches: 3
[127727.893700] sh (111207): drop_caches: 3
[127731.943488] sh (111207): drop_caches: 3
[127735.987493] sh (111207): drop_caches: 3
[127740.030341] sh (111207): drop_caches: 3
[127744.082813] sh (111207): drop_caches: 3
[127748.133693] sh (111207): drop_caches: 3
[127752.185024] sh (111207): drop_caches: 3
[127756.236060] sh (111207): drop_caches: 3
[127760.291026] sh (111207): drop_caches: 3
[127764.342935] sh (111207): drop_caches: 3
[127768.386125] sh (111207): drop_caches: 3
[127772.430422] sh (111207): drop_caches: 3
[127776.478035] sh (111207): drop_caches: 3
[127780.527971] sh (111207): drop_caches: 3
[127784.580704] sh (111207): drop_caches: 3
[127788.631430] sh (111207): drop_caches: 3
[127792.679926] sh (111207): drop_caches: 3
[127796.728346] sh (111207): drop_caches: 3
[127800.777154] sh (111207): drop_caches: 3
[127804.827752] sh (111207): drop_caches: 3
[127808.876817] sh (111207): drop_caches: 3
[127812.928364] sh (111207): drop_caches: 3
[127816.977570] sh (111207): drop_caches: 3
[127821.025879] sh (111207): drop_caches: 3
[127825.077977] sh (111207): drop_caches: 3
[127829.120628] sh (111207): drop_caches: 3
[127833.171860] sh (111207): drop_caches: 3
[127837.220456] sh (111207): drop_caches: 3
[127841.274085] sh (111207): drop_caches: 3
[127845.324703] sh (111207): drop_caches: 3
[127849.373436] sh (111207): drop_caches: 3
[127853.425377] sh (111207): drop_caches: 3
[127857.473769] sh (111207): drop_caches: 3
[127861.522619] sh (111207): drop_caches: 3
[127865.576690] sh (111207): drop_caches: 3
[127869.628390] sh (111207): drop_caches: 3
[127873.680647] sh (111207): drop_caches: 3
[127877.728126] sh (111207): drop_caches: 3
[127881.769770] sh (111207): drop_caches: 3
[127885.822084] sh (111207): drop_caches: 3
[127889.867305] sh (111207): drop_caches: 3
[127893.918510] sh (111207): drop_caches: 3
[127897.969094] sh (111207): drop_caches: 3
[127902.014114] sh (111207): drop_caches: 3
[127906.065131] sh (111207): drop_caches: 3
[127910.112075] sh (111207): drop_caches: 3
[127914.160171] sh (111207): drop_caches: 3
[127918.212980] sh (111207): drop_caches: 3
[127922.266074] sh (111207): drop_caches: 3
[127926.313856] sh (111207): drop_caches: 3
[127930.364069] sh (111207): drop_caches: 3
[127934.416141] sh (111207): drop_caches: 3
[127938.460286] sh (111207): drop_caches: 3
[127942.505092] sh (111207): drop_caches: 3
[127946.555428] sh (111207): drop_caches: 3
[127950.606412] sh (111207): drop_caches: 3
[127954.660399] sh (111207): drop_caches: 3
[127958.710321] sh (111207): drop_caches: 3
[127962.763901] sh (111207): drop_caches: 3
[127966.816607] sh (111207): drop_caches: 3
[127970.859254] sh (111207): drop_caches: 3
[127974.910135] sh (111207): drop_caches: 3
[127978.959305] sh (111207): drop_caches: 3
[127983.007164] sh (111207): drop_caches: 3
[127987.058685] sh (111207): drop_caches: 3
[127991.107899] sh (111207): drop_caches: 3
[127995.149457] sh (111207): drop_caches: 3
[127999.198915] sh (111207): drop_caches: 3
[128003.243179] sh (111207): drop_caches: 3
[128007.294092] sh (111207): drop_caches: 3
[128011.346171] sh (111207): drop_caches: 3
[128015.386454] sh (111207): drop_caches: 3
[128019.431073] sh (111207): drop_caches: 3
[128023.481795] sh (111207): drop_caches: 3
[128027.532907] sh (111207): drop_caches: 3
[128031.576381] sh (111207): drop_caches: 3
[128035.626351] sh (111207): drop_caches: 3
[128039.669558] sh (111207): drop_caches: 3
[128043.722034] sh (111207): drop_caches: 3
[128047.771724] sh (111207): drop_caches: 3
[128051.817166] sh (111207): drop_caches: 3
[128055.870297] sh (111207): drop_caches: 3
[128059.919504] sh (111207): drop_caches: 3
[128063.974867] sh (111207): drop_caches: 3
[128068.025494] sh (111207): drop_caches: 3
[128072.077110] sh (111207): drop_caches: 3
[128076.129709] sh (111207): drop_caches: 3
[128080.180788] sh (111207): drop_caches: 3
[128084.231095] sh (111207): drop_caches: 3
[128088.283675] sh (111207): drop_caches: 3
[128092.328264] sh (111207): drop_caches: 3
[128096.377188] sh (111207): drop_caches: 3
[128100.426237] sh (111207): drop_caches: 3
[128104.471291] sh (111207): drop_caches: 3
[128108.523548] sh (111207): drop_caches: 3
[128112.575033] sh (111207): drop_caches: 3
[128116.625171] sh (111207): drop_caches: 3
[128120.669454] sh (111207): drop_caches: 3
[128124.722104] sh (111207): drop_caches: 3
[128128.772945] sh (111207): drop_caches: 3
[128132.824047] sh (111207): drop_caches: 3
[128136.874521] sh (111207): drop_caches: 3
[128140.916462] sh (111207): drop_caches: 3
[128144.966196] sh (111207): drop_caches: 3
[128149.016519] sh (111207): drop_caches: 3
[128153.065685] sh (111207): drop_caches: 3
[128157.109276] sh (111207): drop_caches: 3
[128161.157275] sh (111207): drop_caches: 3
[128165.212502] sh (111207): drop_caches: 3
[128169.260555] sh (111207): drop_caches: 3
[128173.311189] sh (111207): drop_caches: 3
[128177.361858] sh (111207): drop_caches: 3
[128181.409408] sh (111207): drop_caches: 3
[128185.460184] sh (111207): drop_caches: 3
[128189.510154] sh (111207): drop_caches: 3
[128193.561025] sh (111207): drop_caches: 3
[128197.610997] sh (111207): drop_caches: 3
[128201.660615] sh (111207): drop_caches: 3
[128205.709860] sh (111207): drop_caches: 3
[128209.756136] sh (111207): drop_caches: 3
[128213.802539] sh (111207): drop_caches: 3
[128217.849651] sh (111207): drop_caches: 3
[128221.899742] sh (111207): drop_caches: 3
[128225.942188] sh (111207): drop_caches: 3
[128229.993264] sh (111207): drop_caches: 3
[128234.039810] sh (111207): drop_caches: 3
[128238.093851] sh (111207): drop_caches: 3
[128242.144664] sh (111207): drop_caches: 3
[128246.194665] sh (111207): drop_caches: 3
[128250.244467] sh (111207): drop_caches: 3
[128254.294616] sh (111207): drop_caches: 3
[128258.336707] sh (111207): drop_caches: 3
[128262.387013] sh (111207): drop_caches: 3
[128266.434739] sh (111207): drop_caches: 3
[128270.483215] sh (111207): drop_caches: 3
[128274.532284] sh (111207): drop_caches: 3
[128278.582316] sh (111207): drop_caches: 3
[128282.632483] sh (111207): drop_caches: 3
[128286.678017] sh (111207): drop_caches: 3
[128290.729593] sh (111207): drop_caches: 3
[128294.775762] sh (111207): drop_caches: 3
[128298.819328] sh (111207): drop_caches: 3
[128302.866268] sh (111207): drop_caches: 3
[128306.915484] sh (111207): drop_caches: 3
[128310.962772] sh (111207): drop_caches: 3
[128315.014458] sh (111207): drop_caches: 3
[128319.066027] sh (111207): drop_caches: 3
[128323.114357] sh (111207): drop_caches: 3
[128327.163756] sh (111207): drop_caches: 3
[128331.213634] sh (111207): drop_caches: 3
[128335.263417] sh (111207): drop_caches: 3
[128339.315603] sh (111207): drop_caches: 3
[128343.364835] sh (111207): drop_caches: 3
[128347.408658] sh (111207): drop_caches: 3
[128351.452128] sh (111207): drop_caches: 3
[128355.495932] sh (111207): drop_caches: 3
[128359.548115] sh (111207): drop_caches: 3
[128363.595535] sh (111207): drop_caches: 3
[128367.648067] sh (111207): drop_caches: 3
[128371.698407] sh (111207): drop_caches: 3
[128375.751219] sh (111207): drop_caches: 3
[128379.802470] sh (111207): drop_caches: 3
[128383.850749] sh (111207): drop_caches: 3
[128387.893948] sh (111207): drop_caches: 3
[128391.934988] sh (111207): drop_caches: 3
[128395.979120] sh (111207): drop_caches: 3
[128400.027552] sh (111207): drop_caches: 3
[128404.079741] sh (111207): drop_caches: 3
[128408.126343] sh (111207): drop_caches: 3
[128412.177636] sh (111207): drop_caches: 3
[128416.226459] sh (111207): drop_caches: 3
[128420.275948] sh (111207): drop_caches: 3
[128424.324960] sh (111207): drop_caches: 3
[128428.376303] sh (111207): drop_caches: 3
[128432.425384] sh (111207): drop_caches: 3
[128436.471895] sh (111207): drop_caches: 3
[128440.522570] sh (111207): drop_caches: 3
[128444.568323] sh (111207): drop_caches: 3
[128448.618781] sh (111207): drop_caches: 3
[128452.663710] sh (111207): drop_caches: 3
[128456.712115] sh (111207): drop_caches: 3
[128460.760690] sh (111207): drop_caches: 3
[128464.810595] sh (111207): drop_caches: 3
[128468.860077] sh (111207): drop_caches: 3
[128472.908193] sh (111207): drop_caches: 3
[128476.950168] sh (111207): drop_caches: 3
[128480.992332] sh (111207): drop_caches: 3
[128485.036678] sh (111207): drop_caches: 3
[128489.090982] sh (111207): drop_caches: 3
[128493.141682] sh (111207): drop_caches: 3
[128497.193550] sh (111207): drop_caches: 3
[128501.239726] sh (111207): drop_caches: 3
[128505.288188] sh (111207): drop_caches: 3
[128509.331152] sh (111207): drop_caches: 3
[128513.373911] sh (111207): drop_caches: 3
[128517.421757] sh (111207): drop_caches: 3
[128521.471628] sh (111207): drop_caches: 3
[128525.520023] sh (111207): drop_caches: 3
[128529.568494] sh (111207): drop_caches: 3
[128533.619256] sh (111207): drop_caches: 3
[128537.662511] sh (111207): drop_caches: 3
[128541.708524] sh (111207): drop_caches: 3
[128545.759765] sh (111207): drop_caches: 3
[128549.810564] sh (111207): drop_caches: 3
[128553.857888] sh (111207): drop_caches: 3
[128557.908759] sh (111207): drop_caches: 3
[128561.950697] sh (111207): drop_caches: 3
[128565.994440] sh (111207): drop_caches: 3
[128570.041007] sh (111207): drop_caches: 3
[128574.087321] sh (111207): drop_caches: 3
[128578.135688] sh (111207): drop_caches: 3
[128582.186170] sh (111207): drop_caches: 3
[128586.237816] sh (111207): drop_caches: 3
[128590.286544] sh (111207): drop_caches: 3
[128594.336136] sh (111207): drop_caches: 3
[128598.385354] sh (111207): drop_caches: 3
[128602.436269] sh (111207): drop_caches: 3
[128606.483905] sh (111207): drop_caches: 3
[128610.532220] sh (111207): drop_caches: 3
[128614.583961] sh (111207): drop_caches: 3
[128618.633428] sh (111207): drop_caches: 3
[128622.686816] sh (111207): drop_caches: 3
[128626.729764] sh (111207): drop_caches: 3
[128630.777657] sh (111207): drop_caches: 3
[128634.820848] sh (111207): drop_caches: 3
[128638.863557] sh (111207): drop_caches: 3
[128642.911521] sh (111207): drop_caches: 3
[128646.953983] sh (111207): drop_caches: 3
[128650.995370] sh (111207): drop_caches: 3
[128655.047381] sh (111207): drop_caches: 3
[128659.098969] sh (111207): drop_caches: 3
[128663.141854] sh (111207): drop_caches: 3
[128667.193269] sh (111207): drop_caches: 3
[128671.243353] sh (111207): drop_caches: 3
[128675.288147] sh (111207): drop_caches: 3
[128679.336459] sh (111207): drop_caches: 3
[128683.389531] sh (111207): drop_caches: 3
[128687.440865] sh (111207): drop_caches: 3
[128691.489740] sh (111207): drop_caches: 3
[128695.540677] sh (111207): drop_caches: 3
[128699.590818] sh (111207): drop_caches: 3
[128703.639767] sh (111207): drop_caches: 3
[128707.693450] sh (111207): drop_caches: 3
[128711.742518] sh (111207): drop_caches: 3
[128715.788567] sh (111207): drop_caches: 3
[128719.842134] sh (111207): drop_caches: 3
[128723.893830] sh (111207): drop_caches: 3
[128727.938929] sh (111207): drop_caches: 3
[128731.989573] sh (111207): drop_caches: 3
[128736.034767] sh (111207): drop_caches: 3
[128740.082729] sh (111207): drop_caches: 3
[128744.132028] sh (111207): drop_caches: 3
[128748.181244] sh (111207): drop_caches: 3
[128752.232405] sh (111207): drop_caches: 3
[128756.280116] sh (111207): drop_caches: 3
[128760.329279] sh (111207): drop_caches: 3
[128764.370460] sh (111207): drop_caches: 3
[128768.422734] sh (111207): drop_caches: 3
[128772.473071] sh (111207): drop_caches: 3
[128776.521388] sh (111207): drop_caches: 3
[128780.569448] sh (111207): drop_caches: 3
[128784.621629] sh (111207): drop_caches: 3
[128788.672563] sh (111207): drop_caches: 3
[128792.720502] sh (111207): drop_caches: 3
[128796.771508] sh (111207): drop_caches: 3
[128800.821384] sh (111207): drop_caches: 3
[128804.865928] sh (111207): drop_caches: 3
[128808.917404] sh (111207): drop_caches: 3
[128812.971533] sh (111207): drop_caches: 3
[128817.024148] sh (111207): drop_caches: 3
[128821.071702] sh (111207): drop_caches: 3
[128825.116445] sh (111207): drop_caches: 3
[128829.165012] sh (111207): drop_caches: 3
[128833.215019] sh (111207): drop_caches: 3
[128837.261887] sh (111207): drop_caches: 3
[128841.311280] sh (111207): drop_caches: 3
[128845.362563] sh (111207): drop_caches: 3
[128849.413174] sh (111207): drop_caches: 3
[128853.463797] sh (111207): drop_caches: 3
[128857.513806] sh (111207): drop_caches: 3
[128861.562375] sh (111207): drop_caches: 3
[128865.606339] sh (111207): drop_caches: 3
[128869.659531] sh (111207): drop_caches: 3
[128873.709078] sh (111207): drop_caches: 3
[128877.759061] sh (111207): drop_caches: 3
[128881.809123] sh (111207): drop_caches: 3
[128885.852163] sh (111207): drop_caches: 3
[128889.904817] sh (111207): drop_caches: 3
[128893.950499] sh (111207): drop_caches: 3
[128897.995333] sh (111207): drop_caches: 3
[128902.042500] sh (111207): drop_caches: 3
[128906.092647] sh (111207): drop_caches: 3
[128910.136379] sh (111207): drop_caches: 3
[128914.187693] sh (111207): drop_caches: 3
[128918.232866] sh (111207): drop_caches: 3
[128922.276973] sh (111207): drop_caches: 3
[128926.318102] sh (111207): drop_caches: 3
[128930.362612] sh (111207): drop_caches: 3
[128934.410829] sh (111207): drop_caches: 3
[128938.465472] sh (111207): drop_caches: 3
[128942.517509] sh (111207): drop_caches: 3
[128946.568436] sh (111207): drop_caches: 3
[128950.619727] sh (111207): drop_caches: 3
[128954.667926] sh (111207): drop_caches: 3
[128958.719961] sh (111207): drop_caches: 3
[128962.774118] sh (111207): drop_caches: 3
[128966.828173] sh (111207): drop_caches: 3
[128970.870816] sh (111207): drop_caches: 3
[128974.922758] sh (111207): drop_caches: 3
[128978.973428] sh (111207): drop_caches: 3
[128983.015827] sh (111207): drop_caches: 3
[128987.063686] sh (111207): drop_caches: 3
[128991.113044] sh (111207): drop_caches: 3
[128995.157719] sh (111207): drop_caches: 3
[128999.207575] sh (111207): drop_caches: 3
[129003.260364] sh (111207): drop_caches: 3
[129007.306015] sh (111207): drop_caches: 3
[129011.348756] sh (111207): drop_caches: 3
[129015.399113] sh (111207): drop_caches: 3
[129019.449440] sh (111207): drop_caches: 3
[129023.499883] sh (111207): drop_caches: 3
[129027.550383] sh (111207): drop_caches: 3
[129031.598891] sh (111207): drop_caches: 3
[129035.649624] sh (111207): drop_caches: 3
[129039.699778] sh (111207): drop_caches: 3
[129043.750494] sh (111207): drop_caches: 3
[129047.799175] sh (111207): drop_caches: 3
[129051.849387] sh (111207): drop_caches: 3
[129055.895716] sh (111207): drop_caches: 3
[129059.946150] sh (111207): drop_caches: 3
[129063.997250] sh (111207): drop_caches: 3
[129068.045086] sh (111207): drop_caches: 3
[129072.097309] sh (111207): drop_caches: 3
[129076.145263] sh (111207): drop_caches: 3
[129080.196574] sh (111207): drop_caches: 3
[129084.250708] sh (111207): drop_caches: 3
[129088.299652] sh (111207): drop_caches: 3
[129092.350757] sh (111207): drop_caches: 3
[129096.397351] sh (111207): drop_caches: 3
[129100.444040] sh (111207): drop_caches: 3
[129104.494094] sh (111207): drop_caches: 3
[129108.543981] sh (111207): drop_caches: 3
[129112.596879] sh (111207): drop_caches: 3
[129116.649289] sh (111207): drop_caches: 3
[129120.699691] sh (111207): drop_caches: 3
[129124.750425] sh (111207): drop_caches: 3
[129128.779241] sh (111207): drop_caches: 3
[129128.828561] iCAT_SQLITE_RUN_END run=20260830-090405-110715
[129128.848385] EXT4-fs (nvme1n1): unmounting filesystem 83c826e0-eab5-4148-b574-b44b26a31355.
[129128.924177] pci_bus 0001:10: busn_res: [bus 10-ff] is released
[129128.924244] NVMeVirt: GC stats: policy=cat-fig7 host_pages=32446584 gc_pages=10563219 gc_count=672021 WAF=1.325 k=10 scale_pct=50 age_ratio=7
[129128.996926] NVMeVirt: Virtual NVMe device closed
