[100687.416364] NVMeVirt: Version 1.10 for >> Samsung 970 Pro SSD <<
[100687.416372] NVMeVirt: Storage: 0x100100000-0x300000000 (8191 MiB)
[100687.423622] NVMeVirt: Total Capacity(GiB,MiB)=2,2048 chs=2 luns=4 lines=8192 blk-size(MiB,KiB)=0,64 line-size(MiB,KiB)=0,256
[100687.433353] NVMeVirt: [chmodel_init] bandwidth 800 max_credits 26 tx_time 152
[100687.440036] NVMeVirt: [chmodel_init] bandwidth 800 max_credits 26 tx_time 152
[100687.440050] NVMeVirt: [chmodel_init] bandwidth 3360 max_credits 110 tx_time 36
[100687.441277] NVMeVirt: pqueue: Copyright (c) 2014, Volkan Yazıcı <volkan.yazici@gmail.com>. All rights reserved.
[100687.441312] NVMeVirt: Init FTL instance with 2 channels (524288 pages)
[100687.441313] NVMeVirt: GC victim policy: cat-fig7 k=7 scale_pct=25 age_ratio=16
[100687.447779] NVMeVirt: [chmodel_init] bandwidth 800 max_credits 26 tx_time 152
[100687.454246] NVMeVirt: [chmodel_init] bandwidth 800 max_credits 26 tx_time 152
[100687.454260] NVMeVirt: [chmodel_init] bandwidth 3360 max_credits 110 tx_time 36
[100687.455514] NVMeVirt: Init FTL instance with 2 channels (524288 pages)
[100687.455516] NVMeVirt: GC victim policy: cat-fig7 k=7 scale_pct=25 age_ratio=16
[100687.462285] NVMeVirt: [chmodel_init] bandwidth 800 max_credits 26 tx_time 152
[100687.468956] NVMeVirt: [chmodel_init] bandwidth 800 max_credits 26 tx_time 152
[100687.468970] NVMeVirt: [chmodel_init] bandwidth 3360 max_credits 110 tx_time 36
[100687.470414] NVMeVirt: Init FTL instance with 2 channels (524288 pages)
[100687.470415] NVMeVirt: GC victim policy: cat-fig7 k=7 scale_pct=25 age_ratio=16
[100687.476981] NVMeVirt: [chmodel_init] bandwidth 800 max_credits 26 tx_time 152
[100687.483447] NVMeVirt: [chmodel_init] bandwidth 800 max_credits 26 tx_time 152
[100687.483462] NVMeVirt: [chmodel_init] bandwidth 3360 max_credits 110 tx_time 36
[100687.484703] NVMeVirt: Init FTL instance with 2 channels (524288 pages)
[100687.484704] NVMeVirt: GC victim policy: cat-fig7 k=7 scale_pct=25 age_ratio=16
[100687.484708] NVMeVirt: FTL physical space: 8588886016, logical space: 8026996276 (physical/logical * 100 = 107)
[100687.484709] NVMeVirt: ns 0/1: size 7655 MiB
[100687.484748] PCI host bridge to bus 0001:10
[100687.484750] pci_bus 0001:10: root bus resource [io  0x0000-0xffff]
[100687.484752] pci_bus 0001:10: root bus resource [mem 0x00000000-0x3fffffffffff]
[100687.484754] pci_bus 0001:10: root bus resource [bus 00-ff]
[100687.484760] pci 0001:10:00.0: [0c51:0110] type 00 class 0x010802 PCIe Endpoint
[100687.484762] pci 0001:10:00.0: BAR 0 [mem 0x100000000-0x100003fff 64bit]
[100687.484764] pci 0001:10:00.0: enabling Extended Tags
[100687.484873] NVMeVirt: Virtual PCI bus created (node 0)
[100687.485349] NVMeVirt: nvmev_dispatcher started on cpu 1 (node 0)
[100687.485517] NVMeVirt: nvmev_io_worker_0 started on cpu 2 (node 0)
[100687.485611] nvme nvme1: pci function 0001:10:00.0
[100687.489901] nvme nvme1: 20/0/0 default/read/poll queues
[100687.494374] NVMeVirt: Virtual NVMe device created
[100688.557810] EXT4-fs (nvme1n1): mounted filesystem 4cc424f1-8189-4511-9aaa-b027beca6d04 r/w with ordered data mode. Quota mode: none.
[100688.588595] iCAT_SQLITE_LOAD_START run=20260830-013644-68802
[100768.002543] iCAT_SQLITE_LOAD_END run=20260830-013644-68802
[100768.390539] sh (68938): drop_caches: 3
[100768.419536] iCAT_SQLITE_RUN_START run=20260830-013644-68802
[100772.050339] sh (68939): drop_caches: 3
[100776.098051] sh (68939): drop_caches: 3
[100780.146059] sh (68939): drop_caches: 3
[100784.195158] sh (68939): drop_caches: 3
[100788.244653] sh (68939): drop_caches: 3
[100792.294282] sh (68939): drop_caches: 3
[100796.343876] sh (68939): drop_caches: 3
[100800.393386] sh (68939): drop_caches: 3
[100804.440898] sh (68939): drop_caches: 3
[100808.494756] sh (68939): drop_caches: 3
[100812.538471] sh (68939): drop_caches: 3
[100816.584751] sh (68939): drop_caches: 3
[100820.632883] sh (68939): drop_caches: 3
[100824.680086] sh (68939): drop_caches: 3
[100828.724262] sh (68939): drop_caches: 3
[100832.770485] sh (68939): drop_caches: 3
[100836.822620] sh (68939): drop_caches: 3
[100840.870946] sh (68939): drop_caches: 3
[100844.919428] sh (68939): drop_caches: 3
[100848.969760] sh (68939): drop_caches: 3
[100853.019913] sh (68939): drop_caches: 3
[100857.071024] sh (68939): drop_caches: 3
[100861.117131] sh (68939): drop_caches: 3
[100865.165017] sh (68939): drop_caches: 3
[100869.210514] sh (68939): drop_caches: 3
[100873.260718] sh (68939): drop_caches: 3
[100877.310354] sh (68939): drop_caches: 3
[100881.357281] sh (68939): drop_caches: 3
[100885.405923] sh (68939): drop_caches: 3
[100889.452908] sh (68939): drop_caches: 3
[100893.501267] sh (68939): drop_caches: 3
[100897.541591] sh (68939): drop_caches: 3
[100901.590933] sh (68939): drop_caches: 3
[100905.641055] sh (68939): drop_caches: 3
[100909.690729] sh (68939): drop_caches: 3
[100913.740509] sh (68939): drop_caches: 3
[100917.789732] sh (68939): drop_caches: 3
[100921.836293] sh (68939): drop_caches: 3
[100925.886991] sh (68939): drop_caches: 3
[100929.937457] sh (68939): drop_caches: 3
[100933.985828] sh (68939): drop_caches: 3
[100938.028754] sh (68939): drop_caches: 3
[100942.079352] sh (68939): drop_caches: 3
[100946.123930] sh (68939): drop_caches: 3
[100950.173744] sh (68939): drop_caches: 3
[100954.223425] sh (68939): drop_caches: 3
[100958.264592] sh (68939): drop_caches: 3
[100962.308348] sh (68939): drop_caches: 3
[100966.360604] sh (68939): drop_caches: 3
[100970.411997] sh (68939): drop_caches: 3
[100974.461316] sh (68939): drop_caches: 3
[100978.511322] sh (68939): drop_caches: 3
[100982.558845] sh (68939): drop_caches: 3
[100986.608086] sh (68939): drop_caches: 3
[100990.650864] sh (68939): drop_caches: 3
[100994.700321] sh (68939): drop_caches: 3
[100998.747212] sh (68939): drop_caches: 3
[101002.790152] sh (68939): drop_caches: 3
[101006.839906] sh (68939): drop_caches: 3
[101010.888915] sh (68939): drop_caches: 3
[101014.938631] sh (68939): drop_caches: 3
[101018.984772] sh (68939): drop_caches: 3
[101023.034119] sh (68939): drop_caches: 3
[101027.082990] sh (68939): drop_caches: 3
[101031.129835] sh (68939): drop_caches: 3
[101035.178005] sh (68939): drop_caches: 3
[101039.226368] sh (68939): drop_caches: 3
[101043.274989] sh (68939): drop_caches: 3
[101047.325082] sh (68939): drop_caches: 3
[101051.375122] sh (68939): drop_caches: 3
[101055.424182] sh (68939): drop_caches: 3
[101059.470768] sh (68939): drop_caches: 3
[101063.520883] sh (68939): drop_caches: 3
[101067.570435] sh (68939): drop_caches: 3
[101071.620163] sh (68939): drop_caches: 3
[101075.668303] sh (68939): drop_caches: 3
[101079.720451] sh (68939): drop_caches: 3
[101083.770456] sh (68939): drop_caches: 3
[101087.814196] sh (68939): drop_caches: 3
[101091.863356] sh (68939): drop_caches: 3
[101095.912993] sh (68939): drop_caches: 3
[101099.962544] sh (68939): drop_caches: 3
[101104.009796] sh (68939): drop_caches: 3
[101108.058258] sh (68939): drop_caches: 3
[101112.105724] sh (68939): drop_caches: 3
[101116.154188] sh (68939): drop_caches: 3
[101120.203191] sh (68939): drop_caches: 3
[101124.253205] sh (68939): drop_caches: 3
[101128.300271] sh (68939): drop_caches: 3
[101132.347029] sh (68939): drop_caches: 3
[101136.389129] sh (68939): drop_caches: 3
[101140.439014] sh (68939): drop_caches: 3
[101144.487869] sh (68939): drop_caches: 3
[101148.536640] sh (68939): drop_caches: 3
[101152.584563] sh (68939): drop_caches: 3
[101156.633704] sh (68939): drop_caches: 3
[101160.686061] sh (68939): drop_caches: 3
[101164.726546] sh (68939): drop_caches: 3
[101168.779486] sh (68939): drop_caches: 3
[101172.825224] sh (68939): drop_caches: 3
[101176.865371] sh (68939): drop_caches: 3
[101180.914010] sh (68939): drop_caches: 3
[101184.962742] sh (68939): drop_caches: 3
[101189.011859] sh (68939): drop_caches: 3
[101193.060224] sh (68939): drop_caches: 3
[101197.109763] sh (68939): drop_caches: 3
[101201.156227] sh (68939): drop_caches: 3
[101205.206794] sh (68939): drop_caches: 3
[101209.255671] sh (68939): drop_caches: 3
[101213.304927] sh (68939): drop_caches: 3
[101217.354058] sh (68939): drop_caches: 3
[101221.401433] sh (68939): drop_caches: 3
[101225.442059] sh (68939): drop_caches: 3
[101229.492295] sh (68939): drop_caches: 3
[101233.541512] sh (68939): drop_caches: 3
[101237.591013] sh (68939): drop_caches: 3
[101241.640718] sh (68939): drop_caches: 3
[101245.690927] sh (68939): drop_caches: 3
[101249.738972] sh (68939): drop_caches: 3
[101253.787330] sh (68939): drop_caches: 3
[101257.835112] sh (68939): drop_caches: 3
[101261.884879] sh (68939): drop_caches: 3
[101265.933717] sh (68939): drop_caches: 3
[101269.980817] sh (68939): drop_caches: 3
[101274.031090] sh (68939): drop_caches: 3
[101278.074247] sh (68939): drop_caches: 3
[101282.115991] sh (68939): drop_caches: 3
[101286.166479] sh (68939): drop_caches: 3
[101290.215718] sh (68939): drop_caches: 3
[101294.264938] sh (68939): drop_caches: 3
[101298.309081] sh (68939): drop_caches: 3
[101302.355513] sh (68939): drop_caches: 3
[101306.404129] sh (68939): drop_caches: 3
[101310.444496] sh (68939): drop_caches: 3
[101314.492960] sh (68939): drop_caches: 3
[101318.543904] sh (68939): drop_caches: 3
[101322.593967] sh (68939): drop_caches: 3
[101326.641279] sh (68939): drop_caches: 3
[101330.688089] sh (68939): drop_caches: 3
[101334.737374] sh (68939): drop_caches: 3
[101338.786067] sh (68939): drop_caches: 3
[101342.830606] sh (68939): drop_caches: 3
[101346.877399] sh (68939): drop_caches: 3
[101350.922134] sh (68939): drop_caches: 3
[101354.970334] sh (68939): drop_caches: 3
[101359.017745] sh (68939): drop_caches: 3
[101363.071977] sh (68939): drop_caches: 3
[101367.116544] sh (68939): drop_caches: 3
[101371.165458] sh (68939): drop_caches: 3
[101375.215966] sh (68939): drop_caches: 3
[101379.262691] sh (68939): drop_caches: 3
[101383.306004] sh (68939): drop_caches: 3
[101387.353136] sh (68939): drop_caches: 3
[101391.403075] sh (68939): drop_caches: 3
[101395.450620] sh (68939): drop_caches: 3
[101399.498045] sh (68939): drop_caches: 3
[101403.547838] sh (68939): drop_caches: 3
[101407.588538] sh (68939): drop_caches: 3
[101411.637870] sh (68939): drop_caches: 3
[101415.686948] sh (68939): drop_caches: 3
[101419.736013] sh (68939): drop_caches: 3
[101423.784388] sh (68939): drop_caches: 3
[101427.831503] sh (68939): drop_caches: 3
[101431.881428] sh (68939): drop_caches: 3
[101435.929526] sh (68939): drop_caches: 3
[101439.978866] sh (68939): drop_caches: 3
[101444.027548] sh (68939): drop_caches: 3
[101448.077166] sh (68939): drop_caches: 3
[101452.127471] sh (68939): drop_caches: 3
[101456.169699] sh (68939): drop_caches: 3
[101460.216193] sh (68939): drop_caches: 3
[101464.265548] sh (68939): drop_caches: 3
[101468.314592] sh (68939): drop_caches: 3
[101472.365062] sh (68939): drop_caches: 3
[101476.406138] sh (68939): drop_caches: 3
[101480.457666] sh (68939): drop_caches: 3
[101484.507540] sh (68939): drop_caches: 3
[101488.556147] sh (68939): drop_caches: 3
[101492.603343] sh (68939): drop_caches: 3
[101496.644599] sh (68939): drop_caches: 3
[101500.692403] sh (68939): drop_caches: 3
[101504.734861] sh (68939): drop_caches: 3
[101508.781278] sh (68939): drop_caches: 3
[101512.825169] sh (68939): drop_caches: 3
[101516.872204] sh (68939): drop_caches: 3
[101520.918956] sh (68939): drop_caches: 3
[101524.968514] sh (68939): drop_caches: 3
[101529.015451] sh (68939): drop_caches: 3
[101533.062979] sh (68939): drop_caches: 3
[101537.104383] sh (68939): drop_caches: 3
[101541.154785] sh (68939): drop_caches: 3
[101545.202688] sh (68939): drop_caches: 3
[101549.250983] sh (68939): drop_caches: 3
[101553.298332] sh (68939): drop_caches: 3
[101557.344052] sh (68939): drop_caches: 3
[101561.390464] sh (68939): drop_caches: 3
[101565.435283] sh (68939): drop_caches: 3
[101569.481564] sh (68939): drop_caches: 3
[101573.522340] sh (68939): drop_caches: 3
[101577.569328] sh (68939): drop_caches: 3
[101581.616860] sh (68939): drop_caches: 3
[101585.666094] sh (68939): drop_caches: 3
[101589.709111] sh (68939): drop_caches: 3
[101593.755551] sh (68939): drop_caches: 3
[101597.805624] sh (68939): drop_caches: 3
[101601.849085] sh (68939): drop_caches: 3
[101605.898999] sh (68939): drop_caches: 3
[101609.948270] sh (68939): drop_caches: 3
[101613.996317] sh (68939): drop_caches: 3
[101618.044453] sh (68939): drop_caches: 3
[101622.091871] sh (68939): drop_caches: 3
[101626.137381] sh (68939): drop_caches: 3
[101630.185877] sh (68939): drop_caches: 3
[101634.236640] sh (68939): drop_caches: 3
[101638.280683] sh (68939): drop_caches: 3
[101642.328174] sh (68939): drop_caches: 3
[101646.375504] sh (68939): drop_caches: 3
[101650.424046] sh (68939): drop_caches: 3
[101654.471976] sh (68939): drop_caches: 3
[101658.521206] sh (68939): drop_caches: 3
[101662.570670] sh (68939): drop_caches: 3
[101666.619504] sh (68939): drop_caches: 3
[101670.666401] sh (68939): drop_caches: 3
[101674.715781] sh (68939): drop_caches: 3
[101678.761117] sh (68939): drop_caches: 3
[101682.804516] sh (68939): drop_caches: 3
[101686.851556] sh (68939): drop_caches: 3
[101690.899920] sh (68939): drop_caches: 3
[101694.949100] sh (68939): drop_caches: 3
[101698.997055] sh (68939): drop_caches: 3
[101703.044330] sh (68939): drop_caches: 3
[101707.088990] sh (68939): drop_caches: 3
[101711.130876] sh (68939): drop_caches: 3
[101715.180801] sh (68939): drop_caches: 3
[101719.229503] sh (68939): drop_caches: 3
[101723.277706] sh (68939): drop_caches: 3
[101727.325063] sh (68939): drop_caches: 3
[101731.373441] sh (68939): drop_caches: 3
[101735.423416] sh (68939): drop_caches: 3
[101739.475787] sh (68939): drop_caches: 3
[101743.524798] sh (68939): drop_caches: 3
[101747.573686] sh (68939): drop_caches: 3
[101751.622959] sh (68939): drop_caches: 3
[101755.672703] sh (68939): drop_caches: 3
[101759.722587] sh (68939): drop_caches: 3
[101763.774920] sh (68939): drop_caches: 3
[101767.817383] sh (68939): drop_caches: 3
[101771.866981] sh (68939): drop_caches: 3
[101775.911928] sh (68939): drop_caches: 3
[101779.959155] sh (68939): drop_caches: 3
[101784.008493] sh (68939): drop_caches: 3
[101788.055705] sh (68939): drop_caches: 3
[101792.102404] sh (68939): drop_caches: 3
[101796.154078] sh (68939): drop_caches: 3
[101800.206961] sh (68939): drop_caches: 3
[101804.258481] sh (68939): drop_caches: 3
[101808.310771] sh (68939): drop_caches: 3
[101812.363021] sh (68939): drop_caches: 3
[101816.410938] sh (68939): drop_caches: 3
[101820.452706] sh (68939): drop_caches: 3
[101824.502474] sh (68939): drop_caches: 3
[101828.553845] sh (68939): drop_caches: 3
[101832.600382] sh (68939): drop_caches: 3
[101836.646936] sh (68939): drop_caches: 3
[101840.695256] sh (68939): drop_caches: 3
[101844.745206] sh (68939): drop_caches: 3
[101848.793664] sh (68939): drop_caches: 3
[101852.842803] sh (68939): drop_caches: 3
[101856.882921] sh (68939): drop_caches: 3
[101860.930066] sh (68939): drop_caches: 3
[101864.979163] sh (68939): drop_caches: 3
[101869.020272] sh (68939): drop_caches: 3
[101873.068333] sh (68939): drop_caches: 3
[101877.117135] sh (68939): drop_caches: 3
[101881.167030] sh (68939): drop_caches: 3
[101885.217311] sh (68939): drop_caches: 3
[101889.266676] sh (68939): drop_caches: 3
[101893.316112] sh (68939): drop_caches: 3
[101897.362461] sh (68939): drop_caches: 3
[101901.409876] sh (68939): drop_caches: 3
[101905.460248] sh (68939): drop_caches: 3
[101909.507382] sh (68939): drop_caches: 3
[101913.548694] sh (68939): drop_caches: 3
[101917.594501] sh (68939): drop_caches: 3
[101921.639020] sh (68939): drop_caches: 3
[101925.685796] sh (68939): drop_caches: 3
[101929.734829] sh (68939): drop_caches: 3
[101933.781442] sh (68939): drop_caches: 3
[101937.829891] sh (68939): drop_caches: 3
[101941.878339] sh (68939): drop_caches: 3
[101945.921665] sh (68939): drop_caches: 3
[101949.963975] sh (68939): drop_caches: 3
[101954.015186] sh (68939): drop_caches: 3
[101958.065232] sh (68939): drop_caches: 3
[101962.109414] sh (68939): drop_caches: 3
[101966.159809] sh (68939): drop_caches: 3
[101970.209991] sh (68939): drop_caches: 3
[101974.257932] sh (68939): drop_caches: 3
[101978.301774] sh (68939): drop_caches: 3
[101982.351231] sh (68939): drop_caches: 3
[101986.393079] sh (68939): drop_caches: 3
[101990.443582] sh (68939): drop_caches: 3
[101994.493842] sh (68939): drop_caches: 3
[101998.541942] sh (68939): drop_caches: 3
[102002.590894] sh (68939): drop_caches: 3
[102006.640260] sh (68939): drop_caches: 3
[102010.690915] sh (68939): drop_caches: 3
[102014.740211] sh (68939): drop_caches: 3
[102018.790459] sh (68939): drop_caches: 3
[102022.839868] sh (68939): drop_caches: 3
[102026.888123] sh (68939): drop_caches: 3
[102030.938378] sh (68939): drop_caches: 3
[102034.981798] sh (68939): drop_caches: 3
[102039.023978] sh (68939): drop_caches: 3
[102043.071562] sh (68939): drop_caches: 3
[102047.114535] sh (68939): drop_caches: 3
[102051.163351] sh (68939): drop_caches: 3
[102055.211220] sh (68939): drop_caches: 3
[102059.254671] sh (68939): drop_caches: 3
[102063.303098] sh (68939): drop_caches: 3
[102067.351060] sh (68939): drop_caches: 3
[102071.397841] sh (68939): drop_caches: 3
[102075.442081] sh (68939): drop_caches: 3
[102079.490116] sh (68939): drop_caches: 3
[102083.536976] sh (68939): drop_caches: 3
[102087.584900] sh (68939): drop_caches: 3
[102091.637764] sh (68939): drop_caches: 3
[102095.687205] sh (68939): drop_caches: 3
[102099.738888] sh (68939): drop_caches: 3
[102103.787377] sh (68939): drop_caches: 3
[102107.836439] sh (68939): drop_caches: 3
[102111.884048] sh (68939): drop_caches: 3
[102115.932020] sh (68939): drop_caches: 3
[102119.978941] sh (68939): drop_caches: 3
[102124.019763] sh (68939): drop_caches: 3
[102128.066519] sh (68939): drop_caches: 3
[102132.115288] sh (68939): drop_caches: 3
[102136.165144] sh (68939): drop_caches: 3
[102140.213841] sh (68939): drop_caches: 3
[102144.263155] sh (68939): drop_caches: 3
[102148.312090] sh (68939): drop_caches: 3
[102152.361706] sh (68939): drop_caches: 3
[102156.408911] sh (68939): drop_caches: 3
[102160.456387] sh (68939): drop_caches: 3
[102164.507754] sh (68939): drop_caches: 3
[102168.550160] sh (68939): drop_caches: 3
[102172.592560] sh (68939): drop_caches: 3
[102176.640913] sh (68939): drop_caches: 3
[102180.689919] sh (68939): drop_caches: 3
[102184.736921] sh (68939): drop_caches: 3
[102188.787005] sh (68939): drop_caches: 3
[102192.836051] sh (68939): drop_caches: 3
[102196.886364] sh (68939): drop_caches: 3
[102200.935697] sh (68939): drop_caches: 3
[102204.988997] sh (68939): drop_caches: 3
[102209.043138] sh (68939): drop_caches: 3
[102213.089516] sh (68939): drop_caches: 3
[102217.139598] sh (68939): drop_caches: 3
[102221.189126] sh (68939): drop_caches: 3
[102225.237856] sh (68939): drop_caches: 3
[102229.284520] sh (68939): drop_caches: 3
[102233.336841] sh (68939): drop_caches: 3
[102237.386260] sh (68939): drop_caches: 3
[102241.414589] sh (68939): drop_caches: 3
[102241.464473] iCAT_SQLITE_RUN_END run=20260830-013644-68802
[102241.485258] EXT4-fs (nvme1n1): unmounting filesystem 4cc424f1-8189-4511-9aaa-b027beca6d04.
[102241.579030] pci_bus 0001:10: busn_res: [bus 10-ff] is released
[102241.579069] NVMeVirt: GC stats: policy=cat-fig7 host_pages=32319747 gc_pages=6700763 gc_count=609689 WAF=1.207 k=7 scale_pct=25 age_ratio=16
[102241.653679] NVMeVirt: Virtual NVMe device closed
