[99126.740948] NVMeVirt: Version 1.10 for >> Samsung 970 Pro SSD <<
[99126.740958] NVMeVirt: Storage: 0x100100000-0x300000000 (8191 MiB)
[99126.748318] NVMeVirt: Total Capacity(GiB,MiB)=2,2048 chs=2 luns=4 lines=8192 blk-size(MiB,KiB)=0,64 line-size(MiB,KiB)=0,256
[99126.761608] NVMeVirt: [chmodel_init] bandwidth 800 max_credits 26 tx_time 152
[99126.772510] NVMeVirt: [chmodel_init] bandwidth 800 max_credits 26 tx_time 152
[99126.772524] NVMeVirt: [chmodel_init] bandwidth 3360 max_credits 110 tx_time 36
[99126.773759] NVMeVirt: pqueue: Copyright (c) 2014, Volkan Yazıcı <volkan.yazici@gmail.com>. All rights reserved.
[99126.773796] NVMeVirt: Init FTL instance with 2 channels (524288 pages)
[99126.773797] NVMeVirt: GC victim policy: cat-fig7 k=7 scale_pct=25 age_ratio=7
[99126.780399] NVMeVirt: [chmodel_init] bandwidth 800 max_credits 26 tx_time 152
[99126.786960] NVMeVirt: [chmodel_init] bandwidth 800 max_credits 26 tx_time 152
[99126.786974] NVMeVirt: [chmodel_init] bandwidth 3360 max_credits 110 tx_time 36
[99126.788220] NVMeVirt: Init FTL instance with 2 channels (524288 pages)
[99126.788222] NVMeVirt: GC victim policy: cat-fig7 k=7 scale_pct=25 age_ratio=7
[99126.794675] NVMeVirt: [chmodel_init] bandwidth 800 max_credits 26 tx_time 152
[99126.801142] NVMeVirt: [chmodel_init] bandwidth 800 max_credits 26 tx_time 152
[99126.801156] NVMeVirt: [chmodel_init] bandwidth 3360 max_credits 110 tx_time 36
[99126.802386] NVMeVirt: Init FTL instance with 2 channels (524288 pages)
[99126.802387] NVMeVirt: GC victim policy: cat-fig7 k=7 scale_pct=25 age_ratio=7
[99126.808843] NVMeVirt: [chmodel_init] bandwidth 800 max_credits 26 tx_time 152
[99126.815351] NVMeVirt: [chmodel_init] bandwidth 800 max_credits 26 tx_time 152
[99126.815366] NVMeVirt: [chmodel_init] bandwidth 3360 max_credits 110 tx_time 36
[99126.816628] NVMeVirt: Init FTL instance with 2 channels (524288 pages)
[99126.816629] NVMeVirt: GC victim policy: cat-fig7 k=7 scale_pct=25 age_ratio=7
[99126.816633] NVMeVirt: FTL physical space: 8588886016, logical space: 8026996276 (physical/logical * 100 = 107)
[99126.816634] NVMeVirt: ns 0/1: size 7655 MiB
[99126.816675] PCI host bridge to bus 0001:10
[99126.816677] pci_bus 0001:10: root bus resource [io  0x0000-0xffff]
[99126.816679] pci_bus 0001:10: root bus resource [mem 0x00000000-0x3fffffffffff]
[99126.816680] pci_bus 0001:10: root bus resource [bus 00-ff]
[99126.816687] pci 0001:10:00.0: [0c51:0110] type 00 class 0x010802 PCIe Endpoint
[99126.816690] pci 0001:10:00.0: BAR 0 [mem 0x100000000-0x100003fff 64bit]
[99126.816691] pci 0001:10:00.0: enabling Extended Tags
[99126.816802] NVMeVirt: Virtual PCI bus created (node 0)
[99126.817311] NVMeVirt: nvmev_io_worker_0 started on cpu 2 (node 0)
[99126.817329] NVMeVirt: nvmev_dispatcher started on cpu 1 (node 0)
[99126.817515] nvme nvme1: pci function 0001:10:00.0
[99126.821633] nvme nvme1: 20/0/0 default/read/poll queues
[99126.825174] NVMeVirt: Virtual NVMe device created
[99127.887773] EXT4-fs (nvme1n1): mounted filesystem b191c4c4-9d4d-48bd-881a-cae76825a8b1 r/w with ordered data mode. Quota mode: none.
[99127.917507] iCAT_SQLITE_LOAD_START run=20260830-011043-68162
[99205.455642] iCAT_SQLITE_LOAD_END run=20260830-011043-68162
[99205.839241] sh (68289): drop_caches: 3
[99205.873094] iCAT_SQLITE_RUN_START run=20260830-011043-68162
[99209.500797] sh (68288): drop_caches: 3
[99213.549751] sh (68288): drop_caches: 3
[99217.593248] sh (68288): drop_caches: 3
[99221.640109] sh (68288): drop_caches: 3
[99225.685066] sh (68288): drop_caches: 3
[99229.734551] sh (68288): drop_caches: 3
[99233.784688] sh (68288): drop_caches: 3
[99237.832148] sh (68288): drop_caches: 3
[99241.881873] sh (68288): drop_caches: 3
[99245.931494] sh (68288): drop_caches: 3
[99249.982452] sh (68288): drop_caches: 3
[99254.030752] sh (68288): drop_caches: 3
[99258.083269] sh (68288): drop_caches: 3
[99262.128268] sh (68288): drop_caches: 3
[99266.179067] sh (68288): drop_caches: 3
[99270.220149] sh (68288): drop_caches: 3
[99274.265024] sh (68288): drop_caches: 3
[99278.310631] sh (68288): drop_caches: 3
[99282.358923] sh (68288): drop_caches: 3
[99286.408894] sh (68288): drop_caches: 3
[99290.456467] sh (68288): drop_caches: 3
[99294.508559] sh (68288): drop_caches: 3
[99298.558213] sh (68288): drop_caches: 3
[99302.606261] sh (68288): drop_caches: 3
[99306.655615] sh (68288): drop_caches: 3
[99310.707137] sh (68288): drop_caches: 3
[99314.756872] sh (68288): drop_caches: 3
[99318.808939] sh (68288): drop_caches: 3
[99322.858196] sh (68288): drop_caches: 3
[99326.908377] sh (68288): drop_caches: 3
[99330.956685] sh (68288): drop_caches: 3
[99335.005370] sh (68288): drop_caches: 3
[99339.051977] sh (68288): drop_caches: 3
[99343.102818] sh (68288): drop_caches: 3
[99347.150209] sh (68288): drop_caches: 3
[99351.191275] sh (68288): drop_caches: 3
[99355.234462] sh (68288): drop_caches: 3
[99359.275812] sh (68288): drop_caches: 3
[99363.323752] sh (68288): drop_caches: 3
[99367.370447] sh (68288): drop_caches: 3
[99371.419833] sh (68288): drop_caches: 3
[99375.467140] sh (68288): drop_caches: 3
[99379.516054] sh (68288): drop_caches: 3
[99383.565685] sh (68288): drop_caches: 3
[99387.614607] sh (68288): drop_caches: 3
[99391.664009] sh (68288): drop_caches: 3
[99395.717813] sh (68288): drop_caches: 3
[99399.767245] sh (68288): drop_caches: 3
[99403.816440] sh (68288): drop_caches: 3
[99407.865531] sh (68288): drop_caches: 3
[99411.916128] sh (68288): drop_caches: 3
[99415.963199] sh (68288): drop_caches: 3
[99420.012270] sh (68288): drop_caches: 3
[99424.063909] sh (68288): drop_caches: 3
[99428.110176] sh (68288): drop_caches: 3
[99432.159106] sh (68288): drop_caches: 3
[99436.208396] sh (68288): drop_caches: 3
[99440.249952] sh (68288): drop_caches: 3
[99444.299227] sh (68288): drop_caches: 3
[99448.342643] sh (68288): drop_caches: 3
[99452.385523] sh (68288): drop_caches: 3
[99456.433611] sh (68288): drop_caches: 3
[99460.479129] sh (68288): drop_caches: 3
[99464.524276] sh (68288): drop_caches: 3
[99468.573503] sh (68288): drop_caches: 3
[99472.622414] sh (68288): drop_caches: 3
[99476.665689] sh (68288): drop_caches: 3
[99480.714386] sh (68288): drop_caches: 3
[99484.764667] sh (68288): drop_caches: 3
[99488.813602] sh (68288): drop_caches: 3
[99492.862894] sh (68288): drop_caches: 3
[99496.914217] sh (68288): drop_caches: 3
[99500.961318] sh (68288): drop_caches: 3
[99505.012140] sh (68288): drop_caches: 3
[99509.059775] sh (68288): drop_caches: 3
[99513.109511] sh (68288): drop_caches: 3
[99517.160133] sh (68288): drop_caches: 3
[99521.207732] sh (68288): drop_caches: 3
[99525.257010] sh (68288): drop_caches: 3
[99529.306545] sh (68288): drop_caches: 3
[99533.355493] sh (68288): drop_caches: 3
[99537.401595] sh (68288): drop_caches: 3
[99541.445021] sh (68288): drop_caches: 3
[99545.494026] sh (68288): drop_caches: 3
[99549.542473] sh (68288): drop_caches: 3
[99553.591087] sh (68288): drop_caches: 3
[99557.639535] sh (68288): drop_caches: 3
[99561.689173] sh (68288): drop_caches: 3
[99565.737577] sh (68288): drop_caches: 3
[99569.781274] sh (68288): drop_caches: 3
[99573.830136] sh (68288): drop_caches: 3
[99577.877497] sh (68288): drop_caches: 3
[99581.926512] sh (68288): drop_caches: 3
[99585.973241] sh (68288): drop_caches: 3
[99590.022837] sh (68288): drop_caches: 3
[99594.077811] sh (68288): drop_caches: 3
[99598.118668] sh (68288): drop_caches: 3
[99602.171177] sh (68288): drop_caches: 3
[99606.224838] sh (68288): drop_caches: 3
[99610.270544] sh (68288): drop_caches: 3
[99614.315374] sh (68288): drop_caches: 3
[99618.359530] sh (68288): drop_caches: 3
[99622.406257] sh (68288): drop_caches: 3
[99626.454704] sh (68288): drop_caches: 3
[99630.497612] sh (68288): drop_caches: 3
[99634.546551] sh (68288): drop_caches: 3
[99638.596067] sh (68288): drop_caches: 3
[99642.648934] sh (68288): drop_caches: 3
[99646.698437] sh (68288): drop_caches: 3
[99650.741855] sh (68288): drop_caches: 3
[99654.788798] sh (68288): drop_caches: 3
[99658.840947] sh (68288): drop_caches: 3
[99662.892791] sh (68288): drop_caches: 3
[99666.942226] sh (68288): drop_caches: 3
[99670.989319] sh (68288): drop_caches: 3
[99675.034204] sh (68288): drop_caches: 3
[99679.080233] sh (68288): drop_caches: 3
[99683.122653] sh (68288): drop_caches: 3
[99687.173169] sh (68288): drop_caches: 3
[99691.220971] sh (68288): drop_caches: 3
[99695.270536] sh (68288): drop_caches: 3
[99699.320156] sh (68288): drop_caches: 3
[99703.370105] sh (68288): drop_caches: 3
[99707.415972] sh (68288): drop_caches: 3
[99711.465187] sh (68288): drop_caches: 3
[99715.516022] sh (68288): drop_caches: 3
[99719.560309] sh (68288): drop_caches: 3
[99723.610805] sh (68288): drop_caches: 3
[99727.661122] sh (68288): drop_caches: 3
[99731.713080] sh (68288): drop_caches: 3
[99735.763155] sh (68288): drop_caches: 3
[99739.813925] sh (68288): drop_caches: 3
[99743.864793] sh (68288): drop_caches: 3
[99747.911578] sh (68288): drop_caches: 3
[99751.960907] sh (68288): drop_caches: 3
[99756.010187] sh (68288): drop_caches: 3
[99760.058375] sh (68288): drop_caches: 3
[99764.107318] sh (68288): drop_caches: 3
[99768.158541] sh (68288): drop_caches: 3
[99772.207779] sh (68288): drop_caches: 3
[99776.257791] sh (68288): drop_caches: 3
[99780.300981] sh (68288): drop_caches: 3
[99784.350862] sh (68288): drop_caches: 3
[99788.400189] sh (68288): drop_caches: 3
[99792.450898] sh (68288): drop_caches: 3
[99796.499972] sh (68288): drop_caches: 3
[99800.549160] sh (68288): drop_caches: 3
[99804.591763] sh (68288): drop_caches: 3
[99808.638927] sh (68288): drop_caches: 3
[99812.687811] sh (68288): drop_caches: 3
[99816.735842] sh (68288): drop_caches: 3
[99820.786442] sh (68288): drop_caches: 3
[99824.835188] sh (68288): drop_caches: 3
[99828.886872] sh (68288): drop_caches: 3
[99832.932961] sh (68288): drop_caches: 3
[99836.982167] sh (68288): drop_caches: 3
[99841.025912] sh (68288): drop_caches: 3
[99845.076393] sh (68288): drop_caches: 3
[99849.123468] sh (68288): drop_caches: 3
[99853.172497] sh (68288): drop_caches: 3
[99857.222302] sh (68288): drop_caches: 3
[99861.271675] sh (68288): drop_caches: 3
[99865.319475] sh (68288): drop_caches: 3
[99869.372290] sh (68288): drop_caches: 3
[99873.422893] sh (68288): drop_caches: 3
[99877.473076] sh (68288): drop_caches: 3
[99881.523393] sh (68288): drop_caches: 3
[99885.564953] sh (68288): drop_caches: 3
[99889.615121] sh (68288): drop_caches: 3
[99893.667121] sh (68288): drop_caches: 3
[99897.718865] sh (68288): drop_caches: 3
[99901.766804] sh (68288): drop_caches: 3
[99905.814926] sh (68288): drop_caches: 3
[99909.861473] sh (68288): drop_caches: 3
[99913.910615] sh (68288): drop_caches: 3
[99917.958432] sh (68288): drop_caches: 3
[99922.005799] sh (68288): drop_caches: 3
[99926.056460] sh (68288): drop_caches: 3
[99930.099700] sh (68288): drop_caches: 3
[99934.140822] sh (68288): drop_caches: 3
[99938.191162] sh (68288): drop_caches: 3
[99942.243787] sh (68288): drop_caches: 3
[99946.289157] sh (68288): drop_caches: 3
[99950.338329] sh (68288): drop_caches: 3
[99954.387589] sh (68288): drop_caches: 3
[99958.429522] sh (68288): drop_caches: 3
[99962.475256] sh (68288): drop_caches: 3
[99966.523427] sh (68288): drop_caches: 3
[99970.575446] sh (68288): drop_caches: 3
[99974.623983] sh (68288): drop_caches: 3
[99978.669093] sh (68288): drop_caches: 3
[99982.715889] sh (68288): drop_caches: 3
[99986.764603] sh (68288): drop_caches: 3
[99990.811727] sh (68288): drop_caches: 3
[99994.860416] sh (68288): drop_caches: 3
[99998.907893] sh (68288): drop_caches: 3
[100002.960163] sh (68288): drop_caches: 3
[100007.004431] sh (68288): drop_caches: 3
[100011.054792] sh (68288): drop_caches: 3
[100015.104106] sh (68288): drop_caches: 3
[100019.147783] sh (68288): drop_caches: 3
[100023.196643] sh (68288): drop_caches: 3
[100027.246805] sh (68288): drop_caches: 3
[100031.290067] sh (68288): drop_caches: 3
[100035.339668] sh (68288): drop_caches: 3
[100039.387960] sh (68288): drop_caches: 3
[100043.439783] sh (68288): drop_caches: 3
[100047.489323] sh (68288): drop_caches: 3
[100051.538673] sh (68288): drop_caches: 3
[100055.585832] sh (68288): drop_caches: 3
[100059.635607] sh (68288): drop_caches: 3
[100063.683637] sh (68288): drop_caches: 3
[100067.728252] sh (68288): drop_caches: 3
[100071.777400] sh (68288): drop_caches: 3
[100075.825244] sh (68288): drop_caches: 3
[100079.875620] sh (68288): drop_caches: 3
[100083.922286] sh (68288): drop_caches: 3
[100087.971684] sh (68288): drop_caches: 3
[100092.021383] sh (68288): drop_caches: 3
[100096.070356] sh (68288): drop_caches: 3
[100100.115663] sh (68288): drop_caches: 3
[100104.165334] sh (68288): drop_caches: 3
[100108.213252] sh (68288): drop_caches: 3
[100112.261076] sh (68288): drop_caches: 3
[100116.309049] sh (68288): drop_caches: 3
[100120.360114] sh (68288): drop_caches: 3
[100124.409746] sh (68288): drop_caches: 3
[100128.458352] sh (68288): drop_caches: 3
[100132.505217] sh (68288): drop_caches: 3
[100136.553267] sh (68288): drop_caches: 3
[100140.601787] sh (68288): drop_caches: 3
[100144.650769] sh (68288): drop_caches: 3
[100148.698034] sh (68288): drop_caches: 3
[100152.743669] sh (68288): drop_caches: 3
[100156.793265] sh (68288): drop_caches: 3
[100160.839502] sh (68288): drop_caches: 3
[100164.888190] sh (68288): drop_caches: 3
[100168.935378] sh (68288): drop_caches: 3
[100172.986091] sh (68288): drop_caches: 3
[100177.038275] sh (68288): drop_caches: 3
[100181.085256] sh (68288): drop_caches: 3
[100185.137195] sh (68288): drop_caches: 3
[100189.182716] sh (68288): drop_caches: 3
[100193.233054] sh (68288): drop_caches: 3
[100197.282355] sh (68288): drop_caches: 3
[100201.333755] sh (68288): drop_caches: 3
[100205.381273] sh (68288): drop_caches: 3
[100209.427647] sh (68288): drop_caches: 3
[100213.477082] sh (68288): drop_caches: 3
[100217.524981] sh (68288): drop_caches: 3
[100221.569405] sh (68288): drop_caches: 3
[100225.619985] sh (68288): drop_caches: 3
[100229.666477] sh (68288): drop_caches: 3
[100233.715909] sh (68288): drop_caches: 3
[100237.765280] sh (68288): drop_caches: 3
[100241.808507] sh (68288): drop_caches: 3
[100245.859626] sh (68288): drop_caches: 3
[100249.905946] sh (68288): drop_caches: 3
[100253.954858] sh (68288): drop_caches: 3
[100258.004068] sh (68288): drop_caches: 3
[100262.051823] sh (68288): drop_caches: 3
[100266.100635] sh (68288): drop_caches: 3
[100270.144789] sh (68288): drop_caches: 3
[100274.192246] sh (68288): drop_caches: 3
[100278.241656] sh (68288): drop_caches: 3
[100282.286514] sh (68288): drop_caches: 3
[100286.334529] sh (68288): drop_caches: 3
[100290.382486] sh (68288): drop_caches: 3
[100294.433927] sh (68288): drop_caches: 3
[100298.481131] sh (68288): drop_caches: 3
[100302.528930] sh (68288): drop_caches: 3
[100306.577704] sh (68288): drop_caches: 3
[100310.623708] sh (68288): drop_caches: 3
[100314.671115] sh (68288): drop_caches: 3
[100318.720583] sh (68288): drop_caches: 3
[100322.770624] sh (68288): drop_caches: 3
[100326.817326] sh (68288): drop_caches: 3
[100330.857107] sh (68288): drop_caches: 3
[100334.905745] sh (68288): drop_caches: 3
[100338.952342] sh (68288): drop_caches: 3
[100343.005628] sh (68288): drop_caches: 3
[100347.052236] sh (68288): drop_caches: 3
[100351.100396] sh (68288): drop_caches: 3
[100355.143104] sh (68288): drop_caches: 3
[100359.190125] sh (68288): drop_caches: 3
[100363.239717] sh (68288): drop_caches: 3
[100367.288041] sh (68288): drop_caches: 3
[100371.336472] sh (68288): drop_caches: 3
[100375.388069] sh (68288): drop_caches: 3
[100379.435425] sh (68288): drop_caches: 3
[100383.482526] sh (68288): drop_caches: 3
[100387.531923] sh (68288): drop_caches: 3
[100391.580163] sh (68288): drop_caches: 3
[100395.622177] sh (68288): drop_caches: 3
[100399.672946] sh (68288): drop_caches: 3
[100403.722851] sh (68288): drop_caches: 3
[100407.775828] sh (68288): drop_caches: 3
[100411.820772] sh (68288): drop_caches: 3
[100415.869062] sh (68288): drop_caches: 3
[100419.913874] sh (68288): drop_caches: 3
[100423.963266] sh (68288): drop_caches: 3
[100428.009973] sh (68288): drop_caches: 3
[100432.060523] sh (68288): drop_caches: 3
[100436.107489] sh (68288): drop_caches: 3
[100440.151643] sh (68288): drop_caches: 3
[100444.198334] sh (68288): drop_caches: 3
[100448.250182] sh (68288): drop_caches: 3
[100452.292964] sh (68288): drop_caches: 3
[100456.339792] sh (68288): drop_caches: 3
[100460.387317] sh (68288): drop_caches: 3
[100464.433755] sh (68288): drop_caches: 3
[100468.477855] sh (68288): drop_caches: 3
[100472.524661] sh (68288): drop_caches: 3
[100476.574592] sh (68288): drop_caches: 3
[100480.622216] sh (68288): drop_caches: 3
[100484.666394] sh (68288): drop_caches: 3
[100488.716948] sh (68288): drop_caches: 3
[100492.765489] sh (68288): drop_caches: 3
[100496.815349] sh (68288): drop_caches: 3
[100500.863501] sh (68288): drop_caches: 3
[100504.904006] sh (68288): drop_caches: 3
[100508.953295] sh (68288): drop_caches: 3
[100513.001997] sh (68288): drop_caches: 3
[100517.050807] sh (68288): drop_caches: 3
[100521.093078] sh (68288): drop_caches: 3
[100525.139549] sh (68288): drop_caches: 3
[100529.188857] sh (68288): drop_caches: 3
[100533.239453] sh (68288): drop_caches: 3
[100537.290942] sh (68288): drop_caches: 3
[100541.342824] sh (68288): drop_caches: 3
[100545.395090] sh (68288): drop_caches: 3
[100549.443595] sh (68288): drop_caches: 3
[100553.490645] sh (68288): drop_caches: 3
[100557.538884] sh (68288): drop_caches: 3
[100561.586056] sh (68288): drop_caches: 3
[100565.637668] sh (68288): drop_caches: 3
[100569.686381] sh (68288): drop_caches: 3
[100573.735459] sh (68288): drop_caches: 3
[100577.784772] sh (68288): drop_caches: 3
[100581.833822] sh (68288): drop_caches: 3
[100585.883813] sh (68288): drop_caches: 3
[100589.932089] sh (68288): drop_caches: 3
[100593.981166] sh (68288): drop_caches: 3
[100598.025754] sh (68288): drop_caches: 3
[100602.068144] sh (68288): drop_caches: 3
[100606.114401] sh (68288): drop_caches: 3
[100610.157761] sh (68288): drop_caches: 3
[100614.204964] sh (68288): drop_caches: 3
[100618.252953] sh (68288): drop_caches: 3
[100622.294867] sh (68288): drop_caches: 3
[100626.343328] sh (68288): drop_caches: 3
[100630.391379] sh (68288): drop_caches: 3
[100634.440733] sh (68288): drop_caches: 3
[100638.489563] sh (68288): drop_caches: 3
[100642.538524] sh (68288): drop_caches: 3
[100646.579712] sh (68288): drop_caches: 3
[100650.628046] sh (68288): drop_caches: 3
[100654.677609] sh (68288): drop_caches: 3
[100658.718855] sh (68288): drop_caches: 3
[100662.770452] sh (68288): drop_caches: 3
[100666.819406] sh (68288): drop_caches: 3
[100670.867966] sh (68288): drop_caches: 3
[100674.917742] sh (68288): drop_caches: 3
[100678.964277] sh (68288): drop_caches: 3
[100683.012974] sh (68288): drop_caches: 3
[100687.054120] sh (68288): drop_caches: 3
[100687.098737] iCAT_SQLITE_RUN_END run=20260830-011043-68162
[100687.119620] EXT4-fs (nvme1n1): unmounting filesystem b191c4c4-9d4d-48bd-881a-cae76825a8b1.
[100687.191537] pci_bus 0001:10: busn_res: [bus 10-ff] is released
[100687.191578] NVMeVirt: GC stats: policy=cat-fig7 host_pages=32361221 gc_pages=9675607 gc_count=656819 WAF=1.298 k=7 scale_pct=25 age_ratio=7
[100687.256640] NVMeVirt: Virtual NVMe device closed
