[122722.996217] NVMeVirt: Version 1.10 for >> Samsung 970 Pro SSD <<
[122722.996226] NVMeVirt: Storage: 0x100100000-0x300000000 (8191 MiB)
[122723.003637] NVMeVirt: Total Capacity(GiB,MiB)=2,2048 chs=2 luns=4 lines=8192 blk-size(MiB,KiB)=0,64 line-size(MiB,KiB)=0,256
[122723.013307] NVMeVirt: [chmodel_init] bandwidth 800 max_credits 26 tx_time 152
[122723.020130] NVMeVirt: [chmodel_init] bandwidth 800 max_credits 26 tx_time 152
[122723.020145] NVMeVirt: [chmodel_init] bandwidth 3360 max_credits 110 tx_time 36
[122723.021352] NVMeVirt: pqueue: Copyright (c) 2014, Volkan Yazıcı <volkan.yazici@gmail.com>. All rights reserved.
[122723.021388] NVMeVirt: Init FTL instance with 2 channels (524288 pages)
[122723.021389] NVMeVirt: GC victim policy: cat-fig7 k=10 scale_pct=25 age_ratio=7
[122723.027930] NVMeVirt: [chmodel_init] bandwidth 800 max_credits 26 tx_time 152
[122723.034482] NVMeVirt: [chmodel_init] bandwidth 800 max_credits 26 tx_time 152
[122723.034497] NVMeVirt: [chmodel_init] bandwidth 3360 max_credits 110 tx_time 36
[122723.035811] NVMeVirt: Init FTL instance with 2 channels (524288 pages)
[122723.035812] NVMeVirt: GC victim policy: cat-fig7 k=10 scale_pct=25 age_ratio=7
[122723.042321] NVMeVirt: [chmodel_init] bandwidth 800 max_credits 26 tx_time 152
[122723.048799] NVMeVirt: [chmodel_init] bandwidth 800 max_credits 26 tx_time 152
[122723.048813] NVMeVirt: [chmodel_init] bandwidth 3360 max_credits 110 tx_time 36
[122723.050045] NVMeVirt: Init FTL instance with 2 channels (524288 pages)
[122723.050046] NVMeVirt: GC victim policy: cat-fig7 k=10 scale_pct=25 age_ratio=7
[122723.056465] NVMeVirt: [chmodel_init] bandwidth 800 max_credits 26 tx_time 152
[122723.062902] NVMeVirt: [chmodel_init] bandwidth 800 max_credits 26 tx_time 152
[122723.062916] NVMeVirt: [chmodel_init] bandwidth 3360 max_credits 110 tx_time 36
[122723.064169] NVMeVirt: Init FTL instance with 2 channels (524288 pages)
[122723.064170] NVMeVirt: GC victim policy: cat-fig7 k=10 scale_pct=25 age_ratio=7
[122723.064173] NVMeVirt: FTL physical space: 8588886016, logical space: 8026996276 (physical/logical * 100 = 107)
[122723.064175] NVMeVirt: ns 0/1: size 7655 MiB
[122723.064214] PCI host bridge to bus 0001:10
[122723.064215] pci_bus 0001:10: root bus resource [io  0x0000-0xffff]
[122723.064217] pci_bus 0001:10: root bus resource [mem 0x00000000-0x3fffffffffff]
[122723.064219] pci_bus 0001:10: root bus resource [bus 00-ff]
[122723.064225] pci 0001:10:00.0: [0c51:0110] type 00 class 0x010802 PCIe Endpoint
[122723.064227] pci 0001:10:00.0: BAR 0 [mem 0x100000000-0x100003fff 64bit]
[122723.064229] pci 0001:10:00.0: enabling Extended Tags
[122723.064341] NVMeVirt: Virtual PCI bus created (node 0)
[122723.064735] NVMeVirt: nvmev_io_worker_0 started on cpu 2 (node 0)
[122723.064778] NVMeVirt: nvmev_dispatcher started on cpu 1 (node 0)
[122723.065012] nvme nvme1: pci function 0001:10:00.0
[122723.069761] nvme nvme1: 20/0/0 default/read/poll queues
[122723.074223] NVMeVirt: Virtual NVMe device created
[122724.135041] EXT4-fs (nvme1n1): mounted filesystem 78f77af7-bd61-48de-9226-0d5b20c71bfb r/w with ordered data mode. Quota mode: none.
[122724.164266] iCAT_SQLITE_LOAD_START run=20260830-074400-86501
[122806.865271] iCAT_SQLITE_LOAD_END run=20260830-074400-86501
[122807.233333] sh (87007): drop_caches: 3
[122807.261163] iCAT_SQLITE_RUN_START run=20260830-074400-86501
[122810.908642] sh (87004): drop_caches: 3
[122814.958919] sh (87004): drop_caches: 3
[122819.008521] sh (87004): drop_caches: 3
[122823.060316] sh (87004): drop_caches: 3
[122827.111053] sh (87004): drop_caches: 3
[122831.159938] sh (87004): drop_caches: 3
[122835.209773] sh (87004): drop_caches: 3
[122839.260934] sh (87004): drop_caches: 3
[122843.310723] sh (87004): drop_caches: 3
[122847.354381] sh (87004): drop_caches: 3
[122851.403427] sh (87004): drop_caches: 3
[122855.448750] sh (87004): drop_caches: 3
[122859.489479] sh (87004): drop_caches: 3
[122863.540123] sh (87004): drop_caches: 3
[122867.592554] sh (87004): drop_caches: 3
[122871.640626] sh (87004): drop_caches: 3
[122875.691570] sh (87004): drop_caches: 3
[122879.736064] sh (87004): drop_caches: 3
[122883.789819] sh (87004): drop_caches: 3
[122887.839695] sh (87004): drop_caches: 3
[122891.895780] sh (87004): drop_caches: 3
[122895.944942] sh (87004): drop_caches: 3
[122899.993803] sh (87004): drop_caches: 3
[122904.043822] sh (87004): drop_caches: 3
[122908.097671] sh (87004): drop_caches: 3
[122912.149425] sh (87004): drop_caches: 3
[122916.198593] sh (87004): drop_caches: 3
[122920.247438] sh (87004): drop_caches: 3
[122924.292584] sh (87004): drop_caches: 3
[122928.345617] sh (87004): drop_caches: 3
[122932.395154] sh (87004): drop_caches: 3
[122936.435642] sh (87004): drop_caches: 3
[122940.484696] sh (87004): drop_caches: 3
[122944.534809] sh (87004): drop_caches: 3
[122948.587646] sh (87004): drop_caches: 3
[122952.638324] sh (87004): drop_caches: 3
[122956.687001] sh (87004): drop_caches: 3
[122960.729705] sh (87004): drop_caches: 3
[122964.771299] sh (87004): drop_caches: 3
[122968.815501] sh (87004): drop_caches: 3
[122972.867665] sh (87004): drop_caches: 3
[122976.917886] sh (87004): drop_caches: 3
[122980.969852] sh (87004): drop_caches: 3
[122985.017493] sh (87004): drop_caches: 3
[122989.065438] sh (87004): drop_caches: 3
[122993.114486] sh (87004): drop_caches: 3
[122997.158353] sh (87004): drop_caches: 3
[123001.201961] sh (87004): drop_caches: 3
[123005.252334] sh (87004): drop_caches: 3
[123009.299021] sh (87004): drop_caches: 3
[123013.350861] sh (87004): drop_caches: 3
[123017.400182] sh (87004): drop_caches: 3
[123021.449477] sh (87004): drop_caches: 3
[123025.491442] sh (87004): drop_caches: 3
[123029.538983] sh (87004): drop_caches: 3
[123033.586421] sh (87004): drop_caches: 3
[123037.637620] sh (87004): drop_caches: 3
[123041.685261] sh (87004): drop_caches: 3
[123045.725404] sh (87004): drop_caches: 3
[123049.772689] sh (87004): drop_caches: 3
[123053.819897] sh (87004): drop_caches: 3
[123057.869495] sh (87004): drop_caches: 3
[123061.914306] sh (87004): drop_caches: 3
[123065.962127] sh (87004): drop_caches: 3
[123070.007068] sh (87004): drop_caches: 3
[123074.049262] sh (87004): drop_caches: 3
[123078.093601] sh (87004): drop_caches: 3
[123082.143771] sh (87004): drop_caches: 3
[123086.192761] sh (87004): drop_caches: 3
[123090.243191] sh (87004): drop_caches: 3
[123094.289572] sh (87004): drop_caches: 3
[123098.339881] sh (87004): drop_caches: 3
[123102.382289] sh (87004): drop_caches: 3
[123106.433485] sh (87004): drop_caches: 3
[123110.474186] sh (87004): drop_caches: 3
[123114.517489] sh (87004): drop_caches: 3
[123118.560143] sh (87004): drop_caches: 3
[123122.600962] sh (87004): drop_caches: 3
[123126.651674] sh (87004): drop_caches: 3
[123130.699500] sh (87004): drop_caches: 3
[123134.743125] sh (87004): drop_caches: 3
[123138.790666] sh (87004): drop_caches: 3
[123142.843045] sh (87004): drop_caches: 3
[123146.885208] sh (87004): drop_caches: 3
[123150.937743] sh (87004): drop_caches: 3
[123154.986976] sh (87004): drop_caches: 3
[123159.036971] sh (87004): drop_caches: 3
[123163.084703] sh (87004): drop_caches: 3
[123167.134295] sh (87004): drop_caches: 3
[123171.183539] sh (87004): drop_caches: 3
[123175.225219] sh (87004): drop_caches: 3
[123179.275320] sh (87004): drop_caches: 3
[123183.322322] sh (87004): drop_caches: 3
[123187.375912] sh (87004): drop_caches: 3
[123191.425259] sh (87004): drop_caches: 3
[123195.470500] sh (87004): drop_caches: 3
[123199.520666] sh (87004): drop_caches: 3
[123203.562518] sh (87004): drop_caches: 3
[123207.611034] sh (87004): drop_caches: 3
[123211.652095] sh (87004): drop_caches: 3
[123215.696746] sh (87004): drop_caches: 3
[123219.743208] sh (87004): drop_caches: 3
[123223.790758] sh (87004): drop_caches: 3
[123227.841803] sh (87004): drop_caches: 3
[123231.889096] sh (87004): drop_caches: 3
[123235.942113] sh (87004): drop_caches: 3
[123239.993637] sh (87004): drop_caches: 3
[123244.043896] sh (87004): drop_caches: 3
[123248.093896] sh (87004): drop_caches: 3
[123252.143774] sh (87004): drop_caches: 3
[123256.193135] sh (87004): drop_caches: 3
[123260.237931] sh (87004): drop_caches: 3
[123264.285465] sh (87004): drop_caches: 3
[123268.335036] sh (87004): drop_caches: 3
[123272.385325] sh (87004): drop_caches: 3
[123276.433926] sh (87004): drop_caches: 3
[123280.486127] sh (87004): drop_caches: 3
[123284.537424] sh (87004): drop_caches: 3
[123288.579702] sh (87004): drop_caches: 3
[123292.624632] sh (87004): drop_caches: 3
[123296.670608] sh (87004): drop_caches: 3
[123300.714261] sh (87004): drop_caches: 3
[123304.765279] sh (87004): drop_caches: 3
[123308.816266] sh (87004): drop_caches: 3
[123312.867886] sh (87004): drop_caches: 3
[123316.916904] sh (87004): drop_caches: 3
[123320.967475] sh (87004): drop_caches: 3
[123325.014448] sh (87004): drop_caches: 3
[123329.062670] sh (87004): drop_caches: 3
[123333.111961] sh (87004): drop_caches: 3
[123337.160264] sh (87004): drop_caches: 3
[123341.210784] sh (87004): drop_caches: 3
[123345.261049] sh (87004): drop_caches: 3
[123349.312836] sh (87004): drop_caches: 3
[123353.361197] sh (87004): drop_caches: 3
[123357.408963] sh (87004): drop_caches: 3
[123361.457706] sh (87004): drop_caches: 3
[123365.508339] sh (87004): drop_caches: 3
[123369.557735] sh (87004): drop_caches: 3
[123373.601110] sh (87004): drop_caches: 3
[123377.645542] sh (87004): drop_caches: 3
[123381.694824] sh (87004): drop_caches: 3
[123385.737070] sh (87004): drop_caches: 3
[123389.780002] sh (87004): drop_caches: 3
[123393.824292] sh (87004): drop_caches: 3
[123397.867360] sh (87004): drop_caches: 3
[123401.911042] sh (87004): drop_caches: 3
[123405.960370] sh (87004): drop_caches: 3
[123410.010916] sh (87004): drop_caches: 3
[123414.056881] sh (87004): drop_caches: 3
[123418.106437] sh (87004): drop_caches: 3
[123422.156984] sh (87004): drop_caches: 3
[123426.207708] sh (87004): drop_caches: 3
[123430.256213] sh (87004): drop_caches: 3
[123434.305560] sh (87004): drop_caches: 3
[123438.353990] sh (87004): drop_caches: 3
[123442.404804] sh (87004): drop_caches: 3
[123446.454967] sh (87004): drop_caches: 3
[123450.499501] sh (87004): drop_caches: 3
[123454.549366] sh (87004): drop_caches: 3
[123458.597304] sh (87004): drop_caches: 3
[123462.639948] sh (87004): drop_caches: 3
[123466.691798] sh (87004): drop_caches: 3
[123470.735098] sh (87004): drop_caches: 3
[123474.783374] sh (87004): drop_caches: 3
[123478.833256] sh (87004): drop_caches: 3
[123482.877052] sh (87004): drop_caches: 3
[123486.922172] sh (87004): drop_caches: 3
[123490.969479] sh (87004): drop_caches: 3
[123495.018017] sh (87004): drop_caches: 3
[123499.068464] sh (87004): drop_caches: 3
[123503.119803] sh (87004): drop_caches: 3
[123507.170887] sh (87004): drop_caches: 3
[123511.217828] sh (87004): drop_caches: 3
[123515.265567] sh (87004): drop_caches: 3
[123519.310740] sh (87004): drop_caches: 3
[123523.360444] sh (87004): drop_caches: 3
[123527.408223] sh (87004): drop_caches: 3
[123531.456146] sh (87004): drop_caches: 3
[123535.497653] sh (87004): drop_caches: 3
[123539.539286] sh (87004): drop_caches: 3
[123543.590046] sh (87004): drop_caches: 3
[123547.638916] sh (87004): drop_caches: 3
[123551.681170] sh (87004): drop_caches: 3
[123555.731185] sh (87004): drop_caches: 3
[123559.780656] sh (87004): drop_caches: 3
[123563.824362] sh (87004): drop_caches: 3
[123567.866072] sh (87004): drop_caches: 3
[123571.917107] sh (87004): drop_caches: 3
[123575.959734] sh (87004): drop_caches: 3
[123580.010284] sh (87004): drop_caches: 3
[123584.062576] sh (87004): drop_caches: 3
[123588.114919] sh (87004): drop_caches: 3
[123592.165983] sh (87004): drop_caches: 3
[123596.215237] sh (87004): drop_caches: 3
[123600.266233] sh (87004): drop_caches: 3
[123604.315499] sh (87004): drop_caches: 3
[123608.366249] sh (87004): drop_caches: 3
[123612.415661] sh (87004): drop_caches: 3
[123616.463654] sh (87004): drop_caches: 3
[123620.514300] sh (87004): drop_caches: 3
[123624.563370] sh (87004): drop_caches: 3
[123628.612215] sh (87004): drop_caches: 3
[123632.661808] sh (87004): drop_caches: 3
[123636.706037] sh (87004): drop_caches: 3
[123640.748693] sh (87004): drop_caches: 3
[123644.790146] sh (87004): drop_caches: 3
[123648.840909] sh (87004): drop_caches: 3
[123652.891768] sh (87004): drop_caches: 3
[123656.941194] sh (87004): drop_caches: 3
[123660.982296] sh (87004): drop_caches: 3
[123665.031354] sh (87004): drop_caches: 3
[123669.080171] sh (87004): drop_caches: 3
[123673.122419] sh (87004): drop_caches: 3
[123677.173259] sh (87004): drop_caches: 3
[123681.220983] sh (87004): drop_caches: 3
[123685.269999] sh (87004): drop_caches: 3
[123689.319921] sh (87004): drop_caches: 3
[123693.367786] sh (87004): drop_caches: 3
[123697.417749] sh (87004): drop_caches: 3
[123701.467241] sh (87004): drop_caches: 3
[123705.517586] sh (87004): drop_caches: 3
[123709.566703] sh (87004): drop_caches: 3
[123713.616278] sh (87004): drop_caches: 3
[123717.663976] sh (87004): drop_caches: 3
[123721.711514] sh (87004): drop_caches: 3
[123725.754916] sh (87004): drop_caches: 3
[123729.799068] sh (87004): drop_caches: 3
[123733.848283] sh (87004): drop_caches: 3
[123737.891502] sh (87004): drop_caches: 3
[123741.939135] sh (87004): drop_caches: 3
[123745.987345] sh (87004): drop_caches: 3
[123750.030436] sh (87004): drop_caches: 3
[123754.074158] sh (87004): drop_caches: 3
[123758.116791] sh (87004): drop_caches: 3
[123762.167604] sh (87004): drop_caches: 3
[123766.214745] sh (87004): drop_caches: 3
[123770.265573] sh (87004): drop_caches: 3
[123774.309140] sh (87004): drop_caches: 3
[123778.353834] sh (87004): drop_caches: 3
[123782.403828] sh (87004): drop_caches: 3
[123786.451752] sh (87004): drop_caches: 3
[123790.501285] sh (87004): drop_caches: 3
[123794.551243] sh (87004): drop_caches: 3
[123798.600551] sh (87004): drop_caches: 3
[123802.650180] sh (87004): drop_caches: 3
[123806.697990] sh (87004): drop_caches: 3
[123810.744146] sh (87004): drop_caches: 3
[123814.795893] sh (87004): drop_caches: 3
[123818.839771] sh (87004): drop_caches: 3
[123822.882365] sh (87004): drop_caches: 3
[123826.931229] sh (87004): drop_caches: 3
[123830.978568] sh (87004): drop_caches: 3
[123835.026671] sh (87004): drop_caches: 3
[123839.077896] sh (87004): drop_caches: 3
[123843.127635] sh (87004): drop_caches: 3
[123847.176582] sh (87004): drop_caches: 3
[123851.226936] sh (87004): drop_caches: 3
[123855.275338] sh (87004): drop_caches: 3
[123859.325575] sh (87004): drop_caches: 3
[123863.369026] sh (87004): drop_caches: 3
[123867.415435] sh (87004): drop_caches: 3
[123871.462065] sh (87004): drop_caches: 3
[123875.511204] sh (87004): drop_caches: 3
[123879.561143] sh (87004): drop_caches: 3
[123883.610016] sh (87004): drop_caches: 3
[123887.659958] sh (87004): drop_caches: 3
[123891.701108] sh (87004): drop_caches: 3
[123895.747801] sh (87004): drop_caches: 3
[123899.790016] sh (87004): drop_caches: 3
[123903.832080] sh (87004): drop_caches: 3
[123907.882473] sh (87004): drop_caches: 3
[123911.933851] sh (87004): drop_caches: 3
[123915.981234] sh (87004): drop_caches: 3
[123920.031938] sh (87004): drop_caches: 3
[123924.080220] sh (87004): drop_caches: 3
[123928.129732] sh (87004): drop_caches: 3
[123932.175192] sh (87004): drop_caches: 3
[123936.218066] sh (87004): drop_caches: 3
[123940.267176] sh (87004): drop_caches: 3
[123944.316004] sh (87004): drop_caches: 3
[123948.359162] sh (87004): drop_caches: 3
[123952.411495] sh (87004): drop_caches: 3
[123956.460509] sh (87004): drop_caches: 3
[123960.509489] sh (87004): drop_caches: 3
[123964.561795] sh (87004): drop_caches: 3
[123968.606857] sh (87004): drop_caches: 3
[123972.654937] sh (87004): drop_caches: 3
[123976.704589] sh (87004): drop_caches: 3
[123980.754809] sh (87004): drop_caches: 3
[123984.804338] sh (87004): drop_caches: 3
[123988.847140] sh (87004): drop_caches: 3
[123992.898329] sh (87004): drop_caches: 3
[123996.947504] sh (87004): drop_caches: 3
[124000.995173] sh (87004): drop_caches: 3
[124005.045794] sh (87004): drop_caches: 3
[124009.098152] sh (87004): drop_caches: 3
[124013.148097] sh (87004): drop_caches: 3
[124017.198650] sh (87004): drop_caches: 3
[124021.251546] sh (87004): drop_caches: 3
[124025.300912] sh (87004): drop_caches: 3
[124029.352714] sh (87004): drop_caches: 3
[124033.400985] sh (87004): drop_caches: 3
[124037.449868] sh (87004): drop_caches: 3
[124041.493179] sh (87004): drop_caches: 3
[124045.541660] sh (87004): drop_caches: 3
[124049.593872] sh (87004): drop_caches: 3
[124053.645117] sh (87004): drop_caches: 3
[124057.692402] sh (87004): drop_caches: 3
[124061.745290] sh (87004): drop_caches: 3
[124065.785415] sh (87004): drop_caches: 3
[124069.834278] sh (87004): drop_caches: 3
[124073.877818] sh (87004): drop_caches: 3
[124077.927187] sh (87004): drop_caches: 3
[124081.970191] sh (87004): drop_caches: 3
[124086.016719] sh (87004): drop_caches: 3
[124090.063274] sh (87004): drop_caches: 3
[124094.114529] sh (87004): drop_caches: 3
[124098.166561] sh (87004): drop_caches: 3
[124102.216855] sh (87004): drop_caches: 3
[124106.260067] sh (87004): drop_caches: 3
[124110.312351] sh (87004): drop_caches: 3
[124114.364079] sh (87004): drop_caches: 3
[124118.413306] sh (87004): drop_caches: 3
[124122.465237] sh (87004): drop_caches: 3
[124126.508995] sh (87004): drop_caches: 3
[124130.559427] sh (87004): drop_caches: 3
[124134.609659] sh (87004): drop_caches: 3
[124138.658049] sh (87004): drop_caches: 3
[124142.699203] sh (87004): drop_caches: 3
[124146.742309] sh (87004): drop_caches: 3
[124150.780789] sh (87004): drop_caches: 3
[124154.833603] sh (87004): drop_caches: 3
[124158.878223] sh (87004): drop_caches: 3
[124162.923574] sh (87004): drop_caches: 3
[124166.973634] sh (87004): drop_caches: 3
[124171.021205] sh (87004): drop_caches: 3
[124175.070921] sh (87004): drop_caches: 3
[124179.120616] sh (87004): drop_caches: 3
[124183.170451] sh (87004): drop_caches: 3
[124187.214544] sh (87004): drop_caches: 3
[124191.264786] sh (87004): drop_caches: 3
[124195.308295] sh (87004): drop_caches: 3
[124199.358637] sh (87004): drop_caches: 3
[124203.402215] sh (87004): drop_caches: 3
[124207.451625] sh (87004): drop_caches: 3
[124211.493577] sh (87004): drop_caches: 3
[124215.541705] sh (87004): drop_caches: 3
[124219.594301] sh (87004): drop_caches: 3
[124223.642394] sh (87004): drop_caches: 3
[124227.695468] sh (87004): drop_caches: 3
[124231.746882] sh (87004): drop_caches: 3
[124235.791624] sh (87004): drop_caches: 3
[124239.842868] sh (87004): drop_caches: 3
[124243.893028] sh (87004): drop_caches: 3
[124247.942184] sh (87004): drop_caches: 3
[124251.984873] sh (87004): drop_caches: 3
[124256.035533] sh (87004): drop_caches: 3
[124260.085832] sh (87004): drop_caches: 3
[124264.135676] sh (87004): drop_caches: 3
[124268.187115] sh (87004): drop_caches: 3
[124272.235792] sh (87004): drop_caches: 3
[124276.282064] sh (87004): drop_caches: 3
[124280.330906] sh (87004): drop_caches: 3
[124284.376378] sh (87004): drop_caches: 3
[124288.426131] sh (87004): drop_caches: 3
[124292.471523] sh (87004): drop_caches: 3
[124296.519349] sh (87004): drop_caches: 3
[124300.572743] sh (87004): drop_caches: 3
[124304.626953] sh (87004): drop_caches: 3
[124308.675344] sh (87004): drop_caches: 3
[124312.727075] sh (87004): drop_caches: 3
[124316.772867] sh (87004): drop_caches: 3
[124320.814012] sh (87004): drop_caches: 3
[124324.864437] sh (87004): drop_caches: 3
[124328.907672] sh (87004): drop_caches: 3
[124328.957207] iCAT_SQLITE_RUN_END run=20260830-074400-86501
[124328.976348] EXT4-fs (nvme1n1): unmounting filesystem 78f77af7-bd61-48de-9226-0d5b20c71bfb.
[124329.061631] pci_bus 0001:10: busn_res: [bus 10-ff] is released
[124329.061699] NVMeVirt: GC stats: policy=cat-fig7 host_pages=32468407 gc_pages=10984618 gc_count=678947 WAF=1.338 k=10 scale_pct=25 age_ratio=7
[124329.132442] NVMeVirt: Virtual NVMe device closed
