[48809.952925] NVMeVirt: Version 1.10 for >> Samsung 970 Pro SSD <<
[48809.952934] NVMeVirt: Storage: 0x100100000-0x300000000 (8191 MiB)
[48809.961083] NVMeVirt: Total Capacity(GiB,MiB)=2,2048 chs=2 luns=4 lines=8192 blk-size(MiB,KiB)=0,64 line-size(MiB,KiB)=0,256
[48809.971461] NVMeVirt: [chmodel_init] bandwidth 800 max_credits 26 tx_time 152
[48809.978180] NVMeVirt: [chmodel_init] bandwidth 800 max_credits 26 tx_time 152
[48809.978194] NVMeVirt: [chmodel_init] bandwidth 3360 max_credits 110 tx_time 36
[48809.979444] NVMeVirt: pqueue: Copyright (c) 2014, Volkan Yazıcı <volkan.yazici@gmail.com>. All rights reserved.
[48809.979481] NVMeVirt: Init FTL instance with 2 channels (524288 pages)
[48809.979482] NVMeVirt: GC victim policy: greedy k=0 scale_pct=0 age_ratio=0
[48809.985962] NVMeVirt: [chmodel_init] bandwidth 800 max_credits 26 tx_time 152
[48809.992399] NVMeVirt: [chmodel_init] bandwidth 800 max_credits 26 tx_time 152
[48809.992414] NVMeVirt: [chmodel_init] bandwidth 3360 max_credits 110 tx_time 36
[48809.993673] NVMeVirt: Init FTL instance with 2 channels (524288 pages)
[48809.993674] NVMeVirt: GC victim policy: greedy k=0 scale_pct=0 age_ratio=0
[48810.000080] NVMeVirt: [chmodel_init] bandwidth 800 max_credits 26 tx_time 152
[48810.006548] NVMeVirt: [chmodel_init] bandwidth 800 max_credits 26 tx_time 152
[48810.006575] NVMeVirt: [chmodel_init] bandwidth 3360 max_credits 110 tx_time 36
[48810.007811] NVMeVirt: Init FTL instance with 2 channels (524288 pages)
[48810.007812] NVMeVirt: GC victim policy: greedy k=0 scale_pct=0 age_ratio=0
[48810.014296] NVMeVirt: [chmodel_init] bandwidth 800 max_credits 26 tx_time 152
[48810.020770] NVMeVirt: [chmodel_init] bandwidth 800 max_credits 26 tx_time 152
[48810.020784] NVMeVirt: [chmodel_init] bandwidth 3360 max_credits 110 tx_time 36
[48810.022032] NVMeVirt: Init FTL instance with 2 channels (524288 pages)
[48810.022034] NVMeVirt: GC victim policy: greedy k=0 scale_pct=0 age_ratio=0
[48810.022038] NVMeVirt: FTL physical space: 8588886016, logical space: 8026996276 (physical/logical * 100 = 107)
[48810.022039] NVMeVirt: ns 0/1: size 7655 MiB
[48810.022077] PCI host bridge to bus 0001:10
[48810.022079] pci_bus 0001:10: root bus resource [io  0x0000-0xffff]
[48810.022081] pci_bus 0001:10: root bus resource [mem 0x00000000-0x3fffffffffff]
[48810.022083] pci_bus 0001:10: root bus resource [bus 00-ff]
[48810.022088] pci 0001:10:00.0: [0c51:0110] type 00 class 0x010802 PCIe Endpoint
[48810.022091] pci 0001:10:00.0: BAR 0 [mem 0x100000000-0x100003fff 64bit]
[48810.022092] pci 0001:10:00.0: enabling Extended Tags
[48810.022204] NVMeVirt: Virtual PCI bus created (node 0)
[48810.022865] NVMeVirt: nvmev_dispatcher started on cpu 1 (node 0)
[48810.022869] NVMeVirt: nvmev_io_worker_0 started on cpu 2 (node 0)
[48810.023045] nvme nvme1: pci function 0001:10:00.0
[48810.027608] nvme nvme1: 20/0/0 default/read/poll queues
[48810.031695] NVMeVirt: Virtual NVMe device created
[48811.095404] EXT4-fs (nvme1n1): mounted filesystem 193abcc7-2d34-4018-98d0-d5f3ed272c4f r/w with ordered data mode. Quota mode: none.
[48811.127373] iCAT_SQLITE_LOAD_START run=20260829-111206-45932
[48887.322251] iCAT_SQLITE_LOAD_END run=20260829-111206-45932
[48887.748470] sh (46209): drop_caches: 3
[48887.782916] iCAT_SQLITE_RUN_START run=20260829-111206-45932
[48891.367276] sh (46210): drop_caches: 3
[48895.414481] sh (46210): drop_caches: 3
[48899.463412] sh (46210): drop_caches: 3
[48903.512370] sh (46210): drop_caches: 3
[48907.555713] sh (46210): drop_caches: 3
[48911.603075] sh (46210): drop_caches: 3
[48915.652640] sh (46210): drop_caches: 3
[48919.702266] sh (46210): drop_caches: 3
[48923.751909] sh (46210): drop_caches: 3
[48927.802669] sh (46210): drop_caches: 3
[48931.851902] sh (46210): drop_caches: 3
[48935.898905] sh (46210): drop_caches: 3
[48939.947550] sh (46210): drop_caches: 3
[48943.994891] sh (46210): drop_caches: 3
[48948.045731] sh (46210): drop_caches: 3
[48952.090821] sh (46210): drop_caches: 3
[48956.135080] sh (46210): drop_caches: 3
[48960.181937] sh (46210): drop_caches: 3
[48964.222604] sh (46210): drop_caches: 3
[48968.273395] sh (46210): drop_caches: 3
[48972.323048] sh (46210): drop_caches: 3
[48976.372680] sh (46210): drop_caches: 3
[48980.422103] sh (46210): drop_caches: 3
[48984.472375] sh (46210): drop_caches: 3
[48988.521920] sh (46210): drop_caches: 3
[48992.573720] sh (46210): drop_caches: 3
[48996.623478] sh (46210): drop_caches: 3
[49000.672593] sh (46210): drop_caches: 3
[49004.719368] sh (46210): drop_caches: 3
[49008.767041] sh (46210): drop_caches: 3
[49012.815423] sh (46210): drop_caches: 3
[49016.862362] sh (46210): drop_caches: 3
[49020.909640] sh (46210): drop_caches: 3
[49024.959236] sh (46210): drop_caches: 3
[49029.005027] sh (46210): drop_caches: 3
[49033.053588] sh (46210): drop_caches: 3
[49037.102912] sh (46210): drop_caches: 3
[49041.152293] sh (46210): drop_caches: 3
[49045.200125] sh (46210): drop_caches: 3
[49049.248817] sh (46210): drop_caches: 3
[49053.295794] sh (46210): drop_caches: 3
[49057.348442] sh (46210): drop_caches: 3
[49061.397416] sh (46210): drop_caches: 3
[49065.442578] sh (46210): drop_caches: 3
[49069.491752] sh (46210): drop_caches: 3
[49073.539432] sh (46210): drop_caches: 3
[49077.587328] sh (46210): drop_caches: 3
[49081.640672] sh (46210): drop_caches: 3
[49085.690540] sh (46210): drop_caches: 3
[49089.739220] sh (46210): drop_caches: 3
[49093.788340] sh (46210): drop_caches: 3
[49097.837649] sh (46210): drop_caches: 3
[49101.885534] sh (46210): drop_caches: 3
[49105.933981] sh (46210): drop_caches: 3
[49109.979299] sh (46210): drop_caches: 3
[49114.019188] sh (46210): drop_caches: 3
[49118.065928] sh (46210): drop_caches: 3
[49122.110691] sh (46210): drop_caches: 3
[49126.155514] sh (46210): drop_caches: 3
[49130.199755] sh (46210): drop_caches: 3
[49134.244271] sh (46210): drop_caches: 3
[49138.290510] sh (46210): drop_caches: 3
[49142.338885] sh (46210): drop_caches: 3
[49146.386113] sh (46210): drop_caches: 3
[49150.434988] sh (46210): drop_caches: 3
[49154.484882] sh (46210): drop_caches: 3
[49158.530247] sh (46210): drop_caches: 3
[49162.569735] sh (46210): drop_caches: 3
[49166.619096] sh (46210): drop_caches: 3
[49170.667886] sh (46210): drop_caches: 3
[49174.709913] sh (46210): drop_caches: 3
[49178.751239] sh (46210): drop_caches: 3
[49182.795644] sh (46210): drop_caches: 3
[49186.840904] sh (46210): drop_caches: 3
[49190.886643] sh (46210): drop_caches: 3
[49194.935225] sh (46210): drop_caches: 3
[49198.979901] sh (46210): drop_caches: 3
[49203.024562] sh (46210): drop_caches: 3
[49207.071515] sh (46210): drop_caches: 3
[49211.118499] sh (46210): drop_caches: 3
[49215.164875] sh (46210): drop_caches: 3
[49219.211563] sh (46210): drop_caches: 3
[49223.257276] sh (46210): drop_caches: 3
[49227.302890] sh (46210): drop_caches: 3
[49231.348048] sh (46210): drop_caches: 3
[49235.394281] sh (46210): drop_caches: 3
[49239.440285] sh (46210): drop_caches: 3
[49243.483734] sh (46210): drop_caches: 3
[49247.521584] sh (46210): drop_caches: 3
[49251.562681] sh (46210): drop_caches: 3
[49255.607322] sh (46210): drop_caches: 3
[49259.653368] sh (46210): drop_caches: 3
[49263.700007] sh (46210): drop_caches: 3
[49267.745987] sh (46210): drop_caches: 3
[49271.790683] sh (46210): drop_caches: 3
[49275.838015] sh (46210): drop_caches: 3
[49279.882902] sh (46210): drop_caches: 3
[49283.931130] sh (46210): drop_caches: 3
[49287.976811] sh (46210): drop_caches: 3
[49292.017229] sh (46210): drop_caches: 3
[49296.062769] sh (46210): drop_caches: 3
[49300.110061] sh (46210): drop_caches: 3
[49304.155910] sh (46210): drop_caches: 3
[49308.203176] sh (46210): drop_caches: 3
[49312.248894] sh (46210): drop_caches: 3
[49316.288462] sh (46210): drop_caches: 3
[49320.334454] sh (46210): drop_caches: 3
[49324.377397] sh (46210): drop_caches: 3
[49328.423204] sh (46210): drop_caches: 3
[49332.469194] sh (46210): drop_caches: 3
[49336.513096] sh (46210): drop_caches: 3
[49340.559687] sh (46210): drop_caches: 3
[49344.603246] sh (46210): drop_caches: 3
[49348.646187] sh (46210): drop_caches: 3
[49352.694869] sh (46210): drop_caches: 3
[49356.742147] sh (46210): drop_caches: 3
[49360.787487] sh (46210): drop_caches: 3
[49364.831655] sh (46210): drop_caches: 3
[49368.877412] sh (46210): drop_caches: 3
[49372.925229] sh (46210): drop_caches: 3
[49376.973342] sh (46210): drop_caches: 3
[49381.023297] sh (46210): drop_caches: 3
[49385.069912] sh (46210): drop_caches: 3
[49389.116178] sh (46210): drop_caches: 3
[49393.156767] sh (46210): drop_caches: 3
[49397.200719] sh (46210): drop_caches: 3
[49401.244471] sh (46210): drop_caches: 3
[49405.290474] sh (46210): drop_caches: 3
[49409.334655] sh (46210): drop_caches: 3
[49413.382378] sh (46210): drop_caches: 3
[49417.426710] sh (46210): drop_caches: 3
[49421.470765] sh (46210): drop_caches: 3
[49425.517040] sh (46210): drop_caches: 3
[49429.564587] sh (46210): drop_caches: 3
[49433.610933] sh (46210): drop_caches: 3
[49437.655384] sh (46210): drop_caches: 3
[49441.698944] sh (46210): drop_caches: 3
[49445.747079] sh (46210): drop_caches: 3
[49449.793613] sh (46210): drop_caches: 3
[49453.840930] sh (46210): drop_caches: 3
[49457.886162] sh (46210): drop_caches: 3
[49461.933278] sh (46210): drop_caches: 3
[49465.980867] sh (46210): drop_caches: 3
[49470.027387] sh (46210): drop_caches: 3
[49474.072982] sh (46210): drop_caches: 3
[49478.119202] sh (46210): drop_caches: 3
[49482.165536] sh (46210): drop_caches: 3
[49486.210063] sh (46210): drop_caches: 3
[49490.255404] sh (46210): drop_caches: 3
[49494.303742] sh (46210): drop_caches: 3
[49498.350001] sh (46210): drop_caches: 3
[49502.395123] sh (46210): drop_caches: 3
[49506.443528] sh (46210): drop_caches: 3
[49510.489554] sh (46210): drop_caches: 3
[49514.530736] sh (46210): drop_caches: 3
[49518.570749] sh (46210): drop_caches: 3
[49522.614855] sh (46210): drop_caches: 3
[49526.658299] sh (46210): drop_caches: 3
[49530.698740] sh (46210): drop_caches: 3
[49534.741269] sh (46210): drop_caches: 3
[49538.786658] sh (46210): drop_caches: 3
[49542.833611] sh (46210): drop_caches: 3
[49546.879611] sh (46210): drop_caches: 3
[49550.924365] sh (46210): drop_caches: 3
[49554.970836] sh (46210): drop_caches: 3
[49559.016005] sh (46210): drop_caches: 3
[49563.064246] sh (46210): drop_caches: 3
[49567.110086] sh (46210): drop_caches: 3
[49571.153460] sh (46210): drop_caches: 3
[49575.198457] sh (46210): drop_caches: 3
[49579.243884] sh (46210): drop_caches: 3
[49583.290151] sh (46210): drop_caches: 3
[49587.336778] sh (46210): drop_caches: 3
[49591.381564] sh (46210): drop_caches: 3
[49595.427831] sh (46210): drop_caches: 3
[49599.472408] sh (46210): drop_caches: 3
[49603.521183] sh (46210): drop_caches: 3
[49607.562467] sh (46210): drop_caches: 3
[49611.611117] sh (46210): drop_caches: 3
[49615.657978] sh (46210): drop_caches: 3
[49619.704482] sh (46210): drop_caches: 3
[49623.752149] sh (46210): drop_caches: 3
[49627.798728] sh (46210): drop_caches: 3
[49631.843778] sh (46210): drop_caches: 3
[49635.889908] sh (46210): drop_caches: 3
[49639.936748] sh (46210): drop_caches: 3
[49643.976675] sh (46210): drop_caches: 3
[49648.021442] sh (46210): drop_caches: 3
[49652.061996] sh (46210): drop_caches: 3
[49656.107829] sh (46210): drop_caches: 3
[49660.157359] sh (46210): drop_caches: 3
[49664.203775] sh (46210): drop_caches: 3
[49668.252481] sh (46210): drop_caches: 3
[49672.297417] sh (46210): drop_caches: 3
[49676.342918] sh (46210): drop_caches: 3
[49680.387526] sh (46210): drop_caches: 3
[49684.431582] sh (46210): drop_caches: 3
[49688.474454] sh (46210): drop_caches: 3
[49692.520059] sh (46210): drop_caches: 3
[49696.567569] sh (46210): drop_caches: 3
[49700.611789] sh (46210): drop_caches: 3
[49704.658652] sh (46210): drop_caches: 3
[49708.697682] sh (46210): drop_caches: 3
[49712.744241] sh (46210): drop_caches: 3
[49716.788020] sh (46210): drop_caches: 3
[49720.825309] sh (46210): drop_caches: 3
[49724.870437] sh (46210): drop_caches: 3
[49728.918162] sh (46210): drop_caches: 3
[49732.963502] sh (46210): drop_caches: 3
[49737.009293] sh (46210): drop_caches: 3
[49741.053177] sh (46210): drop_caches: 3
[49745.099295] sh (46210): drop_caches: 3
[49749.144836] sh (46210): drop_caches: 3
[49753.190494] sh (46210): drop_caches: 3
[49757.237647] sh (46210): drop_caches: 3
[49761.283907] sh (46210): drop_caches: 3
[49765.329885] sh (46210): drop_caches: 3
[49769.373078] sh (46210): drop_caches: 3
[49773.419179] sh (46210): drop_caches: 3
[49777.466280] sh (46210): drop_caches: 3
[49781.516272] sh (46210): drop_caches: 3
[49785.559670] sh (46210): drop_caches: 3
[49789.606128] sh (46210): drop_caches: 3
[49793.653126] sh (46210): drop_caches: 3
[49797.699560] sh (46210): drop_caches: 3
[49801.743749] sh (46210): drop_caches: 3
[49805.789205] sh (46210): drop_caches: 3
[49809.836331] sh (46210): drop_caches: 3
[49813.884565] sh (46210): drop_caches: 3
[49817.930623] sh (46210): drop_caches: 3
[49821.976611] sh (46210): drop_caches: 3
[49826.023047] sh (46210): drop_caches: 3
[49830.067919] sh (46210): drop_caches: 3
[49834.115121] sh (46210): drop_caches: 3
[49838.162142] sh (46210): drop_caches: 3
[49842.208483] sh (46210): drop_caches: 3
[49846.254851] sh (46210): drop_caches: 3
[49850.297488] sh (46210): drop_caches: 3
[49854.343332] sh (46210): drop_caches: 3
[49858.389185] sh (46210): drop_caches: 3
[49862.435198] sh (46210): drop_caches: 3
[49866.481132] sh (46210): drop_caches: 3
[49870.527090] sh (46210): drop_caches: 3
[49874.567149] sh (46210): drop_caches: 3
[49878.614501] sh (46210): drop_caches: 3
[49882.660740] sh (46210): drop_caches: 3
[49886.701255] sh (46210): drop_caches: 3
[49890.742958] sh (46210): drop_caches: 3
[49894.789327] sh (46210): drop_caches: 3
[49898.836298] sh (46210): drop_caches: 3
[49902.881102] sh (46210): drop_caches: 3
[49906.928132] sh (46210): drop_caches: 3
[49910.973387] sh (46210): drop_caches: 3
[49915.020220] sh (46210): drop_caches: 3
[49919.065623] sh (46210): drop_caches: 3
[49923.110145] sh (46210): drop_caches: 3
[49927.153558] sh (46210): drop_caches: 3
[49931.200146] sh (46210): drop_caches: 3
[49935.246914] sh (46210): drop_caches: 3
[49939.291165] sh (46210): drop_caches: 3
[49943.337799] sh (46210): drop_caches: 3
[49947.383886] sh (46210): drop_caches: 3
[49951.429870] sh (46210): drop_caches: 3
[49955.476609] sh (46210): drop_caches: 3
[49959.523058] sh (46210): drop_caches: 3
[49963.563355] sh (46210): drop_caches: 3
[49967.610893] sh (46210): drop_caches: 3
[49971.651992] sh (46210): drop_caches: 3
[49975.698468] sh (46210): drop_caches: 3
[49979.744272] sh (46210): drop_caches: 3
[49983.790432] sh (46210): drop_caches: 3
[49987.836821] sh (46210): drop_caches: 3
[49991.882673] sh (46210): drop_caches: 3
[49995.928832] sh (46210): drop_caches: 3
[49999.976990] sh (46210): drop_caches: 3
[50004.025171] sh (46210): drop_caches: 3
[50008.073668] sh (46210): drop_caches: 3
[50012.115770] sh (46210): drop_caches: 3
[50016.162476] sh (46210): drop_caches: 3
[50020.209045] sh (46210): drop_caches: 3
[50024.253447] sh (46210): drop_caches: 3
[50028.299455] sh (46210): drop_caches: 3
[50032.346051] sh (46210): drop_caches: 3
[50036.392949] sh (46210): drop_caches: 3
[50040.439708] sh (46210): drop_caches: 3
[50044.486844] sh (46210): drop_caches: 3
[50048.533774] sh (46210): drop_caches: 3
[50052.577596] sh (46210): drop_caches: 3
[50056.627487] sh (46210): drop_caches: 3
[50060.673976] sh (46210): drop_caches: 3
[50064.718126] sh (46210): drop_caches: 3
[50068.760230] sh (46210): drop_caches: 3
[50072.808985] sh (46210): drop_caches: 3
[50076.857891] sh (46210): drop_caches: 3
[50080.907630] sh (46210): drop_caches: 3
[50084.954722] sh (46210): drop_caches: 3
[50088.999044] sh (46210): drop_caches: 3
[50093.046021] sh (46210): drop_caches: 3
[50097.090176] sh (46210): drop_caches: 3
[50101.136122] sh (46210): drop_caches: 3
[50105.181275] sh (46210): drop_caches: 3
[50109.226892] sh (46210): drop_caches: 3
[50113.273347] sh (46210): drop_caches: 3
[50117.318283] sh (46210): drop_caches: 3
[50121.364357] sh (46210): drop_caches: 3
[50125.411540] sh (46210): drop_caches: 3
[50129.458530] sh (46210): drop_caches: 3
[50133.503550] sh (46210): drop_caches: 3
[50137.543002] sh (46210): drop_caches: 3
[50141.589596] sh (46210): drop_caches: 3
[50145.634845] sh (46210): drop_caches: 3
[50149.679809] sh (46210): drop_caches: 3
[50153.724063] sh (46210): drop_caches: 3
[50157.768999] sh (46210): drop_caches: 3
[50161.817870] sh (46210): drop_caches: 3
[50165.862382] sh (46210): drop_caches: 3
[50169.908468] sh (46210): drop_caches: 3
[50173.955148] sh (46210): drop_caches: 3
[50178.001337] sh (46210): drop_caches: 3
[50182.047497] sh (46210): drop_caches: 3
[50186.094334] sh (46210): drop_caches: 3
[50190.139516] sh (46210): drop_caches: 3
[50194.184462] sh (46210): drop_caches: 3
[50198.232506] sh (46210): drop_caches: 3
[50202.276001] sh (46210): drop_caches: 3
[50206.324027] sh (46210): drop_caches: 3
[50210.366909] sh (46210): drop_caches: 3
[50214.412980] sh (46210): drop_caches: 3
[50218.459817] sh (46210): drop_caches: 3
[50222.504081] sh (46210): drop_caches: 3
[50226.545398] sh (46210): drop_caches: 3
[50230.592238] sh (46210): drop_caches: 3
[50234.636605] sh (46210): drop_caches: 3
[50238.681910] sh (46210): drop_caches: 3
[50242.722045] sh (46210): drop_caches: 3
[50246.768244] sh (46210): drop_caches: 3
[50250.812696] sh (46210): drop_caches: 3
[50254.857388] sh (46210): drop_caches: 3
[50258.905298] sh (46210): drop_caches: 3
[50262.950489] sh (46210): drop_caches: 3
[50266.996086] sh (46210): drop_caches: 3
[50271.040703] sh (46210): drop_caches: 3
[50275.087984] sh (46210): drop_caches: 3
[50279.132822] sh (46210): drop_caches: 3
[50283.176621] sh (46210): drop_caches: 3
[50287.222819] sh (46210): drop_caches: 3
[50291.267750] sh (46210): drop_caches: 3
[50295.312663] sh (46210): drop_caches: 3
[50299.353166] sh (46210): drop_caches: 3
[50303.398352] sh (46210): drop_caches: 3
[50307.445316] sh (46210): drop_caches: 3
[50311.491334] sh (46210): drop_caches: 3
[50315.528689] sh (46210): drop_caches: 3
[50319.566640] sh (46210): drop_caches: 3
[50323.611489] sh (46210): drop_caches: 3
[50327.656446] sh (46210): drop_caches: 3
[50331.701901] sh (46210): drop_caches: 3
[50335.745691] sh (46210): drop_caches: 3
[50339.794326] sh (46210): drop_caches: 3
[50343.842058] sh (46210): drop_caches: 3
[50347.889157] sh (46210): drop_caches: 3
[50351.936015] sh (46210): drop_caches: 3
[50355.982243] sh (46210): drop_caches: 3
[50360.027022] sh (46210): drop_caches: 3
[50364.073727] sh (46210): drop_caches: 3
[50368.118094] sh (46210): drop_caches: 3
[50372.164794] sh (46210): drop_caches: 3
[50376.185900] sh (46210): drop_caches: 3
[50376.234573] iCAT_SQLITE_RUN_END run=20260829-111206-45932
[50376.255484] EXT4-fs (nvme1n1): unmounting filesystem 193abcc7-2d34-4018-98d0-d5f3ed272c4f.
[50376.337267] pci_bus 0001:10: busn_res: [bus 10-ff] is released
[50376.337309] NVMeVirt: GC stats: policy=greedy host_pages=32359856 gc_pages=16096490 gc_count=757124 WAF=1.497 k=0 scale_pct=0 age_ratio=0
[50376.404243] NVMeVirt: Virtual NVMe device closed
