[124329.310547] NVMeVirt: Version 1.10 for >> Samsung 970 Pro SSD <<
[124329.310556] NVMeVirt: Storage: 0x100100000-0x300000000 (8191 MiB)
[124329.317165] NVMeVirt: Total Capacity(GiB,MiB)=2,2048 chs=2 luns=4 lines=8192 blk-size(MiB,KiB)=0,64 line-size(MiB,KiB)=0,256
[124329.323954] NVMeVirt: [chmodel_init] bandwidth 800 max_credits 26 tx_time 152
[124329.330702] NVMeVirt: [chmodel_init] bandwidth 800 max_credits 26 tx_time 152
[124329.330716] NVMeVirt: [chmodel_init] bandwidth 3360 max_credits 110 tx_time 36
[124329.331926] NVMeVirt: pqueue: Copyright (c) 2014, Volkan Yazıcı <volkan.yazici@gmail.com>. All rights reserved.
[124329.331962] NVMeVirt: Init FTL instance with 2 channels (524288 pages)
[124329.331963] NVMeVirt: GC victim policy: cat-fig7 k=10 scale_pct=25 age_ratio=16
[124329.338485] NVMeVirt: [chmodel_init] bandwidth 800 max_credits 26 tx_time 152
[124329.345075] NVMeVirt: [chmodel_init] bandwidth 800 max_credits 26 tx_time 152
[124329.345089] NVMeVirt: [chmodel_init] bandwidth 3360 max_credits 110 tx_time 36
[124329.346335] NVMeVirt: Init FTL instance with 2 channels (524288 pages)
[124329.346336] NVMeVirt: GC victim policy: cat-fig7 k=10 scale_pct=25 age_ratio=16
[124329.352797] NVMeVirt: [chmodel_init] bandwidth 800 max_credits 26 tx_time 152
[124329.359292] NVMeVirt: [chmodel_init] bandwidth 800 max_credits 26 tx_time 152
[124329.359307] NVMeVirt: [chmodel_init] bandwidth 3360 max_credits 110 tx_time 36
[124329.360589] NVMeVirt: Init FTL instance with 2 channels (524288 pages)
[124329.360590] NVMeVirt: GC victim policy: cat-fig7 k=10 scale_pct=25 age_ratio=16
[124329.367194] NVMeVirt: [chmodel_init] bandwidth 800 max_credits 26 tx_time 152
[124329.373675] NVMeVirt: [chmodel_init] bandwidth 800 max_credits 26 tx_time 152
[124329.373689] NVMeVirt: [chmodel_init] bandwidth 3360 max_credits 110 tx_time 36
[124329.374937] NVMeVirt: Init FTL instance with 2 channels (524288 pages)
[124329.374938] NVMeVirt: GC victim policy: cat-fig7 k=10 scale_pct=25 age_ratio=16
[124329.374942] NVMeVirt: FTL physical space: 8588886016, logical space: 8026996276 (physical/logical * 100 = 107)
[124329.374943] NVMeVirt: ns 0/1: size 7655 MiB
[124329.374983] PCI host bridge to bus 0001:10
[124329.374984] pci_bus 0001:10: root bus resource [io  0x0000-0xffff]
[124329.374986] pci_bus 0001:10: root bus resource [mem 0x00000000-0x3fffffffffff]
[124329.374988] pci_bus 0001:10: root bus resource [bus 00-ff]
[124329.374993] pci 0001:10:00.0: [0c51:0110] type 00 class 0x010802 PCIe Endpoint
[124329.374996] pci 0001:10:00.0: BAR 0 [mem 0x100000000-0x100003fff 64bit]
[124329.374998] pci 0001:10:00.0: enabling Extended Tags
[124329.375111] NVMeVirt: Virtual PCI bus created (node 0)
[124329.375563] NVMeVirt: nvmev_io_worker_0 started on cpu 2 (node 0)
[124329.375674] NVMeVirt: nvmev_dispatcher started on cpu 1 (node 0)
[124329.375907] nvme nvme1: pci function 0001:10:00.0
[124329.379715] nvme nvme1: 20/0/0 default/read/poll queues
[124329.382538] NVMeVirt: Virtual NVMe device created
[124330.443196] EXT4-fs (nvme1n1): mounted filesystem f190fe3a-8ec5-423a-aac7-a25a42ca6acf r/w with ordered data mode. Quota mode: none.
[124330.471596] iCAT_SQLITE_LOAD_START run=20260830-081046-94371
[124412.827772] iCAT_SQLITE_LOAD_END run=20260830-081046-94371
[124413.198800] sh (94881): drop_caches: 3
[124413.227327] iCAT_SQLITE_RUN_START run=20260830-081046-94371
[124416.875173] sh (94880): drop_caches: 3
[124420.925728] sh (94880): drop_caches: 3
[124424.975384] sh (94880): drop_caches: 3
[124429.026461] sh (94880): drop_caches: 3
[124433.071443] sh (94880): drop_caches: 3
[124437.114668] sh (94880): drop_caches: 3
[124441.166072] sh (94880): drop_caches: 3
[124445.216756] sh (94880): drop_caches: 3
[124449.260901] sh (94880): drop_caches: 3
[124453.312081] sh (94880): drop_caches: 3
[124457.362460] sh (94880): drop_caches: 3
[124461.409378] sh (94880): drop_caches: 3
[124465.461422] sh (94880): drop_caches: 3
[124469.508936] sh (94880): drop_caches: 3
[124473.559859] sh (94880): drop_caches: 3
[124477.611924] sh (94880): drop_caches: 3
[124481.662003] sh (94880): drop_caches: 3
[124485.712603] sh (94880): drop_caches: 3
[124489.763622] sh (94880): drop_caches: 3
[124493.815569] sh (94880): drop_caches: 3
[124497.861235] sh (94880): drop_caches: 3
[124501.907386] sh (94880): drop_caches: 3
[124505.948398] sh (94880): drop_caches: 3
[124509.991126] sh (94880): drop_caches: 3
[124514.034211] sh (94880): drop_caches: 3
[124518.081110] sh (94880): drop_caches: 3
[124522.123105] sh (94880): drop_caches: 3
[124526.170923] sh (94880): drop_caches: 3
[124530.222388] sh (94880): drop_caches: 3
[124534.272833] sh (94880): drop_caches: 3
[124538.325773] sh (94880): drop_caches: 3
[124542.378988] sh (94880): drop_caches: 3
[124546.429065] sh (94880): drop_caches: 3
[124550.477663] sh (94880): drop_caches: 3
[124554.529382] sh (94880): drop_caches: 3
[124558.580571] sh (94880): drop_caches: 3
[124562.625180] sh (94880): drop_caches: 3
[124566.677544] sh (94880): drop_caches: 3
[124570.778104] sh (94880): drop_caches: 3
[124574.890592] sh (94880): drop_caches: 3
[124578.942601] sh (94880): drop_caches: 3
[124582.986684] sh (94880): drop_caches: 3
[124587.033046] sh (94880): drop_caches: 3
[124591.074388] sh (94880): drop_caches: 3
[124595.117596] sh (94880): drop_caches: 3
[124599.161405] sh (94880): drop_caches: 3
[124603.204713] sh (94880): drop_caches: 3
[124607.248087] sh (94880): drop_caches: 3
[124611.298895] sh (94880): drop_caches: 3
[124615.345767] sh (94880): drop_caches: 3
[124619.394863] sh (94880): drop_caches: 3
[124623.442032] sh (94880): drop_caches: 3
[124627.489638] sh (94880): drop_caches: 3
[124631.540196] sh (94880): drop_caches: 3
[124635.590453] sh (94880): drop_caches: 3
[124639.639255] sh (94880): drop_caches: 3
[124643.686177] sh (94880): drop_caches: 3
[124647.738888] sh (94880): drop_caches: 3
[124651.788646] sh (94880): drop_caches: 3
[124655.830320] sh (94880): drop_caches: 3
[124659.881405] sh (94880): drop_caches: 3
[124663.928956] sh (94880): drop_caches: 3
[124667.981372] sh (94880): drop_caches: 3
[124672.031337] sh (94880): drop_caches: 3
[124676.078422] sh (94880): drop_caches: 3
[124680.127634] sh (94880): drop_caches: 3
[124684.178470] sh (94880): drop_caches: 3
[124688.220768] sh (94880): drop_caches: 3
[124692.263040] sh (94880): drop_caches: 3
[124696.306068] sh (94880): drop_caches: 3
[124700.354255] sh (94880): drop_caches: 3
[124704.405948] sh (94880): drop_caches: 3
[124708.451483] sh (94880): drop_caches: 3
[124712.499690] sh (94880): drop_caches: 3
[124716.547385] sh (94880): drop_caches: 3
[124720.600177] sh (94880): drop_caches: 3
[124724.647909] sh (94880): drop_caches: 3
[124728.696313] sh (94880): drop_caches: 3
[124732.742340] sh (94880): drop_caches: 3
[124736.791501] sh (94880): drop_caches: 3
[124740.834487] sh (94880): drop_caches: 3
[124744.885028] sh (94880): drop_caches: 3
[124748.936387] sh (94880): drop_caches: 3
[124752.986724] sh (94880): drop_caches: 3
[124757.039839] sh (94880): drop_caches: 3
[124761.091182] sh (94880): drop_caches: 3
[124765.141101] sh (94880): drop_caches: 3
[124769.190085] sh (94880): drop_caches: 3
[124773.233629] sh (94880): drop_caches: 3
[124777.279046] sh (94880): drop_caches: 3
[124781.324061] sh (94880): drop_caches: 3
[124785.376728] sh (94880): drop_caches: 3
[124789.431554] sh (94880): drop_caches: 3
[124793.485739] sh (94880): drop_caches: 3
[124797.531172] sh (94880): drop_caches: 3
[124801.587442] sh (94880): drop_caches: 3
[124805.634867] sh (94880): drop_caches: 3
[124809.685309] sh (94880): drop_caches: 3
[124813.738602] sh (94880): drop_caches: 3
[124817.788390] sh (94880): drop_caches: 3
[124821.832452] sh (94880): drop_caches: 3
[124825.878872] sh (94880): drop_caches: 3
[124829.933090] sh (94880): drop_caches: 3
[124833.985238] sh (94880): drop_caches: 3
[124838.031895] sh (94880): drop_caches: 3
[124842.078985] sh (94880): drop_caches: 3
[124846.130769] sh (94880): drop_caches: 3
[124850.181476] sh (94880): drop_caches: 3
[124854.232942] sh (94880): drop_caches: 3
[124858.281386] sh (94880): drop_caches: 3
[124862.324297] sh (94880): drop_caches: 3
[124866.373195] sh (94880): drop_caches: 3
[124870.418171] sh (94880): drop_caches: 3
[124874.468856] sh (94880): drop_caches: 3
[124878.517141] sh (94880): drop_caches: 3
[124882.567950] sh (94880): drop_caches: 3
[124886.610339] sh (94880): drop_caches: 3
[124890.659533] sh (94880): drop_caches: 3
[124894.708712] sh (94880): drop_caches: 3
[124898.760830] sh (94880): drop_caches: 3
[124902.811729] sh (94880): drop_caches: 3
[124906.858530] sh (94880): drop_caches: 3
[124910.902723] sh (94880): drop_caches: 3
[124914.948341] sh (94880): drop_caches: 3
[124918.996944] sh (94880): drop_caches: 3
[124923.045812] sh (94880): drop_caches: 3
[124927.094502] sh (94880): drop_caches: 3
[124931.142262] sh (94880): drop_caches: 3
[124935.192103] sh (94880): drop_caches: 3
[124939.242880] sh (94880): drop_caches: 3
[124943.295239] sh (94880): drop_caches: 3
[124947.344647] sh (94880): drop_caches: 3
[124951.390617] sh (94880): drop_caches: 3
[124955.441529] sh (94880): drop_caches: 3
[124959.494844] sh (94880): drop_caches: 3
[124963.544647] sh (94880): drop_caches: 3
[124967.597962] sh (94880): drop_caches: 3
[124971.646853] sh (94880): drop_caches: 3
[124975.697876] sh (94880): drop_caches: 3
[124979.741109] sh (94880): drop_caches: 3
[124983.790949] sh (94880): drop_caches: 3
[124987.841715] sh (94880): drop_caches: 3
[124991.893213] sh (94880): drop_caches: 3
[124995.942026] sh (94880): drop_caches: 3
[124999.986322] sh (94880): drop_caches: 3
[125004.028589] sh (94880): drop_caches: 3
[125008.073939] sh (94880): drop_caches: 3
[125012.126313] sh (94880): drop_caches: 3
[125016.175010] sh (94880): drop_caches: 3
[125020.225340] sh (94880): drop_caches: 3
[125024.267514] sh (94880): drop_caches: 3
[125028.316704] sh (94880): drop_caches: 3
[125032.367729] sh (94880): drop_caches: 3
[125036.416675] sh (94880): drop_caches: 3
[125040.461524] sh (94880): drop_caches: 3
[125044.504897] sh (94880): drop_caches: 3
[125048.554185] sh (94880): drop_caches: 3
[125052.604177] sh (94880): drop_caches: 3
[125056.654421] sh (94880): drop_caches: 3
[125060.702562] sh (94880): drop_caches: 3
[125064.754182] sh (94880): drop_caches: 3
[125068.803504] sh (94880): drop_caches: 3
[125072.849462] sh (94880): drop_caches: 3
[125076.897622] sh (94880): drop_caches: 3
[125080.944295] sh (94880): drop_caches: 3
[125084.994111] sh (94880): drop_caches: 3
[125089.043390] sh (94880): drop_caches: 3
[125093.087901] sh (94880): drop_caches: 3
[125097.139280] sh (94880): drop_caches: 3
[125101.188774] sh (94880): drop_caches: 3
[125105.234854] sh (94880): drop_caches: 3
[125109.283133] sh (94880): drop_caches: 3
[125113.332816] sh (94880): drop_caches: 3
[125117.382442] sh (94880): drop_caches: 3
[125121.431540] sh (94880): drop_caches: 3
[125125.480433] sh (94880): drop_caches: 3
[125129.529977] sh (94880): drop_caches: 3
[125133.582572] sh (94880): drop_caches: 3
[125137.631137] sh (94880): drop_caches: 3
[125141.679550] sh (94880): drop_caches: 3
[125145.729500] sh (94880): drop_caches: 3
[125149.779525] sh (94880): drop_caches: 3
[125153.830431] sh (94880): drop_caches: 3
[125157.872565] sh (94880): drop_caches: 3
[125161.926031] sh (94880): drop_caches: 3
[125165.973544] sh (94880): drop_caches: 3
[125170.027928] sh (94880): drop_caches: 3
[125174.071426] sh (94880): drop_caches: 3
[125178.121944] sh (94880): drop_caches: 3
[125182.175444] sh (94880): drop_caches: 3
[125186.224807] sh (94880): drop_caches: 3
[125190.273017] sh (94880): drop_caches: 3
[125194.322282] sh (94880): drop_caches: 3
[125198.372285] sh (94880): drop_caches: 3
[125202.420957] sh (94880): drop_caches: 3
[125206.469236] sh (94880): drop_caches: 3
[125210.519207] sh (94880): drop_caches: 3
[125214.565247] sh (94880): drop_caches: 3
[125218.610455] sh (94880): drop_caches: 3
[125222.653472] sh (94880): drop_caches: 3
[125226.695941] sh (94880): drop_caches: 3
[125230.747460] sh (94880): drop_caches: 3
[125234.796392] sh (94880): drop_caches: 3
[125238.849182] sh (94880): drop_caches: 3
[125242.893966] sh (94880): drop_caches: 3
[125246.945048] sh (94880): drop_caches: 3
[125250.993760] sh (94880): drop_caches: 3
[125255.043967] sh (94880): drop_caches: 3
[125259.095000] sh (94880): drop_caches: 3
[125263.145710] sh (94880): drop_caches: 3
[125267.196190] sh (94880): drop_caches: 3
[125271.246543] sh (94880): drop_caches: 3
[125275.296289] sh (94880): drop_caches: 3
[125279.346595] sh (94880): drop_caches: 3
[125283.396731] sh (94880): drop_caches: 3
[125287.446069] sh (94880): drop_caches: 3
[125291.493393] sh (94880): drop_caches: 3
[125295.544604] sh (94880): drop_caches: 3
[125299.594859] sh (94880): drop_caches: 3
[125303.646231] sh (94880): drop_caches: 3
[125307.697418] sh (94880): drop_caches: 3
[125311.746527] sh (94880): drop_caches: 3
[125315.797349] sh (94880): drop_caches: 3
[125319.845133] sh (94880): drop_caches: 3
[125323.896965] sh (94880): drop_caches: 3
[125327.947616] sh (94880): drop_caches: 3
[125331.999050] sh (94880): drop_caches: 3
[125336.047116] sh (94880): drop_caches: 3
[125340.098231] sh (94880): drop_caches: 3
[125344.149741] sh (94880): drop_caches: 3
[125348.198846] sh (94880): drop_caches: 3
[125352.248834] sh (94880): drop_caches: 3
[125356.291418] sh (94880): drop_caches: 3
[125360.343463] sh (94880): drop_caches: 3
[125364.393723] sh (94880): drop_caches: 3
[125368.443906] sh (94880): drop_caches: 3
[125372.492225] sh (94880): drop_caches: 3
[125376.540269] sh (94880): drop_caches: 3
[125380.584497] sh (94880): drop_caches: 3
[125384.632071] sh (94880): drop_caches: 3
[125388.684277] sh (94880): drop_caches: 3
[125392.729537] sh (94880): drop_caches: 3
[125396.777536] sh (94880): drop_caches: 3
[125400.819033] sh (94880): drop_caches: 3
[125404.869768] sh (94880): drop_caches: 3
[125408.917644] sh (94880): drop_caches: 3
[125412.967231] sh (94880): drop_caches: 3
[125417.015420] sh (94880): drop_caches: 3
[125421.064275] sh (94880): drop_caches: 3
[125425.114489] sh (94880): drop_caches: 3
[125429.164615] sh (94880): drop_caches: 3
[125433.208743] sh (94880): drop_caches: 3
[125437.251956] sh (94880): drop_caches: 3
[125441.302986] sh (94880): drop_caches: 3
[125445.346676] sh (94880): drop_caches: 3
[125449.396674] sh (94880): drop_caches: 3
[125453.447476] sh (94880): drop_caches: 3
[125457.491834] sh (94880): drop_caches: 3
[125461.538169] sh (94880): drop_caches: 3
[125465.589197] sh (94880): drop_caches: 3
[125469.630161] sh (94880): drop_caches: 3
[125473.678574] sh (94880): drop_caches: 3
[125477.727024] sh (94880): drop_caches: 3
[125481.778957] sh (94880): drop_caches: 3
[125485.821713] sh (94880): drop_caches: 3
[125489.865746] sh (94880): drop_caches: 3
[125493.911337] sh (94880): drop_caches: 3
[125497.960337] sh (94880): drop_caches: 3
[125502.011799] sh (94880): drop_caches: 3
[125506.052671] sh (94880): drop_caches: 3
[125510.105828] sh (94880): drop_caches: 3
[125514.158447] sh (94880): drop_caches: 3
[125518.212903] sh (94880): drop_caches: 3
[125522.262889] sh (94880): drop_caches: 3
[125526.312044] sh (94880): drop_caches: 3
[125530.361062] sh (94880): drop_caches: 3
[125534.404631] sh (94880): drop_caches: 3
[125538.449031] sh (94880): drop_caches: 3
[125542.496474] sh (94880): drop_caches: 3
[125546.544681] sh (94880): drop_caches: 3
[125550.595303] sh (94880): drop_caches: 3
[125554.645955] sh (94880): drop_caches: 3
[125558.692263] sh (94880): drop_caches: 3
[125562.735741] sh (94880): drop_caches: 3
[125566.775950] sh (94880): drop_caches: 3
[125570.821171] sh (94880): drop_caches: 3
[125574.866067] sh (94880): drop_caches: 3
[125578.915409] sh (94880): drop_caches: 3
[125582.964040] sh (94880): drop_caches: 3
[125587.015115] sh (94880): drop_caches: 3
[125591.064038] sh (94880): drop_caches: 3
[125595.113682] sh (94880): drop_caches: 3
[125599.165868] sh (94880): drop_caches: 3
[125603.216913] sh (94880): drop_caches: 3
[125607.263535] sh (94880): drop_caches: 3
[125611.315138] sh (94880): drop_caches: 3
[125615.364926] sh (94880): drop_caches: 3
[125619.413639] sh (94880): drop_caches: 3
[125623.456011] sh (94880): drop_caches: 3
[125627.497762] sh (94880): drop_caches: 3
[125631.547295] sh (94880): drop_caches: 3
[125635.598062] sh (94880): drop_caches: 3
[125639.645586] sh (94880): drop_caches: 3
[125643.698643] sh (94880): drop_caches: 3
[125647.747764] sh (94880): drop_caches: 3
[125651.789001] sh (94880): drop_caches: 3
[125655.831505] sh (94880): drop_caches: 3
[125659.882960] sh (94880): drop_caches: 3
[125663.931527] sh (94880): drop_caches: 3
[125667.982474] sh (94880): drop_caches: 3
[125672.035676] sh (94880): drop_caches: 3
[125676.082676] sh (94880): drop_caches: 3
[125680.133844] sh (94880): drop_caches: 3
[125684.182809] sh (94880): drop_caches: 3
[125688.233202] sh (94880): drop_caches: 3
[125692.284153] sh (94880): drop_caches: 3
[125696.333326] sh (94880): drop_caches: 3
[125700.383818] sh (94880): drop_caches: 3
[125704.432497] sh (94880): drop_caches: 3
[125708.482332] sh (94880): drop_caches: 3
[125712.527466] sh (94880): drop_caches: 3
[125716.576219] sh (94880): drop_caches: 3
[125720.625727] sh (94880): drop_caches: 3
[125724.669271] sh (94880): drop_caches: 3
[125728.711019] sh (94880): drop_caches: 3
[125732.761365] sh (94880): drop_caches: 3
[125736.811091] sh (94880): drop_caches: 3
[125740.850889] sh (94880): drop_caches: 3
[125744.900746] sh (94880): drop_caches: 3
[125748.949482] sh (94880): drop_caches: 3
[125753.001525] sh (94880): drop_caches: 3
[125757.054342] sh (94880): drop_caches: 3
[125761.096720] sh (94880): drop_caches: 3
[125765.148208] sh (94880): drop_caches: 3
[125769.195978] sh (94880): drop_caches: 3
[125773.249361] sh (94880): drop_caches: 3
[125777.297306] sh (94880): drop_caches: 3
[125781.344401] sh (94880): drop_caches: 3
[125785.397739] sh (94880): drop_caches: 3
[125789.448223] sh (94880): drop_caches: 3
[125793.497662] sh (94880): drop_caches: 3
[125797.540237] sh (94880): drop_caches: 3
[125801.586703] sh (94880): drop_caches: 3
[125805.638055] sh (94880): drop_caches: 3
[125809.687030] sh (94880): drop_caches: 3
[125813.737744] sh (94880): drop_caches: 3
[125817.788487] sh (94880): drop_caches: 3
[125821.837559] sh (94880): drop_caches: 3
[125825.877969] sh (94880): drop_caches: 3
[125829.926780] sh (94880): drop_caches: 3
[125833.974751] sh (94880): drop_caches: 3
[125838.018858] sh (94880): drop_caches: 3
[125842.064609] sh (94880): drop_caches: 3
[125846.114122] sh (94880): drop_caches: 3
[125850.163171] sh (94880): drop_caches: 3
[125854.216678] sh (94880): drop_caches: 3
[125858.267629] sh (94880): drop_caches: 3
[125862.320900] sh (94880): drop_caches: 3
[125866.370493] sh (94880): drop_caches: 3
[125870.421086] sh (94880): drop_caches: 3
[125874.473201] sh (94880): drop_caches: 3
[125878.523455] sh (94880): drop_caches: 3
[125882.571540] sh (94880): drop_caches: 3
[125886.618359] sh (94880): drop_caches: 3
[125890.663597] sh (94880): drop_caches: 3
[125894.715124] sh (94880): drop_caches: 3
[125898.766130] sh (94880): drop_caches: 3
[125902.815004] sh (94880): drop_caches: 3
[125906.857757] sh (94880): drop_caches: 3
[125910.900852] sh (94880): drop_caches: 3
[125914.945631] sh (94880): drop_caches: 3
[125918.975891] sh (94880): drop_caches: 3
[125919.024345] iCAT_SQLITE_RUN_END run=20260830-081046-94371
[125919.043688] EXT4-fs (nvme1n1): unmounting filesystem f190fe3a-8ec5-423a-aac7-a25a42ca6acf.
[125919.133551] pci_bus 0001:10: busn_res: [bus 10-ff] is released
[125919.133609] NVMeVirt: GC stats: policy=cat-fig7 host_pages=32410593 gc_pages=8350927 gc_count=636893 WAF=1.257 k=10 scale_pct=25 age_ratio=16
[125919.206787] NVMeVirt: Virtual NVMe device closed
