[31606.341043] NVMeVirt: Version 1.10 for >> Samsung 970 Pro SSD <<
[31606.341052] NVMeVirt: Storage: 0x100100000-0x300000000 (8191 MiB)
[31606.348138] NVMeVirt: Total Capacity(GiB,MiB)=2,2048 chs=2 luns=4 lines=8192 blk-size(MiB,KiB)=0,64 line-size(MiB,KiB)=0,256
[31606.358509] NVMeVirt: [chmodel_init] bandwidth 800 max_credits 26 tx_time 152
[31606.365397] NVMeVirt: [chmodel_init] bandwidth 800 max_credits 26 tx_time 152
[31606.365411] NVMeVirt: [chmodel_init] bandwidth 3360 max_credits 110 tx_time 36
[31606.366628] NVMeVirt: pqueue: Copyright (c) 2014, Volkan Yazıcı <volkan.yazici@gmail.com>. All rights reserved.
[31606.366664] NVMeVirt: Init FTL instance with 2 channels (524288 pages)
[31606.366666] NVMeVirt: GC victim policy: cat-fig7 k=7 scale_pct=400 age_ratio=4
[31606.373346] NVMeVirt: [chmodel_init] bandwidth 800 max_credits 26 tx_time 152
[31606.379939] NVMeVirt: [chmodel_init] bandwidth 800 max_credits 26 tx_time 152
[31606.379954] NVMeVirt: [chmodel_init] bandwidth 3360 max_credits 110 tx_time 36
[31606.381201] NVMeVirt: Init FTL instance with 2 channels (524288 pages)
[31606.381202] NVMeVirt: GC victim policy: cat-fig7 k=7 scale_pct=400 age_ratio=4
[31606.387688] NVMeVirt: [chmodel_init] bandwidth 800 max_credits 26 tx_time 152
[31606.394178] NVMeVirt: [chmodel_init] bandwidth 800 max_credits 26 tx_time 152
[31606.394193] NVMeVirt: [chmodel_init] bandwidth 3360 max_credits 110 tx_time 36
[31606.395445] NVMeVirt: Init FTL instance with 2 channels (524288 pages)
[31606.395446] NVMeVirt: GC victim policy: cat-fig7 k=7 scale_pct=400 age_ratio=4
[31606.401869] NVMeVirt: [chmodel_init] bandwidth 800 max_credits 26 tx_time 152
[31606.408318] NVMeVirt: [chmodel_init] bandwidth 800 max_credits 26 tx_time 152
[31606.408332] NVMeVirt: [chmodel_init] bandwidth 3360 max_credits 110 tx_time 36
[31606.409595] NVMeVirt: Init FTL instance with 2 channels (524288 pages)
[31606.409596] NVMeVirt: GC victim policy: cat-fig7 k=7 scale_pct=400 age_ratio=4
[31606.409600] NVMeVirt: FTL physical space: 8588886016, logical space: 8026996276 (physical/logical * 100 = 107)
[31606.409601] NVMeVirt: ns 0/1: size 7655 MiB
[31606.409640] PCI host bridge to bus 0001:10
[31606.409642] pci_bus 0001:10: root bus resource [io  0x0000-0xffff]
[31606.409644] pci_bus 0001:10: root bus resource [mem 0x00000000-0x3fffffffffff]
[31606.409646] pci_bus 0001:10: root bus resource [bus 00-ff]
[31606.409652] pci 0001:10:00.0: [0c51:0110] type 00 class 0x010802 PCIe Endpoint
[31606.409654] pci 0001:10:00.0: BAR 0 [mem 0x100000000-0x100003fff 64bit]
[31606.409656] pci 0001:10:00.0: enabling Extended Tags
[31606.409762] NVMeVirt: Virtual PCI bus created (node 0)
[31606.410212] NVMeVirt: nvmev_io_worker_0 started on cpu 2 (node 0)
[31606.410235] NVMeVirt: nvmev_dispatcher started on cpu 1 (node 0)
[31606.410425] nvme nvme1: pci function 0001:10:00.0
[31606.414279] nvme nvme1: 20/0/0 default/read/poll queues
[31606.417875] NVMeVirt: Virtual NVMe device created
[31607.472041] EXT4-fs (nvme1n1): mounted filesystem cd36b267-e30a-4047-881e-3384135a0140 r/w with ordered data mode. Quota mode: none.
[31607.504451] iCAT_SQLITE_LOAD_START run=20260901-101403-57570
[31707.993857] iCAT_SQLITE_LOAD_END run=20260901-101403-57570
[31708.400519] sh (58234): drop_caches: 3
[31708.434639] iCAT_SQLITE_RUN_START run=20260901-101403-57570
[31712.038493] sh (58235): drop_caches: 3
[31716.087017] sh (58235): drop_caches: 3
[31720.142549] sh (58235): drop_caches: 3
[31724.194265] sh (58235): drop_caches: 3
[31728.244231] sh (58235): drop_caches: 3
[31732.291274] sh (58235): drop_caches: 3
[31736.340974] sh (58235): drop_caches: 3
[31740.392609] sh (58235): drop_caches: 3
[31744.442292] sh (58235): drop_caches: 3
[31748.484977] sh (58235): drop_caches: 3
[31752.534647] sh (58235): drop_caches: 3
[31756.583367] sh (58235): drop_caches: 3
[31760.632301] sh (58235): drop_caches: 3
[31764.683827] sh (58235): drop_caches: 3
[31768.736974] sh (58235): drop_caches: 3
[31772.781012] sh (58235): drop_caches: 3
[31776.833425] sh (58235): drop_caches: 3
[31780.885703] sh (58235): drop_caches: 3
[31784.935130] sh (58235): drop_caches: 3
[31788.981077] sh (58235): drop_caches: 3
[31793.030547] sh (58235): drop_caches: 3
[31797.076449] sh (58235): drop_caches: 3
[31801.131304] sh (58235): drop_caches: 3
[31805.180633] sh (58235): drop_caches: 3
[31809.231582] sh (58235): drop_caches: 3
[31813.282399] sh (58235): drop_caches: 3
[31817.326141] sh (58235): drop_caches: 3
[31821.377761] sh (58235): drop_caches: 3
[31825.427025] sh (58235): drop_caches: 3
[31829.479476] sh (58235): drop_caches: 3
[31833.529290] sh (58235): drop_caches: 3
[31837.579119] sh (58235): drop_caches: 3
[31841.627950] sh (58235): drop_caches: 3
[31845.682080] sh (58235): drop_caches: 3
[31849.730482] sh (58235): drop_caches: 3
[31853.781667] sh (58235): drop_caches: 3
[31857.827760] sh (58235): drop_caches: 3
[31861.875449] sh (58235): drop_caches: 3
[31865.920109] sh (58235): drop_caches: 3
[31869.971816] sh (58235): drop_caches: 3
[31874.018064] sh (58235): drop_caches: 3
[31878.065382] sh (58235): drop_caches: 3
[31882.116245] sh (58235): drop_caches: 3
[31886.163362] sh (58235): drop_caches: 3
[31890.211948] sh (58235): drop_caches: 3
[31894.258499] sh (58235): drop_caches: 3
[31898.306330] sh (58235): drop_caches: 3
[31902.357198] sh (58235): drop_caches: 3
[31906.401746] sh (58235): drop_caches: 3
[31910.445705] sh (58235): drop_caches: 3
[31914.493886] sh (58235): drop_caches: 3
[31918.541414] sh (58235): drop_caches: 3
[31922.593211] sh (58235): drop_caches: 3
[31926.648635] sh (58235): drop_caches: 3
[31930.704692] sh (58235): drop_caches: 3
[31934.756857] sh (58235): drop_caches: 3
[31938.808991] sh (58235): drop_caches: 3
[31942.859983] sh (58235): drop_caches: 3
[31946.910239] sh (58235): drop_caches: 3
[31950.962320] sh (58235): drop_caches: 3
[31955.012003] sh (58235): drop_caches: 3
[31959.061575] sh (58235): drop_caches: 3
[31963.112512] sh (58235): drop_caches: 3
[31967.164977] sh (58235): drop_caches: 3
[31971.216433] sh (58235): drop_caches: 3
[31975.266843] sh (58235): drop_caches: 3
[31979.319031] sh (58235): drop_caches: 3
[31983.367587] sh (58235): drop_caches: 3
[31987.414276] sh (58235): drop_caches: 3
[31991.457142] sh (58235): drop_caches: 3
[31995.499742] sh (58235): drop_caches: 3
[31999.554771] sh (58235): drop_caches: 3
[32003.608101] sh (58235): drop_caches: 3
[32007.661690] sh (58235): drop_caches: 3
[32011.704345] sh (58235): drop_caches: 3
[32015.757818] sh (58235): drop_caches: 3
[32019.810132] sh (58235): drop_caches: 3
[32023.860919] sh (58235): drop_caches: 3
[32027.900981] sh (58235): drop_caches: 3
[32031.953871] sh (58235): drop_caches: 3
[32036.004139] sh (58235): drop_caches: 3
[32040.053871] sh (58235): drop_caches: 3
[32044.102288] sh (58235): drop_caches: 3
[32048.149635] sh (58235): drop_caches: 3
[32052.202305] sh (58235): drop_caches: 3
[32056.253056] sh (58235): drop_caches: 3
[32060.303961] sh (58235): drop_caches: 3
[32064.355909] sh (58235): drop_caches: 3
[32068.403612] sh (58235): drop_caches: 3
[32072.448176] sh (58235): drop_caches: 3
[32076.492974] sh (58235): drop_caches: 3
[32080.541489] sh (58235): drop_caches: 3
[32084.590435] sh (58235): drop_caches: 3
[32088.641302] sh (58235): drop_caches: 3
[32092.684995] sh (58235): drop_caches: 3
[32096.739106] sh (58235): drop_caches: 3
[32100.787995] sh (58235): drop_caches: 3
[32104.839665] sh (58235): drop_caches: 3
[32108.890670] sh (58235): drop_caches: 3
[32112.931917] sh (58235): drop_caches: 3
[32116.985131] sh (58235): drop_caches: 3
[32121.036178] sh (58235): drop_caches: 3
[32125.086581] sh (58235): drop_caches: 3
[32129.137563] sh (58235): drop_caches: 3
[32133.187003] sh (58235): drop_caches: 3
[32137.236000] sh (58235): drop_caches: 3
[32141.285042] sh (58235): drop_caches: 3
[32145.337567] sh (58235): drop_caches: 3
[32149.382067] sh (58235): drop_caches: 3
[32153.423990] sh (58235): drop_caches: 3
[32157.478023] sh (58235): drop_caches: 3
[32161.532313] sh (58235): drop_caches: 3
[32165.578385] sh (58235): drop_caches: 3
[32169.625354] sh (58235): drop_caches: 3
[32173.673480] sh (58235): drop_caches: 3
[32177.725984] sh (58235): drop_caches: 3
[32181.776445] sh (58235): drop_caches: 3
[32185.819958] sh (58235): drop_caches: 3
[32189.866417] sh (58235): drop_caches: 3
[32193.920504] sh (58235): drop_caches: 3
[32197.965480] sh (58235): drop_caches: 3
[32202.019077] sh (58235): drop_caches: 3
[32206.071683] sh (58235): drop_caches: 3
[32210.123120] sh (58235): drop_caches: 3
[32214.171532] sh (58235): drop_caches: 3
[32218.220047] sh (58235): drop_caches: 3
[32222.270025] sh (58235): drop_caches: 3
[32226.318533] sh (58235): drop_caches: 3
[32230.368222] sh (58235): drop_caches: 3
[32234.411699] sh (58235): drop_caches: 3
[32238.456873] sh (58235): drop_caches: 3
[32242.505045] sh (58235): drop_caches: 3
[32246.548412] sh (58235): drop_caches: 3
[32250.595820] sh (58235): drop_caches: 3
[32254.644433] sh (58235): drop_caches: 3
[32258.695438] sh (58235): drop_caches: 3
[32262.740635] sh (58235): drop_caches: 3
[32266.791350] sh (58235): drop_caches: 3
[32270.840876] sh (58235): drop_caches: 3
[32274.892615] sh (58235): drop_caches: 3
[32278.938097] sh (58235): drop_caches: 3
[32282.983570] sh (58235): drop_caches: 3
[32287.034031] sh (58235): drop_caches: 3
[32291.083330] sh (58235): drop_caches: 3
[32295.131935] sh (58235): drop_caches: 3
[32299.184123] sh (58235): drop_caches: 3
[32303.235374] sh (58235): drop_caches: 3
[32307.286053] sh (58235): drop_caches: 3
[32311.339377] sh (58235): drop_caches: 3
[32315.390901] sh (58235): drop_caches: 3
[32319.443065] sh (58235): drop_caches: 3
[32323.487657] sh (58235): drop_caches: 3
[32327.539420] sh (58235): drop_caches: 3
[32331.583426] sh (58235): drop_caches: 3
[32335.634985] sh (58235): drop_caches: 3
[32339.685334] sh (58235): drop_caches: 3
[32343.732371] sh (58235): drop_caches: 3
[32343.782542] iCAT_SQLITE_RUN_END run=20260901-101403-57570
[32343.802232] EXT4-fs (nvme1n1): unmounting filesystem cd36b267-e30a-4047-881e-3384135a0140.
[32343.884706] pci_bus 0001:10: busn_res: [bus 10-ff] is released
[32343.884746] NVMeVirt: GC stats: policy=cat-fig7 host_pages=14704352 gc_pages=3280562 gc_count=281007 WAF=1.223 k=7 scale_pct=400 age_ratio=4
[32343.956002] NVMeVirt: Virtual NVMe device closed
