[39754.774478] NVMeVirt: Version 1.10 for >> Samsung 970 Pro SSD <<
[39754.774485] NVMeVirt: Storage: 0x100100000-0x300000000 (8191 MiB)
[39754.779250] NVMeVirt: Total Capacity(GiB,MiB)=2,2048 chs=2 luns=4 lines=8192 blk-size(MiB,KiB)=0,64 line-size(MiB,KiB)=0,256
[39754.786732] NVMeVirt: [chmodel_init] bandwidth 800 max_credits 26 tx_time 152
[39754.794584] NVMeVirt: [chmodel_init] bandwidth 800 max_credits 26 tx_time 152
[39754.794601] NVMeVirt: [chmodel_init] bandwidth 3360 max_credits 110 tx_time 36
[39754.795853] NVMeVirt: pqueue: Copyright (c) 2014, Volkan Yazıcı <volkan.yazici@gmail.com>. All rights reserved.
[39754.795891] NVMeVirt: Init FTL instance with 2 channels (524288 pages)
[39754.795892] NVMeVirt: GC victim policy: cat-fig7 k=10 scale_pct=100 age_ratio=16
[39754.803896] NVMeVirt: [chmodel_init] bandwidth 800 max_credits 26 tx_time 152
[39754.811209] NVMeVirt: [chmodel_init] bandwidth 800 max_credits 26 tx_time 152
[39754.811223] NVMeVirt: [chmodel_init] bandwidth 3360 max_credits 110 tx_time 36
[39754.812514] NVMeVirt: Init FTL instance with 2 channels (524288 pages)
[39754.812516] NVMeVirt: GC victim policy: cat-fig7 k=10 scale_pct=100 age_ratio=16
[39754.819182] NVMeVirt: [chmodel_init] bandwidth 800 max_credits 26 tx_time 152
[39754.825713] NVMeVirt: [chmodel_init] bandwidth 800 max_credits 26 tx_time 152
[39754.825727] NVMeVirt: [chmodel_init] bandwidth 3360 max_credits 110 tx_time 36
[39754.827012] NVMeVirt: Init FTL instance with 2 channels (524288 pages)
[39754.827014] NVMeVirt: GC victim policy: cat-fig7 k=10 scale_pct=100 age_ratio=16
[39754.833505] NVMeVirt: [chmodel_init] bandwidth 800 max_credits 26 tx_time 152
[39754.839905] NVMeVirt: [chmodel_init] bandwidth 800 max_credits 26 tx_time 152
[39754.839920] NVMeVirt: [chmodel_init] bandwidth 3360 max_credits 110 tx_time 36
[39754.841188] NVMeVirt: Init FTL instance with 2 channels (524288 pages)
[39754.841189] NVMeVirt: GC victim policy: cat-fig7 k=10 scale_pct=100 age_ratio=16
[39754.841193] NVMeVirt: FTL physical space: 8588886016, logical space: 8026996276 (physical/logical * 100 = 107)
[39754.841194] NVMeVirt: ns 0/1: size 7655 MiB
[39754.841242] PCI host bridge to bus 0001:10
[39754.841243] pci_bus 0001:10: root bus resource [io  0x0000-0xffff]
[39754.841246] pci_bus 0001:10: root bus resource [mem 0x00000000-0x3fffffffffff]
[39754.841247] pci_bus 0001:10: root bus resource [bus 00-ff]
[39754.841253] pci 0001:10:00.0: [0c51:0110] type 00 class 0x010802 PCIe Endpoint
[39754.841256] pci 0001:10:00.0: BAR 0 [mem 0x100000000-0x100003fff 64bit]
[39754.841258] pci 0001:10:00.0: enabling Extended Tags
[39754.841365] NVMeVirt: Virtual PCI bus created (node 0)
[39754.841830] NVMeVirt: nvmev_io_worker_0 started on cpu 2 (node 0)
[39754.841986] NVMeVirt: nvmev_dispatcher started on cpu 1 (node 0)
[39754.842150] nvme nvme1: pci function 0001:10:00.0
[39754.846104] nvme nvme1: 20/0/0 default/read/poll queues
[39754.849415] NVMeVirt: Virtual NVMe device created
[39755.910626] EXT4-fs (nvme1n1): mounted filesystem fa2413a1-a3f4-4cf3-9333-f0fdb061958b r/w with ordered data mode. Quota mode: none.
[39755.943550] iCAT_SQLITE_LOAD_START run=20260901-122952-99582
[39860.712260] iCAT_SQLITE_LOAD_END run=20260901-122952-99582
[39861.145863] sh (100194): drop_caches: 3
[39861.179915] iCAT_SQLITE_RUN_START run=20260901-122952-99582
[39864.759883] sh (100193): drop_caches: 3
[39868.804761] sh (100193): drop_caches: 3
[39872.856335] sh (100193): drop_caches: 3
[39876.911738] sh (100193): drop_caches: 3
[39880.963206] sh (100193): drop_caches: 3
[39885.016425] sh (100193): drop_caches: 3
[39889.059250] sh (100193): drop_caches: 3
[39893.112290] sh (100193): drop_caches: 3
[39897.162678] sh (100193): drop_caches: 3
[39901.213891] sh (100193): drop_caches: 3
[39905.266452] sh (100193): drop_caches: 3
[39909.319239] sh (100193): drop_caches: 3
[39913.367226] sh (100193): drop_caches: 3
[39917.417145] sh (100193): drop_caches: 3
[39921.460511] sh (100193): drop_caches: 3
[39925.508359] sh (100193): drop_caches: 3
[39929.552655] sh (100193): drop_caches: 3
[39933.605426] sh (100193): drop_caches: 3
[39937.655528] sh (100193): drop_caches: 3
[39941.710904] sh (100193): drop_caches: 3
[39945.763320] sh (100193): drop_caches: 3
[39949.814114] sh (100193): drop_caches: 3
[39953.868501] sh (100193): drop_caches: 3
[39957.918403] sh (100193): drop_caches: 3
[39961.972561] sh (100193): drop_caches: 3
[39966.017046] sh (100193): drop_caches: 3
[39970.064426] sh (100193): drop_caches: 3
[39974.119178] sh (100193): drop_caches: 3
[39978.164166] sh (100193): drop_caches: 3
[39982.216147] sh (100193): drop_caches: 3
[39986.268035] sh (100193): drop_caches: 3
[39990.320236] sh (100193): drop_caches: 3
[39994.376291] sh (100193): drop_caches: 3
[39998.425088] sh (100193): drop_caches: 3
[40002.479311] sh (100193): drop_caches: 3
[40006.530937] sh (100193): drop_caches: 3
[40010.582931] sh (100193): drop_caches: 3
[40014.632695] sh (100193): drop_caches: 3
[40018.684949] sh (100193): drop_caches: 3
[40022.735169] sh (100193): drop_caches: 3
[40026.790818] sh (100193): drop_caches: 3
[40030.835434] sh (100193): drop_caches: 3
[40034.892269] sh (100193): drop_caches: 3
[40038.942411] sh (100193): drop_caches: 3
[40042.994783] sh (100193): drop_caches: 3
[40047.047968] sh (100193): drop_caches: 3
[40051.102265] sh (100193): drop_caches: 3
[40055.152573] sh (100193): drop_caches: 3
[40059.205759] sh (100193): drop_caches: 3
[40063.254435] sh (100193): drop_caches: 3
[40067.304537] sh (100193): drop_caches: 3
[40071.359259] sh (100193): drop_caches: 3
[40075.405728] sh (100193): drop_caches: 3
[40079.452953] sh (100193): drop_caches: 3
[40083.506847] sh (100193): drop_caches: 3
[40087.560285] sh (100193): drop_caches: 3
[40091.613798] sh (100193): drop_caches: 3
[40095.666771] sh (100193): drop_caches: 3
[40099.724244] sh (100193): drop_caches: 3
[40103.775784] sh (100193): drop_caches: 3
[40107.829683] sh (100193): drop_caches: 3
[40111.884183] sh (100193): drop_caches: 3
[40115.929683] sh (100193): drop_caches: 3
[40119.980226] sh (100193): drop_caches: 3
[40124.029052] sh (100193): drop_caches: 3
[40128.081800] sh (100193): drop_caches: 3
[40132.133216] sh (100193): drop_caches: 3
[40136.186624] sh (100193): drop_caches: 3
[40140.238621] sh (100193): drop_caches: 3
[40144.291496] sh (100193): drop_caches: 3
[40148.343010] sh (100193): drop_caches: 3
[40152.395297] sh (100193): drop_caches: 3
[40156.440008] sh (100193): drop_caches: 3
[40160.493367] sh (100193): drop_caches: 3
[40164.543555] sh (100193): drop_caches: 3
[40168.598124] sh (100193): drop_caches: 3
[40172.651126] sh (100193): drop_caches: 3
[40176.702053] sh (100193): drop_caches: 3
[40180.752251] sh (100193): drop_caches: 3
[40184.802642] sh (100193): drop_caches: 3
[40188.854714] sh (100193): drop_caches: 3
[40192.902735] sh (100193): drop_caches: 3
[40196.955754] sh (100193): drop_caches: 3
[40201.010726] sh (100193): drop_caches: 3
[40205.064893] sh (100193): drop_caches: 3
[40209.111284] sh (100193): drop_caches: 3
[40213.154007] sh (100193): drop_caches: 3
[40217.207941] sh (100193): drop_caches: 3
[40221.261037] sh (100193): drop_caches: 3
[40225.310995] sh (100193): drop_caches: 3
[40229.356294] sh (100193): drop_caches: 3
[40233.402602] sh (100193): drop_caches: 3
[40237.453589] sh (100193): drop_caches: 3
[40241.503803] sh (100193): drop_caches: 3
[40245.553281] sh (100193): drop_caches: 3
[40249.608332] sh (100193): drop_caches: 3
[40253.657587] sh (100193): drop_caches: 3
[40257.715017] sh (100193): drop_caches: 3
[40261.768766] sh (100193): drop_caches: 3
[40265.813436] sh (100193): drop_caches: 3
[40269.866692] sh (100193): drop_caches: 3
[40273.917984] sh (100193): drop_caches: 3
[40277.967888] sh (100193): drop_caches: 3
[40282.018440] sh (100193): drop_caches: 3
[40286.074955] sh (100193): drop_caches: 3
[40290.124719] sh (100193): drop_caches: 3
[40294.169802] sh (100193): drop_caches: 3
[40298.216797] sh (100193): drop_caches: 3
[40302.271145] sh (100193): drop_caches: 3
[40306.326158] sh (100193): drop_caches: 3
[40310.376625] sh (100193): drop_caches: 3
[40314.425878] sh (100193): drop_caches: 3
[40318.477650] sh (100193): drop_caches: 3
[40322.529931] sh (100193): drop_caches: 3
[40326.581147] sh (100193): drop_caches: 3
[40330.633499] sh (100193): drop_caches: 3
[40334.687531] sh (100193): drop_caches: 3
[40338.736501] sh (100193): drop_caches: 3
[40342.790804] sh (100193): drop_caches: 3
[40346.841057] sh (100193): drop_caches: 3
[40350.891556] sh (100193): drop_caches: 3
[40354.941099] sh (100193): drop_caches: 3
[40358.994006] sh (100193): drop_caches: 3
[40363.047176] sh (100193): drop_caches: 3
[40367.101333] sh (100193): drop_caches: 3
[40371.150316] sh (100193): drop_caches: 3
[40375.194191] sh (100193): drop_caches: 3
[40379.249458] sh (100193): drop_caches: 3
[40383.301350] sh (100193): drop_caches: 3
[40387.353790] sh (100193): drop_caches: 3
[40391.398382] sh (100193): drop_caches: 3
[40395.445420] sh (100193): drop_caches: 3
[40399.492466] sh (100193): drop_caches: 3
[40403.542440] sh (100193): drop_caches: 3
[40407.594192] sh (100193): drop_caches: 3
[40411.647571] sh (100193): drop_caches: 3
[40415.699519] sh (100193): drop_caches: 3
[40419.754599] sh (100193): drop_caches: 3
[40423.808152] sh (100193): drop_caches: 3
[40427.863525] sh (100193): drop_caches: 3
[40431.915116] sh (100193): drop_caches: 3
[40435.972760] sh (100193): drop_caches: 3
[40440.028007] sh (100193): drop_caches: 3
[40444.076828] sh (100193): drop_caches: 3
[40448.130647] sh (100193): drop_caches: 3
[40452.185441] sh (100193): drop_caches: 3
[40456.229695] sh (100193): drop_caches: 3
[40460.279285] sh (100193): drop_caches: 3
[40464.333361] sh (100193): drop_caches: 3
[40468.385555] sh (100193): drop_caches: 3
[40472.432947] sh (100193): drop_caches: 3
[40476.482723] sh (100193): drop_caches: 3
[40480.531824] sh (100193): drop_caches: 3
[40484.586748] sh (100193): drop_caches: 3
[40488.634872] sh (100193): drop_caches: 3
[40488.684104] iCAT_SQLITE_RUN_END run=20260901-122952-99582
[40488.703838] EXT4-fs (nvme1n1): unmounting filesystem fa2413a1-a3f4-4cf3-9333-f0fdb061958b.
[40488.774541] pci_bus 0001:10: busn_res: [bus 10-ff] is released
[40488.774573] NVMeVirt: GC stats: policy=cat-fig7 host_pages=14695322 gc_pages=1279173 gc_count=249594 WAF=1.087 k=10 scale_pct=100 age_ratio=16
[40488.838315] NVMeVirt: Virtual NVMe device closed
