[44182.689113] NVMeVirt: Version 1.10 for >> Samsung 970 Pro SSD <<
[44182.689121] NVMeVirt: Storage: 0x100100000-0x300000000 (8191 MiB)
[44182.696225] NVMeVirt: Total Capacity(GiB,MiB)=2,2048 chs=2 luns=4 lines=8192 blk-size(MiB,KiB)=0,64 line-size(MiB,KiB)=0,256
[44182.708672] NVMeVirt: [chmodel_init] bandwidth 800 max_credits 26 tx_time 152
[44182.716037] NVMeVirt: [chmodel_init] bandwidth 800 max_credits 26 tx_time 152
[44182.716052] NVMeVirt: [chmodel_init] bandwidth 3360 max_credits 110 tx_time 36
[44182.717252] NVMeVirt: pqueue: Copyright (c) 2014, Volkan Yazıcı <volkan.yazici@gmail.com>. All rights reserved.
[44182.717289] NVMeVirt: Init FTL instance with 2 channels (524288 pages)
[44182.717290] NVMeVirt: GC victim policy: cat-fig7 k=10 scale_pct=400 age_ratio=16
[44182.724058] NVMeVirt: [chmodel_init] bandwidth 800 max_credits 26 tx_time 152
[44182.730556] NVMeVirt: [chmodel_init] bandwidth 800 max_credits 26 tx_time 152
[44182.730569] NVMeVirt: [chmodel_init] bandwidth 3360 max_credits 110 tx_time 36
[44182.731808] NVMeVirt: Init FTL instance with 2 channels (524288 pages)
[44182.731810] NVMeVirt: GC victim policy: cat-fig7 k=10 scale_pct=400 age_ratio=16
[44182.738323] NVMeVirt: [chmodel_init] bandwidth 800 max_credits 26 tx_time 152
[44182.744769] NVMeVirt: [chmodel_init] bandwidth 800 max_credits 26 tx_time 152
[44182.744783] NVMeVirt: [chmodel_init] bandwidth 3360 max_credits 110 tx_time 36
[44182.746048] NVMeVirt: Init FTL instance with 2 channels (524288 pages)
[44182.746049] NVMeVirt: GC victim policy: cat-fig7 k=10 scale_pct=400 age_ratio=16
[44182.752514] NVMeVirt: [chmodel_init] bandwidth 800 max_credits 26 tx_time 152
[44182.758937] NVMeVirt: [chmodel_init] bandwidth 800 max_credits 26 tx_time 152
[44182.758951] NVMeVirt: [chmodel_init] bandwidth 3360 max_credits 110 tx_time 36
[44182.760205] NVMeVirt: Init FTL instance with 2 channels (524288 pages)
[44182.760206] NVMeVirt: GC victim policy: cat-fig7 k=10 scale_pct=400 age_ratio=16
[44182.760210] NVMeVirt: FTL physical space: 8588886016, logical space: 8026996276 (physical/logical * 100 = 107)
[44182.760211] NVMeVirt: ns 0/1: size 7655 MiB
[44182.760252] PCI host bridge to bus 0001:10
[44182.760254] pci_bus 0001:10: root bus resource [io  0x0000-0xffff]
[44182.760256] pci_bus 0001:10: root bus resource [mem 0x00000000-0x3fffffffffff]
[44182.760258] pci_bus 0001:10: root bus resource [bus 00-ff]
[44182.760264] pci 0001:10:00.0: [0c51:0110] type 00 class 0x010802 PCIe Endpoint
[44182.760267] pci 0001:10:00.0: BAR 0 [mem 0x100000000-0x100003fff 64bit]
[44182.760268] pci 0001:10:00.0: enabling Extended Tags
[44182.760379] NVMeVirt: Virtual PCI bus created (node 0)
[44182.760855] NVMeVirt: nvmev_dispatcher started on cpu 1 (node 0)
[44182.760878] NVMeVirt: nvmev_io_worker_0 started on cpu 2 (node 0)
[44182.761153] nvme nvme1: pci function 0001:10:00.0
[44182.766488] nvme nvme1: 20/0/0 default/read/poll queues
[44182.769277] NVMeVirt: Virtual NVMe device created
[44183.832069] EXT4-fs (nvme1n1): mounted filesystem b01431be-d5f4-4b5f-938c-0981c65b9f4b r/w with ordered data mode. Quota mode: none.
[44183.866299] iCAT_SQLITE_LOAD_START run=20260901-134340-121876
[44285.496622] iCAT_SQLITE_LOAD_END run=20260901-134340-121876
[44285.906125] sh (122489): drop_caches: 3
[44285.934496] iCAT_SQLITE_RUN_START run=20260901-134340-121876
[44289.541864] sh (122490): drop_caches: 3
[44293.589886] sh (122490): drop_caches: 3
[44297.638975] sh (122490): drop_caches: 3
[44301.690597] sh (122490): drop_caches: 3
[44305.733097] sh (122490): drop_caches: 3
[44309.778053] sh (122490): drop_caches: 3
[44313.830170] sh (122490): drop_caches: 3
[44317.880079] sh (122490): drop_caches: 3
[44321.924176] sh (122490): drop_caches: 3
[44325.977431] sh (122490): drop_caches: 3
[44330.027548] sh (122490): drop_caches: 3
[44334.078761] sh (122490): drop_caches: 3
[44338.128713] sh (122490): drop_caches: 3
[44342.179907] sh (122490): drop_caches: 3
[44346.233299] sh (122490): drop_caches: 3
[44350.278120] sh (122490): drop_caches: 3
[44354.332136] sh (122490): drop_caches: 3
[44358.384645] sh (122490): drop_caches: 3
[44362.428498] sh (122490): drop_caches: 3
[44366.481983] sh (122490): drop_caches: 3
[44370.535335] sh (122490): drop_caches: 3
[44374.588074] sh (122490): drop_caches: 3
[44378.640970] sh (122490): drop_caches: 3
[44382.690700] sh (122490): drop_caches: 3
[44386.739781] sh (122490): drop_caches: 3
[44390.791799] sh (122490): drop_caches: 3
[44394.843413] sh (122490): drop_caches: 3
[44398.894475] sh (122490): drop_caches: 3
[44402.949355] sh (122490): drop_caches: 3
[44406.998806] sh (122490): drop_caches: 3
[44411.048149] sh (122490): drop_caches: 3
[44415.098482] sh (122490): drop_caches: 3
[44419.152173] sh (122490): drop_caches: 3
[44423.206245] sh (122490): drop_caches: 3
[44427.256458] sh (122490): drop_caches: 3
[44431.309480] sh (122490): drop_caches: 3
[44435.356829] sh (122490): drop_caches: 3
[44439.400773] sh (122490): drop_caches: 3
[44443.444187] sh (122490): drop_caches: 3
[44447.492748] sh (122490): drop_caches: 3
[44451.536710] sh (122490): drop_caches: 3
[44455.590129] sh (122490): drop_caches: 3
[44459.640901] sh (122490): drop_caches: 3
[44463.696498] sh (122490): drop_caches: 3
[44467.745657] sh (122490): drop_caches: 3
[44471.795697] sh (122490): drop_caches: 3
[44475.847742] sh (122490): drop_caches: 3
[44479.899665] sh (122490): drop_caches: 3
[44483.954009] sh (122490): drop_caches: 3
[44488.006568] sh (122490): drop_caches: 3
[44492.060293] sh (122490): drop_caches: 3
[44496.102115] sh (122490): drop_caches: 3
[44500.153429] sh (122490): drop_caches: 3
[44504.205471] sh (122490): drop_caches: 3
[44508.248633] sh (122490): drop_caches: 3
[44512.303394] sh (122490): drop_caches: 3
[44516.354060] sh (122490): drop_caches: 3
[44520.400945] sh (122490): drop_caches: 3
[44524.451379] sh (122490): drop_caches: 3
[44528.498457] sh (122490): drop_caches: 3
[44532.549814] sh (122490): drop_caches: 3
[44536.593700] sh (122490): drop_caches: 3
[44540.643973] sh (122490): drop_caches: 3
[44544.698129] sh (122490): drop_caches: 3
[44548.748727] sh (122490): drop_caches: 3
[44552.803189] sh (122490): drop_caches: 3
[44556.853954] sh (122490): drop_caches: 3
[44560.906626] sh (122490): drop_caches: 3
[44564.959248] sh (122490): drop_caches: 3
[44569.009552] sh (122490): drop_caches: 3
[44573.060509] sh (122490): drop_caches: 3
[44577.114448] sh (122490): drop_caches: 3
[44581.163829] sh (122490): drop_caches: 3
[44585.221121] sh (122490): drop_caches: 3
[44589.266670] sh (122490): drop_caches: 3
[44593.310182] sh (122490): drop_caches: 3
[44597.361738] sh (122490): drop_caches: 3
[44601.414399] sh (122490): drop_caches: 3
[44605.466802] sh (122490): drop_caches: 3
[44609.518120] sh (122490): drop_caches: 3
[44613.568023] sh (122490): drop_caches: 3
[44617.619738] sh (122490): drop_caches: 3
[44621.673840] sh (122490): drop_caches: 3
[44625.721495] sh (122490): drop_caches: 3
[44629.768173] sh (122490): drop_caches: 3
[44633.821053] sh (122490): drop_caches: 3
[44637.874411] sh (122490): drop_caches: 3
[44641.928352] sh (122490): drop_caches: 3
[44645.978384] sh (122490): drop_caches: 3
[44650.032691] sh (122490): drop_caches: 3
[44654.080709] sh (122490): drop_caches: 3
[44658.135887] sh (122490): drop_caches: 3
[44662.188769] sh (122490): drop_caches: 3
[44666.238696] sh (122490): drop_caches: 3
[44670.290472] sh (122490): drop_caches: 3
[44674.343038] sh (122490): drop_caches: 3
[44678.394385] sh (122490): drop_caches: 3
[44682.440557] sh (122490): drop_caches: 3
[44686.494931] sh (122490): drop_caches: 3
[44690.545563] sh (122490): drop_caches: 3
[44694.598199] sh (122490): drop_caches: 3
[44698.648317] sh (122490): drop_caches: 3
[44702.695169] sh (122490): drop_caches: 3
[44706.746845] sh (122490): drop_caches: 3
[44710.791091] sh (122490): drop_caches: 3
[44714.836585] sh (122490): drop_caches: 3
[44718.888129] sh (122490): drop_caches: 3
[44722.942031] sh (122490): drop_caches: 3
[44726.997392] sh (122490): drop_caches: 3
[44731.047693] sh (122490): drop_caches: 3
[44735.092293] sh (122490): drop_caches: 3
[44739.134750] sh (122490): drop_caches: 3
[44743.185546] sh (122490): drop_caches: 3
[44747.236484] sh (122490): drop_caches: 3
[44751.288930] sh (122490): drop_caches: 3
[44755.340668] sh (122490): drop_caches: 3
[44759.389112] sh (122490): drop_caches: 3
[44763.437239] sh (122490): drop_caches: 3
[44767.486461] sh (122490): drop_caches: 3
[44771.532687] sh (122490): drop_caches: 3
[44775.584171] sh (122490): drop_caches: 3
[44779.634578] sh (122490): drop_caches: 3
[44783.690023] sh (122490): drop_caches: 3
[44787.734053] sh (122490): drop_caches: 3
[44791.780183] sh (122490): drop_caches: 3
[44795.834140] sh (122490): drop_caches: 3
[44799.884882] sh (122490): drop_caches: 3
[44803.937157] sh (122490): drop_caches: 3
[44807.988875] sh (122490): drop_caches: 3
[44812.035168] sh (122490): drop_caches: 3
[44816.086712] sh (122490): drop_caches: 3
[44820.140207] sh (122490): drop_caches: 3
[44824.188326] sh (122490): drop_caches: 3
[44828.235424] sh (122490): drop_caches: 3
[44832.289335] sh (122490): drop_caches: 3
[44836.341562] sh (122490): drop_caches: 3
[44840.388491] sh (122490): drop_caches: 3
[44844.444105] sh (122490): drop_caches: 3
[44848.495487] sh (122490): drop_caches: 3
[44852.548858] sh (122490): drop_caches: 3
[44856.602550] sh (122490): drop_caches: 3
[44860.654704] sh (122490): drop_caches: 3
[44864.708556] sh (122490): drop_caches: 3
[44868.757069] sh (122490): drop_caches: 3
[44872.807199] sh (122490): drop_caches: 3
[44876.851567] sh (122490): drop_caches: 3
[44880.903437] sh (122490): drop_caches: 3
[44884.955260] sh (122490): drop_caches: 3
[44889.005040] sh (122490): drop_caches: 3
[44893.058079] sh (122490): drop_caches: 3
[44897.111368] sh (122490): drop_caches: 3
[44901.163826] sh (122490): drop_caches: 3
[44905.218167] sh (122490): drop_caches: 3
[44909.265706] sh (122490): drop_caches: 3
[44913.309953] sh (122490): drop_caches: 3
[44913.362868] iCAT_SQLITE_RUN_END run=20260901-134340-121876
[44913.384596] EXT4-fs (nvme1n1): unmounting filesystem b01431be-d5f4-4b5f-938c-0981c65b9f4b.
[44913.442777] pci_bus 0001:10: busn_res: [bus 10-ff] is released
[44913.442832] NVMeVirt: GC stats: policy=cat-fig7 host_pages=14697726 gc_pages=2157826 gc_count=263361 WAF=1.146 k=10 scale_pct=400 age_ratio=16
[44913.514935] NVMeVirt: Virtual NVMe device closed
