[30133.142560] NVMeVirt: Version 1.10 for >> Samsung 970 Pro SSD <<
[30133.142568] NVMeVirt: Storage: 0x100100000-0x300000000 (8191 MiB)
[30133.148798] NVMeVirt: Total Capacity(GiB,MiB)=2,2048 chs=2 luns=4 lines=8192 blk-size(MiB,KiB)=0,64 line-size(MiB,KiB)=0,256
[30133.162990] NVMeVirt: [chmodel_init] bandwidth 800 max_credits 26 tx_time 152
[30133.170876] NVMeVirt: [chmodel_init] bandwidth 800 max_credits 26 tx_time 152
[30133.170891] NVMeVirt: [chmodel_init] bandwidth 3360 max_credits 110 tx_time 36
[30133.172179] NVMeVirt: pqueue: Copyright (c) 2014, Volkan Yazıcı <volkan.yazici@gmail.com>. All rights reserved.
[30133.172214] NVMeVirt: Init FTL instance with 2 channels (524288 pages)
[30133.172215] NVMeVirt: GC victim policy: cat-fig7 k=7 scale_pct=200 age_ratio=7
[30133.178836] NVMeVirt: [chmodel_init] bandwidth 800 max_credits 26 tx_time 152
[30133.185293] NVMeVirt: [chmodel_init] bandwidth 800 max_credits 26 tx_time 152
[30133.185306] NVMeVirt: [chmodel_init] bandwidth 3360 max_credits 110 tx_time 36
[30133.186543] NVMeVirt: Init FTL instance with 2 channels (524288 pages)
[30133.186545] NVMeVirt: GC victim policy: cat-fig7 k=7 scale_pct=200 age_ratio=7
[30133.193012] NVMeVirt: [chmodel_init] bandwidth 800 max_credits 26 tx_time 152
[30133.199431] NVMeVirt: [chmodel_init] bandwidth 800 max_credits 26 tx_time 152
[30133.199445] NVMeVirt: [chmodel_init] bandwidth 3360 max_credits 110 tx_time 36
[30133.200708] NVMeVirt: Init FTL instance with 2 channels (524288 pages)
[30133.200709] NVMeVirt: GC victim policy: cat-fig7 k=7 scale_pct=200 age_ratio=7
[30133.207202] NVMeVirt: [chmodel_init] bandwidth 800 max_credits 26 tx_time 152
[30133.213698] NVMeVirt: [chmodel_init] bandwidth 800 max_credits 26 tx_time 152
[30133.213712] NVMeVirt: [chmodel_init] bandwidth 3360 max_credits 110 tx_time 36
[30133.214960] NVMeVirt: Init FTL instance with 2 channels (524288 pages)
[30133.214961] NVMeVirt: GC victim policy: cat-fig7 k=7 scale_pct=200 age_ratio=7
[30133.214966] NVMeVirt: FTL physical space: 8588886016, logical space: 8026996276 (physical/logical * 100 = 107)
[30133.214967] NVMeVirt: ns 0/1: size 7655 MiB
[30133.215008] PCI host bridge to bus 0001:10
[30133.215009] pci_bus 0001:10: root bus resource [io  0x0000-0xffff]
[30133.215012] pci_bus 0001:10: root bus resource [mem 0x00000000-0x3fffffffffff]
[30133.215013] pci_bus 0001:10: root bus resource [bus 00-ff]
[30133.215019] pci 0001:10:00.0: [0c51:0110] type 00 class 0x010802 PCIe Endpoint
[30133.215022] pci 0001:10:00.0: BAR 0 [mem 0x100000000-0x100003fff 64bit]
[30133.215023] pci 0001:10:00.0: enabling Extended Tags
[30133.215131] NVMeVirt: Virtual PCI bus created (node 0)
[30133.215568] NVMeVirt: nvmev_io_worker_0 started on cpu 2 (node 0)
[30133.215706] NVMeVirt: nvmev_dispatcher started on cpu 1 (node 0)
[30133.215873] nvme nvme1: pci function 0001:10:00.0
[30133.220763] nvme nvme1: 20/0/0 default/read/poll queues
[30133.225861] NVMeVirt: Virtual NVMe device created
[30134.287813] EXT4-fs (nvme1n1): mounted filesystem 6eaf3ccb-268b-47f7-874b-9f05d89595ec r/w with ordered data mode. Quota mode: none.
[30134.322275] iCAT_SQLITE_LOAD_START run=20260901-094930-49343
[30235.387304] iCAT_SQLITE_LOAD_END run=20260901-094930-49343
[30235.860088] sh (49469): drop_caches: 3
[30235.894912] iCAT_SQLITE_RUN_START run=20260901-094930-49343
[30239.429393] sh (49468): drop_caches: 3
[30243.519326] sh (49468): drop_caches: 3
[30247.643855] sh (49468): drop_caches: 3
[30251.737856] sh (49468): drop_caches: 3
[30255.781595] sh (49468): drop_caches: 3
[30259.826535] sh (49468): drop_caches: 3
[30263.869952] sh (49468): drop_caches: 3
[30267.914123] sh (49468): drop_caches: 3
[30271.964891] sh (49468): drop_caches: 3
[30276.010179] sh (49468): drop_caches: 3
[30280.052814] sh (49468): drop_caches: 3
[30284.093746] sh (49468): drop_caches: 3
[30288.138197] sh (49468): drop_caches: 3
[30292.180087] sh (49468): drop_caches: 3
[30296.222206] sh (49468): drop_caches: 3
[30300.263086] sh (49468): drop_caches: 3
[30304.316022] sh (49468): drop_caches: 3
[30308.372316] sh (49468): drop_caches: 3
[30312.417585] sh (49468): drop_caches: 3
[30316.462538] sh (49468): drop_caches: 3
[30320.508719] sh (49468): drop_caches: 3
[30324.551765] sh (49468): drop_caches: 3
[30328.595663] sh (49468): drop_caches: 3
[30332.640480] sh (49468): drop_caches: 3
[30336.687166] sh (49468): drop_caches: 3
[30340.735060] sh (49468): drop_caches: 3
[30344.776857] sh (49468): drop_caches: 3
[30348.821187] sh (49468): drop_caches: 3
[30352.867406] sh (49468): drop_caches: 3
[30356.909984] sh (49468): drop_caches: 3
[30360.953963] sh (49468): drop_caches: 3
[30364.996098] sh (49468): drop_caches: 3
[30369.047721] sh (49468): drop_caches: 3
[30373.096116] sh (49468): drop_caches: 3
[30377.146533] sh (49468): drop_caches: 3
[30381.198522] sh (49468): drop_caches: 3
[30385.246883] sh (49468): drop_caches: 3
[30389.299584] sh (49468): drop_caches: 3
[30393.349936] sh (49468): drop_caches: 3
[30397.400375] sh (49468): drop_caches: 3
[30401.449312] sh (49468): drop_caches: 3
[30405.503666] sh (49468): drop_caches: 3
[30409.557587] sh (49468): drop_caches: 3
[30413.605940] sh (49468): drop_caches: 3
[30417.658564] sh (49468): drop_caches: 3
[30421.707611] sh (49468): drop_caches: 3
[30425.760642] sh (49468): drop_caches: 3
[30429.809906] sh (49468): drop_caches: 3
[30433.854471] sh (49468): drop_caches: 3
[30437.903734] sh (49468): drop_caches: 3
[30441.954574] sh (49468): drop_caches: 3
[30446.009689] sh (49468): drop_caches: 3
[30450.064876] sh (49468): drop_caches: 3
[30454.117490] sh (49468): drop_caches: 3
[30458.163008] sh (49468): drop_caches: 3
[30462.208722] sh (49468): drop_caches: 3
[30466.262381] sh (49468): drop_caches: 3
[30470.310615] sh (49468): drop_caches: 3
[30474.362315] sh (49468): drop_caches: 3
[30478.411876] sh (49468): drop_caches: 3
[30482.464366] sh (49468): drop_caches: 3
[30486.515383] sh (49468): drop_caches: 3
[30490.566072] sh (49468): drop_caches: 3
[30494.617438] sh (49468): drop_caches: 3
[30498.669597] sh (49468): drop_caches: 3
[30502.719082] sh (49468): drop_caches: 3
[30506.763112] sh (49468): drop_caches: 3
[30510.808720] sh (49468): drop_caches: 3
[30514.859802] sh (49468): drop_caches: 3
[30518.910321] sh (49468): drop_caches: 3
[30522.959934] sh (49468): drop_caches: 3
[30527.006706] sh (49468): drop_caches: 3
[30531.049026] sh (49468): drop_caches: 3
[30535.095839] sh (49468): drop_caches: 3
[30539.143247] sh (49468): drop_caches: 3
[30543.194233] sh (49468): drop_caches: 3
[30547.236586] sh (49468): drop_caches: 3
[30551.286693] sh (49468): drop_caches: 3
[30555.330039] sh (49468): drop_caches: 3
[30559.383040] sh (49468): drop_caches: 3
[30563.433752] sh (49468): drop_caches: 3
[30567.477581] sh (49468): drop_caches: 3
[30571.522895] sh (49468): drop_caches: 3
[30575.574873] sh (49468): drop_caches: 3
[30579.627602] sh (49468): drop_caches: 3
[30583.676021] sh (49468): drop_caches: 3
[30587.718211] sh (49468): drop_caches: 3
[30591.764698] sh (49468): drop_caches: 3
[30595.815421] sh (49468): drop_caches: 3
[30599.868456] sh (49468): drop_caches: 3
[30603.918612] sh (49468): drop_caches: 3
[30607.968886] sh (49468): drop_caches: 3
[30612.019836] sh (49468): drop_caches: 3
[30616.066280] sh (49468): drop_caches: 3
[30620.117593] sh (49468): drop_caches: 3
[30624.167883] sh (49468): drop_caches: 3
[30628.218793] sh (49468): drop_caches: 3
[30632.267583] sh (49468): drop_caches: 3
[30636.310730] sh (49468): drop_caches: 3
[30640.359423] sh (49468): drop_caches: 3
[30644.408612] sh (49468): drop_caches: 3
[30648.460836] sh (49468): drop_caches: 3
[30652.504674] sh (49468): drop_caches: 3
[30656.557240] sh (49468): drop_caches: 3
[30660.606369] sh (49468): drop_caches: 3
[30664.655818] sh (49468): drop_caches: 3
[30668.710071] sh (49468): drop_caches: 3
[30672.760864] sh (49468): drop_caches: 3
[30676.803734] sh (49468): drop_caches: 3
[30680.854314] sh (49468): drop_caches: 3
[30684.905870] sh (49468): drop_caches: 3
[30688.957320] sh (49468): drop_caches: 3
[30693.007246] sh (49468): drop_caches: 3
[30697.054257] sh (49468): drop_caches: 3
[30701.103260] sh (49468): drop_caches: 3
[30705.153756] sh (49468): drop_caches: 3
[30709.205477] sh (49468): drop_caches: 3
[30713.253290] sh (49468): drop_caches: 3
[30717.298013] sh (49468): drop_caches: 3
[30721.351845] sh (49468): drop_caches: 3
[30725.403132] sh (49468): drop_caches: 3
[30729.458981] sh (49468): drop_caches: 3
[30733.511964] sh (49468): drop_caches: 3
[30737.565030] sh (49468): drop_caches: 3
[30741.616049] sh (49468): drop_caches: 3
[30745.672314] sh (49468): drop_caches: 3
[30749.726971] sh (49468): drop_caches: 3
[30753.780380] sh (49468): drop_caches: 3
[30757.821392] sh (49468): drop_caches: 3
[30761.869533] sh (49468): drop_caches: 3
[30765.919644] sh (49468): drop_caches: 3
[30769.971180] sh (49468): drop_caches: 3
[30774.021323] sh (49468): drop_caches: 3
[30778.072253] sh (49468): drop_caches: 3
[30782.126814] sh (49468): drop_caches: 3
[30786.174635] sh (49468): drop_caches: 3
[30790.222082] sh (49468): drop_caches: 3
[30794.272926] sh (49468): drop_caches: 3
[30798.325316] sh (49468): drop_caches: 3
[30802.371191] sh (49468): drop_caches: 3
[30806.419997] sh (49468): drop_caches: 3
[30810.473538] sh (49468): drop_caches: 3
[30814.524136] sh (49468): drop_caches: 3
[30818.574477] sh (49468): drop_caches: 3
[30822.619029] sh (49468): drop_caches: 3
[30826.674532] sh (49468): drop_caches: 3
[30830.721406] sh (49468): drop_caches: 3
[30834.767505] sh (49468): drop_caches: 3
[30838.808222] sh (49468): drop_caches: 3
[30842.848831] sh (49468): drop_caches: 3
[30846.898689] sh (49468): drop_caches: 3
[30850.948799] sh (49468): drop_caches: 3
[30855.000551] sh (49468): drop_caches: 3
[30859.052435] sh (49468): drop_caches: 3
[30863.104188] sh (49468): drop_caches: 3
[30867.153159] sh (49468): drop_caches: 3
[30871.202299] sh (49468): drop_caches: 3
[30871.252677] iCAT_SQLITE_RUN_END run=20260901-094930-49343
[30871.272550] EXT4-fs (nvme1n1): unmounting filesystem 6eaf3ccb-268b-47f7-874b-9f05d89595ec.
[30871.360463] pci_bus 0001:10: busn_res: [bus 10-ff] is released
[30871.360500] NVMeVirt: GC stats: policy=cat-fig7 host_pages=14700891 gc_pages=2420685 gc_count=267518 WAF=1.164 k=7 scale_pct=200 age_ratio=7
[30871.423087] NVMeVirt: Virtual NVMe device closed
