[ 6700.222014] NVMeVirt: Version 1.10 for >> Samsung 970 Pro SSD <<
[ 6700.222022] NVMeVirt: Storage: 0x100100000-0x300000000 (8191 MiB)
[ 6700.229084] NVMeVirt: Total Capacity(GiB,MiB)=2,2048 chs=2 luns=4 lines=8192 blk-size(MiB,KiB)=0,64 line-size(MiB,KiB)=0,256
[ 6700.239822] NVMeVirt: [chmodel_init] bandwidth 800 max_credits 26 tx_time 152
[ 6700.246295] NVMeVirt: [chmodel_init] bandwidth 800 max_credits 26 tx_time 152
[ 6700.246310] NVMeVirt: [chmodel_init] bandwidth 3360 max_credits 110 tx_time 36
[ 6700.247514] NVMeVirt: pqueue: Copyright (c) 2014, Volkan Yazıcı <volkan.yazici@gmail.com>. All rights reserved.
[ 6700.247549] NVMeVirt: Init FTL instance with 2 channels (524288 pages)
[ 6700.247550] NVMeVirt: GC victim policy: cat-fig7 k=2 scale_pct=100 age_ratio=16
[ 6700.254014] NVMeVirt: [chmodel_init] bandwidth 800 max_credits 26 tx_time 152
[ 6700.260396] NVMeVirt: [chmodel_init] bandwidth 800 max_credits 26 tx_time 152
[ 6700.260411] NVMeVirt: [chmodel_init] bandwidth 3360 max_credits 110 tx_time 36
[ 6700.261661] NVMeVirt: Init FTL instance with 2 channels (524288 pages)
[ 6700.261662] NVMeVirt: GC victim policy: cat-fig7 k=2 scale_pct=100 age_ratio=16
[ 6700.268103] NVMeVirt: [chmodel_init] bandwidth 800 max_credits 26 tx_time 152
[ 6700.274529] NVMeVirt: [chmodel_init] bandwidth 800 max_credits 26 tx_time 152
[ 6700.274543] NVMeVirt: [chmodel_init] bandwidth 3360 max_credits 110 tx_time 36
[ 6700.275788] NVMeVirt: Init FTL instance with 2 channels (524288 pages)
[ 6700.275789] NVMeVirt: GC victim policy: cat-fig7 k=2 scale_pct=100 age_ratio=16
[ 6700.282223] NVMeVirt: [chmodel_init] bandwidth 800 max_credits 26 tx_time 152
[ 6700.288595] NVMeVirt: [chmodel_init] bandwidth 800 max_credits 26 tx_time 152
[ 6700.288609] NVMeVirt: [chmodel_init] bandwidth 3360 max_credits 110 tx_time 36
[ 6700.289833] NVMeVirt: Init FTL instance with 2 channels (524288 pages)
[ 6700.289834] NVMeVirt: GC victim policy: cat-fig7 k=2 scale_pct=100 age_ratio=16
[ 6700.289837] NVMeVirt: FTL physical space: 8588886016, logical space: 8026996276 (physical/logical * 100 = 107)
[ 6700.289838] NVMeVirt: ns 0/1: size 7655 MiB
[ 6700.289878] PCI host bridge to bus 0001:10
[ 6700.289879] pci_bus 0001:10: root bus resource [io  0x0000-0xffff]
[ 6700.289882] pci_bus 0001:10: root bus resource [mem 0x00000000-0x3fffffffffff]
[ 6700.289883] pci_bus 0001:10: root bus resource [bus 00-ff]
[ 6700.289889] pci 0001:10:00.0: [0c51:0110] type 00 class 0x010802 PCIe Endpoint
[ 6700.289892] pci 0001:10:00.0: BAR 0 [mem 0x100000000-0x100003fff 64bit]
[ 6700.289893] pci 0001:10:00.0: enabling Extended Tags
[ 6700.290001] NVMeVirt: Virtual PCI bus created (node 0)
[ 6700.290525] NVMeVirt: nvmev_io_worker_0 started on cpu 2 (node 0)
[ 6700.290583] NVMeVirt: nvmev_dispatcher started on cpu 1 (node 0)
[ 6700.290792] nvme nvme1: pci function 0001:10:00.0
[ 6700.293693] nvme nvme1: 20/0/0 default/read/poll queues
[ 6700.298039] NVMeVirt: Virtual NVMe device created
[ 6701.360567] EXT4-fs (nvme1n1): mounted filesystem dd00166e-e95c-4dd9-b5b9-cc56a2e4645d r/w with ordered data mode. Quota mode: none.
[ 6701.391247] iCAT_SQLITE_LOAD_START run=20260901-031857-33128
[ 6801.138648] iCAT_SQLITE_LOAD_END run=20260901-031857-33128
[ 6801.564973] sh (33259): drop_caches: 3
[ 6801.598224] iCAT_SQLITE_RUN_START run=20260901-031857-33128
[ 6805.179771] sh (33256): drop_caches: 3
[ 6809.231231] sh (33256): drop_caches: 3
[ 6813.282450] sh (33256): drop_caches: 3
[ 6817.325803] sh (33256): drop_caches: 3
[ 6821.377682] sh (33256): drop_caches: 3
[ 6825.421976] sh (33256): drop_caches: 3
[ 6829.472739] sh (33256): drop_caches: 3
[ 6833.521493] sh (33256): drop_caches: 3
[ 6837.569978] sh (33256): drop_caches: 3
[ 6841.621698] sh (33256): drop_caches: 3
[ 6845.673991] sh (33256): drop_caches: 3
[ 6849.723256] sh (33256): drop_caches: 3
[ 6853.773539] sh (33256): drop_caches: 3
[ 6857.822096] sh (33256): drop_caches: 3
[ 6861.871670] sh (33256): drop_caches: 3
[ 6865.919860] sh (33256): drop_caches: 3
[ 6869.961557] sh (33256): drop_caches: 3
[ 6874.012573] sh (33256): drop_caches: 3
[ 6878.056059] sh (33256): drop_caches: 3
[ 6882.103797] sh (33256): drop_caches: 3
[ 6886.155333] sh (33256): drop_caches: 3
[ 6890.205373] sh (33256): drop_caches: 3
[ 6894.254373] sh (33256): drop_caches: 3
[ 6898.303246] sh (33256): drop_caches: 3
[ 6902.353454] sh (33256): drop_caches: 3
[ 6906.399755] sh (33256): drop_caches: 3
[ 6910.450274] sh (33256): drop_caches: 3
[ 6914.499302] sh (33256): drop_caches: 3
[ 6918.547302] sh (33256): drop_caches: 3
[ 6922.600205] sh (33256): drop_caches: 3
[ 6926.649458] sh (33256): drop_caches: 3
[ 6930.699418] sh (33256): drop_caches: 3
[ 6934.749899] sh (33256): drop_caches: 3
[ 6938.801728] sh (33256): drop_caches: 3
[ 6942.851067] sh (33256): drop_caches: 3
[ 6946.899815] sh (33256): drop_caches: 3
[ 6950.948003] sh (33256): drop_caches: 3
[ 6954.996857] sh (33256): drop_caches: 3
[ 6959.045966] sh (33256): drop_caches: 3
[ 6963.095860] sh (33256): drop_caches: 3
[ 6967.145448] sh (33256): drop_caches: 3
[ 6971.196747] sh (33256): drop_caches: 3
[ 6975.248433] sh (33256): drop_caches: 3
[ 6979.298037] sh (33256): drop_caches: 3
[ 6983.346909] sh (33256): drop_caches: 3
[ 6987.397103] sh (33256): drop_caches: 3
[ 6991.448199] sh (33256): drop_caches: 3
[ 6995.490312] sh (33256): drop_caches: 3
[ 6999.544560] sh (33256): drop_caches: 3
[ 7003.594446] sh (33256): drop_caches: 3
[ 7007.644972] sh (33256): drop_caches: 3
[ 7011.687966] sh (33256): drop_caches: 3
[ 7015.737995] sh (33256): drop_caches: 3
[ 7019.786408] sh (33256): drop_caches: 3
[ 7023.835934] sh (33256): drop_caches: 3
[ 7027.887136] sh (33256): drop_caches: 3
[ 7031.935893] sh (33256): drop_caches: 3
[ 7035.978345] sh (33256): drop_caches: 3
[ 7040.026810] sh (33256): drop_caches: 3
[ 7044.076828] sh (33256): drop_caches: 3
[ 7048.125226] sh (33256): drop_caches: 3
[ 7052.176023] sh (33256): drop_caches: 3
[ 7056.224367] sh (33256): drop_caches: 3
[ 7060.271699] sh (33256): drop_caches: 3
[ 7064.322422] sh (33256): drop_caches: 3
[ 7068.372570] sh (33256): drop_caches: 3
[ 7072.421621] sh (33256): drop_caches: 3
[ 7076.475333] sh (33256): drop_caches: 3
[ 7080.519704] sh (33256): drop_caches: 3
[ 7084.570682] sh (33256): drop_caches: 3
[ 7088.626917] sh (33256): drop_caches: 3
[ 7092.677283] sh (33256): drop_caches: 3
[ 7096.720832] sh (33256): drop_caches: 3
[ 7100.768483] sh (33256): drop_caches: 3
[ 7104.817490] sh (33256): drop_caches: 3
[ 7108.867268] sh (33256): drop_caches: 3
[ 7112.915323] sh (33256): drop_caches: 3
[ 7116.965637] sh (33256): drop_caches: 3
[ 7121.016076] sh (33256): drop_caches: 3
[ 7125.066557] sh (33256): drop_caches: 3
[ 7129.114413] sh (33256): drop_caches: 3
[ 7133.166293] sh (33256): drop_caches: 3
[ 7137.218095] sh (33256): drop_caches: 3
[ 7141.260185] sh (33256): drop_caches: 3
[ 7145.303900] sh (33256): drop_caches: 3
[ 7149.354831] sh (33256): drop_caches: 3
[ 7153.407966] sh (33256): drop_caches: 3
[ 7157.455785] sh (33256): drop_caches: 3
[ 7161.505602] sh (33256): drop_caches: 3
[ 7165.555011] sh (33256): drop_caches: 3
[ 7169.597875] sh (33256): drop_caches: 3
[ 7173.646374] sh (33256): drop_caches: 3
[ 7177.699374] sh (33256): drop_caches: 3
[ 7181.747115] sh (33256): drop_caches: 3
[ 7185.796604] sh (33256): drop_caches: 3
[ 7189.847504] sh (33256): drop_caches: 3
[ 7193.897302] sh (33256): drop_caches: 3
[ 7197.945982] sh (33256): drop_caches: 3
[ 7202.000046] sh (33256): drop_caches: 3
[ 7206.045965] sh (33256): drop_caches: 3
[ 7210.088363] sh (33256): drop_caches: 3
[ 7214.137051] sh (33256): drop_caches: 3
[ 7218.188613] sh (33256): drop_caches: 3
[ 7222.237371] sh (33256): drop_caches: 3
[ 7226.286731] sh (33256): drop_caches: 3
[ 7230.328486] sh (33256): drop_caches: 3
[ 7234.370396] sh (33256): drop_caches: 3
[ 7238.419905] sh (33256): drop_caches: 3
[ 7242.469318] sh (33256): drop_caches: 3
[ 7246.520771] sh (33256): drop_caches: 3
[ 7250.568750] sh (33256): drop_caches: 3
[ 7254.619193] sh (33256): drop_caches: 3
[ 7258.663433] sh (33256): drop_caches: 3
[ 7262.715378] sh (33256): drop_caches: 3
[ 7266.768615] sh (33256): drop_caches: 3
[ 7270.816951] sh (33256): drop_caches: 3
[ 7274.866167] sh (33256): drop_caches: 3
[ 7278.914683] sh (33256): drop_caches: 3
[ 7282.966504] sh (33256): drop_caches: 3
[ 7287.018761] sh (33256): drop_caches: 3
[ 7291.068855] sh (33256): drop_caches: 3
[ 7295.119970] sh (33256): drop_caches: 3
[ 7299.168557] sh (33256): drop_caches: 3
[ 7303.222138] sh (33256): drop_caches: 3
[ 7307.273174] sh (33256): drop_caches: 3
[ 7311.322484] sh (33256): drop_caches: 3
[ 7315.370550] sh (33256): drop_caches: 3
[ 7319.421637] sh (33256): drop_caches: 3
[ 7323.471699] sh (33256): drop_caches: 3
[ 7327.519936] sh (33256): drop_caches: 3
[ 7331.567673] sh (33256): drop_caches: 3
[ 7335.608733] sh (33256): drop_caches: 3
[ 7339.652168] sh (33256): drop_caches: 3
[ 7343.699984] sh (33256): drop_caches: 3
[ 7347.742372] sh (33256): drop_caches: 3
[ 7351.795105] sh (33256): drop_caches: 3
[ 7355.843709] sh (33256): drop_caches: 3
[ 7359.895306] sh (33256): drop_caches: 3
[ 7363.944636] sh (33256): drop_caches: 3
[ 7367.995250] sh (33256): drop_caches: 3
[ 7372.043740] sh (33256): drop_caches: 3
[ 7376.092536] sh (33256): drop_caches: 3
[ 7380.141574] sh (33256): drop_caches: 3
[ 7384.189884] sh (33256): drop_caches: 3
[ 7388.236837] sh (33256): drop_caches: 3
[ 7392.287574] sh (33256): drop_caches: 3
[ 7396.344251] sh (33256): drop_caches: 3
[ 7400.392111] sh (33256): drop_caches: 3
[ 7404.439794] sh (33256): drop_caches: 3
[ 7408.491936] sh (33256): drop_caches: 3
[ 7412.546943] sh (33256): drop_caches: 3
[ 7416.601453] sh (33256): drop_caches: 3
[ 7420.649843] sh (33256): drop_caches: 3
[ 7424.692468] sh (33256): drop_caches: 3
[ 7428.743623] sh (33256): drop_caches: 3
[ 7432.784758] sh (33256): drop_caches: 3
[ 7436.824571] sh (33256): drop_caches: 3
[ 7436.873056] iCAT_SQLITE_RUN_END run=20260901-031857-33128
[ 7436.893408] EXT4-fs (nvme1n1): unmounting filesystem dd00166e-e95c-4dd9-b5b9-cc56a2e4645d.
[ 7437.000896] pci_bus 0001:10: busn_res: [bus 10-ff] is released
[ 7437.000931] NVMeVirt: GC stats: policy=cat-fig7 host_pages=14699938 gc_pages=4175290 gc_count=294918 WAF=1.284 k=2 scale_pct=100 age_ratio=16
[ 7437.063133] NVMeVirt: Virtual NVMe device closed
