[40489.038958] NVMeVirt: Version 1.10 for >> Samsung 970 Pro SSD <<
[40489.038967] NVMeVirt: Storage: 0x100100000-0x300000000 (8191 MiB)
[40489.046088] NVMeVirt: Total Capacity(GiB,MiB)=2,2048 chs=2 luns=4 lines=8192 blk-size(MiB,KiB)=0,64 line-size(MiB,KiB)=0,256
[40489.056243] NVMeVirt: [chmodel_init] bandwidth 800 max_credits 26 tx_time 152
[40489.062880] NVMeVirt: [chmodel_init] bandwidth 800 max_credits 26 tx_time 152
[40489.062893] NVMeVirt: [chmodel_init] bandwidth 3360 max_credits 110 tx_time 36
[40489.064093] NVMeVirt: pqueue: Copyright (c) 2014, Volkan Yazıcı <volkan.yazici@gmail.com>. All rights reserved.
[40489.064129] NVMeVirt: Init FTL instance with 2 channels (524288 pages)
[40489.064131] NVMeVirt: GC victim policy: cat-fig7 k=10 scale_pct=200 age_ratio=4
[40489.070569] NVMeVirt: [chmodel_init] bandwidth 800 max_credits 26 tx_time 152
[40489.076984] NVMeVirt: [chmodel_init] bandwidth 800 max_credits 26 tx_time 152
[40489.076998] NVMeVirt: [chmodel_init] bandwidth 3360 max_credits 110 tx_time 36
[40489.078237] NVMeVirt: Init FTL instance with 2 channels (524288 pages)
[40489.078239] NVMeVirt: GC victim policy: cat-fig7 k=10 scale_pct=200 age_ratio=4
[40489.084658] NVMeVirt: [chmodel_init] bandwidth 800 max_credits 26 tx_time 152
[40489.091089] NVMeVirt: [chmodel_init] bandwidth 800 max_credits 26 tx_time 152
[40489.091104] NVMeVirt: [chmodel_init] bandwidth 3360 max_credits 110 tx_time 36
[40489.092428] NVMeVirt: Init FTL instance with 2 channels (524288 pages)
[40489.092430] NVMeVirt: GC victim policy: cat-fig7 k=10 scale_pct=200 age_ratio=4
[40489.098836] NVMeVirt: [chmodel_init] bandwidth 800 max_credits 26 tx_time 152
[40489.105288] NVMeVirt: [chmodel_init] bandwidth 800 max_credits 26 tx_time 152
[40489.105302] NVMeVirt: [chmodel_init] bandwidth 3360 max_credits 110 tx_time 36
[40489.106575] NVMeVirt: Init FTL instance with 2 channels (524288 pages)
[40489.106576] NVMeVirt: GC victim policy: cat-fig7 k=10 scale_pct=200 age_ratio=4
[40489.106579] NVMeVirt: FTL physical space: 8588886016, logical space: 8026996276 (physical/logical * 100 = 107)
[40489.106580] NVMeVirt: ns 0/1: size 7655 MiB
[40489.106617] PCI host bridge to bus 0001:10
[40489.106618] pci_bus 0001:10: root bus resource [io  0x0000-0xffff]
[40489.106620] pci_bus 0001:10: root bus resource [mem 0x00000000-0x3fffffffffff]
[40489.106622] pci_bus 0001:10: root bus resource [bus 00-ff]
[40489.106628] pci 0001:10:00.0: [0c51:0110] type 00 class 0x010802 PCIe Endpoint
[40489.106630] pci 0001:10:00.0: BAR 0 [mem 0x100000000-0x100003fff 64bit]
[40489.106632] pci 0001:10:00.0: enabling Extended Tags
[40489.106743] NVMeVirt: Virtual PCI bus created (node 0)
[40489.107066] NVMeVirt: nvmev_dispatcher started on cpu 1 (node 0)
[40489.107109] NVMeVirt: nvmev_io_worker_0 started on cpu 2 (node 0)
[40489.107289] nvme nvme1: pci function 0001:10:00.0
[40489.112048] nvme nvme1: 20/0/0 default/read/poll queues
[40489.116327] NVMeVirt: Virtual NVMe device created
[40490.175763] EXT4-fs (nvme1n1): mounted filesystem 2cdeabe6-dcf4-48ef-8273-810440392bf1 r/w with ordered data mode. Quota mode: none.
[40490.209173] iCAT_SQLITE_LOAD_START run=20260901-124206-103271
[40594.005804] iCAT_SQLITE_LOAD_END run=20260901-124206-103271
[40594.418012] sh (103868): drop_caches: 3
[40594.445520] iCAT_SQLITE_RUN_START run=20260901-124206-103271
[40598.051374] sh (103869): drop_caches: 3
[40602.105081] sh (103869): drop_caches: 3
[40606.156208] sh (103869): drop_caches: 3
[40610.209316] sh (103869): drop_caches: 3
[40614.260333] sh (103869): drop_caches: 3
[40618.309939] sh (103869): drop_caches: 3
[40622.363779] sh (103869): drop_caches: 3
[40626.415413] sh (103869): drop_caches: 3
[40630.467517] sh (103869): drop_caches: 3
[40634.519952] sh (103869): drop_caches: 3
[40638.569133] sh (103869): drop_caches: 3
[40642.621893] sh (103869): drop_caches: 3
[40646.666727] sh (103869): drop_caches: 3
[40650.717264] sh (103869): drop_caches: 3
[40654.768207] sh (103869): drop_caches: 3
[40658.809048] sh (103869): drop_caches: 3
[40662.861193] sh (103869): drop_caches: 3
[40666.912835] sh (103869): drop_caches: 3
[40670.963016] sh (103869): drop_caches: 3
[40675.007509] sh (103869): drop_caches: 3
[40679.056420] sh (103869): drop_caches: 3
[40683.112897] sh (103869): drop_caches: 3
[40687.162573] sh (103869): drop_caches: 3
[40691.214780] sh (103869): drop_caches: 3
[40695.270751] sh (103869): drop_caches: 3
[40699.320801] sh (103869): drop_caches: 3
[40703.372642] sh (103869): drop_caches: 3
[40707.418655] sh (103869): drop_caches: 3
[40711.471008] sh (103869): drop_caches: 3
[40715.523731] sh (103869): drop_caches: 3
[40719.579709] sh (103869): drop_caches: 3
[40723.631071] sh (103869): drop_caches: 3
[40727.681244] sh (103869): drop_caches: 3
[40731.728334] sh (103869): drop_caches: 3
[40735.771928] sh (103869): drop_caches: 3
[40739.822540] sh (103869): drop_caches: 3
[40743.875233] sh (103869): drop_caches: 3
[40747.927397] sh (103869): drop_caches: 3
[40751.975110] sh (103869): drop_caches: 3
[40756.020954] sh (103869): drop_caches: 3
[40760.067698] sh (103869): drop_caches: 3
[40764.120587] sh (103869): drop_caches: 3
[40768.163837] sh (103869): drop_caches: 3
[40772.215464] sh (103869): drop_caches: 3
[40776.267090] sh (103869): drop_caches: 3
[40780.319654] sh (103869): drop_caches: 3
[40784.369277] sh (103869): drop_caches: 3
[40788.416792] sh (103869): drop_caches: 3
[40792.471626] sh (103869): drop_caches: 3
[40796.524993] sh (103869): drop_caches: 3
[40800.578229] sh (103869): drop_caches: 3
[40804.630125] sh (103869): drop_caches: 3
[40808.679662] sh (103869): drop_caches: 3
[40812.731304] sh (103869): drop_caches: 3
[40816.784750] sh (103869): drop_caches: 3
[40820.831619] sh (103869): drop_caches: 3
[40824.883985] sh (103869): drop_caches: 3
[40828.935338] sh (103869): drop_caches: 3
[40832.988501] sh (103869): drop_caches: 3
[40837.037861] sh (103869): drop_caches: 3
[40841.091545] sh (103869): drop_caches: 3
[40845.141054] sh (103869): drop_caches: 3
[40849.186542] sh (103869): drop_caches: 3
[40853.229022] sh (103869): drop_caches: 3
[40857.283069] sh (103869): drop_caches: 3
[40861.327127] sh (103869): drop_caches: 3
[40865.381804] sh (103869): drop_caches: 3
[40869.433284] sh (103869): drop_caches: 3
[40873.481752] sh (103869): drop_caches: 3
[40877.531048] sh (103869): drop_caches: 3
[40881.580952] sh (103869): drop_caches: 3
[40885.630904] sh (103869): drop_caches: 3
[40889.681622] sh (103869): drop_caches: 3
[40893.731133] sh (103869): drop_caches: 3
[40897.775148] sh (103869): drop_caches: 3
[40901.826272] sh (103869): drop_caches: 3
[40905.878772] sh (103869): drop_caches: 3
[40909.920504] sh (103869): drop_caches: 3
[40913.971612] sh (103869): drop_caches: 3
[40918.025777] sh (103869): drop_caches: 3
[40922.072829] sh (103869): drop_caches: 3
[40926.124191] sh (103869): drop_caches: 3
[40930.176673] sh (103869): drop_caches: 3
[40934.219734] sh (103869): drop_caches: 3
[40938.261628] sh (103869): drop_caches: 3
[40942.316640] sh (103869): drop_caches: 3
[40946.368576] sh (103869): drop_caches: 3
[40950.413811] sh (103869): drop_caches: 3
[40954.468829] sh (103869): drop_caches: 3
[40958.518493] sh (103869): drop_caches: 3
[40962.568230] sh (103869): drop_caches: 3
[40966.619007] sh (103869): drop_caches: 3
[40970.674528] sh (103869): drop_caches: 3
[40974.726285] sh (103869): drop_caches: 3
[40978.773939] sh (103869): drop_caches: 3
[40982.827126] sh (103869): drop_caches: 3
[40986.876680] sh (103869): drop_caches: 3
[40990.929887] sh (103869): drop_caches: 3
[40994.978157] sh (103869): drop_caches: 3
[40999.030873] sh (103869): drop_caches: 3
[41003.085455] sh (103869): drop_caches: 3
[41007.137307] sh (103869): drop_caches: 3
[41011.188230] sh (103869): drop_caches: 3
[41015.240647] sh (103869): drop_caches: 3
[41019.294875] sh (103869): drop_caches: 3
[41023.339926] sh (103869): drop_caches: 3
[41027.392528] sh (103869): drop_caches: 3
[41031.437392] sh (103869): drop_caches: 3
[41035.483332] sh (103869): drop_caches: 3
[41039.532729] sh (103869): drop_caches: 3
[41043.582447] sh (103869): drop_caches: 3
[41047.632379] sh (103869): drop_caches: 3
[41051.686713] sh (103869): drop_caches: 3
[41055.739463] sh (103869): drop_caches: 3
[41059.793305] sh (103869): drop_caches: 3
[41063.843393] sh (103869): drop_caches: 3
[41067.894093] sh (103869): drop_caches: 3
[41071.936857] sh (103869): drop_caches: 3
[41075.986495] sh (103869): drop_caches: 3
[41080.041234] sh (103869): drop_caches: 3
[41084.089400] sh (103869): drop_caches: 3
[41088.141162] sh (103869): drop_caches: 3
[41092.193240] sh (103869): drop_caches: 3
[41096.241193] sh (103869): drop_caches: 3
[41100.294781] sh (103869): drop_caches: 3
[41104.347698] sh (103869): drop_caches: 3
[41108.395950] sh (103869): drop_caches: 3
[41112.443236] sh (103869): drop_caches: 3
[41116.495513] sh (103869): drop_caches: 3
[41120.541467] sh (103869): drop_caches: 3
[41124.591913] sh (103869): drop_caches: 3
[41128.645119] sh (103869): drop_caches: 3
[41132.698127] sh (103869): drop_caches: 3
[41136.751638] sh (103869): drop_caches: 3
[41140.804706] sh (103869): drop_caches: 3
[41144.856591] sh (103869): drop_caches: 3
[41148.907653] sh (103869): drop_caches: 3
[41152.952536] sh (103869): drop_caches: 3
[41156.996355] sh (103869): drop_caches: 3
[41161.049160] sh (103869): drop_caches: 3
[41165.101550] sh (103869): drop_caches: 3
[41169.155287] sh (103869): drop_caches: 3
[41173.199130] sh (103869): drop_caches: 3
[41177.252877] sh (103869): drop_caches: 3
[41181.305924] sh (103869): drop_caches: 3
[41185.359200] sh (103869): drop_caches: 3
[41189.410756] sh (103869): drop_caches: 3
[41193.462231] sh (103869): drop_caches: 3
[41197.515519] sh (103869): drop_caches: 3
[41201.566808] sh (103869): drop_caches: 3
[41205.620763] sh (103869): drop_caches: 3
[41209.674397] sh (103869): drop_caches: 3
[41213.725082] sh (103869): drop_caches: 3
[41217.771148] sh (103869): drop_caches: 3
[41221.817767] sh (103869): drop_caches: 3
[41225.869180] sh (103869): drop_caches: 3
[41229.911220] sh (103869): drop_caches: 3
[41229.963832] iCAT_SQLITE_RUN_END run=20260901-124206-103271
[41229.983961] EXT4-fs (nvme1n1): unmounting filesystem 2cdeabe6-dcf4-48ef-8273-810440392bf1.
[41230.047239] pci_bus 0001:10: busn_res: [bus 10-ff] is released
[41230.047280] NVMeVirt: GC stats: policy=cat-fig7 host_pages=14698150 gc_pages=2873170 gc_count=274545 WAF=1.195 k=10 scale_pct=200 age_ratio=4
[41230.119813] NVMeVirt: Virtual NVMe device closed
