[43443.012400] NVMeVirt: Version 1.10 for >> Samsung 970 Pro SSD <<
[43443.012408] NVMeVirt: Storage: 0x100100000-0x300000000 (8191 MiB)
[43443.019574] NVMeVirt: Total Capacity(GiB,MiB)=2,2048 chs=2 luns=4 lines=8192 blk-size(MiB,KiB)=0,64 line-size(MiB,KiB)=0,256
[43443.029129] NVMeVirt: [chmodel_init] bandwidth 800 max_credits 26 tx_time 152
[43443.035926] NVMeVirt: [chmodel_init] bandwidth 800 max_credits 26 tx_time 152
[43443.035939] NVMeVirt: [chmodel_init] bandwidth 3360 max_credits 110 tx_time 36
[43443.037194] NVMeVirt: pqueue: Copyright (c) 2014, Volkan Yazıcı <volkan.yazici@gmail.com>. All rights reserved.
[43443.037230] NVMeVirt: Init FTL instance with 2 channels (524288 pages)
[43443.037231] NVMeVirt: GC victim policy: cat-fig7 k=10 scale_pct=400 age_ratio=7
[43443.043817] NVMeVirt: [chmodel_init] bandwidth 800 max_credits 26 tx_time 152
[43443.050323] NVMeVirt: [chmodel_init] bandwidth 800 max_credits 26 tx_time 152
[43443.050338] NVMeVirt: [chmodel_init] bandwidth 3360 max_credits 110 tx_time 36
[43443.051571] NVMeVirt: Init FTL instance with 2 channels (524288 pages)
[43443.051572] NVMeVirt: GC victim policy: cat-fig7 k=10 scale_pct=400 age_ratio=7
[43443.058038] NVMeVirt: [chmodel_init] bandwidth 800 max_credits 26 tx_time 152
[43443.064466] NVMeVirt: [chmodel_init] bandwidth 800 max_credits 26 tx_time 152
[43443.064480] NVMeVirt: [chmodel_init] bandwidth 3360 max_credits 110 tx_time 36
[43443.065750] NVMeVirt: Init FTL instance with 2 channels (524288 pages)
[43443.065751] NVMeVirt: GC victim policy: cat-fig7 k=10 scale_pct=400 age_ratio=7
[43443.072214] NVMeVirt: [chmodel_init] bandwidth 800 max_credits 26 tx_time 152
[43443.078872] NVMeVirt: [chmodel_init] bandwidth 800 max_credits 26 tx_time 152
[43443.078886] NVMeVirt: [chmodel_init] bandwidth 3360 max_credits 110 tx_time 36
[43443.080141] NVMeVirt: Init FTL instance with 2 channels (524288 pages)
[43443.080142] NVMeVirt: GC victim policy: cat-fig7 k=10 scale_pct=400 age_ratio=7
[43443.080145] NVMeVirt: FTL physical space: 8588886016, logical space: 8026996276 (physical/logical * 100 = 107)
[43443.080146] NVMeVirt: ns 0/1: size 7655 MiB
[43443.080186] PCI host bridge to bus 0001:10
[43443.080188] pci_bus 0001:10: root bus resource [io  0x0000-0xffff]
[43443.080190] pci_bus 0001:10: root bus resource [mem 0x00000000-0x3fffffffffff]
[43443.080192] pci_bus 0001:10: root bus resource [bus 00-ff]
[43443.080198] pci 0001:10:00.0: [0c51:0110] type 00 class 0x010802 PCIe Endpoint
[43443.080201] pci 0001:10:00.0: BAR 0 [mem 0x100000000-0x100003fff 64bit]
[43443.080202] pci 0001:10:00.0: enabling Extended Tags
[43443.080312] NVMeVirt: Virtual PCI bus created (node 0)
[43443.080831] NVMeVirt: nvmev_io_worker_0 started on cpu 2 (node 0)
[43443.080865] NVMeVirt: nvmev_dispatcher started on cpu 1 (node 0)
[43443.081112] nvme nvme1: pci function 0001:10:00.0
[43443.085462] nvme nvme1: 20/0/0 default/read/poll queues
[43443.088729] NVMeVirt: Virtual NVMe device created
[43444.146387] EXT4-fs (nvme1n1): mounted filesystem 77123e6d-0bcd-4bf0-9f0a-2fea16072689 r/w with ordered data mode. Quota mode: none.
[43444.178512] iCAT_SQLITE_LOAD_START run=20260901-133120-118154
[43546.367448] iCAT_SQLITE_LOAD_END run=20260901-133120-118154
[43546.773790] sh (118753): drop_caches: 3
[43546.809100] iCAT_SQLITE_RUN_START run=20260901-133120-118154
[43550.414172] sh (118755): drop_caches: 3
[43554.464271] sh (118755): drop_caches: 3
[43558.514514] sh (118755): drop_caches: 3
[43562.567453] sh (118755): drop_caches: 3
[43566.619459] sh (118755): drop_caches: 3
[43570.672114] sh (118755): drop_caches: 3
[43574.726299] sh (118755): drop_caches: 3
[43578.774370] sh (118755): drop_caches: 3
[43582.828152] sh (118755): drop_caches: 3
[43586.883698] sh (118755): drop_caches: 3
[43590.929266] sh (118755): drop_caches: 3
[43594.981063] sh (118755): drop_caches: 3
[43599.030107] sh (118755): drop_caches: 3
[43603.080379] sh (118755): drop_caches: 3
[43607.128258] sh (118755): drop_caches: 3
[43611.181572] sh (118755): drop_caches: 3
[43615.232667] sh (118755): drop_caches: 3
[43619.275696] sh (118755): drop_caches: 3
[43623.320815] sh (118755): drop_caches: 3
[43627.369706] sh (118755): drop_caches: 3
[43631.416849] sh (118755): drop_caches: 3
[43635.468878] sh (118755): drop_caches: 3
[43639.520135] sh (118755): drop_caches: 3
[43643.568356] sh (118755): drop_caches: 3
[43647.623024] sh (118755): drop_caches: 3
[43651.674561] sh (118755): drop_caches: 3
[43655.728262] sh (118755): drop_caches: 3
[43659.782300] sh (118755): drop_caches: 3
[43663.837193] sh (118755): drop_caches: 3
[43667.886663] sh (118755): drop_caches: 3
[43671.939758] sh (118755): drop_caches: 3
[43675.988198] sh (118755): drop_caches: 3
[43680.041523] sh (118755): drop_caches: 3
[43684.092047] sh (118755): drop_caches: 3
[43688.143912] sh (118755): drop_caches: 3
[43692.197825] sh (118755): drop_caches: 3
[43696.247920] sh (118755): drop_caches: 3
[43700.300108] sh (118755): drop_caches: 3
[43704.346636] sh (118755): drop_caches: 3
[43708.390401] sh (118755): drop_caches: 3
[43712.443334] sh (118755): drop_caches: 3
[43716.498196] sh (118755): drop_caches: 3
[43720.550072] sh (118755): drop_caches: 3
[43724.597023] sh (118755): drop_caches: 3
[43728.645268] sh (118755): drop_caches: 3
[43732.697146] sh (118755): drop_caches: 3
[43736.751176] sh (118755): drop_caches: 3
[43740.806127] sh (118755): drop_caches: 3
[43744.856837] sh (118755): drop_caches: 3
[43748.909569] sh (118755): drop_caches: 3
[43752.959015] sh (118755): drop_caches: 3
[43757.012523] sh (118755): drop_caches: 3
[43761.059442] sh (118755): drop_caches: 3
[43765.103536] sh (118755): drop_caches: 3
[43769.155205] sh (118755): drop_caches: 3
[43773.199267] sh (118755): drop_caches: 3
[43777.251132] sh (118755): drop_caches: 3
[43781.303141] sh (118755): drop_caches: 3
[43785.355284] sh (118755): drop_caches: 3
[43789.405368] sh (118755): drop_caches: 3
[43793.457073] sh (118755): drop_caches: 3
[43797.506299] sh (118755): drop_caches: 3
[43801.562685] sh (118755): drop_caches: 3
[43805.614892] sh (118755): drop_caches: 3
[43809.668025] sh (118755): drop_caches: 3
[43813.719671] sh (118755): drop_caches: 3
[43817.763641] sh (118755): drop_caches: 3
[43821.814105] sh (118755): drop_caches: 3
[43825.863984] sh (118755): drop_caches: 3
[43829.915916] sh (118755): drop_caches: 3
[43833.967480] sh (118755): drop_caches: 3
[43838.019000] sh (118755): drop_caches: 3
[43842.069874] sh (118755): drop_caches: 3
[43846.114390] sh (118755): drop_caches: 3
[43850.165853] sh (118755): drop_caches: 3
[43854.220268] sh (118755): drop_caches: 3
[43858.260295] sh (118755): drop_caches: 3
[43862.316266] sh (118755): drop_caches: 3
[43866.365773] sh (118755): drop_caches: 3
[43870.418514] sh (118755): drop_caches: 3
[43874.473564] sh (118755): drop_caches: 3
[43878.524906] sh (118755): drop_caches: 3
[43882.577386] sh (118755): drop_caches: 3
[43886.627168] sh (118755): drop_caches: 3
[43890.675321] sh (118755): drop_caches: 3
[43894.728734] sh (118755): drop_caches: 3
[43898.780099] sh (118755): drop_caches: 3
[43902.830272] sh (118755): drop_caches: 3
[43906.886447] sh (118755): drop_caches: 3
[43910.938830] sh (118755): drop_caches: 3
[43914.990091] sh (118755): drop_caches: 3
[43919.039576] sh (118755): drop_caches: 3
[43923.090731] sh (118755): drop_caches: 3
[43927.138758] sh (118755): drop_caches: 3
[43931.189974] sh (118755): drop_caches: 3
[43935.243943] sh (118755): drop_caches: 3
[43939.297220] sh (118755): drop_caches: 3
[43943.347480] sh (118755): drop_caches: 3
[43947.390545] sh (118755): drop_caches: 3
[43951.441790] sh (118755): drop_caches: 3
[43955.491142] sh (118755): drop_caches: 3
[43959.544386] sh (118755): drop_caches: 3
[43963.592900] sh (118755): drop_caches: 3
[43967.636839] sh (118755): drop_caches: 3
[43971.689276] sh (118755): drop_caches: 3
[43975.742120] sh (118755): drop_caches: 3
[43979.790696] sh (118755): drop_caches: 3
[43983.839055] sh (118755): drop_caches: 3
[43987.893010] sh (118755): drop_caches: 3
[43991.944675] sh (118755): drop_caches: 3
[43995.989172] sh (118755): drop_caches: 3
[44000.044080] sh (118755): drop_caches: 3
[44004.094823] sh (118755): drop_caches: 3
[44008.146999] sh (118755): drop_caches: 3
[44012.194758] sh (118755): drop_caches: 3
[44016.241871] sh (118755): drop_caches: 3
[44020.289486] sh (118755): drop_caches: 3
[44024.338835] sh (118755): drop_caches: 3
[44028.382346] sh (118755): drop_caches: 3
[44032.435247] sh (118755): drop_caches: 3
[44036.482901] sh (118755): drop_caches: 3
[44040.534392] sh (118755): drop_caches: 3
[44044.587185] sh (118755): drop_caches: 3
[44048.635809] sh (118755): drop_caches: 3
[44052.689006] sh (118755): drop_caches: 3
[44056.743087] sh (118755): drop_caches: 3
[44060.793046] sh (118755): drop_caches: 3
[44064.835884] sh (118755): drop_caches: 3
[44068.886839] sh (118755): drop_caches: 3
[44072.937938] sh (118755): drop_caches: 3
[44076.990292] sh (118755): drop_caches: 3
[44081.043090] sh (118755): drop_caches: 3
[44085.098851] sh (118755): drop_caches: 3
[44089.150821] sh (118755): drop_caches: 3
[44093.195263] sh (118755): drop_caches: 3
[44097.239125] sh (118755): drop_caches: 3
[44101.290039] sh (118755): drop_caches: 3
[44105.339458] sh (118755): drop_caches: 3
[44109.389559] sh (118755): drop_caches: 3
[44113.444062] sh (118755): drop_caches: 3
[44117.496112] sh (118755): drop_caches: 3
[44121.549178] sh (118755): drop_caches: 3
[44125.594786] sh (118755): drop_caches: 3
[44129.645214] sh (118755): drop_caches: 3
[44133.697251] sh (118755): drop_caches: 3
[44137.744564] sh (118755): drop_caches: 3
[44141.795061] sh (118755): drop_caches: 3
[44145.848346] sh (118755): drop_caches: 3
[44149.899873] sh (118755): drop_caches: 3
[44153.948930] sh (118755): drop_caches: 3
[44158.004080] sh (118755): drop_caches: 3
[44162.058512] sh (118755): drop_caches: 3
[44166.112082] sh (118755): drop_caches: 3
[44170.165052] sh (118755): drop_caches: 3
[44174.215719] sh (118755): drop_caches: 3
[44178.255976] sh (118755): drop_caches: 3
[44182.280681] sh (118755): drop_caches: 3
[44182.331999] iCAT_SQLITE_RUN_END run=20260901-133120-118154
[44182.353401] EXT4-fs (nvme1n1): unmounting filesystem 77123e6d-0bcd-4bf0-9f0a-2fea16072689.
[44182.427364] pci_bus 0001:10: busn_res: [bus 10-ff] is released
[44182.427412] NVMeVirt: GC stats: policy=cat-fig7 host_pages=14694581 gc_pages=2854022 gc_count=274190 WAF=1.194 k=10 scale_pct=400 age_ratio=7
[44182.499847] NVMeVirt: Virtual NVMe device closed
