[15506.864531] NVMeVirt: Version 1.10 for >> Samsung 970 Pro SSD <<
[15506.864539] NVMeVirt: Storage: 0x100100000-0x300000000 (8191 MiB)
[15506.871609] NVMeVirt: Total Capacity(GiB,MiB)=2,2048 chs=2 luns=4 lines=8192 blk-size(MiB,KiB)=0,64 line-size(MiB,KiB)=0,256
[15506.881686] NVMeVirt: [chmodel_init] bandwidth 800 max_credits 26 tx_time 152
[15506.888289] NVMeVirt: [chmodel_init] bandwidth 800 max_credits 26 tx_time 152
[15506.888307] NVMeVirt: [chmodel_init] bandwidth 3360 max_credits 110 tx_time 36
[15506.889524] NVMeVirt: pqueue: Copyright (c) 2014, Volkan Yazıcı <volkan.yazici@gmail.com>. All rights reserved.
[15506.889560] NVMeVirt: Init FTL instance with 2 channels (524288 pages)
[15506.889561] NVMeVirt: GC victim policy: cat-fig7 k=4 scale_pct=50 age_ratio=16
[15506.896034] NVMeVirt: [chmodel_init] bandwidth 800 max_credits 26 tx_time 152
[15506.902432] NVMeVirt: [chmodel_init] bandwidth 800 max_credits 26 tx_time 152
[15506.902446] NVMeVirt: [chmodel_init] bandwidth 3360 max_credits 110 tx_time 36
[15506.903677] NVMeVirt: Init FTL instance with 2 channels (524288 pages)
[15506.903678] NVMeVirt: GC victim policy: cat-fig7 k=4 scale_pct=50 age_ratio=16
[15506.910106] NVMeVirt: [chmodel_init] bandwidth 800 max_credits 26 tx_time 152
[15506.916586] NVMeVirt: [chmodel_init] bandwidth 800 max_credits 26 tx_time 152
[15506.916600] NVMeVirt: [chmodel_init] bandwidth 3360 max_credits 110 tx_time 36
[15506.917856] NVMeVirt: Init FTL instance with 2 channels (524288 pages)
[15506.917857] NVMeVirt: GC victim policy: cat-fig7 k=4 scale_pct=50 age_ratio=16
[15506.924268] NVMeVirt: [chmodel_init] bandwidth 800 max_credits 26 tx_time 152
[15506.930662] NVMeVirt: [chmodel_init] bandwidth 800 max_credits 26 tx_time 152
[15506.930676] NVMeVirt: [chmodel_init] bandwidth 3360 max_credits 110 tx_time 36
[15506.931920] NVMeVirt: Init FTL instance with 2 channels (524288 pages)
[15506.931921] NVMeVirt: GC victim policy: cat-fig7 k=4 scale_pct=50 age_ratio=16
[15506.931925] NVMeVirt: FTL physical space: 8588886016, logical space: 8026996276 (physical/logical * 100 = 107)
[15506.931926] NVMeVirt: ns 0/1: size 7655 MiB
[15506.931967] PCI host bridge to bus 0001:10
[15506.931969] pci_bus 0001:10: root bus resource [io  0x0000-0xffff]
[15506.931971] pci_bus 0001:10: root bus resource [mem 0x00000000-0x3fffffffffff]
[15506.931973] pci_bus 0001:10: root bus resource [bus 00-ff]
[15506.931980] pci 0001:10:00.0: [0c51:0110] type 00 class 0x010802 PCIe Endpoint
[15506.931984] pci 0001:10:00.0: BAR 0 [mem 0x100000000-0x100003fff 64bit]
[15506.931986] pci 0001:10:00.0: enabling Extended Tags
[15506.932113] NVMeVirt: Virtual PCI bus created (node 0)
[15506.932707] NVMeVirt: nvmev_io_worker_0 started on cpu 2 (node 0)
[15506.932735] NVMeVirt: nvmev_dispatcher started on cpu 1 (node 0)
[15506.932867] nvme nvme1: pci function 0001:10:00.0
[15506.937442] nvme nvme1: 20/0/0 default/read/poll queues
[15506.940621] NVMeVirt: Virtual NVMe device created
[15508.003734] EXT4-fs (nvme1n1): mounted filesystem ca6eb806-ddc6-4a0b-bd53-e13a04b10a1c r/w with ordered data mode. Quota mode: none.
[15508.031989] iCAT_SQLITE_LOAD_START run=20260901-054544-38372
[15608.089968] iCAT_SQLITE_LOAD_END run=20260901-054544-38372
[15608.498099] sh (38500): drop_caches: 3
[15608.529332] iCAT_SQLITE_RUN_START run=20260901-054544-38372
[15612.133062] sh (38499): drop_caches: 3
[15616.180902] sh (38499): drop_caches: 3
[15620.231874] sh (38499): drop_caches: 3
[15624.280027] sh (38499): drop_caches: 3
[15628.334208] sh (38499): drop_caches: 3
[15632.385414] sh (38499): drop_caches: 3
[15636.433869] sh (38499): drop_caches: 3
[15640.484899] sh (38499): drop_caches: 3
[15644.537024] sh (38499): drop_caches: 3
[15648.586643] sh (38499): drop_caches: 3
[15652.632928] sh (38499): drop_caches: 3
[15656.685459] sh (38499): drop_caches: 3
[15660.732325] sh (38499): drop_caches: 3
[15664.783649] sh (38499): drop_caches: 3
[15668.837099] sh (38499): drop_caches: 3
[15672.887296] sh (38499): drop_caches: 3
[15676.930781] sh (38499): drop_caches: 3
[15680.983153] sh (38499): drop_caches: 3
[15685.036327] sh (38499): drop_caches: 3
[15689.087862] sh (38499): drop_caches: 3
[15693.142775] sh (38499): drop_caches: 3
[15697.194155] sh (38499): drop_caches: 3
[15701.245499] sh (38499): drop_caches: 3
[15705.295640] sh (38499): drop_caches: 3
[15709.346572] sh (38499): drop_caches: 3
[15713.396851] sh (38499): drop_caches: 3
[15717.447549] sh (38499): drop_caches: 3
[15721.498412] sh (38499): drop_caches: 3
[15725.547824] sh (38499): drop_caches: 3
[15729.602812] sh (38499): drop_caches: 3
[15733.653445] sh (38499): drop_caches: 3
[15737.705136] sh (38499): drop_caches: 3
[15741.752017] sh (38499): drop_caches: 3
[15745.802990] sh (38499): drop_caches: 3
[15749.854596] sh (38499): drop_caches: 3
[15753.907404] sh (38499): drop_caches: 3
[15757.961817] sh (38499): drop_caches: 3
[15762.010172] sh (38499): drop_caches: 3
[15766.057133] sh (38499): drop_caches: 3
[15770.109437] sh (38499): drop_caches: 3
[15774.160733] sh (38499): drop_caches: 3
[15778.209878] sh (38499): drop_caches: 3
[15782.262535] sh (38499): drop_caches: 3
[15786.314066] sh (38499): drop_caches: 3
[15790.367382] sh (38499): drop_caches: 3
[15794.414177] sh (38499): drop_caches: 3
[15798.460167] sh (38499): drop_caches: 3
[15802.509699] sh (38499): drop_caches: 3
[15806.557049] sh (38499): drop_caches: 3
[15810.609264] sh (38499): drop_caches: 3
[15814.659458] sh (38499): drop_caches: 3
[15818.709765] sh (38499): drop_caches: 3
[15822.759925] sh (38499): drop_caches: 3
[15826.809412] sh (38499): drop_caches: 3
[15830.857932] sh (38499): drop_caches: 3
[15834.910075] sh (38499): drop_caches: 3
[15838.959178] sh (38499): drop_caches: 3
[15843.001744] sh (38499): drop_caches: 3
[15847.051995] sh (38499): drop_caches: 3
[15851.102812] sh (38499): drop_caches: 3
[15855.153268] sh (38499): drop_caches: 3
[15859.203276] sh (38499): drop_caches: 3
[15863.250343] sh (38499): drop_caches: 3
[15867.304917] sh (38499): drop_caches: 3
[15871.357310] sh (38499): drop_caches: 3
[15875.404270] sh (38499): drop_caches: 3
[15879.451967] sh (38499): drop_caches: 3
[15883.503949] sh (38499): drop_caches: 3
[15887.551391] sh (38499): drop_caches: 3
[15891.595482] sh (38499): drop_caches: 3
[15895.637648] sh (38499): drop_caches: 3
[15899.690349] sh (38499): drop_caches: 3
[15903.743256] sh (38499): drop_caches: 3
[15907.795902] sh (38499): drop_caches: 3
[15911.848488] sh (38499): drop_caches: 3
[15915.900146] sh (38499): drop_caches: 3
[15919.948157] sh (38499): drop_caches: 3
[15923.994482] sh (38499): drop_caches: 3
[15928.036658] sh (38499): drop_caches: 3
[15932.084723] sh (38499): drop_caches: 3
[15936.133673] sh (38499): drop_caches: 3
[15940.182173] sh (38499): drop_caches: 3
[15944.234639] sh (38499): drop_caches: 3
[15948.283370] sh (38499): drop_caches: 3
[15952.335160] sh (38499): drop_caches: 3
[15956.383271] sh (38499): drop_caches: 3
[15960.430361] sh (38499): drop_caches: 3
[15964.479731] sh (38499): drop_caches: 3
[15968.530993] sh (38499): drop_caches: 3
[15972.579797] sh (38499): drop_caches: 3
[15976.624851] sh (38499): drop_caches: 3
[15980.672045] sh (38499): drop_caches: 3
[15984.720098] sh (38499): drop_caches: 3
[15988.766191] sh (38499): drop_caches: 3
[15992.812149] sh (38499): drop_caches: 3
[15996.859756] sh (38499): drop_caches: 3
[16000.911854] sh (38499): drop_caches: 3
[16004.958827] sh (38499): drop_caches: 3
[16009.006800] sh (38499): drop_caches: 3
[16013.056861] sh (38499): drop_caches: 3
[16017.108461] sh (38499): drop_caches: 3
[16021.155271] sh (38499): drop_caches: 3
[16025.204692] sh (38499): drop_caches: 3
[16029.251993] sh (38499): drop_caches: 3
[16033.300818] sh (38499): drop_caches: 3
[16037.344209] sh (38499): drop_caches: 3
[16041.395934] sh (38499): drop_caches: 3
[16045.444558] sh (38499): drop_caches: 3
[16049.495273] sh (38499): drop_caches: 3
[16053.544850] sh (38499): drop_caches: 3
[16057.596156] sh (38499): drop_caches: 3
[16061.647239] sh (38499): drop_caches: 3
[16065.697090] sh (38499): drop_caches: 3
[16069.747396] sh (38499): drop_caches: 3
[16073.793872] sh (38499): drop_caches: 3
[16077.848232] sh (38499): drop_caches: 3
[16081.896879] sh (38499): drop_caches: 3
[16085.948234] sh (38499): drop_caches: 3
[16089.988710] sh (38499): drop_caches: 3
[16094.038198] sh (38499): drop_caches: 3
[16098.086239] sh (38499): drop_caches: 3
[16102.132701] sh (38499): drop_caches: 3
[16106.178270] sh (38499): drop_caches: 3
[16110.229183] sh (38499): drop_caches: 3
[16114.278667] sh (38499): drop_caches: 3
[16118.335855] sh (38499): drop_caches: 3
[16122.381967] sh (38499): drop_caches: 3
[16126.427099] sh (38499): drop_caches: 3
[16130.473398] sh (38499): drop_caches: 3
[16134.520888] sh (38499): drop_caches: 3
[16138.567580] sh (38499): drop_caches: 3
[16142.617158] sh (38499): drop_caches: 3
[16146.667998] sh (38499): drop_caches: 3
[16150.716330] sh (38499): drop_caches: 3
[16154.766360] sh (38499): drop_caches: 3
[16158.816905] sh (38499): drop_caches: 3
[16162.858818] sh (38499): drop_caches: 3
[16166.906566] sh (38499): drop_caches: 3
[16170.952287] sh (38499): drop_caches: 3
[16175.003197] sh (38499): drop_caches: 3
[16179.051341] sh (38499): drop_caches: 3
[16183.099322] sh (38499): drop_caches: 3
[16187.147035] sh (38499): drop_caches: 3
[16191.195216] sh (38499): drop_caches: 3
[16195.242235] sh (38499): drop_caches: 3
[16199.290181] sh (38499): drop_caches: 3
[16203.334821] sh (38499): drop_caches: 3
[16207.384013] sh (38499): drop_caches: 3
[16211.424751] sh (38499): drop_caches: 3
[16215.469522] sh (38499): drop_caches: 3
[16219.515986] sh (38499): drop_caches: 3
[16223.560262] sh (38499): drop_caches: 3
[16227.601537] sh (38499): drop_caches: 3
[16231.640664] sh (38499): drop_caches: 3
[16235.663618] sh (38499): drop_caches: 3
[16235.713917] iCAT_SQLITE_RUN_END run=20260901-054544-38372
[16235.734308] EXT4-fs (nvme1n1): unmounting filesystem ca6eb806-ddc6-4a0b-bd53-e13a04b10a1c.
[16235.808558] pci_bus 0001:10: busn_res: [bus 10-ff] is released
[16235.808590] NVMeVirt: GC stats: policy=cat-fig7 host_pages=14691405 gc_pages=1233890 gc_count=248826 WAF=1.083 k=4 scale_pct=50 age_ratio=16
[16235.871786] NVMeVirt: Virtual NVMe device closed
