[ 3014.461250] NVMeVirt: Version 1.10 for >> Samsung 970 Pro SSD <<
[ 3014.461258] NVMeVirt: Storage: 0x100100000-0x300000000 (8191 MiB)
[ 3014.468282] NVMeVirt: Total Capacity(GiB,MiB)=2,2048 chs=2 luns=4 lines=8192 blk-size(MiB,KiB)=0,64 line-size(MiB,KiB)=0,256
[ 3014.479283] NVMeVirt: [chmodel_init] bandwidth 800 max_credits 26 tx_time 152
[ 3014.485773] NVMeVirt: [chmodel_init] bandwidth 800 max_credits 26 tx_time 152
[ 3014.485788] NVMeVirt: [chmodel_init] bandwidth 3360 max_credits 110 tx_time 36
[ 3014.487011] NVMeVirt: pqueue: Copyright (c) 2014, Volkan Yazıcı <volkan.yazici@gmail.com>. All rights reserved.
[ 3014.487045] NVMeVirt: Init FTL instance with 2 channels (524288 pages)
[ 3014.487046] NVMeVirt: GC victim policy: cat-fig7 k=2 scale_pct=50 age_ratio=4
[ 3014.493427] NVMeVirt: [chmodel_init] bandwidth 800 max_credits 26 tx_time 152
[ 3014.499842] NVMeVirt: [chmodel_init] bandwidth 800 max_credits 26 tx_time 152
[ 3014.499855] NVMeVirt: [chmodel_init] bandwidth 3360 max_credits 110 tx_time 36
[ 3014.501107] NVMeVirt: Init FTL instance with 2 channels (524288 pages)
[ 3014.501108] NVMeVirt: GC victim policy: cat-fig7 k=2 scale_pct=50 age_ratio=4
[ 3014.507537] NVMeVirt: [chmodel_init] bandwidth 800 max_credits 26 tx_time 152
[ 3014.513957] NVMeVirt: [chmodel_init] bandwidth 800 max_credits 26 tx_time 152
[ 3014.513971] NVMeVirt: [chmodel_init] bandwidth 3360 max_credits 110 tx_time 36
[ 3014.515238] NVMeVirt: Init FTL instance with 2 channels (524288 pages)
[ 3014.515239] NVMeVirt: GC victim policy: cat-fig7 k=2 scale_pct=50 age_ratio=4
[ 3014.521607] NVMeVirt: [chmodel_init] bandwidth 800 max_credits 26 tx_time 152
[ 3014.527997] NVMeVirt: [chmodel_init] bandwidth 800 max_credits 26 tx_time 152
[ 3014.528011] NVMeVirt: [chmodel_init] bandwidth 3360 max_credits 110 tx_time 36
[ 3014.529251] NVMeVirt: Init FTL instance with 2 channels (524288 pages)
[ 3014.529251] NVMeVirt: GC victim policy: cat-fig7 k=2 scale_pct=50 age_ratio=4
[ 3014.529255] NVMeVirt: FTL physical space: 8588886016, logical space: 8026996276 (physical/logical * 100 = 107)
[ 3014.529257] NVMeVirt: ns 0/1: size 7655 MiB
[ 3014.529295] PCI host bridge to bus 0001:10
[ 3014.529296] pci_bus 0001:10: root bus resource [io  0x0000-0xffff]
[ 3014.529298] pci_bus 0001:10: root bus resource [mem 0x00000000-0x3fffffffffff]
[ 3014.529300] pci_bus 0001:10: root bus resource [bus 00-ff]
[ 3014.529305] pci 0001:10:00.0: [0c51:0110] type 00 class 0x010802 PCIe Endpoint
[ 3014.529308] pci 0001:10:00.0: BAR 0 [mem 0x100000000-0x100003fff 64bit]
[ 3014.529310] pci 0001:10:00.0: enabling Extended Tags
[ 3014.529417] NVMeVirt: Virtual PCI bus created (node 0)
[ 3014.529926] NVMeVirt: nvmev_dispatcher started on cpu 1 (node 0)
[ 3014.529933] NVMeVirt: nvmev_io_worker_0 started on cpu 2 (node 0)
[ 3014.530141] nvme nvme1: pci function 0001:10:00.0
[ 3014.534576] nvme nvme1: 20/0/0 default/read/poll queues
[ 3014.537975] NVMeVirt: Virtual NVMe device created
[ 3015.599781] EXT4-fs (nvme1n1): mounted filesystem cdb5dc2e-50bf-44ab-b2c8-e79ca572e812 r/w with ordered data mode. Quota mode: none.
[ 3015.630801] iCAT_SQLITE_LOAD_START run=20260901-021731-31043
[ 3114.806208] iCAT_SQLITE_LOAD_END run=20260901-021731-31043
[ 3115.229136] sh (31175): drop_caches: 3
[ 3115.254179] iCAT_SQLITE_RUN_START run=20260901-021731-31043
[ 3118.853696] sh (31174): drop_caches: 3
[ 3122.904846] sh (31174): drop_caches: 3
[ 3126.955859] sh (31174): drop_caches: 3
[ 3131.002642] sh (31174): drop_caches: 3
[ 3135.049547] sh (31174): drop_caches: 3
[ 3139.102193] sh (31174): drop_caches: 3
[ 3143.153146] sh (31174): drop_caches: 3
[ 3147.194355] sh (31174): drop_caches: 3
[ 3151.242087] sh (31174): drop_caches: 3
[ 3155.294629] sh (31174): drop_caches: 3
[ 3159.338383] sh (31174): drop_caches: 3
[ 3163.385894] sh (31174): drop_caches: 3
[ 3167.436802] sh (31174): drop_caches: 3
[ 3171.485362] sh (31174): drop_caches: 3
[ 3175.528791] sh (31174): drop_caches: 3
[ 3179.575098] sh (31174): drop_caches: 3
[ 3183.626352] sh (31174): drop_caches: 3
[ 3187.676639] sh (31174): drop_caches: 3
[ 3191.724741] sh (31174): drop_caches: 3
[ 3195.771816] sh (31174): drop_caches: 3
[ 3199.823346] sh (31174): drop_caches: 3
[ 3203.872836] sh (31174): drop_caches: 3
[ 3207.922038] sh (31174): drop_caches: 3
[ 3211.969543] sh (31174): drop_caches: 3
[ 3216.018929] sh (31174): drop_caches: 3
[ 3220.069449] sh (31174): drop_caches: 3
[ 3224.114179] sh (31174): drop_caches: 3
[ 3228.164719] sh (31174): drop_caches: 3
[ 3232.213993] sh (31174): drop_caches: 3
[ 3236.255116] sh (31174): drop_caches: 3
[ 3240.303250] sh (31174): drop_caches: 3
[ 3244.352104] sh (31174): drop_caches: 3
[ 3248.400164] sh (31174): drop_caches: 3
[ 3252.452139] sh (31174): drop_caches: 3
[ 3256.506285] sh (31174): drop_caches: 3
[ 3260.556115] sh (31174): drop_caches: 3
[ 3264.603706] sh (31174): drop_caches: 3
[ 3268.651534] sh (31174): drop_caches: 3
[ 3272.696016] sh (31174): drop_caches: 3
[ 3276.740788] sh (31174): drop_caches: 3
[ 3280.790604] sh (31174): drop_caches: 3
[ 3284.832251] sh (31174): drop_caches: 3
[ 3288.882051] sh (31174): drop_caches: 3
[ 3292.934798] sh (31174): drop_caches: 3
[ 3296.987933] sh (31174): drop_caches: 3
[ 3301.040100] sh (31174): drop_caches: 3
[ 3305.091297] sh (31174): drop_caches: 3
[ 3309.139201] sh (31174): drop_caches: 3
[ 3313.192330] sh (31174): drop_caches: 3
[ 3317.242245] sh (31174): drop_caches: 3
[ 3321.283025] sh (31174): drop_caches: 3
[ 3325.332674] sh (31174): drop_caches: 3
[ 3329.382275] sh (31174): drop_caches: 3
[ 3333.432704] sh (31174): drop_caches: 3
[ 3337.479289] sh (31174): drop_caches: 3
[ 3341.525587] sh (31174): drop_caches: 3
[ 3345.574678] sh (31174): drop_caches: 3
[ 3349.618429] sh (31174): drop_caches: 3
[ 3353.667653] sh (31174): drop_caches: 3
[ 3357.716009] sh (31174): drop_caches: 3
[ 3361.765338] sh (31174): drop_caches: 3
[ 3365.812476] sh (31174): drop_caches: 3
[ 3369.862764] sh (31174): drop_caches: 3
[ 3373.920770] sh (31174): drop_caches: 3
[ 3377.969715] sh (31174): drop_caches: 3
[ 3382.018733] sh (31174): drop_caches: 3
[ 3386.061631] sh (31174): drop_caches: 3
[ 3390.111828] sh (31174): drop_caches: 3
[ 3394.153549] sh (31174): drop_caches: 3
[ 3398.204811] sh (31174): drop_caches: 3
[ 3402.254710] sh (31174): drop_caches: 3
[ 3406.301037] sh (31174): drop_caches: 3
[ 3410.351489] sh (31174): drop_caches: 3
[ 3414.399428] sh (31174): drop_caches: 3
[ 3418.447374] sh (31174): drop_caches: 3
[ 3422.496927] sh (31174): drop_caches: 3
[ 3426.546619] sh (31174): drop_caches: 3
[ 3430.593543] sh (31174): drop_caches: 3
[ 3434.646002] sh (31174): drop_caches: 3
[ 3438.693014] sh (31174): drop_caches: 3
[ 3442.744693] sh (31174): drop_caches: 3
[ 3446.792293] sh (31174): drop_caches: 3
[ 3450.840565] sh (31174): drop_caches: 3
[ 3454.891025] sh (31174): drop_caches: 3
[ 3458.938277] sh (31174): drop_caches: 3
[ 3462.988794] sh (31174): drop_caches: 3
[ 3467.036614] sh (31174): drop_caches: 3
[ 3471.086039] sh (31174): drop_caches: 3
[ 3475.130374] sh (31174): drop_caches: 3
[ 3479.182268] sh (31174): drop_caches: 3
[ 3483.234836] sh (31174): drop_caches: 3
[ 3487.284708] sh (31174): drop_caches: 3
[ 3491.333575] sh (31174): drop_caches: 3
[ 3495.381634] sh (31174): drop_caches: 3
[ 3499.434053] sh (31174): drop_caches: 3
[ 3503.485205] sh (31174): drop_caches: 3
[ 3507.534021] sh (31174): drop_caches: 3
[ 3511.584719] sh (31174): drop_caches: 3
[ 3515.635663] sh (31174): drop_caches: 3
[ 3519.687354] sh (31174): drop_caches: 3
[ 3523.733113] sh (31174): drop_caches: 3
[ 3527.782685] sh (31174): drop_caches: 3
[ 3531.830813] sh (31174): drop_caches: 3
[ 3535.878905] sh (31174): drop_caches: 3
[ 3539.924439] sh (31174): drop_caches: 3
[ 3543.975694] sh (31174): drop_caches: 3
[ 3548.027071] sh (31174): drop_caches: 3
[ 3552.080063] sh (31174): drop_caches: 3
[ 3556.126954] sh (31174): drop_caches: 3
[ 3560.172085] sh (31174): drop_caches: 3
[ 3564.220620] sh (31174): drop_caches: 3
[ 3568.273875] sh (31174): drop_caches: 3
[ 3572.324775] sh (31174): drop_caches: 3
[ 3576.372415] sh (31174): drop_caches: 3
[ 3580.422784] sh (31174): drop_caches: 3
[ 3584.474433] sh (31174): drop_caches: 3
[ 3588.524061] sh (31174): drop_caches: 3
[ 3592.573395] sh (31174): drop_caches: 3
[ 3596.622572] sh (31174): drop_caches: 3
[ 3600.674365] sh (31174): drop_caches: 3
[ 3604.717334] sh (31174): drop_caches: 3
[ 3608.769056] sh (31174): drop_caches: 3
[ 3612.821270] sh (31174): drop_caches: 3
[ 3616.871854] sh (31174): drop_caches: 3
[ 3620.913756] sh (31174): drop_caches: 3
[ 3624.963769] sh (31174): drop_caches: 3
[ 3629.014829] sh (31174): drop_caches: 3
[ 3633.062275] sh (31174): drop_caches: 3
[ 3637.113699] sh (31174): drop_caches: 3
[ 3641.164041] sh (31174): drop_caches: 3
[ 3645.214244] sh (31174): drop_caches: 3
[ 3649.264609] sh (31174): drop_caches: 3
[ 3653.315278] sh (31174): drop_caches: 3
[ 3657.365514] sh (31174): drop_caches: 3
[ 3661.407090] sh (31174): drop_caches: 3
[ 3665.455454] sh (31174): drop_caches: 3
[ 3669.500268] sh (31174): drop_caches: 3
[ 3673.546672] sh (31174): drop_caches: 3
[ 3677.599702] sh (31174): drop_caches: 3
[ 3681.653127] sh (31174): drop_caches: 3
[ 3685.701600] sh (31174): drop_caches: 3
[ 3689.751705] sh (31174): drop_caches: 3
[ 3693.805526] sh (31174): drop_caches: 3
[ 3697.854823] sh (31174): drop_caches: 3
[ 3701.906561] sh (31174): drop_caches: 3
[ 3705.953106] sh (31174): drop_caches: 3
[ 3710.003692] sh (31174): drop_caches: 3
[ 3714.045539] sh (31174): drop_caches: 3
[ 3718.089951] sh (31174): drop_caches: 3
[ 3722.139196] sh (31174): drop_caches: 3
[ 3726.187159] sh (31174): drop_caches: 3
[ 3730.237288] sh (31174): drop_caches: 3
[ 3734.288735] sh (31174): drop_caches: 3
[ 3738.336554] sh (31174): drop_caches: 3
[ 3742.384667] sh (31174): drop_caches: 3
[ 3746.432506] sh (31174): drop_caches: 3
[ 3750.462432] sh (31174): drop_caches: 3
[ 3750.502930] iCAT_SQLITE_RUN_END run=20260901-021731-31043
[ 3750.522237] EXT4-fs (nvme1n1): unmounting filesystem cdb5dc2e-50bf-44ab-b2c8-e79ca572e812.
[ 3750.600452] pci_bus 0001:10: busn_res: [bus 10-ff] is released
[ 3750.600483] NVMeVirt: GC stats: policy=cat-fig7 host_pages=14703027 gc_pages=3911499 gc_count=290845 WAF=1.266 k=2 scale_pct=50 age_ratio=4
[ 3750.663032] NVMeVirt: Virtual NVMe device closed
