[18425.624596] NVMeVirt: Version 1.10 for >> Samsung 970 Pro SSD <<
[18425.624604] NVMeVirt: Storage: 0x100100000-0x300000000 (8191 MiB)
[18425.631721] NVMeVirt: Total Capacity(GiB,MiB)=2,2048 chs=2 luns=4 lines=8192 blk-size(MiB,KiB)=0,64 line-size(MiB,KiB)=0,256
[18425.645639] NVMeVirt: [chmodel_init] bandwidth 800 max_credits 26 tx_time 152
[18425.653134] NVMeVirt: [chmodel_init] bandwidth 800 max_credits 26 tx_time 152
[18425.653148] NVMeVirt: [chmodel_init] bandwidth 3360 max_credits 110 tx_time 36
[18425.654438] NVMeVirt: pqueue: Copyright (c) 2014, Volkan Yazıcı <volkan.yazici@gmail.com>. All rights reserved.
[18425.654474] NVMeVirt: Init FTL instance with 2 channels (524288 pages)
[18425.654475] NVMeVirt: GC victim policy: cat-fig7 k=4 scale_pct=200 age_ratio=4
[18425.661088] NVMeVirt: [chmodel_init] bandwidth 800 max_credits 26 tx_time 152
[18425.667620] NVMeVirt: [chmodel_init] bandwidth 800 max_credits 26 tx_time 152
[18425.667634] NVMeVirt: [chmodel_init] bandwidth 3360 max_credits 110 tx_time 36
[18425.668884] NVMeVirt: Init FTL instance with 2 channels (524288 pages)
[18425.668885] NVMeVirt: GC victim policy: cat-fig7 k=4 scale_pct=200 age_ratio=4
[18425.675354] NVMeVirt: [chmodel_init] bandwidth 800 max_credits 26 tx_time 152
[18425.681826] NVMeVirt: [chmodel_init] bandwidth 800 max_credits 26 tx_time 152
[18425.681839] NVMeVirt: [chmodel_init] bandwidth 3360 max_credits 110 tx_time 36
[18425.683211] NVMeVirt: Init FTL instance with 2 channels (524288 pages)
[18425.683214] NVMeVirt: GC victim policy: cat-fig7 k=4 scale_pct=200 age_ratio=4
[18425.689682] NVMeVirt: [chmodel_init] bandwidth 800 max_credits 26 tx_time 152
[18425.696132] NVMeVirt: [chmodel_init] bandwidth 800 max_credits 26 tx_time 152
[18425.696146] NVMeVirt: [chmodel_init] bandwidth 3360 max_credits 110 tx_time 36
[18425.697382] NVMeVirt: Init FTL instance with 2 channels (524288 pages)
[18425.697383] NVMeVirt: GC victim policy: cat-fig7 k=4 scale_pct=200 age_ratio=4
[18425.697387] NVMeVirt: FTL physical space: 8588886016, logical space: 8026996276 (physical/logical * 100 = 107)
[18425.697388] NVMeVirt: ns 0/1: size 7655 MiB
[18425.697429] PCI host bridge to bus 0001:10
[18425.697430] pci_bus 0001:10: root bus resource [io  0x0000-0xffff]
[18425.697432] pci_bus 0001:10: root bus resource [mem 0x00000000-0x3fffffffffff]
[18425.697434] pci_bus 0001:10: root bus resource [bus 00-ff]
[18425.697439] pci 0001:10:00.0: [0c51:0110] type 00 class 0x010802 PCIe Endpoint
[18425.697442] pci 0001:10:00.0: BAR 0 [mem 0x100000000-0x100003fff 64bit]
[18425.697444] pci 0001:10:00.0: enabling Extended Tags
[18425.697553] NVMeVirt: Virtual PCI bus created (node 0)
[18425.697913] NVMeVirt: nvmev_io_worker_0 started on cpu 2 (node 0)
[18425.698112] NVMeVirt: nvmev_dispatcher started on cpu 1 (node 0)
[18425.698425] nvme nvme1: pci function 0001:10:00.0
[18425.700913] nvme nvme1: 20/0/0 default/read/poll queues
[18425.703479] NVMeVirt: Virtual NVMe device created
[18426.764478] EXT4-fs (nvme1n1): mounted filesystem 56f93ed7-2321-4ce9-875c-43fedbaf0fc7 r/w with ordered data mode. Quota mode: none.
[18426.793945] iCAT_SQLITE_LOAD_START run=20260901-063423-39991
[18525.920947] iCAT_SQLITE_LOAD_END run=20260901-063423-39991
[18526.369844] sh (40125): drop_caches: 3
[18526.396741] iCAT_SQLITE_RUN_START run=20260901-063423-39991
[18529.962578] sh (40124): drop_caches: 3
[18534.009203] sh (40124): drop_caches: 3
[18538.055173] sh (40124): drop_caches: 3
[18542.103400] sh (40124): drop_caches: 3
[18546.151493] sh (40124): drop_caches: 3
[18550.198287] sh (40124): drop_caches: 3
[18554.245968] sh (40124): drop_caches: 3
[18558.290440] sh (40124): drop_caches: 3
[18562.335891] sh (40124): drop_caches: 3
[18566.379753] sh (40124): drop_caches: 3
[18570.424048] sh (40124): drop_caches: 3
[18574.471407] sh (40124): drop_caches: 3
[18578.516563] sh (40124): drop_caches: 3
[18582.562893] sh (40124): drop_caches: 3
[18586.602846] sh (40124): drop_caches: 3
[18590.647101] sh (40124): drop_caches: 3
[18594.693624] sh (40124): drop_caches: 3
[18598.739927] sh (40124): drop_caches: 3
[18602.788313] sh (40124): drop_caches: 3
[18606.836050] sh (40124): drop_caches: 3
[18610.883700] sh (40124): drop_caches: 3
[18614.930471] sh (40124): drop_caches: 3
[18618.977736] sh (40124): drop_caches: 3
[18623.021839] sh (40124): drop_caches: 3
[18627.068407] sh (40124): drop_caches: 3
[18631.112480] sh (40124): drop_caches: 3
[18635.162122] sh (40124): drop_caches: 3
[18639.209089] sh (40124): drop_caches: 3
[18643.256525] sh (40124): drop_caches: 3
[18647.308776] sh (40124): drop_caches: 3
[18651.354251] sh (40124): drop_caches: 3
[18655.414210] sh (40124): drop_caches: 3
[18659.477842] sh (40124): drop_caches: 3
[18663.536162] sh (40124): drop_caches: 3
[18667.598524] sh (40124): drop_caches: 3
[18671.661936] sh (40124): drop_caches: 3
[18675.716682] sh (40124): drop_caches: 3
[18679.779239] sh (40124): drop_caches: 3
[18683.839013] sh (40124): drop_caches: 3
[18687.900745] sh (40124): drop_caches: 3
[18691.962513] sh (40124): drop_caches: 3
[18696.029934] sh (40124): drop_caches: 3
[18700.093945] sh (40124): drop_caches: 3
[18704.149459] sh (40124): drop_caches: 3
[18708.215813] sh (40124): drop_caches: 3
[18712.284036] sh (40124): drop_caches: 3
[18716.349817] sh (40124): drop_caches: 3
[18720.394331] sh (40124): drop_caches: 3
[18724.442369] sh (40124): drop_caches: 3
[18728.490100] sh (40124): drop_caches: 3
[18732.539572] sh (40124): drop_caches: 3
[18736.577862] sh (40124): drop_caches: 3
[18740.615300] sh (40124): drop_caches: 3
[18744.661761] sh (40124): drop_caches: 3
[18748.703572] sh (40124): drop_caches: 3
[18752.750841] sh (40124): drop_caches: 3
[18756.794220] sh (40124): drop_caches: 3
[18760.837694] sh (40124): drop_caches: 3
[18764.885766] sh (40124): drop_caches: 3
[18768.932082] sh (40124): drop_caches: 3
[18772.975587] sh (40124): drop_caches: 3
[18777.022502] sh (40124): drop_caches: 3
[18781.066147] sh (40124): drop_caches: 3
[18785.110443] sh (40124): drop_caches: 3
[18789.153981] sh (40124): drop_caches: 3
[18793.201735] sh (40124): drop_caches: 3
[18797.248344] sh (40124): drop_caches: 3
[18801.294927] sh (40124): drop_caches: 3
[18805.341583] sh (40124): drop_caches: 3
[18809.384888] sh (40124): drop_caches: 3
[18813.428232] sh (40124): drop_caches: 3
[18817.474234] sh (40124): drop_caches: 3
[18821.523584] sh (40124): drop_caches: 3
[18825.570447] sh (40124): drop_caches: 3
[18829.615696] sh (40124): drop_caches: 3
[18833.660989] sh (40124): drop_caches: 3
[18837.704101] sh (40124): drop_caches: 3
[18841.747121] sh (40124): drop_caches: 3
[18845.791052] sh (40124): drop_caches: 3
[18849.833333] sh (40124): drop_caches: 3
[18853.881636] sh (40124): drop_caches: 3
[18857.919792] sh (40124): drop_caches: 3
[18861.961185] sh (40124): drop_caches: 3
[18866.006845] sh (40124): drop_caches: 3
[18870.052834] sh (40124): drop_caches: 3
[18874.098732] sh (40124): drop_caches: 3
[18878.142214] sh (40124): drop_caches: 3
[18882.191573] sh (40124): drop_caches: 3
[18886.238983] sh (40124): drop_caches: 3
[18890.285753] sh (40124): drop_caches: 3
[18894.332690] sh (40124): drop_caches: 3
[18898.377582] sh (40124): drop_caches: 3
[18902.425152] sh (40124): drop_caches: 3
[18906.472260] sh (40124): drop_caches: 3
[18910.519246] sh (40124): drop_caches: 3
[18914.563422] sh (40124): drop_caches: 3
[18918.608941] sh (40124): drop_caches: 3
[18922.653474] sh (40124): drop_caches: 3
[18926.704009] sh (40124): drop_caches: 3
[18930.750133] sh (40124): drop_caches: 3
[18934.790143] sh (40124): drop_caches: 3
[18938.837049] sh (40124): drop_caches: 3
[18942.881078] sh (40124): drop_caches: 3
[18946.928773] sh (40124): drop_caches: 3
[18950.973712] sh (40124): drop_caches: 3
[18955.021805] sh (40124): drop_caches: 3
[18959.064660] sh (40124): drop_caches: 3
[18963.111463] sh (40124): drop_caches: 3
[18967.157504] sh (40124): drop_caches: 3
[18971.204427] sh (40124): drop_caches: 3
[18975.248654] sh (40124): drop_caches: 3
[18979.294470] sh (40124): drop_caches: 3
[18983.337620] sh (40124): drop_caches: 3
[18987.385433] sh (40124): drop_caches: 3
[18991.429372] sh (40124): drop_caches: 3
[18995.475723] sh (40124): drop_caches: 3
[18999.521523] sh (40124): drop_caches: 3
[19003.562368] sh (40124): drop_caches: 3
[19007.605396] sh (40124): drop_caches: 3
[19011.651343] sh (40124): drop_caches: 3
[19015.698451] sh (40124): drop_caches: 3
[19019.745716] sh (40124): drop_caches: 3
[19023.788124] sh (40124): drop_caches: 3
[19027.831041] sh (40124): drop_caches: 3
[19031.876087] sh (40124): drop_caches: 3
[19035.923007] sh (40124): drop_caches: 3
[19039.969968] sh (40124): drop_caches: 3
[19044.016971] sh (40124): drop_caches: 3
[19048.063194] sh (40124): drop_caches: 3
[19052.109381] sh (40124): drop_caches: 3
[19056.156179] sh (40124): drop_caches: 3
[19060.201898] sh (40124): drop_caches: 3
[19064.248382] sh (40124): drop_caches: 3
[19068.292231] sh (40124): drop_caches: 3
[19072.337620] sh (40124): drop_caches: 3
[19076.380718] sh (40124): drop_caches: 3
[19080.426213] sh (40124): drop_caches: 3
[19084.472553] sh (40124): drop_caches: 3
[19088.519839] sh (40124): drop_caches: 3
[19092.558067] sh (40124): drop_caches: 3
[19096.596518] sh (40124): drop_caches: 3
[19100.638064] sh (40124): drop_caches: 3
[19104.681763] sh (40124): drop_caches: 3
[19108.726020] sh (40124): drop_caches: 3
[19112.772809] sh (40124): drop_caches: 3
[19116.822051] sh (40124): drop_caches: 3
[19120.871911] sh (40124): drop_caches: 3
[19124.916060] sh (40124): drop_caches: 3
[19128.963503] sh (40124): drop_caches: 3
[19133.007384] sh (40124): drop_caches: 3
[19137.054087] sh (40124): drop_caches: 3
[19141.097354] sh (40124): drop_caches: 3
[19145.144308] sh (40124): drop_caches: 3
[19149.192233] sh (40124): drop_caches: 3
[19153.235640] sh (40124): drop_caches: 3
[19157.277167] sh (40124): drop_caches: 3
[19157.325507] iCAT_SQLITE_RUN_END run=20260901-063423-39991
[19157.346797] EXT4-fs (nvme1n1): unmounting filesystem 56f93ed7-2321-4ce9-875c-43fedbaf0fc7.
[19157.416194] pci_bus 0001:10: busn_res: [bus 10-ff] is released
[19157.416229] NVMeVirt: GC stats: policy=cat-fig7 host_pages=14695007 gc_pages=3112873 gc_count=278241 WAF=1.211 k=4 scale_pct=200 age_ratio=4
[19157.479787] NVMeVirt: Virtual NVMe device closed
