[37536.994470] NVMeVirt: Version 1.10 for >> Samsung 970 Pro SSD <<
[37536.994476] NVMeVirt: Storage: 0x100100000-0x300000000 (8191 MiB)
[37536.999952] NVMeVirt: Total Capacity(GiB,MiB)=2,2048 chs=2 luns=4 lines=8192 blk-size(MiB,KiB)=0,64 line-size(MiB,KiB)=0,256
[37537.006621] NVMeVirt: [chmodel_init] bandwidth 800 max_credits 26 tx_time 152
[37537.013174] NVMeVirt: [chmodel_init] bandwidth 800 max_credits 26 tx_time 152
[37537.013189] NVMeVirt: [chmodel_init] bandwidth 3360 max_credits 110 tx_time 36
[37537.014445] NVMeVirt: pqueue: Copyright (c) 2014, Volkan Yazıcı <volkan.yazici@gmail.com>. All rights reserved.
[37537.014482] NVMeVirt: Init FTL instance with 2 channels (524288 pages)
[37537.014483] NVMeVirt: GC victim policy: cat-fig7 k=10 scale_pct=50 age_ratio=16
[37537.021076] NVMeVirt: [chmodel_init] bandwidth 800 max_credits 26 tx_time 152
[37537.027486] NVMeVirt: [chmodel_init] bandwidth 800 max_credits 26 tx_time 152
[37537.027500] NVMeVirt: [chmodel_init] bandwidth 3360 max_credits 110 tx_time 36
[37537.028741] NVMeVirt: Init FTL instance with 2 channels (524288 pages)
[37537.028742] NVMeVirt: GC victim policy: cat-fig7 k=10 scale_pct=50 age_ratio=16
[37537.035170] NVMeVirt: [chmodel_init] bandwidth 800 max_credits 26 tx_time 152
[37537.041530] NVMeVirt: [chmodel_init] bandwidth 800 max_credits 26 tx_time 152
[37537.041543] NVMeVirt: [chmodel_init] bandwidth 3360 max_credits 110 tx_time 36
[37537.042801] NVMeVirt: Init FTL instance with 2 channels (524288 pages)
[37537.042803] NVMeVirt: GC victim policy: cat-fig7 k=10 scale_pct=50 age_ratio=16
[37537.049200] NVMeVirt: [chmodel_init] bandwidth 800 max_credits 26 tx_time 152
[37537.055589] NVMeVirt: [chmodel_init] bandwidth 800 max_credits 26 tx_time 152
[37537.055603] NVMeVirt: [chmodel_init] bandwidth 3360 max_credits 110 tx_time 36
[37537.056850] NVMeVirt: Init FTL instance with 2 channels (524288 pages)
[37537.056851] NVMeVirt: GC victim policy: cat-fig7 k=10 scale_pct=50 age_ratio=16
[37537.056855] NVMeVirt: FTL physical space: 8588886016, logical space: 8026996276 (physical/logical * 100 = 107)
[37537.056856] NVMeVirt: ns 0/1: size 7655 MiB
[37537.056898] PCI host bridge to bus 0001:10
[37537.056900] pci_bus 0001:10: root bus resource [io  0x0000-0xffff]
[37537.056902] pci_bus 0001:10: root bus resource [mem 0x00000000-0x3fffffffffff]
[37537.056904] pci_bus 0001:10: root bus resource [bus 00-ff]
[37537.056910] pci 0001:10:00.0: [0c51:0110] type 00 class 0x010802 PCIe Endpoint
[37537.056912] pci 0001:10:00.0: BAR 0 [mem 0x100000000-0x100003fff 64bit]
[37537.056914] pci 0001:10:00.0: enabling Extended Tags
[37537.057022] NVMeVirt: Virtual PCI bus created (node 0)
[37537.057686] NVMeVirt: nvmev_io_worker_0 started on cpu 2 (node 0)
[37537.057802] NVMeVirt: nvmev_dispatcher started on cpu 1 (node 0)
[37537.058001] nvme nvme1: pci function 0001:10:00.0
[37537.062772] nvme nvme1: 20/0/0 default/read/poll queues
[37537.065471] NVMeVirt: Virtual NVMe device created
[37538.121992] EXT4-fs (nvme1n1): mounted filesystem 38ba5f86-c9f1-4678-9410-1f2ff813ecce r/w with ordered data mode. Quota mode: none.
[37538.151476] iCAT_SQLITE_LOAD_START run=20260901-115254-88381
[37644.233140] iCAT_SQLITE_LOAD_END run=20260901-115254-88381
[37644.659585] sh (89001): drop_caches: 3
[37644.686361] iCAT_SQLITE_RUN_START run=20260901-115254-88381
[37648.281761] sh (89002): drop_caches: 3
[37652.334287] sh (89002): drop_caches: 3
[37656.384707] sh (89002): drop_caches: 3
[37660.433296] sh (89002): drop_caches: 3
[37664.484007] sh (89002): drop_caches: 3
[37668.533551] sh (89002): drop_caches: 3
[37672.584446] sh (89002): drop_caches: 3
[37676.638101] sh (89002): drop_caches: 3
[37680.685148] sh (89002): drop_caches: 3
[37684.731121] sh (89002): drop_caches: 3
[37688.782308] sh (89002): drop_caches: 3
[37692.833785] sh (89002): drop_caches: 3
[37696.885775] sh (89002): drop_caches: 3
[37700.928447] sh (89002): drop_caches: 3
[37704.971203] sh (89002): drop_caches: 3
[37709.017201] sh (89002): drop_caches: 3
[37713.065502] sh (89002): drop_caches: 3
[37717.116746] sh (89002): drop_caches: 3
[37721.169072] sh (89002): drop_caches: 3
[37725.219656] sh (89002): drop_caches: 3
[37729.271257] sh (89002): drop_caches: 3
[37733.324791] sh (89002): drop_caches: 3
[37737.372847] sh (89002): drop_caches: 3
[37741.419564] sh (89002): drop_caches: 3
[37745.462748] sh (89002): drop_caches: 3
[37749.516130] sh (89002): drop_caches: 3
[37753.567158] sh (89002): drop_caches: 3
[37757.608762] sh (89002): drop_caches: 3
[37761.658419] sh (89002): drop_caches: 3
[37765.707526] sh (89002): drop_caches: 3
[37769.756425] sh (89002): drop_caches: 3
[37773.801874] sh (89002): drop_caches: 3
[37777.854363] sh (89002): drop_caches: 3
[37781.909633] sh (89002): drop_caches: 3
[37785.957851] sh (89002): drop_caches: 3
[37790.011270] sh (89002): drop_caches: 3
[37794.061315] sh (89002): drop_caches: 3
[37798.106630] sh (89002): drop_caches: 3
[37802.158588] sh (89002): drop_caches: 3
[37806.209923] sh (89002): drop_caches: 3
[37810.262708] sh (89002): drop_caches: 3
[37814.314734] sh (89002): drop_caches: 3
[37818.368495] sh (89002): drop_caches: 3
[37822.418303] sh (89002): drop_caches: 3
[37826.467774] sh (89002): drop_caches: 3
[37830.517049] sh (89002): drop_caches: 3
[37834.567613] sh (89002): drop_caches: 3
[37838.617606] sh (89002): drop_caches: 3
[37842.661872] sh (89002): drop_caches: 3
[37846.713266] sh (89002): drop_caches: 3
[37850.764301] sh (89002): drop_caches: 3
[37854.809820] sh (89002): drop_caches: 3
[37858.861491] sh (89002): drop_caches: 3
[37862.914606] sh (89002): drop_caches: 3
[37866.968583] sh (89002): drop_caches: 3
[37871.017723] sh (89002): drop_caches: 3
[37875.075014] sh (89002): drop_caches: 3
[37879.127560] sh (89002): drop_caches: 3
[37883.173075] sh (89002): drop_caches: 3
[37887.223493] sh (89002): drop_caches: 3
[37891.274059] sh (89002): drop_caches: 3
[37895.328312] sh (89002): drop_caches: 3
[37899.379258] sh (89002): drop_caches: 3
[37903.423607] sh (89002): drop_caches: 3
[37907.480541] sh (89002): drop_caches: 3
[37911.536766] sh (89002): drop_caches: 3
[37915.588211] sh (89002): drop_caches: 3
[37919.642490] sh (89002): drop_caches: 3
[37923.693013] sh (89002): drop_caches: 3
[37927.744695] sh (89002): drop_caches: 3
[37931.795804] sh (89002): drop_caches: 3
[37935.842476] sh (89002): drop_caches: 3
[37939.895735] sh (89002): drop_caches: 3
[37943.944708] sh (89002): drop_caches: 3
[37947.987603] sh (89002): drop_caches: 3
[37952.032284] sh (89002): drop_caches: 3
[37956.081496] sh (89002): drop_caches: 3
[37960.134230] sh (89002): drop_caches: 3
[37964.187189] sh (89002): drop_caches: 3
[37968.232927] sh (89002): drop_caches: 3
[37972.285227] sh (89002): drop_caches: 3
[37976.334965] sh (89002): drop_caches: 3
[37980.388941] sh (89002): drop_caches: 3
[37984.434860] sh (89002): drop_caches: 3
[37988.485575] sh (89002): drop_caches: 3
[37992.536596] sh (89002): drop_caches: 3
[37996.587809] sh (89002): drop_caches: 3
[38000.638616] sh (89002): drop_caches: 3
[38004.688632] sh (89002): drop_caches: 3
[38008.744923] sh (89002): drop_caches: 3
[38012.794650] sh (89002): drop_caches: 3
[38016.842029] sh (89002): drop_caches: 3
[38020.890427] sh (89002): drop_caches: 3
[38024.944515] sh (89002): drop_caches: 3
[38028.991811] sh (89002): drop_caches: 3
[38033.043861] sh (89002): drop_caches: 3
[38037.094550] sh (89002): drop_caches: 3
[38041.142052] sh (89002): drop_caches: 3
[38045.195454] sh (89002): drop_caches: 3
[38049.248572] sh (89002): drop_caches: 3
[38053.297270] sh (89002): drop_caches: 3
[38057.346868] sh (89002): drop_caches: 3
[38061.398962] sh (89002): drop_caches: 3
[38065.453509] sh (89002): drop_caches: 3
[38069.503170] sh (89002): drop_caches: 3
[38073.551910] sh (89002): drop_caches: 3
[38077.604545] sh (89002): drop_caches: 3
[38081.655836] sh (89002): drop_caches: 3
[38085.706058] sh (89002): drop_caches: 3
[38089.757510] sh (89002): drop_caches: 3
[38093.799925] sh (89002): drop_caches: 3
[38097.852218] sh (89002): drop_caches: 3
[38101.898978] sh (89002): drop_caches: 3
[38105.950313] sh (89002): drop_caches: 3
[38110.004955] sh (89002): drop_caches: 3
[38114.055087] sh (89002): drop_caches: 3
[38118.101823] sh (89002): drop_caches: 3
[38122.153981] sh (89002): drop_caches: 3
[38126.203855] sh (89002): drop_caches: 3
[38130.256670] sh (89002): drop_caches: 3
[38134.308984] sh (89002): drop_caches: 3
[38138.357706] sh (89002): drop_caches: 3
[38142.410743] sh (89002): drop_caches: 3
[38146.463660] sh (89002): drop_caches: 3
[38150.514263] sh (89002): drop_caches: 3
[38154.561194] sh (89002): drop_caches: 3
[38158.612692] sh (89002): drop_caches: 3
[38162.665929] sh (89002): drop_caches: 3
[38166.717016] sh (89002): drop_caches: 3
[38170.770726] sh (89002): drop_caches: 3
[38174.821686] sh (89002): drop_caches: 3
[38178.872270] sh (89002): drop_caches: 3
[38182.916248] sh (89002): drop_caches: 3
[38186.966119] sh (89002): drop_caches: 3
[38191.017040] sh (89002): drop_caches: 3
[38195.069293] sh (89002): drop_caches: 3
[38199.115615] sh (89002): drop_caches: 3
[38203.158858] sh (89002): drop_caches: 3
[38207.211540] sh (89002): drop_caches: 3
[38211.260523] sh (89002): drop_caches: 3
[38215.314795] sh (89002): drop_caches: 3
[38219.365119] sh (89002): drop_caches: 3
[38223.410586] sh (89002): drop_caches: 3
[38227.455956] sh (89002): drop_caches: 3
[38231.502469] sh (89002): drop_caches: 3
[38235.554733] sh (89002): drop_caches: 3
[38239.606354] sh (89002): drop_caches: 3
[38243.655383] sh (89002): drop_caches: 3
[38247.707539] sh (89002): drop_caches: 3
[38251.757701] sh (89002): drop_caches: 3
[38255.807415] sh (89002): drop_caches: 3
[38259.860084] sh (89002): drop_caches: 3
[38263.904945] sh (89002): drop_caches: 3
[38267.956375] sh (89002): drop_caches: 3
[38271.998593] sh (89002): drop_caches: 3
[38272.047249] iCAT_SQLITE_RUN_END run=20260901-115254-88381
[38272.067356] EXT4-fs (nvme1n1): unmounting filesystem 38ba5f86-c9f1-4678-9410-1f2ff813ecce.
[38272.154585] pci_bus 0001:10: busn_res: [bus 10-ff] is released
[38272.154629] NVMeVirt: GC stats: policy=cat-fig7 host_pages=14697652 gc_pages=1155809 gc_count=247703 WAF=1.078 k=10 scale_pct=50 age_ratio=16
[38272.227114] NVMeVirt: Virtual NVMe device closed
