[34559.733727] NVMeVirt: Version 1.10 for >> Samsung 970 Pro SSD <<
[34559.733733] NVMeVirt: Storage: 0x100100000-0x300000000 (8191 MiB)
[34559.739834] NVMeVirt: Total Capacity(GiB,MiB)=2,2048 chs=2 luns=4 lines=8192 blk-size(MiB,KiB)=0,64 line-size(MiB,KiB)=0,256
[34559.750101] NVMeVirt: [chmodel_init] bandwidth 800 max_credits 26 tx_time 152
[34559.756781] NVMeVirt: [chmodel_init] bandwidth 800 max_credits 26 tx_time 152
[34559.756796] NVMeVirt: [chmodel_init] bandwidth 3360 max_credits 110 tx_time 36
[34559.757989] NVMeVirt: pqueue: Copyright (c) 2014, Volkan Yazıcı <volkan.yazici@gmail.com>. All rights reserved.
[34559.758024] NVMeVirt: Init FTL instance with 2 channels (524288 pages)
[34559.758025] NVMeVirt: GC victim policy: cat-fig7 k=10 scale_pct=25 age_ratio=7
[34559.764522] NVMeVirt: [chmodel_init] bandwidth 800 max_credits 26 tx_time 152
[34559.771006] NVMeVirt: [chmodel_init] bandwidth 800 max_credits 26 tx_time 152
[34559.771020] NVMeVirt: [chmodel_init] bandwidth 3360 max_credits 110 tx_time 36
[34559.772256] NVMeVirt: Init FTL instance with 2 channels (524288 pages)
[34559.772257] NVMeVirt: GC victim policy: cat-fig7 k=10 scale_pct=25 age_ratio=7
[34559.778698] NVMeVirt: [chmodel_init] bandwidth 800 max_credits 26 tx_time 152
[34559.785101] NVMeVirt: [chmodel_init] bandwidth 800 max_credits 26 tx_time 152
[34559.785115] NVMeVirt: [chmodel_init] bandwidth 3360 max_credits 110 tx_time 36
[34559.786357] NVMeVirt: Init FTL instance with 2 channels (524288 pages)
[34559.786358] NVMeVirt: GC victim policy: cat-fig7 k=10 scale_pct=25 age_ratio=7
[34559.792823] NVMeVirt: [chmodel_init] bandwidth 800 max_credits 26 tx_time 152
[34559.799252] NVMeVirt: [chmodel_init] bandwidth 800 max_credits 26 tx_time 152
[34559.799267] NVMeVirt: [chmodel_init] bandwidth 3360 max_credits 110 tx_time 36
[34559.800490] NVMeVirt: Init FTL instance with 2 channels (524288 pages)
[34559.800492] NVMeVirt: GC victim policy: cat-fig7 k=10 scale_pct=25 age_ratio=7
[34559.800496] NVMeVirt: FTL physical space: 8588886016, logical space: 8026996276 (physical/logical * 100 = 107)
[34559.800498] NVMeVirt: ns 0/1: size 7655 MiB
[34559.800537] PCI host bridge to bus 0001:10
[34559.800539] pci_bus 0001:10: root bus resource [io  0x0000-0xffff]
[34559.800541] pci_bus 0001:10: root bus resource [mem 0x00000000-0x3fffffffffff]
[34559.800543] pci_bus 0001:10: root bus resource [bus 00-ff]
[34559.800549] pci 0001:10:00.0: [0c51:0110] type 00 class 0x010802 PCIe Endpoint
[34559.800552] pci 0001:10:00.0: BAR 0 [mem 0x100000000-0x100003fff 64bit]
[34559.800553] pci 0001:10:00.0: enabling Extended Tags
[34559.800662] NVMeVirt: Virtual PCI bus created (node 0)
[34559.801083] NVMeVirt: nvmev_io_worker_0 started on cpu 2 (node 0)
[34559.801230] NVMeVirt: nvmev_dispatcher started on cpu 1 (node 0)
[34559.801471] nvme nvme1: pci function 0001:10:00.0
[34559.805763] nvme nvme1: 20/0/0 default/read/poll queues
[34559.809035] NVMeVirt: Virtual NVMe device created
[34560.870405] EXT4-fs (nvme1n1): mounted filesystem 65b428e2-aaad-44ea-903a-50f2fac79414 r/w with ordered data mode. Quota mode: none.
[34560.904216] iCAT_SQLITE_LOAD_START run=20260901-110317-72841
[34668.647608] iCAT_SQLITE_LOAD_END run=20260901-110317-72841
[34669.056870] sh (73457): drop_caches: 3
[34669.082833] iCAT_SQLITE_RUN_START run=20260901-110317-72841
[34672.692293] sh (73456): drop_caches: 3
[34676.742895] sh (73456): drop_caches: 3
[34680.784053] sh (73456): drop_caches: 3
[34684.826702] sh (73456): drop_caches: 3
[34688.874993] sh (73456): drop_caches: 3
[34692.926512] sh (73456): drop_caches: 3
[34696.973514] sh (73456): drop_caches: 3
[34701.024457] sh (73456): drop_caches: 3
[34705.074771] sh (73456): drop_caches: 3
[34709.123494] sh (73456): drop_caches: 3
[34713.172871] sh (73456): drop_caches: 3
[34717.215621] sh (73456): drop_caches: 3
[34721.265839] sh (73456): drop_caches: 3
[34725.311754] sh (73456): drop_caches: 3
[34729.358933] sh (73456): drop_caches: 3
[34733.402490] sh (73456): drop_caches: 3
[34737.456571] sh (73456): drop_caches: 3
[34741.509495] sh (73456): drop_caches: 3
[34745.562250] sh (73456): drop_caches: 3
[34749.611398] sh (73456): drop_caches: 3
[34753.662631] sh (73456): drop_caches: 3
[34757.715010] sh (73456): drop_caches: 3
[34761.766736] sh (73456): drop_caches: 3
[34765.811741] sh (73456): drop_caches: 3
[34769.861906] sh (73456): drop_caches: 3
[34773.914390] sh (73456): drop_caches: 3
[34777.965005] sh (73456): drop_caches: 3
[34782.016219] sh (73456): drop_caches: 3
[34786.068268] sh (73456): drop_caches: 3
[34790.120093] sh (73456): drop_caches: 3
[34794.169055] sh (73456): drop_caches: 3
[34798.217703] sh (73456): drop_caches: 3
[34802.273932] sh (73456): drop_caches: 3
[34806.324296] sh (73456): drop_caches: 3
[34810.370780] sh (73456): drop_caches: 3
[34814.421071] sh (73456): drop_caches: 3
[34818.466718] sh (73456): drop_caches: 3
[34822.513300] sh (73456): drop_caches: 3
[34826.560034] sh (73456): drop_caches: 3
[34830.611389] sh (73456): drop_caches: 3
[34834.663171] sh (73456): drop_caches: 3
[34838.714736] sh (73456): drop_caches: 3
[34842.766261] sh (73456): drop_caches: 3
[34846.815384] sh (73456): drop_caches: 3
[34850.866472] sh (73456): drop_caches: 3
[34854.919267] sh (73456): drop_caches: 3
[34858.968387] sh (73456): drop_caches: 3
[34863.015200] sh (73456): drop_caches: 3
[34867.066562] sh (73456): drop_caches: 3
[34871.118823] sh (73456): drop_caches: 3
[34875.167761] sh (73456): drop_caches: 3
[34879.224401] sh (73456): drop_caches: 3
[34883.272618] sh (73456): drop_caches: 3
[34887.319775] sh (73456): drop_caches: 3
[34891.369667] sh (73456): drop_caches: 3
[34895.421310] sh (73456): drop_caches: 3
[34899.464654] sh (73456): drop_caches: 3
[34903.509854] sh (73456): drop_caches: 3
[34907.561082] sh (73456): drop_caches: 3
[34911.602931] sh (73456): drop_caches: 3
[34915.655640] sh (73456): drop_caches: 3
[34919.706025] sh (73456): drop_caches: 3
[34923.746703] sh (73456): drop_caches: 3
[34927.795530] sh (73456): drop_caches: 3
[34931.845603] sh (73456): drop_caches: 3
[34935.896942] sh (73456): drop_caches: 3
[34939.950299] sh (73456): drop_caches: 3
[34944.001516] sh (73456): drop_caches: 3
[34948.042435] sh (73456): drop_caches: 3
[34952.095461] sh (73456): drop_caches: 3
[34956.145334] sh (73456): drop_caches: 3
[34960.197726] sh (73456): drop_caches: 3
[34964.249835] sh (73456): drop_caches: 3
[34968.301213] sh (73456): drop_caches: 3
[34972.347553] sh (73456): drop_caches: 3
[34976.399193] sh (73456): drop_caches: 3
[34980.445353] sh (73456): drop_caches: 3
[34984.496726] sh (73456): drop_caches: 3
[34988.541922] sh (73456): drop_caches: 3
[34992.595094] sh (73456): drop_caches: 3
[34996.648069] sh (73456): drop_caches: 3
[35000.696113] sh (73456): drop_caches: 3
[35004.750284] sh (73456): drop_caches: 3
[35008.802823] sh (73456): drop_caches: 3
[35012.857793] sh (73456): drop_caches: 3
[35016.907828] sh (73456): drop_caches: 3
[35020.961404] sh (73456): drop_caches: 3
[35025.014451] sh (73456): drop_caches: 3
[35029.055657] sh (73456): drop_caches: 3
[35033.101069] sh (73456): drop_caches: 3
[35037.153101] sh (73456): drop_caches: 3
[35041.206899] sh (73456): drop_caches: 3
[35045.255672] sh (73456): drop_caches: 3
[35049.309298] sh (73456): drop_caches: 3
[35053.355009] sh (73456): drop_caches: 3
[35057.405989] sh (73456): drop_caches: 3
[35061.455259] sh (73456): drop_caches: 3
[35065.505972] sh (73456): drop_caches: 3
[35069.558702] sh (73456): drop_caches: 3
[35073.603087] sh (73456): drop_caches: 3
[35077.654079] sh (73456): drop_caches: 3
[35081.704127] sh (73456): drop_caches: 3
[35085.753698] sh (73456): drop_caches: 3
[35089.800824] sh (73456): drop_caches: 3
[35093.843379] sh (73456): drop_caches: 3
[35097.892015] sh (73456): drop_caches: 3
[35101.941448] sh (73456): drop_caches: 3
[35105.993424] sh (73456): drop_caches: 3
[35110.043531] sh (73456): drop_caches: 3
[35114.094403] sh (73456): drop_caches: 3
[35118.142392] sh (73456): drop_caches: 3
[35122.193037] sh (73456): drop_caches: 3
[35126.247201] sh (73456): drop_caches: 3
[35130.296204] sh (73456): drop_caches: 3
[35134.350213] sh (73456): drop_caches: 3
[35138.400921] sh (73456): drop_caches: 3
[35142.452732] sh (73456): drop_caches: 3
[35146.502782] sh (73456): drop_caches: 3
[35150.552881] sh (73456): drop_caches: 3
[35154.601933] sh (73456): drop_caches: 3
[35158.650238] sh (73456): drop_caches: 3
[35162.695752] sh (73456): drop_caches: 3
[35166.737901] sh (73456): drop_caches: 3
[35170.786654] sh (73456): drop_caches: 3
[35174.837467] sh (73456): drop_caches: 3
[35178.881195] sh (73456): drop_caches: 3
[35182.931908] sh (73456): drop_caches: 3
[35186.980006] sh (73456): drop_caches: 3
[35191.032598] sh (73456): drop_caches: 3
[35195.082351] sh (73456): drop_caches: 3
[35199.131608] sh (73456): drop_caches: 3
[35203.179499] sh (73456): drop_caches: 3
[35207.231734] sh (73456): drop_caches: 3
[35211.283955] sh (73456): drop_caches: 3
[35215.333498] sh (73456): drop_caches: 3
[35219.382624] sh (73456): drop_caches: 3
[35223.425263] sh (73456): drop_caches: 3
[35227.469155] sh (73456): drop_caches: 3
[35231.518709] sh (73456): drop_caches: 3
[35235.568043] sh (73456): drop_caches: 3
[35239.620059] sh (73456): drop_caches: 3
[35243.671885] sh (73456): drop_caches: 3
[35247.721034] sh (73456): drop_caches: 3
[35251.764529] sh (73456): drop_caches: 3
[35255.821203] sh (73456): drop_caches: 3
[35259.873092] sh (73456): drop_caches: 3
[35263.923695] sh (73456): drop_caches: 3
[35267.975600] sh (73456): drop_caches: 3
[35272.018072] sh (73456): drop_caches: 3
[35276.074361] sh (73456): drop_caches: 3
[35280.122804] sh (73456): drop_caches: 3
[35284.177202] sh (73456): drop_caches: 3
[35288.228972] sh (73456): drop_caches: 3
[35292.277784] sh (73456): drop_caches: 3
[35296.335388] sh (73456): drop_caches: 3
[35300.373247] sh (73456): drop_caches: 3
[35300.416478] iCAT_SQLITE_RUN_END run=20260901-110317-72841
[35300.436879] EXT4-fs (nvme1n1): unmounting filesystem 65b428e2-aaad-44ea-903a-50f2fac79414.
[35300.503263] pci_bus 0001:10: busn_res: [bus 10-ff] is released
[35300.503326] NVMeVirt: GC stats: policy=cat-fig7 host_pages=14698553 gc_pages=1579139 gc_count=254332 WAF=1.107 k=10 scale_pct=25 age_ratio=7
[35300.575536] NVMeVirt: Virtual NVMe device closed
