[42703.264475] NVMeVirt: Version 1.10 for >> Samsung 970 Pro SSD <<
[42703.264484] NVMeVirt: Storage: 0x100100000-0x300000000 (8191 MiB)
[42703.270666] NVMeVirt: Total Capacity(GiB,MiB)=2,2048 chs=2 luns=4 lines=8192 blk-size(MiB,KiB)=0,64 line-size(MiB,KiB)=0,256
[42703.277407] NVMeVirt: [chmodel_init] bandwidth 800 max_credits 26 tx_time 152
[42703.284173] NVMeVirt: [chmodel_init] bandwidth 800 max_credits 26 tx_time 152
[42703.284187] NVMeVirt: [chmodel_init] bandwidth 3360 max_credits 110 tx_time 36
[42703.285376] NVMeVirt: pqueue: Copyright (c) 2014, Volkan Yazıcı <volkan.yazici@gmail.com>. All rights reserved.
[42703.285412] NVMeVirt: Init FTL instance with 2 channels (524288 pages)
[42703.285413] NVMeVirt: GC victim policy: cat-fig7 k=10 scale_pct=400 age_ratio=4
[42703.291953] NVMeVirt: [chmodel_init] bandwidth 800 max_credits 26 tx_time 152
[42703.298497] NVMeVirt: [chmodel_init] bandwidth 800 max_credits 26 tx_time 152
[42703.298511] NVMeVirt: [chmodel_init] bandwidth 3360 max_credits 110 tx_time 36
[42703.299731] NVMeVirt: Init FTL instance with 2 channels (524288 pages)
[42703.299732] NVMeVirt: GC victim policy: cat-fig7 k=10 scale_pct=400 age_ratio=4
[42703.306245] NVMeVirt: [chmodel_init] bandwidth 800 max_credits 26 tx_time 152
[42703.312752] NVMeVirt: [chmodel_init] bandwidth 800 max_credits 26 tx_time 152
[42703.312766] NVMeVirt: [chmodel_init] bandwidth 3360 max_credits 110 tx_time 36
[42703.314011] NVMeVirt: Init FTL instance with 2 channels (524288 pages)
[42703.314012] NVMeVirt: GC victim policy: cat-fig7 k=10 scale_pct=400 age_ratio=4
[42703.320499] NVMeVirt: [chmodel_init] bandwidth 800 max_credits 26 tx_time 152
[42703.326981] NVMeVirt: [chmodel_init] bandwidth 800 max_credits 26 tx_time 152
[42703.326996] NVMeVirt: [chmodel_init] bandwidth 3360 max_credits 110 tx_time 36
[42703.328246] NVMeVirt: Init FTL instance with 2 channels (524288 pages)
[42703.328248] NVMeVirt: GC victim policy: cat-fig7 k=10 scale_pct=400 age_ratio=4
[42703.328251] NVMeVirt: FTL physical space: 8588886016, logical space: 8026996276 (physical/logical * 100 = 107)
[42703.328253] NVMeVirt: ns 0/1: size 7655 MiB
[42703.328292] PCI host bridge to bus 0001:10
[42703.328294] pci_bus 0001:10: root bus resource [io  0x0000-0xffff]
[42703.328296] pci_bus 0001:10: root bus resource [mem 0x00000000-0x3fffffffffff]
[42703.328297] pci_bus 0001:10: root bus resource [bus 00-ff]
[42703.328303] pci 0001:10:00.0: [0c51:0110] type 00 class 0x010802 PCIe Endpoint
[42703.328306] pci 0001:10:00.0: BAR 0 [mem 0x100000000-0x100003fff 64bit]
[42703.328308] pci 0001:10:00.0: enabling Extended Tags
[42703.328423] NVMeVirt: Virtual PCI bus created (node 0)
[42703.328802] NVMeVirt: nvmev_dispatcher started on cpu 1 (node 0)
[42703.328881] NVMeVirt: nvmev_io_worker_0 started on cpu 2 (node 0)
[42703.328964] nvme nvme1: pci function 0001:10:00.0
[42703.331869] nvme nvme1: 20/0/0 default/read/poll queues
[42703.334287] NVMeVirt: Virtual NVMe device created
[42704.388254] EXT4-fs (nvme1n1): mounted filesystem e5ad5ecf-4ed9-44ad-b736-94809f683c3c r/w with ordered data mode. Quota mode: none.
[42704.420764] iCAT_SQLITE_LOAD_START run=20260901-131900-114430
[42806.664746] iCAT_SQLITE_LOAD_END run=20260901-131900-114430
[42807.098894] sh (115025): drop_caches: 3
[42807.132727] iCAT_SQLITE_RUN_START run=20260901-131900-114430
[42810.711413] sh (115026): drop_caches: 3
[42814.755369] sh (115026): drop_caches: 3
[42818.808708] sh (115026): drop_caches: 3
[42822.857777] sh (115026): drop_caches: 3
[42826.910584] sh (115026): drop_caches: 3
[42830.961926] sh (115026): drop_caches: 3
[42835.015177] sh (115026): drop_caches: 3
[42839.066141] sh (115026): drop_caches: 3
[42843.114392] sh (115026): drop_caches: 3
[42847.167654] sh (115026): drop_caches: 3
[42851.219791] sh (115026): drop_caches: 3
[42855.270135] sh (115026): drop_caches: 3
[42859.316659] sh (115026): drop_caches: 3
[42863.365377] sh (115026): drop_caches: 3
[42867.414440] sh (115026): drop_caches: 3
[42871.461439] sh (115026): drop_caches: 3
[42875.511278] sh (115026): drop_caches: 3
[42879.565459] sh (115026): drop_caches: 3
[42883.614770] sh (115026): drop_caches: 3
[42887.658184] sh (115026): drop_caches: 3
[42891.704012] sh (115026): drop_caches: 3
[42895.755708] sh (115026): drop_caches: 3
[42899.807191] sh (115026): drop_caches: 3
[42903.853163] sh (115026): drop_caches: 3
[42907.906027] sh (115026): drop_caches: 3
[42911.958630] sh (115026): drop_caches: 3
[42916.008977] sh (115026): drop_caches: 3
[42920.058773] sh (115026): drop_caches: 3
[42924.112272] sh (115026): drop_caches: 3
[42928.163778] sh (115026): drop_caches: 3
[42932.217034] sh (115026): drop_caches: 3
[42936.269054] sh (115026): drop_caches: 3
[42940.320603] sh (115026): drop_caches: 3
[42944.367654] sh (115026): drop_caches: 3
[42948.409562] sh (115026): drop_caches: 3
[42952.461213] sh (115026): drop_caches: 3
[42956.512919] sh (115026): drop_caches: 3
[42960.563005] sh (115026): drop_caches: 3
[42964.618853] sh (115026): drop_caches: 3
[42968.668804] sh (115026): drop_caches: 3
[42972.718633] sh (115026): drop_caches: 3
[42976.772631] sh (115026): drop_caches: 3
[42980.822399] sh (115026): drop_caches: 3
[42984.875075] sh (115026): drop_caches: 3
[42988.928748] sh (115026): drop_caches: 3
[42992.981866] sh (115026): drop_caches: 3
[42997.034339] sh (115026): drop_caches: 3
[43001.090173] sh (115026): drop_caches: 3
[43005.144276] sh (115026): drop_caches: 3
[43009.200764] sh (115026): drop_caches: 3
[43013.244555] sh (115026): drop_caches: 3
[43017.296678] sh (115026): drop_caches: 3
[43021.348730] sh (115026): drop_caches: 3
[43025.402058] sh (115026): drop_caches: 3
[43029.450299] sh (115026): drop_caches: 3
[43033.499784] sh (115026): drop_caches: 3
[43037.552256] sh (115026): drop_caches: 3
[43041.605015] sh (115026): drop_caches: 3
[43045.657484] sh (115026): drop_caches: 3
[43049.711672] sh (115026): drop_caches: 3
[43053.754629] sh (115026): drop_caches: 3
[43057.800566] sh (115026): drop_caches: 3
[43061.852550] sh (115026): drop_caches: 3
[43065.905746] sh (115026): drop_caches: 3
[43069.958459] sh (115026): drop_caches: 3
[43074.006694] sh (115026): drop_caches: 3
[43078.061992] sh (115026): drop_caches: 3
[43082.114348] sh (115026): drop_caches: 3
[43086.167001] sh (115026): drop_caches: 3
[43090.221343] sh (115026): drop_caches: 3
[43094.270859] sh (115026): drop_caches: 3
[43098.318305] sh (115026): drop_caches: 3
[43102.372127] sh (115026): drop_caches: 3
[43106.425942] sh (115026): drop_caches: 3
[43110.476557] sh (115026): drop_caches: 3
[43114.532494] sh (115026): drop_caches: 3
[43118.583093] sh (115026): drop_caches: 3
[43122.626402] sh (115026): drop_caches: 3
[43126.679838] sh (115026): drop_caches: 3
[43130.731016] sh (115026): drop_caches: 3
[43134.783083] sh (115026): drop_caches: 3
[43138.837234] sh (115026): drop_caches: 3
[43142.889712] sh (115026): drop_caches: 3
[43146.946118] sh (115026): drop_caches: 3
[43151.002088] sh (115026): drop_caches: 3
[43155.056823] sh (115026): drop_caches: 3
[43159.108245] sh (115026): drop_caches: 3
[43163.157721] sh (115026): drop_caches: 3
[43167.209659] sh (115026): drop_caches: 3
[43171.263823] sh (115026): drop_caches: 3
[43175.311854] sh (115026): drop_caches: 3
[43179.357023] sh (115026): drop_caches: 3
[43183.405187] sh (115026): drop_caches: 3
[43187.454736] sh (115026): drop_caches: 3
[43191.504545] sh (115026): drop_caches: 3
[43195.550338] sh (115026): drop_caches: 3
[43199.601131] sh (115026): drop_caches: 3
[43203.643614] sh (115026): drop_caches: 3
[43207.692173] sh (115026): drop_caches: 3
[43211.745086] sh (115026): drop_caches: 3
[43215.797693] sh (115026): drop_caches: 3
[43219.850607] sh (115026): drop_caches: 3
[43223.902089] sh (115026): drop_caches: 3
[43227.951207] sh (115026): drop_caches: 3
[43232.004149] sh (115026): drop_caches: 3
[43236.053796] sh (115026): drop_caches: 3
[43240.104114] sh (115026): drop_caches: 3
[43244.151994] sh (115026): drop_caches: 3
[43248.197657] sh (115026): drop_caches: 3
[43252.253126] sh (115026): drop_caches: 3
[43256.302750] sh (115026): drop_caches: 3
[43260.352110] sh (115026): drop_caches: 3
[43264.398653] sh (115026): drop_caches: 3
[43268.450231] sh (115026): drop_caches: 3
[43272.502163] sh (115026): drop_caches: 3
[43276.555650] sh (115026): drop_caches: 3
[43280.604560] sh (115026): drop_caches: 3
[43284.658047] sh (115026): drop_caches: 3
[43288.710219] sh (115026): drop_caches: 3
[43292.761857] sh (115026): drop_caches: 3
[43296.813508] sh (115026): drop_caches: 3
[43300.868188] sh (115026): drop_caches: 3
[43304.921487] sh (115026): drop_caches: 3
[43308.973941] sh (115026): drop_caches: 3
[43313.023665] sh (115026): drop_caches: 3
[43317.077784] sh (115026): drop_caches: 3
[43321.128608] sh (115026): drop_caches: 3
[43325.179373] sh (115026): drop_caches: 3
[43329.236277] sh (115026): drop_caches: 3
[43333.278930] sh (115026): drop_caches: 3
[43337.328557] sh (115026): drop_caches: 3
[43341.372183] sh (115026): drop_caches: 3
[43345.421834] sh (115026): drop_caches: 3
[43349.464347] sh (115026): drop_caches: 3
[43353.514787] sh (115026): drop_caches: 3
[43357.565303] sh (115026): drop_caches: 3
[43361.617153] sh (115026): drop_caches: 3
[43365.669044] sh (115026): drop_caches: 3
[43369.712598] sh (115026): drop_caches: 3
[43373.755545] sh (115026): drop_caches: 3
[43377.808624] sh (115026): drop_caches: 3
[43381.861008] sh (115026): drop_caches: 3
[43385.914104] sh (115026): drop_caches: 3
[43389.963929] sh (115026): drop_caches: 3
[43394.014997] sh (115026): drop_caches: 3
[43398.064593] sh (115026): drop_caches: 3
[43402.114132] sh (115026): drop_caches: 3
[43406.163292] sh (115026): drop_caches: 3
[43410.213725] sh (115026): drop_caches: 3
[43414.256437] sh (115026): drop_caches: 3
[43418.299299] sh (115026): drop_caches: 3
[43422.355717] sh (115026): drop_caches: 3
[43426.408800] sh (115026): drop_caches: 3
[43430.462003] sh (115026): drop_caches: 3
[43434.513353] sh (115026): drop_caches: 3
[43438.561469] sh (115026): drop_caches: 3
[43442.599685] sh (115026): drop_caches: 3
[43442.651344] iCAT_SQLITE_RUN_END run=20260901-131900-114430
[43442.672140] EXT4-fs (nvme1n1): unmounting filesystem e5ad5ecf-4ed9-44ad-b736-94809f683c3c.
[43442.750060] pci_bus 0001:10: busn_res: [bus 10-ff] is released
[43442.750091] NVMeVirt: GC stats: policy=cat-fig7 host_pages=14699530 gc_pages=3226009 gc_count=280079 WAF=1.219 k=10 scale_pct=400 age_ratio=4
[43442.818110] NVMeVirt: Virtual NVMe device closed
