[21344.453400] NVMeVirt: Version 1.10 for >> Samsung 970 Pro SSD <<
[21344.453412] NVMeVirt: Storage: 0x100100000-0x300000000 (8191 MiB)
[21344.461532] NVMeVirt: Total Capacity(GiB,MiB)=2,2048 chs=2 luns=4 lines=8192 blk-size(MiB,KiB)=0,64 line-size(MiB,KiB)=0,256
[21344.473079] NVMeVirt: [chmodel_init] bandwidth 800 max_credits 26 tx_time 152
[21344.481709] NVMeVirt: [chmodel_init] bandwidth 800 max_credits 26 tx_time 152
[21344.481729] NVMeVirt: [chmodel_init] bandwidth 3360 max_credits 110 tx_time 36
[21344.483137] NVMeVirt: pqueue: Copyright (c) 2014, Volkan Yazıcı <volkan.yazici@gmail.com>. All rights reserved.
[21344.483178] NVMeVirt: Init FTL instance with 2 channels (524288 pages)
[21344.483179] NVMeVirt: GC victim policy: cat-fig7 k=4 scale_pct=400 age_ratio=7
[21344.492292] NVMeVirt: [chmodel_init] bandwidth 800 max_credits 26 tx_time 152
[21344.499374] NVMeVirt: [chmodel_init] bandwidth 800 max_credits 26 tx_time 152
[21344.499388] NVMeVirt: [chmodel_init] bandwidth 3360 max_credits 110 tx_time 36
[21344.500648] NVMeVirt: Init FTL instance with 2 channels (524288 pages)
[21344.500649] NVMeVirt: GC victim policy: cat-fig7 k=4 scale_pct=400 age_ratio=7
[21344.507223] NVMeVirt: [chmodel_init] bandwidth 800 max_credits 26 tx_time 152
[21344.513658] NVMeVirt: [chmodel_init] bandwidth 800 max_credits 26 tx_time 152
[21344.513672] NVMeVirt: [chmodel_init] bandwidth 3360 max_credits 110 tx_time 36
[21344.514911] NVMeVirt: Init FTL instance with 2 channels (524288 pages)
[21344.514912] NVMeVirt: GC victim policy: cat-fig7 k=4 scale_pct=400 age_ratio=7
[21344.521325] NVMeVirt: [chmodel_init] bandwidth 800 max_credits 26 tx_time 152
[21344.527769] NVMeVirt: [chmodel_init] bandwidth 800 max_credits 26 tx_time 152
[21344.527784] NVMeVirt: [chmodel_init] bandwidth 3360 max_credits 110 tx_time 36
[21344.529031] NVMeVirt: Init FTL instance with 2 channels (524288 pages)
[21344.529032] NVMeVirt: GC victim policy: cat-fig7 k=4 scale_pct=400 age_ratio=7
[21344.529036] NVMeVirt: FTL physical space: 8588886016, logical space: 8026996276 (physical/logical * 100 = 107)
[21344.529038] NVMeVirt: ns 0/1: size 7655 MiB
[21344.529079] PCI host bridge to bus 0001:10
[21344.529081] pci_bus 0001:10: root bus resource [io  0x0000-0xffff]
[21344.529083] pci_bus 0001:10: root bus resource [mem 0x00000000-0x3fffffffffff]
[21344.529084] pci_bus 0001:10: root bus resource [bus 00-ff]
[21344.529090] pci 0001:10:00.0: [0c51:0110] type 00 class 0x010802 PCIe Endpoint
[21344.529093] pci 0001:10:00.0: BAR 0 [mem 0x100000000-0x100003fff 64bit]
[21344.529094] pci 0001:10:00.0: enabling Extended Tags
[21344.529205] NVMeVirt: Virtual PCI bus created (node 0)
[21344.529750] NVMeVirt: nvmev_io_worker_0 started on cpu 2 (node 0)
[21344.529889] NVMeVirt: nvmev_dispatcher started on cpu 1 (node 0)
[21344.530062] nvme nvme1: pci function 0001:10:00.0
[21344.534340] nvme nvme1: 20/0/0 default/read/poll queues
[21344.537657] NVMeVirt: Virtual NVMe device created
[21345.600256] EXT4-fs (nvme1n1): mounted filesystem 2945a042-9da9-4926-b889-601422a3d9cf r/w with ordered data mode. Quota mode: none.
[21345.631283] iCAT_SQLITE_LOAD_START run=20260901-072301-44547
[21444.168706] iCAT_SQLITE_LOAD_END run=20260901-072301-44547
[21444.644590] sh (44677): drop_caches: 3
[21444.676024] iCAT_SQLITE_RUN_START run=20260901-072301-44547
[21448.209031] sh (44674): drop_caches: 3
[21452.255091] sh (44674): drop_caches: 3
[21456.297991] sh (44674): drop_caches: 3
[21460.345102] sh (44674): drop_caches: 3
[21464.391469] sh (44674): drop_caches: 3
[21468.431906] sh (44674): drop_caches: 3
[21472.478216] sh (44674): drop_caches: 3
[21476.521428] sh (44674): drop_caches: 3
[21480.566575] sh (44674): drop_caches: 3
[21484.610386] sh (44674): drop_caches: 3
[21488.658403] sh (44674): drop_caches: 3
[21492.701873] sh (44674): drop_caches: 3
[21496.747612] sh (44674): drop_caches: 3
[21500.791654] sh (44674): drop_caches: 3
[21504.841577] sh (44674): drop_caches: 3
[21508.885200] sh (44674): drop_caches: 3
[21512.931721] sh (44674): drop_caches: 3
[21516.981111] sh (44674): drop_caches: 3
[21521.028448] sh (44674): drop_caches: 3
[21525.072052] sh (44674): drop_caches: 3
[21529.120382] sh (44674): drop_caches: 3
[21533.164904] sh (44674): drop_caches: 3
[21537.210149] sh (44674): drop_caches: 3
[21541.257232] sh (44674): drop_caches: 3
[21545.301645] sh (44674): drop_caches: 3
[21549.347951] sh (44674): drop_caches: 3
[21553.391311] sh (44674): drop_caches: 3
[21557.438622] sh (44674): drop_caches: 3
[21561.485897] sh (44674): drop_caches: 3
[21565.530727] sh (44674): drop_caches: 3
[21569.573986] sh (44674): drop_caches: 3
[21573.621559] sh (44674): drop_caches: 3
[21577.668511] sh (44674): drop_caches: 3
[21581.712270] sh (44674): drop_caches: 3
[21585.757569] sh (44674): drop_caches: 3
[21589.802304] sh (44674): drop_caches: 3
[21593.847012] sh (44674): drop_caches: 3
[21597.891700] sh (44674): drop_caches: 3
[21601.935623] sh (44674): drop_caches: 3
[21605.981586] sh (44674): drop_caches: 3
[21610.029552] sh (44674): drop_caches: 3
[21614.073103] sh (44674): drop_caches: 3
[21618.118280] sh (44674): drop_caches: 3
[21622.162691] sh (44674): drop_caches: 3
[21626.210103] sh (44674): drop_caches: 3
[21630.256796] sh (44674): drop_caches: 3
[21634.303218] sh (44674): drop_caches: 3
[21638.347585] sh (44674): drop_caches: 3
[21642.391213] sh (44674): drop_caches: 3
[21646.436626] sh (44674): drop_caches: 3
[21650.480628] sh (44674): drop_caches: 3
[21654.526472] sh (44674): drop_caches: 3
[21658.574054] sh (44674): drop_caches: 3
[21662.620133] sh (44674): drop_caches: 3
[21666.665033] sh (44674): drop_caches: 3
[21670.710514] sh (44674): drop_caches: 3
[21674.758081] sh (44674): drop_caches: 3
[21678.805525] sh (44674): drop_caches: 3
[21682.848753] sh (44674): drop_caches: 3
[21686.893166] sh (44674): drop_caches: 3
[21690.939443] sh (44674): drop_caches: 3
[21694.982993] sh (44674): drop_caches: 3
[21699.020937] sh (44674): drop_caches: 3
[21703.064174] sh (44674): drop_caches: 3
[21707.109027] sh (44674): drop_caches: 3
[21711.157486] sh (44674): drop_caches: 3
[21715.203676] sh (44674): drop_caches: 3
[21719.249295] sh (44674): drop_caches: 3
[21723.295891] sh (44674): drop_caches: 3
[21727.340056] sh (44674): drop_caches: 3
[21731.383346] sh (44674): drop_caches: 3
[21735.431490] sh (44674): drop_caches: 3
[21739.479402] sh (44674): drop_caches: 3
[21743.524418] sh (44674): drop_caches: 3
[21747.565372] sh (44674): drop_caches: 3
[21751.610484] sh (44674): drop_caches: 3
[21755.657285] sh (44674): drop_caches: 3
[21759.705716] sh (44674): drop_caches: 3
[21763.752319] sh (44674): drop_caches: 3
[21767.801347] sh (44674): drop_caches: 3
[21771.843827] sh (44674): drop_caches: 3
[21775.881161] sh (44674): drop_caches: 3
[21779.926826] sh (44674): drop_caches: 3
[21783.969975] sh (44674): drop_caches: 3
[21788.016272] sh (44674): drop_caches: 3
[21792.063205] sh (44674): drop_caches: 3
[21796.109910] sh (44674): drop_caches: 3
[21800.157681] sh (44674): drop_caches: 3
[21804.204533] sh (44674): drop_caches: 3
[21808.250366] sh (44674): drop_caches: 3
[21812.297909] sh (44674): drop_caches: 3
[21816.344693] sh (44674): drop_caches: 3
[21820.390151] sh (44674): drop_caches: 3
[21824.436095] sh (44674): drop_caches: 3
[21828.482499] sh (44674): drop_caches: 3
[21832.528848] sh (44674): drop_caches: 3
[21836.566385] sh (44674): drop_caches: 3
[21840.613926] sh (44674): drop_caches: 3
[21844.658529] sh (44674): drop_caches: 3
[21848.702776] sh (44674): drop_caches: 3
[21852.748145] sh (44674): drop_caches: 3
[21856.795749] sh (44674): drop_caches: 3
[21860.843159] sh (44674): drop_caches: 3
[21864.887548] sh (44674): drop_caches: 3
[21868.926115] sh (44674): drop_caches: 3
[21872.974986] sh (44674): drop_caches: 3
[21877.022365] sh (44674): drop_caches: 3
[21881.066855] sh (44674): drop_caches: 3
[21885.116442] sh (44674): drop_caches: 3
[21889.159966] sh (44674): drop_caches: 3
[21893.205894] sh (44674): drop_caches: 3
[21897.251842] sh (44674): drop_caches: 3
[21901.290182] sh (44674): drop_caches: 3
[21905.337837] sh (44674): drop_caches: 3
[21909.381279] sh (44674): drop_caches: 3
[21913.430934] sh (44674): drop_caches: 3
[21917.477501] sh (44674): drop_caches: 3
[21921.524744] sh (44674): drop_caches: 3
[21925.571150] sh (44674): drop_caches: 3
[21929.618394] sh (44674): drop_caches: 3
[21933.664466] sh (44674): drop_caches: 3
[21937.710623] sh (44674): drop_caches: 3
[21941.760434] sh (44674): drop_caches: 3
[21945.807927] sh (44674): drop_caches: 3
[21949.855036] sh (44674): drop_caches: 3
[21953.904752] sh (44674): drop_caches: 3
[21957.946984] sh (44674): drop_caches: 3
[21961.992492] sh (44674): drop_caches: 3
[21966.037183] sh (44674): drop_caches: 3
[21970.083188] sh (44674): drop_caches: 3
[21974.128051] sh (44674): drop_caches: 3
[21978.176592] sh (44674): drop_caches: 3
[21982.224317] sh (44674): drop_caches: 3
[21986.269931] sh (44674): drop_caches: 3
[21990.315597] sh (44674): drop_caches: 3
[21994.359173] sh (44674): drop_caches: 3
[21998.404084] sh (44674): drop_caches: 3
[22002.452623] sh (44674): drop_caches: 3
[22006.500266] sh (44674): drop_caches: 3
[22010.547722] sh (44674): drop_caches: 3
[22014.594068] sh (44674): drop_caches: 3
[22018.643060] sh (44674): drop_caches: 3
[22022.691757] sh (44674): drop_caches: 3
[22026.734129] sh (44674): drop_caches: 3
[22030.778990] sh (44674): drop_caches: 3
[22034.825906] sh (44674): drop_caches: 3
[22038.872034] sh (44674): drop_caches: 3
[22042.921394] sh (44674): drop_caches: 3
[22046.967011] sh (44674): drop_caches: 3
[22051.012173] sh (44674): drop_caches: 3
[22055.064996] sh (44674): drop_caches: 3
[22059.117917] sh (44674): drop_caches: 3
[22063.163498] sh (44674): drop_caches: 3
[22067.211985] sh (44674): drop_caches: 3
[22071.260449] sh (44674): drop_caches: 3
[22075.302654] sh (44674): drop_caches: 3
[22075.349291] iCAT_SQLITE_RUN_END run=20260901-072301-44547
[22075.369666] EXT4-fs (nvme1n1): unmounting filesystem 2945a042-9da9-4926-b889-601422a3d9cf.
[22075.438573] pci_bus 0001:10: busn_res: [bus 10-ff] is released
[22075.438610] NVMeVirt: GC stats: policy=cat-fig7 host_pages=14700613 gc_pages=3296957 gc_count=281206 WAF=1.224 k=4 scale_pct=400 age_ratio=7
[22075.506680] NVMeVirt: Virtual NVMe device closed
