[23537.764594] NVMeVirt: Version 1.10 for >> Samsung 970 Pro SSD <<
[23537.764602] NVMeVirt: Storage: 0x100100000-0x300000000 (8191 MiB)
[23537.771707] NVMeVirt: Total Capacity(GiB,MiB)=2,2048 chs=2 luns=4 lines=8192 blk-size(MiB,KiB)=0,64 line-size(MiB,KiB)=0,256
[23537.784355] NVMeVirt: [chmodel_init] bandwidth 800 max_credits 26 tx_time 152
[23537.795287] NVMeVirt: [chmodel_init] bandwidth 800 max_credits 26 tx_time 152
[23537.795302] NVMeVirt: [chmodel_init] bandwidth 3360 max_credits 110 tx_time 36
[23537.796517] NVMeVirt: pqueue: Copyright (c) 2014, Volkan Yazıcı <volkan.yazici@gmail.com>. All rights reserved.
[23537.796553] NVMeVirt: Init FTL instance with 2 channels (524288 pages)
[23537.796555] NVMeVirt: GC victim policy: cat-fig7 k=7 scale_pct=25 age_ratio=7
[23537.803005] NVMeVirt: [chmodel_init] bandwidth 800 max_credits 26 tx_time 152
[23537.809567] NVMeVirt: [chmodel_init] bandwidth 800 max_credits 26 tx_time 152
[23537.809583] NVMeVirt: [chmodel_init] bandwidth 3360 max_credits 110 tx_time 36
[23537.810838] NVMeVirt: Init FTL instance with 2 channels (524288 pages)
[23537.810840] NVMeVirt: GC victim policy: cat-fig7 k=7 scale_pct=25 age_ratio=7
[23537.817313] NVMeVirt: [chmodel_init] bandwidth 800 max_credits 26 tx_time 152
[23537.823773] NVMeVirt: [chmodel_init] bandwidth 800 max_credits 26 tx_time 152
[23537.823788] NVMeVirt: [chmodel_init] bandwidth 3360 max_credits 110 tx_time 36
[23537.825033] NVMeVirt: Init FTL instance with 2 channels (524288 pages)
[23537.825034] NVMeVirt: GC victim policy: cat-fig7 k=7 scale_pct=25 age_ratio=7
[23537.831665] NVMeVirt: [chmodel_init] bandwidth 800 max_credits 26 tx_time 152
[23537.838057] NVMeVirt: [chmodel_init] bandwidth 800 max_credits 26 tx_time 152
[23537.838072] NVMeVirt: [chmodel_init] bandwidth 3360 max_credits 110 tx_time 36
[23537.839317] NVMeVirt: Init FTL instance with 2 channels (524288 pages)
[23537.839318] NVMeVirt: GC victim policy: cat-fig7 k=7 scale_pct=25 age_ratio=7
[23537.839322] NVMeVirt: FTL physical space: 8588886016, logical space: 8026996276 (physical/logical * 100 = 107)
[23537.839323] NVMeVirt: ns 0/1: size 7655 MiB
[23537.839365] PCI host bridge to bus 0001:10
[23537.839366] pci_bus 0001:10: root bus resource [io  0x0000-0xffff]
[23537.839368] pci_bus 0001:10: root bus resource [mem 0x00000000-0x3fffffffffff]
[23537.839376] pci_bus 0001:10: root bus resource [bus 00-ff]
[23537.839382] pci 0001:10:00.0: [0c51:0110] type 00 class 0x010802 PCIe Endpoint
[23537.839384] pci 0001:10:00.0: BAR 0 [mem 0x100000000-0x100003fff 64bit]
[23537.839386] pci 0001:10:00.0: enabling Extended Tags
[23537.839497] NVMeVirt: Virtual PCI bus created (node 0)
[23537.840058] NVMeVirt: nvmev_dispatcher started on cpu 1 (node 0)
[23537.840060] NVMeVirt: nvmev_io_worker_0 started on cpu 2 (node 0)
[23537.840176] nvme nvme1: pci function 0001:10:00.0
[23537.844099] nvme nvme1: 20/0/0 default/read/poll queues
[23537.847766] NVMeVirt: Virtual NVMe device created
[23538.910606] EXT4-fs (nvme1n1): mounted filesystem 6eb6693a-a3bf-4d44-9b2e-ed4bd86e2b5f r/w with ordered data mode. Quota mode: none.
[23538.942626] iCAT_SQLITE_LOAD_START run=20260901-075935-45744
[23640.095946] iCAT_SQLITE_LOAD_END run=20260901-075935-45744
[23640.567954] sh (45876): drop_caches: 3
[23640.596988] iCAT_SQLITE_RUN_START run=20260901-075935-45744
[23644.138452] sh (45873): drop_caches: 3
[23648.183501] sh (45873): drop_caches: 3
[23652.230056] sh (45873): drop_caches: 3
[23656.272937] sh (45873): drop_caches: 3
[23660.319646] sh (45873): drop_caches: 3
[23664.364347] sh (45873): drop_caches: 3
[23668.413496] sh (45873): drop_caches: 3
[23672.457129] sh (45873): drop_caches: 3
[23676.502665] sh (45873): drop_caches: 3
[23680.547545] sh (45873): drop_caches: 3
[23684.594058] sh (45873): drop_caches: 3
[23688.639777] sh (45873): drop_caches: 3
[23692.685173] sh (45873): drop_caches: 3
[23696.730548] sh (45873): drop_caches: 3
[23700.780910] sh (45873): drop_caches: 3
[23704.831249] sh (45873): drop_caches: 3
[23708.880985] sh (45873): drop_caches: 3
[23712.928972] sh (45873): drop_caches: 3
[23716.976158] sh (45873): drop_caches: 3
[23721.021776] sh (45873): drop_caches: 3
[23725.070068] sh (45873): drop_caches: 3
[23729.114915] sh (45873): drop_caches: 3
[23733.163248] sh (45873): drop_caches: 3
[23737.209943] sh (45873): drop_caches: 3
[23741.257106] sh (45873): drop_caches: 3
[23745.303334] sh (45873): drop_caches: 3
[23749.350411] sh (45873): drop_caches: 3
[23753.394145] sh (45873): drop_caches: 3
[23757.437778] sh (45873): drop_caches: 3
[23761.483595] sh (45873): drop_caches: 3
[23765.529422] sh (45873): drop_caches: 3
[23769.572936] sh (45873): drop_caches: 3
[23773.620580] sh (45873): drop_caches: 3
[23777.665976] sh (45873): drop_caches: 3
[23781.713280] sh (45873): drop_caches: 3
[23785.756931] sh (45873): drop_caches: 3
[23789.801817] sh (45873): drop_caches: 3
[23793.846294] sh (45873): drop_caches: 3
[23797.889098] sh (45873): drop_caches: 3
[23801.929522] sh (45873): drop_caches: 3
[23805.975923] sh (45873): drop_caches: 3
[23810.023125] sh (45873): drop_caches: 3
[23814.069602] sh (45873): drop_caches: 3
[23818.113657] sh (45873): drop_caches: 3
[23822.157106] sh (45873): drop_caches: 3
[23826.203673] sh (45873): drop_caches: 3
[23830.249661] sh (45873): drop_caches: 3
[23834.297931] sh (45873): drop_caches: 3
[23838.344349] sh (45873): drop_caches: 3
[23842.390241] sh (45873): drop_caches: 3
[23846.435630] sh (45873): drop_caches: 3
[23850.481922] sh (45873): drop_caches: 3
[23854.526104] sh (45873): drop_caches: 3
[23858.573096] sh (45873): drop_caches: 3
[23862.619285] sh (45873): drop_caches: 3
[23866.665361] sh (45873): drop_caches: 3
[23870.711228] sh (45873): drop_caches: 3
[23874.759877] sh (45873): drop_caches: 3
[23878.804416] sh (45873): drop_caches: 3
[23882.848897] sh (45873): drop_caches: 3
[23886.897719] sh (45873): drop_caches: 3
[23890.942307] sh (45873): drop_caches: 3
[23894.981544] sh (45873): drop_caches: 3
[23899.025065] sh (45873): drop_caches: 3
[23903.073911] sh (45873): drop_caches: 3
[23907.121305] sh (45873): drop_caches: 3
[23911.167672] sh (45873): drop_caches: 3
[23915.210931] sh (45873): drop_caches: 3
[23919.254576] sh (45873): drop_caches: 3
[23923.301333] sh (45873): drop_caches: 3
[23927.349070] sh (45873): drop_caches: 3
[23931.393661] sh (45873): drop_caches: 3
[23935.437655] sh (45873): drop_caches: 3
[23939.483679] sh (45873): drop_caches: 3
[23943.521432] sh (45873): drop_caches: 3
[23947.561892] sh (45873): drop_caches: 3
[23951.608075] sh (45873): drop_caches: 3
[23955.654180] sh (45873): drop_caches: 3
[23959.699231] sh (45873): drop_caches: 3
[23963.741946] sh (45873): drop_caches: 3
[23967.789131] sh (45873): drop_caches: 3
[23971.831739] sh (45873): drop_caches: 3
[23975.876735] sh (45873): drop_caches: 3
[23979.923456] sh (45873): drop_caches: 3
[23983.971302] sh (45873): drop_caches: 3
[23988.018952] sh (45873): drop_caches: 3
[23992.066711] sh (45873): drop_caches: 3
[23996.114044] sh (45873): drop_caches: 3
[24000.160598] sh (45873): drop_caches: 3
[24004.204890] sh (45873): drop_caches: 3
[24008.243432] sh (45873): drop_caches: 3
[24012.290829] sh (45873): drop_caches: 3
[24016.335462] sh (45873): drop_caches: 3
[24020.379405] sh (45873): drop_caches: 3
[24024.424280] sh (45873): drop_caches: 3
[24028.473752] sh (45873): drop_caches: 3
[24032.519952] sh (45873): drop_caches: 3
[24036.558347] sh (45873): drop_caches: 3
[24040.606849] sh (45873): drop_caches: 3
[24044.652133] sh (45873): drop_caches: 3
[24048.699134] sh (45873): drop_caches: 3
[24052.746958] sh (45873): drop_caches: 3
[24056.793835] sh (45873): drop_caches: 3
[24060.836983] sh (45873): drop_caches: 3
[24064.876022] sh (45873): drop_caches: 3
[24068.921606] sh (45873): drop_caches: 3
[24072.965169] sh (45873): drop_caches: 3
[24077.010671] sh (45873): drop_caches: 3
[24081.057349] sh (45873): drop_caches: 3
[24085.105195] sh (45873): drop_caches: 3
[24089.152651] sh (45873): drop_caches: 3
[24093.197870] sh (45873): drop_caches: 3
[24097.243964] sh (45873): drop_caches: 3
[24101.289342] sh (45873): drop_caches: 3
[24105.334674] sh (45873): drop_caches: 3
[24109.381750] sh (45873): drop_caches: 3
[24113.424422] sh (45873): drop_caches: 3
[24117.470079] sh (45873): drop_caches: 3
[24121.517587] sh (45873): drop_caches: 3
[24125.563680] sh (45873): drop_caches: 3
[24129.608862] sh (45873): drop_caches: 3
[24133.653821] sh (45873): drop_caches: 3
[24137.698333] sh (45873): drop_caches: 3
[24141.746368] sh (45873): drop_caches: 3
[24145.791099] sh (45873): drop_caches: 3
[24149.835234] sh (45873): drop_caches: 3
[24153.882662] sh (45873): drop_caches: 3
[24157.924333] sh (45873): drop_caches: 3
[24161.970166] sh (45873): drop_caches: 3
[24166.018993] sh (45873): drop_caches: 3
[24170.064612] sh (45873): drop_caches: 3
[24174.109791] sh (45873): drop_caches: 3
[24178.155058] sh (45873): drop_caches: 3
[24182.202239] sh (45873): drop_caches: 3
[24186.247727] sh (45873): drop_caches: 3
[24190.293954] sh (45873): drop_caches: 3
[24194.340865] sh (45873): drop_caches: 3
[24198.387707] sh (45873): drop_caches: 3
[24202.433067] sh (45873): drop_caches: 3
[24206.478282] sh (45873): drop_caches: 3
[24210.524630] sh (45873): drop_caches: 3
[24214.568955] sh (45873): drop_caches: 3
[24218.612992] sh (45873): drop_caches: 3
[24222.653623] sh (45873): drop_caches: 3
[24226.700956] sh (45873): drop_caches: 3
[24230.747690] sh (45873): drop_caches: 3
[24234.793393] sh (45873): drop_caches: 3
[24238.839871] sh (45873): drop_caches: 3
[24242.884313] sh (45873): drop_caches: 3
[24246.928259] sh (45873): drop_caches: 3
[24250.973682] sh (45873): drop_caches: 3
[24255.021335] sh (45873): drop_caches: 3
[24259.067236] sh (45873): drop_caches: 3
[24263.112388] sh (45873): drop_caches: 3
[24267.152868] sh (45873): drop_caches: 3
[24267.204351] iCAT_SQLITE_RUN_END run=20260901-075935-45744
[24267.226420] EXT4-fs (nvme1n1): unmounting filesystem 6eb6693a-a3bf-4d44-9b2e-ed4bd86e2b5f.
[24267.334978] pci_bus 0001:10: busn_res: [bus 10-ff] is released
[24267.335022] NVMeVirt: GC stats: policy=cat-fig7 host_pages=14698138 gc_pages=1534447 gc_count=253627 WAF=1.104 k=7 scale_pct=25 age_ratio=7
[24267.399385] NVMeVirt: Virtual NVMe device closed
