[14777.540114] NVMeVirt: Version 1.10 for >> Samsung 970 Pro SSD <<
[14777.540122] NVMeVirt: Storage: 0x100100000-0x300000000 (8191 MiB)
[14777.547189] NVMeVirt: Total Capacity(GiB,MiB)=2,2048 chs=2 luns=4 lines=8192 blk-size(MiB,KiB)=0,64 line-size(MiB,KiB)=0,256
[14777.557883] NVMeVirt: [chmodel_init] bandwidth 800 max_credits 26 tx_time 152
[14777.569715] NVMeVirt: [chmodel_init] bandwidth 800 max_credits 26 tx_time 152
[14777.569733] NVMeVirt: [chmodel_init] bandwidth 3360 max_credits 110 tx_time 36
[14777.571185] NVMeVirt: pqueue: Copyright (c) 2014, Volkan Yazıcı <volkan.yazici@gmail.com>. All rights reserved.
[14777.571231] NVMeVirt: Init FTL instance with 2 channels (524288 pages)
[14777.571233] NVMeVirt: GC victim policy: cat-fig7 k=4 scale_pct=50 age_ratio=7
[14777.578252] NVMeVirt: [chmodel_init] bandwidth 800 max_credits 26 tx_time 152
[14777.584827] NVMeVirt: [chmodel_init] bandwidth 800 max_credits 26 tx_time 152
[14777.584842] NVMeVirt: [chmodel_init] bandwidth 3360 max_credits 110 tx_time 36
[14777.586091] NVMeVirt: Init FTL instance with 2 channels (524288 pages)
[14777.586093] NVMeVirt: GC victim policy: cat-fig7 k=4 scale_pct=50 age_ratio=7
[14777.592530] NVMeVirt: [chmodel_init] bandwidth 800 max_credits 26 tx_time 152
[14777.598983] NVMeVirt: [chmodel_init] bandwidth 800 max_credits 26 tx_time 152
[14777.598997] NVMeVirt: [chmodel_init] bandwidth 3360 max_credits 110 tx_time 36
[14777.600248] NVMeVirt: Init FTL instance with 2 channels (524288 pages)
[14777.600249] NVMeVirt: GC victim policy: cat-fig7 k=4 scale_pct=50 age_ratio=7
[14777.606697] NVMeVirt: [chmodel_init] bandwidth 800 max_credits 26 tx_time 152
[14777.613124] NVMeVirt: [chmodel_init] bandwidth 800 max_credits 26 tx_time 152
[14777.613139] NVMeVirt: [chmodel_init] bandwidth 3360 max_credits 110 tx_time 36
[14777.614386] NVMeVirt: Init FTL instance with 2 channels (524288 pages)
[14777.614387] NVMeVirt: GC victim policy: cat-fig7 k=4 scale_pct=50 age_ratio=7
[14777.614391] NVMeVirt: FTL physical space: 8588886016, logical space: 8026996276 (physical/logical * 100 = 107)
[14777.614392] NVMeVirt: ns 0/1: size 7655 MiB
[14777.614431] PCI host bridge to bus 0001:10
[14777.614433] pci_bus 0001:10: root bus resource [io  0x0000-0xffff]
[14777.614435] pci_bus 0001:10: root bus resource [mem 0x00000000-0x3fffffffffff]
[14777.614437] pci_bus 0001:10: root bus resource [bus 00-ff]
[14777.614443] pci 0001:10:00.0: [0c51:0110] type 00 class 0x010802 PCIe Endpoint
[14777.614446] pci 0001:10:00.0: BAR 0 [mem 0x100000000-0x100003fff 64bit]
[14777.614448] pci 0001:10:00.0: enabling Extended Tags
[14777.614561] NVMeVirt: Virtual PCI bus created (node 0)
[14777.615083] NVMeVirt: nvmev_io_worker_0 started on cpu 2 (node 0)
[14777.615121] NVMeVirt: nvmev_dispatcher started on cpu 1 (node 0)
[14777.615337] nvme nvme1: pci function 0001:10:00.0
[14777.619743] nvme nvme1: 20/0/0 default/read/poll queues
[14777.622921] NVMeVirt: Virtual NVMe device created
[14778.686312] EXT4-fs (nvme1n1): mounted filesystem 0ac78d49-b8fd-46a3-be62-fe4cdb478d48 r/w with ordered data mode. Quota mode: none.
[14778.717244] iCAT_SQLITE_LOAD_START run=20260901-053334-37973
[14878.770823] iCAT_SQLITE_LOAD_END run=20260901-053334-37973
[14879.194486] sh (38104): drop_caches: 3
[14879.221551] iCAT_SQLITE_RUN_START run=20260901-053334-37973
[14882.815846] sh (38105): drop_caches: 3
[14886.866983] sh (38105): drop_caches: 3
[14890.918124] sh (38105): drop_caches: 3
[14894.965680] sh (38105): drop_caches: 3
[14899.016695] sh (38105): drop_caches: 3
[14903.070826] sh (38105): drop_caches: 3
[14907.120834] sh (38105): drop_caches: 3
[14911.169250] sh (38105): drop_caches: 3
[14915.217509] sh (38105): drop_caches: 3
[14919.261364] sh (38105): drop_caches: 3
[14923.314185] sh (38105): drop_caches: 3
[14927.365996] sh (38105): drop_caches: 3
[14931.415249] sh (38105): drop_caches: 3
[14935.466115] sh (38105): drop_caches: 3
[14939.515838] sh (38105): drop_caches: 3
[14943.565040] sh (38105): drop_caches: 3
[14947.609932] sh (38105): drop_caches: 3
[14951.652511] sh (38105): drop_caches: 3
[14955.701374] sh (38105): drop_caches: 3
[14959.752242] sh (38105): drop_caches: 3
[14963.800585] sh (38105): drop_caches: 3
[14967.850905] sh (38105): drop_caches: 3
[14971.900638] sh (38105): drop_caches: 3
[14975.950632] sh (38105): drop_caches: 3
[14979.999913] sh (38105): drop_caches: 3
[14984.050477] sh (38105): drop_caches: 3
[14988.102823] sh (38105): drop_caches: 3
[14992.153503] sh (38105): drop_caches: 3
[14996.202537] sh (38105): drop_caches: 3
[15000.252573] sh (38105): drop_caches: 3
[15004.298378] sh (38105): drop_caches: 3
[15008.340242] sh (38105): drop_caches: 3
[15012.388353] sh (38105): drop_caches: 3
[15016.438000] sh (38105): drop_caches: 3
[15020.487285] sh (38105): drop_caches: 3
[15024.541405] sh (38105): drop_caches: 3
[15028.592343] sh (38105): drop_caches: 3
[15032.638792] sh (38105): drop_caches: 3
[15036.687701] sh (38105): drop_caches: 3
[15040.737834] sh (38105): drop_caches: 3
[15044.786962] sh (38105): drop_caches: 3
[15048.837435] sh (38105): drop_caches: 3
[15052.887065] sh (38105): drop_caches: 3
[15056.931147] sh (38105): drop_caches: 3
[15060.981258] sh (38105): drop_caches: 3
[15065.033213] sh (38105): drop_caches: 3
[15069.086344] sh (38105): drop_caches: 3
[15073.134838] sh (38105): drop_caches: 3
[15077.185036] sh (38105): drop_caches: 3
[15081.237317] sh (38105): drop_caches: 3
[15085.291893] sh (38105): drop_caches: 3
[15089.343377] sh (38105): drop_caches: 3
[15093.392257] sh (38105): drop_caches: 3
[15097.442210] sh (38105): drop_caches: 3
[15101.495293] sh (38105): drop_caches: 3
[15105.548226] sh (38105): drop_caches: 3
[15109.599715] sh (38105): drop_caches: 3
[15113.651600] sh (38105): drop_caches: 3
[15117.704647] sh (38105): drop_caches: 3
[15121.756100] sh (38105): drop_caches: 3
[15125.809534] sh (38105): drop_caches: 3
[15129.859197] sh (38105): drop_caches: 3
[15133.910576] sh (38105): drop_caches: 3
[15137.963856] sh (38105): drop_caches: 3
[15142.006804] sh (38105): drop_caches: 3
[15146.056543] sh (38105): drop_caches: 3
[15150.104554] sh (38105): drop_caches: 3
[15154.152327] sh (38105): drop_caches: 3
[15158.209327] sh (38105): drop_caches: 3
[15162.258716] sh (38105): drop_caches: 3
[15166.306367] sh (38105): drop_caches: 3
[15170.359518] sh (38105): drop_caches: 3
[15174.402638] sh (38105): drop_caches: 3
[15178.452713] sh (38105): drop_caches: 3
[15182.502832] sh (38105): drop_caches: 3
[15186.555334] sh (38105): drop_caches: 3
[15190.604180] sh (38105): drop_caches: 3
[15194.652553] sh (38105): drop_caches: 3
[15198.707024] sh (38105): drop_caches: 3
[15202.755174] sh (38105): drop_caches: 3
[15206.804034] sh (38105): drop_caches: 3
[15210.856819] sh (38105): drop_caches: 3
[15214.906227] sh (38105): drop_caches: 3
[15218.957437] sh (38105): drop_caches: 3
[15223.001637] sh (38105): drop_caches: 3
[15227.047266] sh (38105): drop_caches: 3
[15231.096984] sh (38105): drop_caches: 3
[15235.148139] sh (38105): drop_caches: 3
[15239.201549] sh (38105): drop_caches: 3
[15243.252745] sh (38105): drop_caches: 3
[15247.301068] sh (38105): drop_caches: 3
[15251.355588] sh (38105): drop_caches: 3
[15255.407407] sh (38105): drop_caches: 3
[15259.454928] sh (38105): drop_caches: 3
[15263.502845] sh (38105): drop_caches: 3
[15267.553771] sh (38105): drop_caches: 3
[15271.602856] sh (38105): drop_caches: 3
[15275.645547] sh (38105): drop_caches: 3
[15279.694372] sh (38105): drop_caches: 3
[15283.744871] sh (38105): drop_caches: 3
[15287.798710] sh (38105): drop_caches: 3
[15291.848327] sh (38105): drop_caches: 3
[15295.899497] sh (38105): drop_caches: 3
[15299.947943] sh (38105): drop_caches: 3
[15303.999339] sh (38105): drop_caches: 3
[15308.048845] sh (38105): drop_caches: 3
[15312.100634] sh (38105): drop_caches: 3
[15316.151230] sh (38105): drop_caches: 3
[15320.201019] sh (38105): drop_caches: 3
[15324.251316] sh (38105): drop_caches: 3
[15328.299149] sh (38105): drop_caches: 3
[15332.347401] sh (38105): drop_caches: 3
[15336.399531] sh (38105): drop_caches: 3
[15340.451759] sh (38105): drop_caches: 3
[15344.502839] sh (38105): drop_caches: 3
[15348.548308] sh (38105): drop_caches: 3
[15352.597677] sh (38105): drop_caches: 3
[15356.641161] sh (38105): drop_caches: 3
[15360.689718] sh (38105): drop_caches: 3
[15364.739317] sh (38105): drop_caches: 3
[15368.790007] sh (38105): drop_caches: 3
[15372.839735] sh (38105): drop_caches: 3
[15376.888815] sh (38105): drop_caches: 3
[15380.940731] sh (38105): drop_caches: 3
[15384.993203] sh (38105): drop_caches: 3
[15389.045409] sh (38105): drop_caches: 3
[15393.098257] sh (38105): drop_caches: 3
[15397.147525] sh (38105): drop_caches: 3
[15401.197225] sh (38105): drop_caches: 3
[15405.246508] sh (38105): drop_caches: 3
[15409.301142] sh (38105): drop_caches: 3
[15413.352746] sh (38105): drop_caches: 3
[15417.405312] sh (38105): drop_caches: 3
[15421.460255] sh (38105): drop_caches: 3
[15425.509022] sh (38105): drop_caches: 3
[15429.559979] sh (38105): drop_caches: 3
[15433.607138] sh (38105): drop_caches: 3
[15437.655093] sh (38105): drop_caches: 3
[15441.703620] sh (38105): drop_caches: 3
[15445.755848] sh (38105): drop_caches: 3
[15449.807757] sh (38105): drop_caches: 3
[15453.859807] sh (38105): drop_caches: 3
[15457.910510] sh (38105): drop_caches: 3
[15461.958677] sh (38105): drop_caches: 3
[15466.003140] sh (38105): drop_caches: 3
[15470.053920] sh (38105): drop_caches: 3
[15474.101564] sh (38105): drop_caches: 3
[15478.152032] sh (38105): drop_caches: 3
[15482.204491] sh (38105): drop_caches: 3
[15486.254133] sh (38105): drop_caches: 3
[15490.297508] sh (38105): drop_caches: 3
[15494.345616] sh (38105): drop_caches: 3
[15498.396056] sh (38105): drop_caches: 3
[15502.447319] sh (38105): drop_caches: 3
[15506.490654] sh (38105): drop_caches: 3
[15506.542580] iCAT_SQLITE_RUN_END run=20260901-053334-37973
[15506.562414] EXT4-fs (nvme1n1): unmounting filesystem 0ac78d49-b8fd-46a3-be62-fe4cdb478d48.
[15506.626819] pci_bus 0001:10: busn_res: [bus 10-ff] is released
[15506.626877] NVMeVirt: GC stats: policy=cat-fig7 host_pages=14699284 gc_pages=1851893 gc_count=258605 WAF=1.125 k=4 scale_pct=50 age_ratio=7
[15506.690769] NVMeVirt: Virtual NVMe device closed
