[28670.122917] NVMeVirt: Version 1.10 for >> Samsung 970 Pro SSD <<
[28670.122928] NVMeVirt: Storage: 0x100100000-0x300000000 (8191 MiB)
[28670.129597] NVMeVirt: Total Capacity(GiB,MiB)=2,2048 chs=2 luns=4 lines=8192 blk-size(MiB,KiB)=0,64 line-size(MiB,KiB)=0,256
[28670.137132] NVMeVirt: [chmodel_init] bandwidth 800 max_credits 26 tx_time 152
[28670.143697] NVMeVirt: [chmodel_init] bandwidth 800 max_credits 26 tx_time 152
[28670.143712] NVMeVirt: [chmodel_init] bandwidth 3360 max_credits 110 tx_time 36
[28670.144967] NVMeVirt: pqueue: Copyright (c) 2014, Volkan Yazıcı <volkan.yazici@gmail.com>. All rights reserved.
[28670.145004] NVMeVirt: Init FTL instance with 2 channels (524288 pages)
[28670.145005] NVMeVirt: GC victim policy: cat-fig7 k=7 scale_pct=100 age_ratio=16
[28670.151492] NVMeVirt: [chmodel_init] bandwidth 800 max_credits 26 tx_time 152
[28670.157933] NVMeVirt: [chmodel_init] bandwidth 800 max_credits 26 tx_time 152
[28670.157948] NVMeVirt: [chmodel_init] bandwidth 3360 max_credits 110 tx_time 36
[28670.159190] NVMeVirt: Init FTL instance with 2 channels (524288 pages)
[28670.159191] NVMeVirt: GC victim policy: cat-fig7 k=7 scale_pct=100 age_ratio=16
[28670.165665] NVMeVirt: [chmodel_init] bandwidth 800 max_credits 26 tx_time 152
[28670.172069] NVMeVirt: [chmodel_init] bandwidth 800 max_credits 26 tx_time 152
[28670.172082] NVMeVirt: [chmodel_init] bandwidth 3360 max_credits 110 tx_time 36
[28670.173328] NVMeVirt: Init FTL instance with 2 channels (524288 pages)
[28670.173329] NVMeVirt: GC victim policy: cat-fig7 k=7 scale_pct=100 age_ratio=16
[28670.179702] NVMeVirt: [chmodel_init] bandwidth 800 max_credits 26 tx_time 152
[28670.186140] NVMeVirt: [chmodel_init] bandwidth 800 max_credits 26 tx_time 152
[28670.186155] NVMeVirt: [chmodel_init] bandwidth 3360 max_credits 110 tx_time 36
[28670.187407] NVMeVirt: Init FTL instance with 2 channels (524288 pages)
[28670.187408] NVMeVirt: GC victim policy: cat-fig7 k=7 scale_pct=100 age_ratio=16
[28670.187411] NVMeVirt: FTL physical space: 8588886016, logical space: 8026996276 (physical/logical * 100 = 107)
[28670.187413] NVMeVirt: ns 0/1: size 7655 MiB
[28670.187458] PCI host bridge to bus 0001:10
[28670.187460] pci_bus 0001:10: root bus resource [io  0x0000-0xffff]
[28670.187462] pci_bus 0001:10: root bus resource [mem 0x00000000-0x3fffffffffff]
[28670.187463] pci_bus 0001:10: root bus resource [bus 00-ff]
[28670.187469] pci 0001:10:00.0: [0c51:0110] type 00 class 0x010802 PCIe Endpoint
[28670.187472] pci 0001:10:00.0: BAR 0 [mem 0x100000000-0x100003fff 64bit]
[28670.187474] pci 0001:10:00.0: enabling Extended Tags
[28670.187582] NVMeVirt: Virtual PCI bus created (node 0)
[28670.187932] NVMeVirt: nvmev_io_worker_0 started on cpu 2 (node 0)
[28670.188004] NVMeVirt: nvmev_dispatcher started on cpu 1 (node 0)
[28670.188227] nvme nvme1: pci function 0001:10:00.0
[28670.192469] nvme nvme1: 20/0/0 default/read/poll queues
[28670.195671] NVMeVirt: Virtual NVMe device created
[28671.258313] EXT4-fs (nvme1n1): mounted filesystem 06d4a30d-6153-4578-b243-a9780401da64 r/w with ordered data mode. Quota mode: none.
[28671.290474] iCAT_SQLITE_LOAD_START run=20260901-092507-48544
[28772.089265] iCAT_SQLITE_LOAD_END run=20260901-092507-48544
[28772.544641] sh (48672): drop_caches: 3
[28772.573768] iCAT_SQLITE_RUN_START run=20260901-092507-48544
[28776.130276] sh (48673): drop_caches: 3
[28780.176648] sh (48673): drop_caches: 3
[28784.220176] sh (48673): drop_caches: 3
[28788.264680] sh (48673): drop_caches: 3
[28792.310106] sh (48673): drop_caches: 3
[28796.357060] sh (48673): drop_caches: 3
[28800.400608] sh (48673): drop_caches: 3
[28804.444828] sh (48673): drop_caches: 3
[28808.483062] sh (48673): drop_caches: 3
[28812.521795] sh (48673): drop_caches: 3
[28816.570635] sh (48673): drop_caches: 3
[28820.618911] sh (48673): drop_caches: 3
[28824.664446] sh (48673): drop_caches: 3
[28828.714412] sh (48673): drop_caches: 3
[28832.761455] sh (48673): drop_caches: 3
[28836.806466] sh (48673): drop_caches: 3
[28840.850482] sh (48673): drop_caches: 3
[28844.895889] sh (48673): drop_caches: 3
[28848.941091] sh (48673): drop_caches: 3
[28852.988842] sh (48673): drop_caches: 3
[28857.033989] sh (48673): drop_caches: 3
[28861.077829] sh (48673): drop_caches: 3
[28865.123303] sh (48673): drop_caches: 3
[28869.170125] sh (48673): drop_caches: 3
[28873.213670] sh (48673): drop_caches: 3
[28877.259601] sh (48673): drop_caches: 3
[28881.303894] sh (48673): drop_caches: 3
[28885.350130] sh (48673): drop_caches: 3
[28889.396821] sh (48673): drop_caches: 3
[28893.443830] sh (48673): drop_caches: 3
[28897.490812] sh (48673): drop_caches: 3
[28901.536813] sh (48673): drop_caches: 3
[28905.583662] sh (48673): drop_caches: 3
[28909.628465] sh (48673): drop_caches: 3
[28913.675363] sh (48673): drop_caches: 3
[28917.720669] sh (48673): drop_caches: 3
[28921.767230] sh (48673): drop_caches: 3
[28925.810325] sh (48673): drop_caches: 3
[28929.848754] sh (48673): drop_caches: 3
[28933.894413] sh (48673): drop_caches: 3
[28937.943636] sh (48673): drop_caches: 3
[28941.988443] sh (48673): drop_caches: 3
[28946.034384] sh (48673): drop_caches: 3
[28950.079729] sh (48673): drop_caches: 3
[28954.127529] sh (48673): drop_caches: 3
[28958.174188] sh (48673): drop_caches: 3
[28962.219164] sh (48673): drop_caches: 3
[28966.264786] sh (48673): drop_caches: 3
[28970.307592] sh (48673): drop_caches: 3
[28974.352428] sh (48673): drop_caches: 3
[28978.395721] sh (48673): drop_caches: 3
[28982.443069] sh (48673): drop_caches: 3
[28986.488251] sh (48673): drop_caches: 3
[28990.533111] sh (48673): drop_caches: 3
[28994.580354] sh (48673): drop_caches: 3
[28998.625740] sh (48673): drop_caches: 3
[29002.672410] sh (48673): drop_caches: 3
[29006.712907] sh (48673): drop_caches: 3
[29010.759387] sh (48673): drop_caches: 3
[29014.803693] sh (48673): drop_caches: 3
[29018.850038] sh (48673): drop_caches: 3
[29022.887837] sh (48673): drop_caches: 3
[29026.933341] sh (48673): drop_caches: 3
[29030.980275] sh (48673): drop_caches: 3
[29035.027313] sh (48673): drop_caches: 3
[29039.075508] sh (48673): drop_caches: 3
[29043.122546] sh (48673): drop_caches: 3
[29047.166227] sh (48673): drop_caches: 3
[29051.213797] sh (48673): drop_caches: 3
[29055.259629] sh (48673): drop_caches: 3
[29059.303098] sh (48673): drop_caches: 3
[29063.345780] sh (48673): drop_caches: 3
[29067.393894] sh (48673): drop_caches: 3
[29071.441543] sh (48673): drop_caches: 3
[29075.482752] sh (48673): drop_caches: 3
[29079.522289] sh (48673): drop_caches: 3
[29083.563350] sh (48673): drop_caches: 3
[29087.607387] sh (48673): drop_caches: 3
[29091.655332] sh (48673): drop_caches: 3
[29095.699599] sh (48673): drop_caches: 3
[29099.747950] sh (48673): drop_caches: 3
[29103.791883] sh (48673): drop_caches: 3
[29107.839136] sh (48673): drop_caches: 3
[29111.885144] sh (48673): drop_caches: 3
[29115.932121] sh (48673): drop_caches: 3
[29119.978570] sh (48673): drop_caches: 3
[29124.022092] sh (48673): drop_caches: 3
[29128.071015] sh (48673): drop_caches: 3
[29132.114583] sh (48673): drop_caches: 3
[29136.160861] sh (48673): drop_caches: 3
[29140.205406] sh (48673): drop_caches: 3
[29144.252579] sh (48673): drop_caches: 3
[29148.299642] sh (48673): drop_caches: 3
[29152.347763] sh (48673): drop_caches: 3
[29156.395987] sh (48673): drop_caches: 3
[29160.442242] sh (48673): drop_caches: 3
[29164.481331] sh (48673): drop_caches: 3
[29168.526457] sh (48673): drop_caches: 3
[29172.571163] sh (48673): drop_caches: 3
[29176.619358] sh (48673): drop_caches: 3
[29180.662626] sh (48673): drop_caches: 3
[29184.706406] sh (48673): drop_caches: 3
[29188.755400] sh (48673): drop_caches: 3
[29192.802221] sh (48673): drop_caches: 3
[29196.843438] sh (48673): drop_caches: 3
[29200.890128] sh (48673): drop_caches: 3
[29204.936021] sh (48673): drop_caches: 3
[29208.983511] sh (48673): drop_caches: 3
[29213.028867] sh (48673): drop_caches: 3
[29217.075411] sh (48673): drop_caches: 3
[29221.119393] sh (48673): drop_caches: 3
[29225.162776] sh (48673): drop_caches: 3
[29229.207044] sh (48673): drop_caches: 3
[29233.253898] sh (48673): drop_caches: 3
[29237.299442] sh (48673): drop_caches: 3
[29241.347099] sh (48673): drop_caches: 3
[29245.391003] sh (48673): drop_caches: 3
[29249.436754] sh (48673): drop_caches: 3
[29253.482500] sh (48673): drop_caches: 3
[29257.528718] sh (48673): drop_caches: 3
[29261.577190] sh (48673): drop_caches: 3
[29265.627321] sh (48673): drop_caches: 3
[29269.674653] sh (48673): drop_caches: 3
[29273.722722] sh (48673): drop_caches: 3
[29277.766591] sh (48673): drop_caches: 3
[29281.814164] sh (48673): drop_caches: 3
[29285.855149] sh (48673): drop_caches: 3
[29289.901715] sh (48673): drop_caches: 3
[29293.946044] sh (48673): drop_caches: 3
[29297.992813] sh (48673): drop_caches: 3
[29302.036287] sh (48673): drop_caches: 3
[29306.083599] sh (48673): drop_caches: 3
[29310.127095] sh (48673): drop_caches: 3
[29314.172612] sh (48673): drop_caches: 3
[29318.221715] sh (48673): drop_caches: 3
[29322.268675] sh (48673): drop_caches: 3
[29326.316057] sh (48673): drop_caches: 3
[29330.363860] sh (48673): drop_caches: 3
[29334.403107] sh (48673): drop_caches: 3
[29338.446005] sh (48673): drop_caches: 3
[29342.490483] sh (48673): drop_caches: 3
[29346.533846] sh (48673): drop_caches: 3
[29350.579253] sh (48673): drop_caches: 3
[29354.625741] sh (48673): drop_caches: 3
[29358.673981] sh (48673): drop_caches: 3
[29362.721107] sh (48673): drop_caches: 3
[29366.770517] sh (48673): drop_caches: 3
[29370.816019] sh (48673): drop_caches: 3
[29374.863861] sh (48673): drop_caches: 3
[29378.912149] sh (48673): drop_caches: 3
[29382.958190] sh (48673): drop_caches: 3
[29387.001483] sh (48673): drop_caches: 3
[29391.049148] sh (48673): drop_caches: 3
[29395.095924] sh (48673): drop_caches: 3
[29399.134165] sh (48673): drop_caches: 3
[29399.185428] iCAT_SQLITE_RUN_END run=20260901-092507-48544
[29399.207428] EXT4-fs (nvme1n1): unmounting filesystem 06d4a30d-6153-4578-b243-a9780401da64.
[29399.287093] pci_bus 0001:10: busn_res: [bus 10-ff] is released
[29399.287145] NVMeVirt: GC stats: policy=cat-fig7 host_pages=14699458 gc_pages=1332134 gc_count=250487 WAF=1.090 k=7 scale_pct=100 age_ratio=16
[29399.355177] NVMeVirt: Virtual NVMe device closed
