[27936.283538] NVMeVirt: Version 1.10 for >> Samsung 970 Pro SSD <<
[27936.283546] NVMeVirt: Storage: 0x100100000-0x300000000 (8191 MiB)
[27936.290738] NVMeVirt: Total Capacity(GiB,MiB)=2,2048 chs=2 luns=4 lines=8192 blk-size(MiB,KiB)=0,64 line-size(MiB,KiB)=0,256
[27936.300302] NVMeVirt: [chmodel_init] bandwidth 800 max_credits 26 tx_time 152
[27936.306779] NVMeVirt: [chmodel_init] bandwidth 800 max_credits 26 tx_time 152
[27936.306793] NVMeVirt: [chmodel_init] bandwidth 3360 max_credits 110 tx_time 36
[27936.307995] NVMeVirt: pqueue: Copyright (c) 2014, Volkan Yazıcı <volkan.yazici@gmail.com>. All rights reserved.
[27936.308031] NVMeVirt: Init FTL instance with 2 channels (524288 pages)
[27936.308032] NVMeVirt: GC victim policy: cat-fig7 k=7 scale_pct=100 age_ratio=7
[27936.314433] NVMeVirt: [chmodel_init] bandwidth 800 max_credits 26 tx_time 152
[27936.320841] NVMeVirt: [chmodel_init] bandwidth 800 max_credits 26 tx_time 152
[27936.320854] NVMeVirt: [chmodel_init] bandwidth 3360 max_credits 110 tx_time 36
[27936.322097] NVMeVirt: Init FTL instance with 2 channels (524288 pages)
[27936.322099] NVMeVirt: GC victim policy: cat-fig7 k=7 scale_pct=100 age_ratio=7
[27936.328587] NVMeVirt: [chmodel_init] bandwidth 800 max_credits 26 tx_time 152
[27936.335026] NVMeVirt: [chmodel_init] bandwidth 800 max_credits 26 tx_time 152
[27936.335041] NVMeVirt: [chmodel_init] bandwidth 3360 max_credits 110 tx_time 36
[27936.336276] NVMeVirt: Init FTL instance with 2 channels (524288 pages)
[27936.336278] NVMeVirt: GC victim policy: cat-fig7 k=7 scale_pct=100 age_ratio=7
[27936.342780] NVMeVirt: [chmodel_init] bandwidth 800 max_credits 26 tx_time 152
[27936.349244] NVMeVirt: [chmodel_init] bandwidth 800 max_credits 26 tx_time 152
[27936.349257] NVMeVirt: [chmodel_init] bandwidth 3360 max_credits 110 tx_time 36
[27936.350499] NVMeVirt: Init FTL instance with 2 channels (524288 pages)
[27936.350500] NVMeVirt: GC victim policy: cat-fig7 k=7 scale_pct=100 age_ratio=7
[27936.350504] NVMeVirt: FTL physical space: 8588886016, logical space: 8026996276 (physical/logical * 100 = 107)
[27936.350505] NVMeVirt: ns 0/1: size 7655 MiB
[27936.350545] PCI host bridge to bus 0001:10
[27936.350547] pci_bus 0001:10: root bus resource [io  0x0000-0xffff]
[27936.350549] pci_bus 0001:10: root bus resource [mem 0x00000000-0x3fffffffffff]
[27936.350551] pci_bus 0001:10: root bus resource [bus 00-ff]
[27936.350557] pci 0001:10:00.0: [0c51:0110] type 00 class 0x010802 PCIe Endpoint
[27936.350559] pci 0001:10:00.0: BAR 0 [mem 0x100000000-0x100003fff 64bit]
[27936.350561] pci 0001:10:00.0: enabling Extended Tags
[27936.350683] NVMeVirt: Virtual PCI bus created (node 0)
[27936.351220] NVMeVirt: nvmev_dispatcher started on cpu 1 (node 0)
[27936.351240] NVMeVirt: nvmev_io_worker_0 started on cpu 2 (node 0)
[27936.351427] nvme nvme1: pci function 0001:10:00.0
[27936.355794] nvme nvme1: 20/0/0 default/read/poll queues
[27936.358918] NVMeVirt: Virtual NVMe device created
[27937.418823] EXT4-fs (nvme1n1): mounted filesystem 0fa239f0-8231-4746-ae05-81d7b4b18228 r/w with ordered data mode. Quota mode: none.
[27937.451255] iCAT_SQLITE_LOAD_START run=20260901-091253-48144
[28038.628384] iCAT_SQLITE_LOAD_END run=20260901-091253-48144
[28039.101102] sh (48273): drop_caches: 3
[28039.134698] iCAT_SQLITE_RUN_START run=20260901-091253-48144
[28042.668361] sh (48272): drop_caches: 3
[28046.715906] sh (48272): drop_caches: 3
[28050.761551] sh (48272): drop_caches: 3
[28054.807833] sh (48272): drop_caches: 3
[28058.853083] sh (48272): drop_caches: 3
[28062.900923] sh (48272): drop_caches: 3
[28066.946295] sh (48272): drop_caches: 3
[28070.995871] sh (48272): drop_caches: 3
[28075.044952] sh (48272): drop_caches: 3
[28079.090470] sh (48272): drop_caches: 3
[28083.137567] sh (48272): drop_caches: 3
[28087.181066] sh (48272): drop_caches: 3
[28091.225670] sh (48272): drop_caches: 3
[28095.276246] sh (48272): drop_caches: 3
[28099.320014] sh (48272): drop_caches: 3
[28103.367499] sh (48272): drop_caches: 3
[28107.411818] sh (48272): drop_caches: 3
[28111.455980] sh (48272): drop_caches: 3
[28115.497482] sh (48272): drop_caches: 3
[28119.539143] sh (48272): drop_caches: 3
[28123.585818] sh (48272): drop_caches: 3
[28127.636070] sh (48272): drop_caches: 3
[28131.679806] sh (48272): drop_caches: 3
[28135.731215] sh (48272): drop_caches: 3
[28139.775350] sh (48272): drop_caches: 3
[28143.823136] sh (48272): drop_caches: 3
[28147.870758] sh (48272): drop_caches: 3
[28151.916881] sh (48272): drop_caches: 3
[28155.961563] sh (48272): drop_caches: 3
[28160.010707] sh (48272): drop_caches: 3
[28164.058444] sh (48272): drop_caches: 3
[28168.103814] sh (48272): drop_caches: 3
[28172.149976] sh (48272): drop_caches: 3
[28176.195006] sh (48272): drop_caches: 3
[28180.244268] sh (48272): drop_caches: 3
[28184.292033] sh (48272): drop_caches: 3
[28188.338087] sh (48272): drop_caches: 3
[28192.383855] sh (48272): drop_caches: 3
[28196.430319] sh (48272): drop_caches: 3
[28200.472021] sh (48272): drop_caches: 3
[28204.514524] sh (48272): drop_caches: 3
[28208.559478] sh (48272): drop_caches: 3
[28212.606613] sh (48272): drop_caches: 3
[28216.653137] sh (48272): drop_caches: 3
[28220.700046] sh (48272): drop_caches: 3
[28224.743754] sh (48272): drop_caches: 3
[28228.791824] sh (48272): drop_caches: 3
[28232.836403] sh (48272): drop_caches: 3
[28236.882380] sh (48272): drop_caches: 3
[28240.929852] sh (48272): drop_caches: 3
[28244.974824] sh (48272): drop_caches: 3
[28249.023396] sh (48272): drop_caches: 3
[28253.067658] sh (48272): drop_caches: 3
[28257.112430] sh (48272): drop_caches: 3
[28261.157480] sh (48272): drop_caches: 3
[28265.202156] sh (48272): drop_caches: 3
[28269.248303] sh (48272): drop_caches: 3
[28273.296075] sh (48272): drop_caches: 3
[28277.342125] sh (48272): drop_caches: 3
[28281.389113] sh (48272): drop_caches: 3
[28285.434365] sh (48272): drop_caches: 3
[28289.481783] sh (48272): drop_caches: 3
[28293.520922] sh (48272): drop_caches: 3
[28297.568306] sh (48272): drop_caches: 3
[28301.613930] sh (48272): drop_caches: 3
[28305.660954] sh (48272): drop_caches: 3
[28309.707295] sh (48272): drop_caches: 3
[28313.754271] sh (48272): drop_caches: 3
[28317.800963] sh (48272): drop_caches: 3
[28321.838330] sh (48272): drop_caches: 3
[28325.880086] sh (48272): drop_caches: 3
[28329.927721] sh (48272): drop_caches: 3
[28333.972031] sh (48272): drop_caches: 3
[28338.020684] sh (48272): drop_caches: 3
[28342.065334] sh (48272): drop_caches: 3
[28346.111992] sh (48272): drop_caches: 3
[28350.158467] sh (48272): drop_caches: 3
[28354.205374] sh (48272): drop_caches: 3
[28358.251244] sh (48272): drop_caches: 3
[28362.288652] sh (48272): drop_caches: 3
[28366.333908] sh (48272): drop_caches: 3
[28370.374650] sh (48272): drop_caches: 3
[28374.422386] sh (48272): drop_caches: 3
[28378.468132] sh (48272): drop_caches: 3
[28382.515245] sh (48272): drop_caches: 3
[28386.560151] sh (48272): drop_caches: 3
[28390.604502] sh (48272): drop_caches: 3
[28394.653174] sh (48272): drop_caches: 3
[28398.698790] sh (48272): drop_caches: 3
[28402.742769] sh (48272): drop_caches: 3
[28406.785818] sh (48272): drop_caches: 3
[28410.831722] sh (48272): drop_caches: 3
[28414.879007] sh (48272): drop_caches: 3
[28418.924133] sh (48272): drop_caches: 3
[28422.967989] sh (48272): drop_caches: 3
[28427.012274] sh (48272): drop_caches: 3
[28431.055635] sh (48272): drop_caches: 3
[28435.099068] sh (48272): drop_caches: 3
[28439.144595] sh (48272): drop_caches: 3
[28443.191112] sh (48272): drop_caches: 3
[28447.236275] sh (48272): drop_caches: 3
[28451.281224] sh (48272): drop_caches: 3
[28455.328721] sh (48272): drop_caches: 3
[28459.374502] sh (48272): drop_caches: 3
[28463.414246] sh (48272): drop_caches: 3
[28467.461191] sh (48272): drop_caches: 3
[28471.501964] sh (48272): drop_caches: 3
[28475.550055] sh (48272): drop_caches: 3
[28479.596544] sh (48272): drop_caches: 3
[28483.643438] sh (48272): drop_caches: 3
[28487.687387] sh (48272): drop_caches: 3
[28491.732488] sh (48272): drop_caches: 3
[28495.777287] sh (48272): drop_caches: 3
[28499.823274] sh (48272): drop_caches: 3
[28503.869850] sh (48272): drop_caches: 3
[28507.917273] sh (48272): drop_caches: 3
[28511.963112] sh (48272): drop_caches: 3
[28516.009829] sh (48272): drop_caches: 3
[28520.055117] sh (48272): drop_caches: 3
[28524.098537] sh (48272): drop_caches: 3
[28528.145426] sh (48272): drop_caches: 3
[28532.192890] sh (48272): drop_caches: 3
[28536.237027] sh (48272): drop_caches: 3
[28540.284457] sh (48272): drop_caches: 3
[28544.330280] sh (48272): drop_caches: 3
[28548.375038] sh (48272): drop_caches: 3
[28552.423037] sh (48272): drop_caches: 3
[28556.466261] sh (48272): drop_caches: 3
[28560.509804] sh (48272): drop_caches: 3
[28564.554338] sh (48272): drop_caches: 3
[28568.600408] sh (48272): drop_caches: 3
[28572.643905] sh (48272): drop_caches: 3
[28576.689062] sh (48272): drop_caches: 3
[28580.736949] sh (48272): drop_caches: 3
[28584.782614] sh (48272): drop_caches: 3
[28588.827695] sh (48272): drop_caches: 3
[28592.873587] sh (48272): drop_caches: 3
[28596.920581] sh (48272): drop_caches: 3
[28600.968431] sh (48272): drop_caches: 3
[28605.016365] sh (48272): drop_caches: 3
[28609.063615] sh (48272): drop_caches: 3
[28613.109053] sh (48272): drop_caches: 3
[28617.156311] sh (48272): drop_caches: 3
[28621.194304] sh (48272): drop_caches: 3
[28625.240577] sh (48272): drop_caches: 3
[28629.287087] sh (48272): drop_caches: 3
[28633.333556] sh (48272): drop_caches: 3
[28637.381453] sh (48272): drop_caches: 3
[28641.427335] sh (48272): drop_caches: 3
[28645.476130] sh (48272): drop_caches: 3
[28649.524122] sh (48272): drop_caches: 3
[28653.571052] sh (48272): drop_caches: 3
[28657.620036] sh (48272): drop_caches: 3
[28661.667761] sh (48272): drop_caches: 3
[28665.712899] sh (48272): drop_caches: 3
[28669.743117] sh (48272): drop_caches: 3
[28669.793335] iCAT_SQLITE_RUN_END run=20260901-091253-48144
[28669.815067] EXT4-fs (nvme1n1): unmounting filesystem 0fa239f0-8231-4746-ae05-81d7b4b18228.
[28669.884799] pci_bus 0001:10: busn_res: [bus 10-ff] is released
[28669.884826] NVMeVirt: GC stats: policy=cat-fig7 host_pages=14697643 gc_pages=1990366 gc_count=260743 WAF=1.135 k=7 scale_pct=100 age_ratio=7
[28669.946113] NVMeVirt: Virtual NVMe device closed
