[ 4487.523545] NVMeVirt: Version 1.10 for >> Samsung 970 Pro SSD <<
[ 4487.523550] NVMeVirt: Storage: 0x100100000-0x300000000 (8191 MiB)
[ 4487.527717] NVMeVirt: Total Capacity(GiB,MiB)=2,2048 chs=2 luns=4 lines=8192 blk-size(MiB,KiB)=0,64 line-size(MiB,KiB)=0,256
[ 4487.540891] NVMeVirt: [chmodel_init] bandwidth 800 max_credits 26 tx_time 152
[ 4487.548942] NVMeVirt: [chmodel_init] bandwidth 800 max_credits 26 tx_time 152
[ 4487.548956] NVMeVirt: [chmodel_init] bandwidth 3360 max_credits 110 tx_time 36
[ 4487.550168] NVMeVirt: pqueue: Copyright (c) 2014, Volkan Yazıcı <volkan.yazici@gmail.com>. All rights reserved.
[ 4487.550203] NVMeVirt: Init FTL instance with 2 channels (524288 pages)
[ 4487.550204] NVMeVirt: GC victim policy: cat-fig7 k=2 scale_pct=50 age_ratio=16
[ 4487.556642] NVMeVirt: [chmodel_init] bandwidth 800 max_credits 26 tx_time 152
[ 4487.563104] NVMeVirt: [chmodel_init] bandwidth 800 max_credits 26 tx_time 152
[ 4487.563117] NVMeVirt: [chmodel_init] bandwidth 3360 max_credits 110 tx_time 36
[ 4487.564344] NVMeVirt: Init FTL instance with 2 channels (524288 pages)
[ 4487.564345] NVMeVirt: GC victim policy: cat-fig7 k=2 scale_pct=50 age_ratio=16
[ 4487.570777] NVMeVirt: [chmodel_init] bandwidth 800 max_credits 26 tx_time 152
[ 4487.577207] NVMeVirt: [chmodel_init] bandwidth 800 max_credits 26 tx_time 152
[ 4487.577220] NVMeVirt: [chmodel_init] bandwidth 3360 max_credits 110 tx_time 36
[ 4487.578465] NVMeVirt: Init FTL instance with 2 channels (524288 pages)
[ 4487.578466] NVMeVirt: GC victim policy: cat-fig7 k=2 scale_pct=50 age_ratio=16
[ 4487.584857] NVMeVirt: [chmodel_init] bandwidth 800 max_credits 26 tx_time 152
[ 4487.591249] NVMeVirt: [chmodel_init] bandwidth 800 max_credits 26 tx_time 152
[ 4487.591264] NVMeVirt: [chmodel_init] bandwidth 3360 max_credits 110 tx_time 36
[ 4487.592509] NVMeVirt: Init FTL instance with 2 channels (524288 pages)
[ 4487.592510] NVMeVirt: GC victim policy: cat-fig7 k=2 scale_pct=50 age_ratio=16
[ 4487.592514] NVMeVirt: FTL physical space: 8588886016, logical space: 8026996276 (physical/logical * 100 = 107)
[ 4487.592515] NVMeVirt: ns 0/1: size 7655 MiB
[ 4487.592556] PCI host bridge to bus 0001:10
[ 4487.592558] pci_bus 0001:10: root bus resource [io  0x0000-0xffff]
[ 4487.592560] pci_bus 0001:10: root bus resource [mem 0x00000000-0x3fffffffffff]
[ 4487.592561] pci_bus 0001:10: root bus resource [bus 00-ff]
[ 4487.592568] pci 0001:10:00.0: [0c51:0110] type 00 class 0x010802 PCIe Endpoint
[ 4487.592571] pci 0001:10:00.0: BAR 0 [mem 0x100000000-0x100003fff 64bit]
[ 4487.592573] pci 0001:10:00.0: enabling Extended Tags
[ 4487.592683] NVMeVirt: Virtual PCI bus created (node 0)
[ 4487.593399] NVMeVirt: nvmev_dispatcher started on cpu 1 (node 0)
[ 4487.593420] NVMeVirt: nvmev_io_worker_0 started on cpu 2 (node 0)
[ 4487.593568] nvme nvme1: pci function 0001:10:00.0
[ 4487.598089] nvme nvme1: 20/0/0 default/read/poll queues
[ 4487.602360] NVMeVirt: Virtual NVMe device created
[ 4488.658415] EXT4-fs (nvme1n1): mounted filesystem 3a111c50-23fa-407a-a0a1-0e59fab6b209 r/w with ordered data mode. Quota mode: none.
[ 4488.687660] iCAT_SQLITE_LOAD_START run=20260901-024204-31922
[ 4586.969103] iCAT_SQLITE_LOAD_END run=20260901-024204-31922
[ 4587.399244] sh (32049): drop_caches: 3
[ 4587.431137] iCAT_SQLITE_RUN_START run=20260901-024204-31922
[ 4591.013394] sh (32050): drop_caches: 3
[ 4595.061907] sh (32050): drop_caches: 3
[ 4599.109295] sh (32050): drop_caches: 3
[ 4603.161396] sh (32050): drop_caches: 3
[ 4607.210659] sh (32050): drop_caches: 3
[ 4611.264315] sh (32050): drop_caches: 3
[ 4615.317744] sh (32050): drop_caches: 3
[ 4619.367391] sh (32050): drop_caches: 3
[ 4623.415405] sh (32050): drop_caches: 3
[ 4627.469857] sh (32050): drop_caches: 3
[ 4631.518223] sh (32050): drop_caches: 3
[ 4635.570104] sh (32050): drop_caches: 3
[ 4639.620083] sh (32050): drop_caches: 3
[ 4643.669743] sh (32050): drop_caches: 3
[ 4647.713494] sh (32050): drop_caches: 3
[ 4651.756479] sh (32050): drop_caches: 3
[ 4655.805205] sh (32050): drop_caches: 3
[ 4659.859968] sh (32050): drop_caches: 3
[ 4663.910371] sh (32050): drop_caches: 3
[ 4667.958010] sh (32050): drop_caches: 3
[ 4672.010534] sh (32050): drop_caches: 3
[ 4676.054454] sh (32050): drop_caches: 3
[ 4680.105191] sh (32050): drop_caches: 3
[ 4684.153022] sh (32050): drop_caches: 3
[ 4688.200468] sh (32050): drop_caches: 3
[ 4692.248248] sh (32050): drop_caches: 3
[ 4696.299235] sh (32050): drop_caches: 3
[ 4700.346929] sh (32050): drop_caches: 3
[ 4704.399707] sh (32050): drop_caches: 3
[ 4708.451342] sh (32050): drop_caches: 3
[ 4712.499607] sh (32050): drop_caches: 3
[ 4716.547133] sh (32050): drop_caches: 3
[ 4720.596106] sh (32050): drop_caches: 3
[ 4724.644879] sh (32050): drop_caches: 3
[ 4728.689364] sh (32050): drop_caches: 3
[ 4732.731435] sh (32050): drop_caches: 3
[ 4736.772336] sh (32050): drop_caches: 3
[ 4740.821942] sh (32050): drop_caches: 3
[ 4744.870910] sh (32050): drop_caches: 3
[ 4748.921487] sh (32050): drop_caches: 3
[ 4752.970933] sh (32050): drop_caches: 3
[ 4757.021963] sh (32050): drop_caches: 3
[ 4761.072825] sh (32050): drop_caches: 3
[ 4765.115156] sh (32050): drop_caches: 3
[ 4769.167255] sh (32050): drop_caches: 3
[ 4773.215011] sh (32050): drop_caches: 3
[ 4777.266164] sh (32050): drop_caches: 3
[ 4781.316198] sh (32050): drop_caches: 3
[ 4785.367937] sh (32050): drop_caches: 3
[ 4789.416079] sh (32050): drop_caches: 3
[ 4793.466514] sh (32050): drop_caches: 3
[ 4797.516764] sh (32050): drop_caches: 3
[ 4801.564300] sh (32050): drop_caches: 3
[ 4805.615055] sh (32050): drop_caches: 3
[ 4809.666977] sh (32050): drop_caches: 3
[ 4813.716601] sh (32050): drop_caches: 3
[ 4817.764103] sh (32050): drop_caches: 3
[ 4821.814234] sh (32050): drop_caches: 3
[ 4825.868059] sh (32050): drop_caches: 3
[ 4829.923075] sh (32050): drop_caches: 3
[ 4833.972535] sh (32050): drop_caches: 3
[ 4838.022044] sh (32050): drop_caches: 3
[ 4842.064119] sh (32050): drop_caches: 3
[ 4846.106366] sh (32050): drop_caches: 3
[ 4850.158019] sh (32050): drop_caches: 3
[ 4854.207034] sh (32050): drop_caches: 3
[ 4858.257137] sh (32050): drop_caches: 3
[ 4862.310177] sh (32050): drop_caches: 3
[ 4866.361751] sh (32050): drop_caches: 3
[ 4870.412361] sh (32050): drop_caches: 3
[ 4874.460376] sh (32050): drop_caches: 3
[ 4878.511125] sh (32050): drop_caches: 3
[ 4882.559535] sh (32050): drop_caches: 3
[ 4886.607041] sh (32050): drop_caches: 3
[ 4890.656141] sh (32050): drop_caches: 3
[ 4894.703023] sh (32050): drop_caches: 3
[ 4898.754650] sh (32050): drop_caches: 3
[ 4902.804638] sh (32050): drop_caches: 3
[ 4906.855163] sh (32050): drop_caches: 3
[ 4910.904333] sh (32050): drop_caches: 3
[ 4914.953499] sh (32050): drop_caches: 3
[ 4919.003096] sh (32050): drop_caches: 3
[ 4923.053567] sh (32050): drop_caches: 3
[ 4927.103457] sh (32050): drop_caches: 3
[ 4931.150713] sh (32050): drop_caches: 3
[ 4935.200425] sh (32050): drop_caches: 3
[ 4939.243374] sh (32050): drop_caches: 3
[ 4943.293150] sh (32050): drop_caches: 3
[ 4947.341750] sh (32050): drop_caches: 3
[ 4951.390574] sh (32050): drop_caches: 3
[ 4955.438816] sh (32050): drop_caches: 3
[ 4959.486888] sh (32050): drop_caches: 3
[ 4963.537046] sh (32050): drop_caches: 3
[ 4967.580845] sh (32050): drop_caches: 3
[ 4971.629807] sh (32050): drop_caches: 3
[ 4975.680253] sh (32050): drop_caches: 3
[ 4979.724409] sh (32050): drop_caches: 3
[ 4983.773310] sh (32050): drop_caches: 3
[ 4987.826456] sh (32050): drop_caches: 3
[ 4991.877226] sh (32050): drop_caches: 3
[ 4995.926089] sh (32050): drop_caches: 3
[ 4999.976616] sh (32050): drop_caches: 3
[ 5004.027585] sh (32050): drop_caches: 3
[ 5008.077292] sh (32050): drop_caches: 3
[ 5012.129437] sh (32050): drop_caches: 3
[ 5016.171312] sh (32050): drop_caches: 3
[ 5020.220843] sh (32050): drop_caches: 3
[ 5024.268707] sh (32050): drop_caches: 3
[ 5028.316297] sh (32050): drop_caches: 3
[ 5032.359289] sh (32050): drop_caches: 3
[ 5036.409443] sh (32050): drop_caches: 3
[ 5040.458970] sh (32050): drop_caches: 3
[ 5044.509544] sh (32050): drop_caches: 3
[ 5048.561577] sh (32050): drop_caches: 3
[ 5052.611210] sh (32050): drop_caches: 3
[ 5056.662016] sh (32050): drop_caches: 3
[ 5060.707669] sh (32050): drop_caches: 3
[ 5064.758750] sh (32050): drop_caches: 3
[ 5068.806094] sh (32050): drop_caches: 3
[ 5072.858683] sh (32050): drop_caches: 3
[ 5076.908647] sh (32050): drop_caches: 3
[ 5080.956651] sh (32050): drop_caches: 3
[ 5085.005064] sh (32050): drop_caches: 3
[ 5089.052790] sh (32050): drop_caches: 3
[ 5093.101893] sh (32050): drop_caches: 3
[ 5097.153086] sh (32050): drop_caches: 3
[ 5101.201006] sh (32050): drop_caches: 3
[ 5105.253247] sh (32050): drop_caches: 3
[ 5109.303784] sh (32050): drop_caches: 3
[ 5113.356024] sh (32050): drop_caches: 3
[ 5117.397304] sh (32050): drop_caches: 3
[ 5121.446044] sh (32050): drop_caches: 3
[ 5125.493712] sh (32050): drop_caches: 3
[ 5129.543912] sh (32050): drop_caches: 3
[ 5133.593883] sh (32050): drop_caches: 3
[ 5137.644279] sh (32050): drop_caches: 3
[ 5141.687841] sh (32050): drop_caches: 3
[ 5145.739576] sh (32050): drop_caches: 3
[ 5149.790521] sh (32050): drop_caches: 3
[ 5153.841837] sh (32050): drop_caches: 3
[ 5157.886420] sh (32050): drop_caches: 3
[ 5161.938625] sh (32050): drop_caches: 3
[ 5165.988986] sh (32050): drop_caches: 3
[ 5170.043406] sh (32050): drop_caches: 3
[ 5174.086103] sh (32050): drop_caches: 3
[ 5178.137284] sh (32050): drop_caches: 3
[ 5182.187647] sh (32050): drop_caches: 3
[ 5186.240556] sh (32050): drop_caches: 3
[ 5190.284657] sh (32050): drop_caches: 3
[ 5194.336410] sh (32050): drop_caches: 3
[ 5198.386650] sh (32050): drop_caches: 3
[ 5202.429181] sh (32050): drop_caches: 3
[ 5206.473933] sh (32050): drop_caches: 3
[ 5210.520621] sh (32050): drop_caches: 3
[ 5214.572372] sh (32050): drop_caches: 3
[ 5218.626107] sh (32050): drop_caches: 3
[ 5222.655865] sh (32050): drop_caches: 3
[ 5222.706464] iCAT_SQLITE_RUN_END run=20260901-024204-31922
[ 5222.726694] EXT4-fs (nvme1n1): unmounting filesystem 3a111c50-23fa-407a-a0a1-0e59fab6b209.
[ 5222.800118] pci_bus 0001:10: busn_res: [bus 10-ff] is released
[ 5222.800173] NVMeVirt: GC stats: policy=cat-fig7 host_pages=14697004 gc_pages=3387947 gc_count=282571 WAF=1.230 k=2 scale_pct=50 age_ratio=16
[ 5222.871863] NVMeVirt: Virtual NVMe device closed
