[19157.659095] NVMeVirt: Version 1.10 for >> Samsung 970 Pro SSD <<
[19157.659103] NVMeVirt: Storage: 0x100100000-0x300000000 (8191 MiB)
[19157.666195] NVMeVirt: Total Capacity(GiB,MiB)=2,2048 chs=2 luns=4 lines=8192 blk-size(MiB,KiB)=0,64 line-size(MiB,KiB)=0,256
[19157.678579] NVMeVirt: [chmodel_init] bandwidth 800 max_credits 26 tx_time 152
[19157.685345] NVMeVirt: [chmodel_init] bandwidth 800 max_credits 26 tx_time 152
[19157.685360] NVMeVirt: [chmodel_init] bandwidth 3360 max_credits 110 tx_time 36
[19157.686591] NVMeVirt: pqueue: Copyright (c) 2014, Volkan Yazıcı <volkan.yazici@gmail.com>. All rights reserved.
[19157.686628] NVMeVirt: Init FTL instance with 2 channels (524288 pages)
[19157.686629] NVMeVirt: GC victim policy: cat-fig7 k=4 scale_pct=200 age_ratio=7
[19157.693225] NVMeVirt: [chmodel_init] bandwidth 800 max_credits 26 tx_time 152
[19157.699716] NVMeVirt: [chmodel_init] bandwidth 800 max_credits 26 tx_time 152
[19157.699730] NVMeVirt: [chmodel_init] bandwidth 3360 max_credits 110 tx_time 36
[19157.700969] NVMeVirt: Init FTL instance with 2 channels (524288 pages)
[19157.700970] NVMeVirt: GC victim policy: cat-fig7 k=4 scale_pct=200 age_ratio=7
[19157.707419] NVMeVirt: [chmodel_init] bandwidth 800 max_credits 26 tx_time 152
[19157.713856] NVMeVirt: [chmodel_init] bandwidth 800 max_credits 26 tx_time 152
[19157.713870] NVMeVirt: [chmodel_init] bandwidth 3360 max_credits 110 tx_time 36
[19157.715115] NVMeVirt: Init FTL instance with 2 channels (524288 pages)
[19157.715116] NVMeVirt: GC victim policy: cat-fig7 k=4 scale_pct=200 age_ratio=7
[19157.721519] NVMeVirt: [chmodel_init] bandwidth 800 max_credits 26 tx_time 152
[19157.727937] NVMeVirt: [chmodel_init] bandwidth 800 max_credits 26 tx_time 152
[19157.727952] NVMeVirt: [chmodel_init] bandwidth 3360 max_credits 110 tx_time 36
[19157.729201] NVMeVirt: Init FTL instance with 2 channels (524288 pages)
[19157.729203] NVMeVirt: GC victim policy: cat-fig7 k=4 scale_pct=200 age_ratio=7
[19157.729206] NVMeVirt: FTL physical space: 8588886016, logical space: 8026996276 (physical/logical * 100 = 107)
[19157.729208] NVMeVirt: ns 0/1: size 7655 MiB
[19157.729249] PCI host bridge to bus 0001:10
[19157.729250] pci_bus 0001:10: root bus resource [io  0x0000-0xffff]
[19157.729253] pci_bus 0001:10: root bus resource [mem 0x00000000-0x3fffffffffff]
[19157.729254] pci_bus 0001:10: root bus resource [bus 00-ff]
[19157.729260] pci 0001:10:00.0: [0c51:0110] type 00 class 0x010802 PCIe Endpoint
[19157.729263] pci 0001:10:00.0: BAR 0 [mem 0x100000000-0x100003fff 64bit]
[19157.729265] pci 0001:10:00.0: enabling Extended Tags
[19157.729374] NVMeVirt: Virtual PCI bus created (node 0)
[19157.730020] NVMeVirt: nvmev_io_worker_0 started on cpu 2 (node 0)
[19157.730109] NVMeVirt: nvmev_dispatcher started on cpu 1 (node 0)
[19157.730239] nvme nvme1: pci function 0001:10:00.0
[19157.734433] nvme nvme1: 20/0/0 default/read/poll queues
[19157.738030] NVMeVirt: Virtual NVMe device created
[19158.798345] EXT4-fs (nvme1n1): mounted filesystem b8d1e72a-5080-4a37-911a-eba6bc6d5c59 r/w with ordered data mode. Quota mode: none.
[19158.828288] iCAT_SQLITE_LOAD_START run=20260901-064635-43346
[19257.920674] iCAT_SQLITE_LOAD_END run=20260901-064635-43346
[19258.393216] sh (43476): drop_caches: 3
[19258.421493] iCAT_SQLITE_RUN_START run=20260901-064635-43346
[19261.960495] sh (43475): drop_caches: 3
[19266.005420] sh (43475): drop_caches: 3
[19270.048857] sh (43475): drop_caches: 3
[19274.094314] sh (43475): drop_caches: 3
[19278.138243] sh (43475): drop_caches: 3
[19282.181194] sh (43475): drop_caches: 3
[19286.225148] sh (43475): drop_caches: 3
[19290.271766] sh (43475): drop_caches: 3
[19294.319223] sh (43475): drop_caches: 3
[19298.364971] sh (43475): drop_caches: 3
[19302.412506] sh (43475): drop_caches: 3
[19306.455852] sh (43475): drop_caches: 3
[19310.503582] sh (43475): drop_caches: 3
[19314.551732] sh (43475): drop_caches: 3
[19318.595422] sh (43475): drop_caches: 3
[19322.643634] sh (43475): drop_caches: 3
[19326.687924] sh (43475): drop_caches: 3
[19330.734721] sh (43475): drop_caches: 3
[19334.778444] sh (43475): drop_caches: 3
[19338.825854] sh (43475): drop_caches: 3
[19342.872276] sh (43475): drop_caches: 3
[19346.919777] sh (43475): drop_caches: 3
[19350.966858] sh (43475): drop_caches: 3
[19355.013740] sh (43475): drop_caches: 3
[19359.060201] sh (43475): drop_caches: 3
[19363.104581] sh (43475): drop_caches: 3
[19367.153085] sh (43475): drop_caches: 3
[19371.201412] sh (43475): drop_caches: 3
[19375.249182] sh (43475): drop_caches: 3
[19379.297878] sh (43475): drop_caches: 3
[19383.345449] sh (43475): drop_caches: 3
[19387.393311] sh (43475): drop_caches: 3
[19391.442863] sh (43475): drop_caches: 3
[19395.490993] sh (43475): drop_caches: 3
[19399.536937] sh (43475): drop_caches: 3
[19403.580395] sh (43475): drop_caches: 3
[19407.627931] sh (43475): drop_caches: 3
[19411.674211] sh (43475): drop_caches: 3
[19415.720476] sh (43475): drop_caches: 3
[19419.766456] sh (43475): drop_caches: 3
[19423.813309] sh (43475): drop_caches: 3
[19427.860848] sh (43475): drop_caches: 3
[19431.910864] sh (43475): drop_caches: 3
[19435.956469] sh (43475): drop_caches: 3
[19440.003553] sh (43475): drop_caches: 3
[19444.047828] sh (43475): drop_caches: 3
[19448.095580] sh (43475): drop_caches: 3
[19452.141606] sh (43475): drop_caches: 3
[19456.188206] sh (43475): drop_caches: 3
[19460.234173] sh (43475): drop_caches: 3
[19464.277898] sh (43475): drop_caches: 3
[19468.323633] sh (43475): drop_caches: 3
[19472.369053] sh (43475): drop_caches: 3
[19476.412282] sh (43475): drop_caches: 3
[19480.456382] sh (43475): drop_caches: 3
[19484.505379] sh (43475): drop_caches: 3
[19488.549668] sh (43475): drop_caches: 3
[19492.590603] sh (43475): drop_caches: 3
[19496.637022] sh (43475): drop_caches: 3
[19500.683884] sh (43475): drop_caches: 3
[19504.728784] sh (43475): drop_caches: 3
[19508.772688] sh (43475): drop_caches: 3
[19512.815875] sh (43475): drop_caches: 3
[19516.863207] sh (43475): drop_caches: 3
[19520.906517] sh (43475): drop_caches: 3
[19524.951513] sh (43475): drop_caches: 3
[19529.000380] sh (43475): drop_caches: 3
[19533.047126] sh (43475): drop_caches: 3
[19537.097071] sh (43475): drop_caches: 3
[19541.143783] sh (43475): drop_caches: 3
[19545.192012] sh (43475): drop_caches: 3
[19549.238275] sh (43475): drop_caches: 3
[19553.283125] sh (43475): drop_caches: 3
[19557.326204] sh (43475): drop_caches: 3
[19561.376954] sh (43475): drop_caches: 3
[19565.422013] sh (43475): drop_caches: 3
[19569.466546] sh (43475): drop_caches: 3
[19573.510011] sh (43475): drop_caches: 3
[19577.548491] sh (43475): drop_caches: 3
[19581.594430] sh (43475): drop_caches: 3
[19585.639251] sh (43475): drop_caches: 3
[19589.688771] sh (43475): drop_caches: 3
[19593.734714] sh (43475): drop_caches: 3
[19597.782163] sh (43475): drop_caches: 3
[19601.826912] sh (43475): drop_caches: 3
[19605.876677] sh (43475): drop_caches: 3
[19609.923392] sh (43475): drop_caches: 3
[19613.961694] sh (43475): drop_caches: 3
[19618.006260] sh (43475): drop_caches: 3
[19622.053450] sh (43475): drop_caches: 3
[19626.097468] sh (43475): drop_caches: 3
[19630.147079] sh (43475): drop_caches: 3
[19634.191506] sh (43475): drop_caches: 3
[19638.238439] sh (43475): drop_caches: 3
[19642.284002] sh (43475): drop_caches: 3
[19646.331630] sh (43475): drop_caches: 3
[19650.378375] sh (43475): drop_caches: 3
[19654.424326] sh (43475): drop_caches: 3
[19658.467855] sh (43475): drop_caches: 3
[19662.515613] sh (43475): drop_caches: 3
[19666.563553] sh (43475): drop_caches: 3
[19670.609170] sh (43475): drop_caches: 3
[19674.656594] sh (43475): drop_caches: 3
[19678.703030] sh (43475): drop_caches: 3
[19682.742141] sh (43475): drop_caches: 3
[19686.786821] sh (43475): drop_caches: 3
[19690.834625] sh (43475): drop_caches: 3
[19694.881064] sh (43475): drop_caches: 3
[19698.929439] sh (43475): drop_caches: 3
[19702.975835] sh (43475): drop_caches: 3
[19707.022855] sh (43475): drop_caches: 3
[19711.069226] sh (43475): drop_caches: 3
[19715.115031] sh (43475): drop_caches: 3
[19719.161820] sh (43475): drop_caches: 3
[19723.205604] sh (43475): drop_caches: 3
[19727.251646] sh (43475): drop_caches: 3
[19731.298681] sh (43475): drop_caches: 3
[19735.345770] sh (43475): drop_caches: 3
[19739.390802] sh (43475): drop_caches: 3
[19743.439472] sh (43475): drop_caches: 3
[19747.486868] sh (43475): drop_caches: 3
[19751.532997] sh (43475): drop_caches: 3
[19755.571253] sh (43475): drop_caches: 3
[19759.614253] sh (43475): drop_caches: 3
[19763.654527] sh (43475): drop_caches: 3
[19767.697832] sh (43475): drop_caches: 3
[19771.743646] sh (43475): drop_caches: 3
[19775.788593] sh (43475): drop_caches: 3
[19779.835951] sh (43475): drop_caches: 3
[19783.882014] sh (43475): drop_caches: 3
[19787.926995] sh (43475): drop_caches: 3
[19791.975499] sh (43475): drop_caches: 3
[19796.021011] sh (43475): drop_caches: 3
[19800.065675] sh (43475): drop_caches: 3
[19804.111575] sh (43475): drop_caches: 3
[19808.157685] sh (43475): drop_caches: 3
[19812.203246] sh (43475): drop_caches: 3
[19816.250598] sh (43475): drop_caches: 3
[19820.297695] sh (43475): drop_caches: 3
[19824.342157] sh (43475): drop_caches: 3
[19828.390261] sh (43475): drop_caches: 3
[19832.435160] sh (43475): drop_caches: 3
[19836.478728] sh (43475): drop_caches: 3
[19840.519973] sh (43475): drop_caches: 3
[19844.556928] sh (43475): drop_caches: 3
[19848.597488] sh (43475): drop_caches: 3
[19852.644622] sh (43475): drop_caches: 3
[19856.688861] sh (43475): drop_caches: 3
[19860.734136] sh (43475): drop_caches: 3
[19864.778955] sh (43475): drop_caches: 3
[19868.823983] sh (43475): drop_caches: 3
[19872.868355] sh (43475): drop_caches: 3
[19876.917528] sh (43475): drop_caches: 3
[19880.964173] sh (43475): drop_caches: 3
[19885.009214] sh (43475): drop_caches: 3
[19885.061033] iCAT_SQLITE_RUN_END run=20260901-064635-43346
[19885.080671] EXT4-fs (nvme1n1): unmounting filesystem b8d1e72a-5080-4a37-911a-eba6bc6d5c59.
[19885.154025] pci_bus 0001:10: busn_res: [bus 10-ff] is released
[19885.154085] NVMeVirt: GC stats: policy=cat-fig7 host_pages=14696059 gc_pages=2658454 gc_count=271157 WAF=1.180 k=4 scale_pct=200 age_ratio=7
[19885.224615] NVMeVirt: Virtual NVMe device closed
