[ 9646.169412] NVMeVirt: Version 1.10 for >> Samsung 970 Pro SSD <<
[ 9646.169421] NVMeVirt: Storage: 0x100100000-0x300000000 (8191 MiB)
[ 9646.175294] NVMeVirt: Total Capacity(GiB,MiB)=2,2048 chs=2 luns=4 lines=8192 blk-size(MiB,KiB)=0,64 line-size(MiB,KiB)=0,256
[ 9646.181930] NVMeVirt: [chmodel_init] bandwidth 800 max_credits 26 tx_time 152
[ 9646.188493] NVMeVirt: [chmodel_init] bandwidth 800 max_credits 26 tx_time 152
[ 9646.188506] NVMeVirt: [chmodel_init] bandwidth 3360 max_credits 110 tx_time 36
[ 9646.189716] NVMeVirt: pqueue: Copyright (c) 2014, Volkan Yazıcı <volkan.yazici@gmail.com>. All rights reserved.
[ 9646.189752] NVMeVirt: Init FTL instance with 2 channels (524288 pages)
[ 9646.189753] NVMeVirt: GC victim policy: cat-fig7 k=2 scale_pct=400 age_ratio=4
[ 9646.196195] NVMeVirt: [chmodel_init] bandwidth 800 max_credits 26 tx_time 152
[ 9646.202695] NVMeVirt: [chmodel_init] bandwidth 800 max_credits 26 tx_time 152
[ 9646.202709] NVMeVirt: [chmodel_init] bandwidth 3360 max_credits 110 tx_time 36
[ 9646.203944] NVMeVirt: Init FTL instance with 2 channels (524288 pages)
[ 9646.203945] NVMeVirt: GC victim policy: cat-fig7 k=2 scale_pct=400 age_ratio=4
[ 9646.210374] NVMeVirt: [chmodel_init] bandwidth 800 max_credits 26 tx_time 152
[ 9646.216866] NVMeVirt: [chmodel_init] bandwidth 800 max_credits 26 tx_time 152
[ 9646.216880] NVMeVirt: [chmodel_init] bandwidth 3360 max_credits 110 tx_time 36
[ 9646.218154] NVMeVirt: Init FTL instance with 2 channels (524288 pages)
[ 9646.218155] NVMeVirt: GC victim policy: cat-fig7 k=2 scale_pct=400 age_ratio=4
[ 9646.224610] NVMeVirt: [chmodel_init] bandwidth 800 max_credits 26 tx_time 152
[ 9646.231086] NVMeVirt: [chmodel_init] bandwidth 800 max_credits 26 tx_time 152
[ 9646.231100] NVMeVirt: [chmodel_init] bandwidth 3360 max_credits 110 tx_time 36
[ 9646.232351] NVMeVirt: Init FTL instance with 2 channels (524288 pages)
[ 9646.232352] NVMeVirt: GC victim policy: cat-fig7 k=2 scale_pct=400 age_ratio=4
[ 9646.232356] NVMeVirt: FTL physical space: 8588886016, logical space: 8026996276 (physical/logical * 100 = 107)
[ 9646.232357] NVMeVirt: ns 0/1: size 7655 MiB
[ 9646.232396] PCI host bridge to bus 0001:10
[ 9646.232397] pci_bus 0001:10: root bus resource [io  0x0000-0xffff]
[ 9646.232399] pci_bus 0001:10: root bus resource [mem 0x00000000-0x3fffffffffff]
[ 9646.232401] pci_bus 0001:10: root bus resource [bus 00-ff]
[ 9646.232406] pci 0001:10:00.0: [0c51:0110] type 00 class 0x010802 PCIe Endpoint
[ 9646.232409] pci 0001:10:00.0: BAR 0 [mem 0x100000000-0x100003fff 64bit]
[ 9646.232411] pci 0001:10:00.0: enabling Extended Tags
[ 9646.232520] NVMeVirt: Virtual PCI bus created (node 0)
[ 9646.232945] NVMeVirt: nvmev_io_worker_0 started on cpu 2 (node 0)
[ 9646.232960] NVMeVirt: nvmev_dispatcher started on cpu 1 (node 0)
[ 9646.233138] nvme nvme1: pci function 0001:10:00.0
[ 9646.236219] nvme nvme1: 20/0/0 default/read/poll queues
[ 9646.239307] NVMeVirt: Virtual NVMe device created
[ 9647.302561] EXT4-fs (nvme1n1): mounted filesystem b001d646-b95c-4664-a786-4493c5345359 r/w with ordered data mode. Quota mode: none.
[ 9647.332273] iCAT_SQLITE_LOAD_START run=20260901-040803-35186
[ 9747.959885] iCAT_SQLITE_LOAD_END run=20260901-040803-35186
[ 9748.364142] sh (35314): drop_caches: 3
[ 9748.396737] iCAT_SQLITE_RUN_START run=20260901-040803-35186
[ 9752.006842] sh (35313): drop_caches: 3
[ 9756.058545] sh (35313): drop_caches: 3
[ 9760.107554] sh (35313): drop_caches: 3
[ 9764.156569] sh (35313): drop_caches: 3
[ 9768.201345] sh (35313): drop_caches: 3
[ 9772.244267] sh (35313): drop_caches: 3
[ 9776.294080] sh (35313): drop_caches: 3
[ 9780.343917] sh (35313): drop_caches: 3
[ 9784.396790] sh (35313): drop_caches: 3
[ 9788.444746] sh (35313): drop_caches: 3
[ 9792.493561] sh (35313): drop_caches: 3
[ 9796.543313] sh (35313): drop_caches: 3
[ 9800.591518] sh (35313): drop_caches: 3
[ 9804.640067] sh (35313): drop_caches: 3
[ 9808.683197] sh (35313): drop_caches: 3
[ 9812.728230] sh (35313): drop_caches: 3
[ 9816.777356] sh (35313): drop_caches: 3
[ 9820.827669] sh (35313): drop_caches: 3
[ 9824.875898] sh (35313): drop_caches: 3
[ 9828.925314] sh (35313): drop_caches: 3
[ 9832.974808] sh (35313): drop_caches: 3
[ 9837.027517] sh (35313): drop_caches: 3
[ 9841.077805] sh (35313): drop_caches: 3
[ 9845.129725] sh (35313): drop_caches: 3
[ 9849.171838] sh (35313): drop_caches: 3
[ 9853.222101] sh (35313): drop_caches: 3
[ 9857.265248] sh (35313): drop_caches: 3
[ 9861.316112] sh (35313): drop_caches: 3
[ 9865.364730] sh (35313): drop_caches: 3
[ 9869.415451] sh (35313): drop_caches: 3
[ 9873.465778] sh (35313): drop_caches: 3
[ 9877.514446] sh (35313): drop_caches: 3
[ 9881.565345] sh (35313): drop_caches: 3
[ 9885.615232] sh (35313): drop_caches: 3
[ 9889.664826] sh (35313): drop_caches: 3
[ 9893.713576] sh (35313): drop_caches: 3
[ 9897.764858] sh (35313): drop_caches: 3
[ 9901.816125] sh (35313): drop_caches: 3
[ 9905.860312] sh (35313): drop_caches: 3
[ 9909.911631] sh (35313): drop_caches: 3
[ 9913.961741] sh (35313): drop_caches: 3
[ 9918.014250] sh (35313): drop_caches: 3
[ 9922.058652] sh (35313): drop_caches: 3
[ 9926.108667] sh (35313): drop_caches: 3
[ 9930.161571] sh (35313): drop_caches: 3
[ 9934.212919] sh (35313): drop_caches: 3
[ 9938.264652] sh (35313): drop_caches: 3
[ 9942.309825] sh (35313): drop_caches: 3
[ 9946.358062] sh (35313): drop_caches: 3
[ 9950.406197] sh (35313): drop_caches: 3
[ 9954.454510] sh (35313): drop_caches: 3
[ 9958.504366] sh (35313): drop_caches: 3
[ 9962.553392] sh (35313): drop_caches: 3
[ 9966.603276] sh (35313): drop_caches: 3
[ 9970.651458] sh (35313): drop_caches: 3
[ 9974.707550] sh (35313): drop_caches: 3
[ 9978.760913] sh (35313): drop_caches: 3
[ 9982.809098] sh (35313): drop_caches: 3
[ 9986.861165] sh (35313): drop_caches: 3
[ 9990.909062] sh (35313): drop_caches: 3
[ 9994.957048] sh (35313): drop_caches: 3
[ 9999.005136] sh (35313): drop_caches: 3
[10003.047895] sh (35313): drop_caches: 3
[10007.099755] sh (35313): drop_caches: 3
[10011.147752] sh (35313): drop_caches: 3
[10015.196186] sh (35313): drop_caches: 3
[10019.245561] sh (35313): drop_caches: 3
[10023.296242] sh (35313): drop_caches: 3
[10027.346986] sh (35313): drop_caches: 3
[10031.397562] sh (35313): drop_caches: 3
[10035.447797] sh (35313): drop_caches: 3
[10039.499359] sh (35313): drop_caches: 3
[10043.546952] sh (35313): drop_caches: 3
[10047.598273] sh (35313): drop_caches: 3
[10051.646327] sh (35313): drop_caches: 3
[10055.694619] sh (35313): drop_caches: 3
[10059.747544] sh (35313): drop_caches: 3
[10063.797529] sh (35313): drop_caches: 3
[10067.849407] sh (35313): drop_caches: 3
[10071.899155] sh (35313): drop_caches: 3
[10075.952495] sh (35313): drop_caches: 3
[10080.001276] sh (35313): drop_caches: 3
[10084.054175] sh (35313): drop_caches: 3
[10088.105522] sh (35313): drop_caches: 3
[10092.155717] sh (35313): drop_caches: 3
[10096.204354] sh (35313): drop_caches: 3
[10100.246539] sh (35313): drop_caches: 3
[10104.296873] sh (35313): drop_caches: 3
[10108.345490] sh (35313): drop_caches: 3
[10112.392570] sh (35313): drop_caches: 3
[10116.445121] sh (35313): drop_caches: 3
[10120.490447] sh (35313): drop_caches: 3
[10124.533411] sh (35313): drop_caches: 3
[10128.582553] sh (35313): drop_caches: 3
[10132.634854] sh (35313): drop_caches: 3
[10136.680002] sh (35313): drop_caches: 3
[10140.733008] sh (35313): drop_caches: 3
[10144.784700] sh (35313): drop_caches: 3
[10148.833600] sh (35313): drop_caches: 3
[10152.884456] sh (35313): drop_caches: 3
[10156.934212] sh (35313): drop_caches: 3
[10160.984229] sh (35313): drop_caches: 3
[10165.034685] sh (35313): drop_caches: 3
[10169.085851] sh (35313): drop_caches: 3
[10173.133784] sh (35313): drop_caches: 3
[10177.182685] sh (35313): drop_caches: 3
[10181.231970] sh (35313): drop_caches: 3
[10185.283199] sh (35313): drop_caches: 3
[10189.335112] sh (35313): drop_caches: 3
[10193.383856] sh (35313): drop_caches: 3
[10197.432462] sh (35313): drop_caches: 3
[10201.478214] sh (35313): drop_caches: 3
[10205.529306] sh (35313): drop_caches: 3
[10209.579269] sh (35313): drop_caches: 3
[10213.629260] sh (35313): drop_caches: 3
[10217.680376] sh (35313): drop_caches: 3
[10221.729587] sh (35313): drop_caches: 3
[10225.778736] sh (35313): drop_caches: 3
[10229.828084] sh (35313): drop_caches: 3
[10233.881171] sh (35313): drop_caches: 3
[10237.931200] sh (35313): drop_caches: 3
[10241.979957] sh (35313): drop_caches: 3
[10246.024498] sh (35313): drop_caches: 3
[10250.076995] sh (35313): drop_caches: 3
[10254.130191] sh (35313): drop_caches: 3
[10258.179382] sh (35313): drop_caches: 3
[10262.231481] sh (35313): drop_caches: 3
[10266.285304] sh (35313): drop_caches: 3
[10270.332379] sh (35313): drop_caches: 3
[10274.377459] sh (35313): drop_caches: 3
[10278.425875] sh (35313): drop_caches: 3
[10282.479161] sh (35313): drop_caches: 3
[10286.524687] sh (35313): drop_caches: 3
[10290.572734] sh (35313): drop_caches: 3
[10294.621906] sh (35313): drop_caches: 3
[10298.672686] sh (35313): drop_caches: 3
[10302.718221] sh (35313): drop_caches: 3
[10306.769607] sh (35313): drop_caches: 3
[10310.817871] sh (35313): drop_caches: 3
[10314.866661] sh (35313): drop_caches: 3
[10318.918530] sh (35313): drop_caches: 3
[10322.966599] sh (35313): drop_caches: 3
[10327.016196] sh (35313): drop_caches: 3
[10331.068909] sh (35313): drop_caches: 3
[10335.117457] sh (35313): drop_caches: 3
[10339.170179] sh (35313): drop_caches: 3
[10343.219437] sh (35313): drop_caches: 3
[10347.268192] sh (35313): drop_caches: 3
[10351.316707] sh (35313): drop_caches: 3
[10355.369879] sh (35313): drop_caches: 3
[10359.420619] sh (35313): drop_caches: 3
[10363.469912] sh (35313): drop_caches: 3
[10367.518391] sh (35313): drop_caches: 3
[10371.562361] sh (35313): drop_caches: 3
[10375.610973] sh (35313): drop_caches: 3
[10379.653748] sh (35313): drop_caches: 3
[10383.692345] sh (35313): drop_caches: 3
[10383.742090] iCAT_SQLITE_RUN_END run=20260901-040803-35186
[10383.762403] EXT4-fs (nvme1n1): unmounting filesystem b001d646-b95c-4664-a786-4493c5345359.
[10383.874956] pci_bus 0001:10: busn_res: [bus 10-ff] is released
[10383.874987] NVMeVirt: GC stats: policy=cat-fig7 host_pages=14700030 gc_pages=4107291 gc_count=293857 WAF=1.279 k=2 scale_pct=400 age_ratio=4
[10383.937844] NVMeVirt: Virtual NVMe device closed
