[33815.289094] NVMeVirt: Version 1.10 for >> Samsung 970 Pro SSD <<
[33815.289102] NVMeVirt: Storage: 0x100100000-0x300000000 (8191 MiB)
[33815.296276] NVMeVirt: Total Capacity(GiB,MiB)=2,2048 chs=2 luns=4 lines=8192 blk-size(MiB,KiB)=0,64 line-size(MiB,KiB)=0,256
[33815.305355] NVMeVirt: [chmodel_init] bandwidth 800 max_credits 26 tx_time 152
[33815.311982] NVMeVirt: [chmodel_init] bandwidth 800 max_credits 26 tx_time 152
[33815.311996] NVMeVirt: [chmodel_init] bandwidth 3360 max_credits 110 tx_time 36
[33815.313195] NVMeVirt: pqueue: Copyright (c) 2014, Volkan Yazıcı <volkan.yazici@gmail.com>. All rights reserved.
[33815.313230] NVMeVirt: Init FTL instance with 2 channels (524288 pages)
[33815.313231] NVMeVirt: GC victim policy: cat-fig7 k=10 scale_pct=25 age_ratio=4
[33815.319759] NVMeVirt: [chmodel_init] bandwidth 800 max_credits 26 tx_time 152
[33815.326228] NVMeVirt: [chmodel_init] bandwidth 800 max_credits 26 tx_time 152
[33815.326242] NVMeVirt: [chmodel_init] bandwidth 3360 max_credits 110 tx_time 36
[33815.327471] NVMeVirt: Init FTL instance with 2 channels (524288 pages)
[33815.327472] NVMeVirt: GC victim policy: cat-fig7 k=10 scale_pct=25 age_ratio=4
[33815.333978] NVMeVirt: [chmodel_init] bandwidth 800 max_credits 26 tx_time 152
[33815.340491] NVMeVirt: [chmodel_init] bandwidth 800 max_credits 26 tx_time 152
[33815.340505] NVMeVirt: [chmodel_init] bandwidth 3360 max_credits 110 tx_time 36
[33815.341805] NVMeVirt: Init FTL instance with 2 channels (524288 pages)
[33815.341806] NVMeVirt: GC victim policy: cat-fig7 k=10 scale_pct=25 age_ratio=4
[33815.348299] NVMeVirt: [chmodel_init] bandwidth 800 max_credits 26 tx_time 152
[33815.354807] NVMeVirt: [chmodel_init] bandwidth 800 max_credits 26 tx_time 152
[33815.354830] NVMeVirt: [chmodel_init] bandwidth 3360 max_credits 110 tx_time 36
[33815.356088] NVMeVirt: Init FTL instance with 2 channels (524288 pages)
[33815.356089] NVMeVirt: GC victim policy: cat-fig7 k=10 scale_pct=25 age_ratio=4
[33815.356093] NVMeVirt: FTL physical space: 8588886016, logical space: 8026996276 (physical/logical * 100 = 107)
[33815.356094] NVMeVirt: ns 0/1: size 7655 MiB
[33815.356131] PCI host bridge to bus 0001:10
[33815.356133] pci_bus 0001:10: root bus resource [io  0x0000-0xffff]
[33815.356136] pci_bus 0001:10: root bus resource [mem 0x00000000-0x3fffffffffff]
[33815.356137] pci_bus 0001:10: root bus resource [bus 00-ff]
[33815.356147] pci 0001:10:00.0: [0c51:0110] type 00 class 0x010802 PCIe Endpoint
[33815.356150] pci 0001:10:00.0: BAR 0 [mem 0x100000000-0x100003fff 64bit]
[33815.356151] pci 0001:10:00.0: enabling Extended Tags
[33815.356264] NVMeVirt: Virtual PCI bus created (node 0)
[33815.356692] NVMeVirt: nvmev_io_worker_0 started on cpu 2 (node 0)
[33815.356784] NVMeVirt: nvmev_dispatcher started on cpu 1 (node 0)
[33815.356921] nvme nvme1: pci function 0001:10:00.0
[33815.359915] nvme nvme1: 20/0/0 default/read/poll queues
[33815.362003] NVMeVirt: Virtual NVMe device created
[33816.416617] EXT4-fs (nvme1n1): mounted filesystem 810d29a8-5e35-4ab4-b279-371518eac43f r/w with ordered data mode. Quota mode: none.
[33816.447010] iCAT_SQLITE_LOAD_START run=20260901-105052-69098
[33923.520135] iCAT_SQLITE_LOAD_END run=20260901-105052-69098
[33923.954133] sh (69705): drop_caches: 3
[33923.978154] iCAT_SQLITE_RUN_START run=20260901-105052-69098
[33927.564644] sh (69706): drop_caches: 3
[33931.612951] sh (69706): drop_caches: 3
[33935.663295] sh (69706): drop_caches: 3
[33939.713849] sh (69706): drop_caches: 3
[33943.762873] sh (69706): drop_caches: 3
[33947.810446] sh (69706): drop_caches: 3
[33951.862782] sh (69706): drop_caches: 3
[33955.906871] sh (69706): drop_caches: 3
[33959.957666] sh (69706): drop_caches: 3
[33964.003468] sh (69706): drop_caches: 3
[33968.047117] sh (69706): drop_caches: 3
[33972.098783] sh (69706): drop_caches: 3
[33976.152300] sh (69706): drop_caches: 3
[33980.194842] sh (69706): drop_caches: 3
[33984.248963] sh (69706): drop_caches: 3
[33988.294040] sh (69706): drop_caches: 3
[33992.346566] sh (69706): drop_caches: 3
[33996.396636] sh (69706): drop_caches: 3
[34000.443447] sh (69706): drop_caches: 3
[34004.489483] sh (69706): drop_caches: 3
[34008.539631] sh (69706): drop_caches: 3
[34012.591398] sh (69706): drop_caches: 3
[34016.640333] sh (69706): drop_caches: 3
[34020.695749] sh (69706): drop_caches: 3
[34024.747460] sh (69706): drop_caches: 3
[34028.800671] sh (69706): drop_caches: 3
[34032.848984] sh (69706): drop_caches: 3
[34036.901517] sh (69706): drop_caches: 3
[34040.951790] sh (69706): drop_caches: 3
[34045.003713] sh (69706): drop_caches: 3
[34049.056614] sh (69706): drop_caches: 3
[34053.107036] sh (69706): drop_caches: 3
[34057.159790] sh (69706): drop_caches: 3
[34061.211108] sh (69706): drop_caches: 3
[34065.263522] sh (69706): drop_caches: 3
[34069.315741] sh (69706): drop_caches: 3
[34073.367352] sh (69706): drop_caches: 3
[34077.417389] sh (69706): drop_caches: 3
[34081.469674] sh (69706): drop_caches: 3
[34085.520617] sh (69706): drop_caches: 3
[34089.571128] sh (69706): drop_caches: 3
[34093.620457] sh (69706): drop_caches: 3
[34097.668987] sh (69706): drop_caches: 3
[34101.718315] sh (69706): drop_caches: 3
[34105.768228] sh (69706): drop_caches: 3
[34109.814876] sh (69706): drop_caches: 3
[34113.865621] sh (69706): drop_caches: 3
[34117.909617] sh (69706): drop_caches: 3
[34121.964182] sh (69706): drop_caches: 3
[34126.015541] sh (69706): drop_caches: 3
[34130.064104] sh (69706): drop_caches: 3
[34134.113781] sh (69706): drop_caches: 3
[34138.164787] sh (69706): drop_caches: 3
[34142.213160] sh (69706): drop_caches: 3
[34146.262869] sh (69706): drop_caches: 3
[34150.311533] sh (69706): drop_caches: 3
[34154.366164] sh (69706): drop_caches: 3
[34158.414323] sh (69706): drop_caches: 3
[34162.466912] sh (69706): drop_caches: 3
[34166.519262] sh (69706): drop_caches: 3
[34170.562608] sh (69706): drop_caches: 3
[34174.611294] sh (69706): drop_caches: 3
[34178.664472] sh (69706): drop_caches: 3
[34182.716676] sh (69706): drop_caches: 3
[34186.768210] sh (69706): drop_caches: 3
[34190.820379] sh (69706): drop_caches: 3
[34194.874261] sh (69706): drop_caches: 3
[34198.919208] sh (69706): drop_caches: 3
[34202.964250] sh (69706): drop_caches: 3
[34207.018266] sh (69706): drop_caches: 3
[34211.067145] sh (69706): drop_caches: 3
[34215.120338] sh (69706): drop_caches: 3
[34219.166263] sh (69706): drop_caches: 3
[34223.210472] sh (69706): drop_caches: 3
[34227.259858] sh (69706): drop_caches: 3
[34231.303893] sh (69706): drop_caches: 3
[34235.355659] sh (69706): drop_caches: 3
[34239.405300] sh (69706): drop_caches: 3
[34243.450882] sh (69706): drop_caches: 3
[34247.501286] sh (69706): drop_caches: 3
[34251.552880] sh (69706): drop_caches: 3
[34255.600608] sh (69706): drop_caches: 3
[34259.653439] sh (69706): drop_caches: 3
[34263.705575] sh (69706): drop_caches: 3
[34267.755995] sh (69706): drop_caches: 3
[34271.805615] sh (69706): drop_caches: 3
[34275.858311] sh (69706): drop_caches: 3
[34279.906460] sh (69706): drop_caches: 3
[34283.957526] sh (69706): drop_caches: 3
[34288.001116] sh (69706): drop_caches: 3
[34292.052920] sh (69706): drop_caches: 3
[34296.101679] sh (69706): drop_caches: 3
[34300.153011] sh (69706): drop_caches: 3
[34304.205729] sh (69706): drop_caches: 3
[34308.248359] sh (69706): drop_caches: 3
[34312.301160] sh (69706): drop_caches: 3
[34316.351589] sh (69706): drop_caches: 3
[34320.403163] sh (69706): drop_caches: 3
[34324.449403] sh (69706): drop_caches: 3
[34328.503643] sh (69706): drop_caches: 3
[34332.553079] sh (69706): drop_caches: 3
[34336.604509] sh (69706): drop_caches: 3
[34340.655266] sh (69706): drop_caches: 3
[34344.709336] sh (69706): drop_caches: 3
[34348.760327] sh (69706): drop_caches: 3
[34352.811695] sh (69706): drop_caches: 3
[34356.860656] sh (69706): drop_caches: 3
[34360.914297] sh (69706): drop_caches: 3
[34364.964070] sh (69706): drop_caches: 3
[34369.005948] sh (69706): drop_caches: 3
[34373.052037] sh (69706): drop_caches: 3
[34377.094444] sh (69706): drop_caches: 3
[34381.145460] sh (69706): drop_caches: 3
[34385.195032] sh (69706): drop_caches: 3
[34389.243983] sh (69706): drop_caches: 3
[34393.293165] sh (69706): drop_caches: 3
[34397.343550] sh (69706): drop_caches: 3
[34401.394684] sh (69706): drop_caches: 3
[34405.443939] sh (69706): drop_caches: 3
[34409.495629] sh (69706): drop_caches: 3
[34413.547656] sh (69706): drop_caches: 3
[34417.599890] sh (69706): drop_caches: 3
[34421.647725] sh (69706): drop_caches: 3
[34425.696794] sh (69706): drop_caches: 3
[34429.748243] sh (69706): drop_caches: 3
[34433.798483] sh (69706): drop_caches: 3
[34437.842008] sh (69706): drop_caches: 3
[34441.890986] sh (69706): drop_caches: 3
[34445.938055] sh (69706): drop_caches: 3
[34449.987994] sh (69706): drop_caches: 3
[34454.032571] sh (69706): drop_caches: 3
[34458.077131] sh (69706): drop_caches: 3
[34462.125114] sh (69706): drop_caches: 3
[34466.169183] sh (69706): drop_caches: 3
[34470.212181] sh (69706): drop_caches: 3
[34474.264680] sh (69706): drop_caches: 3
[34478.315159] sh (69706): drop_caches: 3
[34482.368514] sh (69706): drop_caches: 3
[34486.418457] sh (69706): drop_caches: 3
[34490.469344] sh (69706): drop_caches: 3
[34494.521021] sh (69706): drop_caches: 3
[34498.570746] sh (69706): drop_caches: 3
[34502.619288] sh (69706): drop_caches: 3
[34506.668371] sh (69706): drop_caches: 3
[34510.722540] sh (69706): drop_caches: 3
[34514.772310] sh (69706): drop_caches: 3
[34518.820947] sh (69706): drop_caches: 3
[34522.874376] sh (69706): drop_caches: 3
[34526.931481] sh (69706): drop_caches: 3
[34530.985853] sh (69706): drop_caches: 3
[34535.036648] sh (69706): drop_caches: 3
[34539.086814] sh (69706): drop_caches: 3
[34543.142374] sh (69706): drop_caches: 3
[34547.183333] sh (69706): drop_caches: 3
[34551.234996] sh (69706): drop_caches: 3
[34555.287322] sh (69706): drop_caches: 3
[34559.328482] sh (69706): drop_caches: 3
[34559.381660] iCAT_SQLITE_RUN_END run=20260901-105052-69098
[34559.403063] EXT4-fs (nvme1n1): unmounting filesystem 810d29a8-5e35-4ab4-b279-371518eac43f.
[34559.474168] pci_bus 0001:10: busn_res: [bus 10-ff] is released
[34559.474227] NVMeVirt: GC stats: policy=cat-fig7 host_pages=14703580 gc_pages=2221128 gc_count=264442 WAF=1.151 k=10 scale_pct=25 age_ratio=4
[34559.547016] NVMeVirt: Virtual NVMe device closed
