[30871.591348] NVMeVirt: Version 1.10 for >> Samsung 970 Pro SSD <<
[30871.591357] NVMeVirt: Storage: 0x100100000-0x300000000 (8191 MiB)
[30871.598495] NVMeVirt: Total Capacity(GiB,MiB)=2,2048 chs=2 luns=4 lines=8192 blk-size(MiB,KiB)=0,64 line-size(MiB,KiB)=0,256
[30871.607396] NVMeVirt: [chmodel_init] bandwidth 800 max_credits 26 tx_time 152
[30871.614002] NVMeVirt: [chmodel_init] bandwidth 800 max_credits 26 tx_time 152
[30871.614017] NVMeVirt: [chmodel_init] bandwidth 3360 max_credits 110 tx_time 36
[30871.615212] NVMeVirt: pqueue: Copyright (c) 2014, Volkan Yazıcı <volkan.yazici@gmail.com>. All rights reserved.
[30871.615248] NVMeVirt: Init FTL instance with 2 channels (524288 pages)
[30871.615249] NVMeVirt: GC victim policy: cat-fig7 k=7 scale_pct=200 age_ratio=16
[30871.621748] NVMeVirt: [chmodel_init] bandwidth 800 max_credits 26 tx_time 152
[30871.629122] NVMeVirt: [chmodel_init] bandwidth 800 max_credits 26 tx_time 152
[30871.629141] NVMeVirt: [chmodel_init] bandwidth 3360 max_credits 110 tx_time 36
[30871.630501] NVMeVirt: Init FTL instance with 2 channels (524288 pages)
[30871.630503] NVMeVirt: GC victim policy: cat-fig7 k=7 scale_pct=200 age_ratio=16
[30871.637451] NVMeVirt: [chmodel_init] bandwidth 800 max_credits 26 tx_time 152
[30871.644072] NVMeVirt: [chmodel_init] bandwidth 800 max_credits 26 tx_time 152
[30871.644086] NVMeVirt: [chmodel_init] bandwidth 3360 max_credits 110 tx_time 36
[30871.645345] NVMeVirt: Init FTL instance with 2 channels (524288 pages)
[30871.645346] NVMeVirt: GC victim policy: cat-fig7 k=7 scale_pct=200 age_ratio=16
[30871.651836] NVMeVirt: [chmodel_init] bandwidth 800 max_credits 26 tx_time 152
[30871.658211] NVMeVirt: [chmodel_init] bandwidth 800 max_credits 26 tx_time 152
[30871.658226] NVMeVirt: [chmodel_init] bandwidth 3360 max_credits 110 tx_time 36
[30871.659492] NVMeVirt: Init FTL instance with 2 channels (524288 pages)
[30871.659493] NVMeVirt: GC victim policy: cat-fig7 k=7 scale_pct=200 age_ratio=16
[30871.659498] NVMeVirt: FTL physical space: 8588886016, logical space: 8026996276 (physical/logical * 100 = 107)
[30871.659499] NVMeVirt: ns 0/1: size 7655 MiB
[30871.659540] PCI host bridge to bus 0001:10
[30871.659542] pci_bus 0001:10: root bus resource [io  0x0000-0xffff]
[30871.659544] pci_bus 0001:10: root bus resource [mem 0x00000000-0x3fffffffffff]
[30871.659546] pci_bus 0001:10: root bus resource [bus 00-ff]
[30871.659552] pci 0001:10:00.0: [0c51:0110] type 00 class 0x010802 PCIe Endpoint
[30871.659555] pci 0001:10:00.0: BAR 0 [mem 0x100000000-0x100003fff 64bit]
[30871.659557] pci 0001:10:00.0: enabling Extended Tags
[30871.659666] NVMeVirt: Virtual PCI bus created (node 0)
[30871.660301] NVMeVirt: nvmev_dispatcher started on cpu 1 (node 0)
[30871.660414] NVMeVirt: nvmev_io_worker_0 started on cpu 2 (node 0)
[30871.660490] nvme nvme1: pci function 0001:10:00.0
[30871.665137] nvme nvme1: 20/0/0 default/read/poll queues
[30871.668342] NVMeVirt: Virtual NVMe device created
[30872.730470] EXT4-fs (nvme1n1): mounted filesystem 11692dff-d35f-419b-a977-d21297bb83f9 r/w with ordered data mode. Quota mode: none.
[30872.766408] iCAT_SQLITE_LOAD_START run=20260901-100149-53316
[30974.141539] iCAT_SQLITE_LOAD_END run=20260901-100149-53316
[30974.557324] sh (53972): drop_caches: 3
[30974.587659] iCAT_SQLITE_RUN_START run=20260901-100149-53316
[30978.187091] sh (53973): drop_caches: 3
[30982.239994] sh (53973): drop_caches: 3
[30986.301046] sh (53973): drop_caches: 3
[30990.353890] sh (53973): drop_caches: 3
[30994.406539] sh (53973): drop_caches: 3
[30998.454637] sh (53973): drop_caches: 3
[31002.507182] sh (53973): drop_caches: 3
[31006.558651] sh (53973): drop_caches: 3
[31010.604439] sh (53973): drop_caches: 3
[31014.653561] sh (53973): drop_caches: 3
[31018.705396] sh (53973): drop_caches: 3
[31022.749756] sh (53973): drop_caches: 3
[31026.805568] sh (53973): drop_caches: 3
[31030.858068] sh (53973): drop_caches: 3
[31034.904724] sh (53973): drop_caches: 3
[31038.958283] sh (53973): drop_caches: 3
[31043.004132] sh (53973): drop_caches: 3
[31047.053772] sh (53973): drop_caches: 3
[31051.096168] sh (53973): drop_caches: 3
[31055.147747] sh (53973): drop_caches: 3
[31059.201523] sh (53973): drop_caches: 3
[31063.253486] sh (53973): drop_caches: 3
[31067.303745] sh (53973): drop_caches: 3
[31071.355572] sh (53973): drop_caches: 3
[31075.408040] sh (53973): drop_caches: 3
[31079.458882] sh (53973): drop_caches: 3
[31083.510155] sh (53973): drop_caches: 3
[31087.552305] sh (53973): drop_caches: 3
[31091.608282] sh (53973): drop_caches: 3
[31095.651549] sh (53973): drop_caches: 3
[31099.700608] sh (53973): drop_caches: 3
[31103.753165] sh (53973): drop_caches: 3
[31107.802553] sh (53973): drop_caches: 3
[31111.846827] sh (53973): drop_caches: 3
[31115.900914] sh (53973): drop_caches: 3
[31119.944291] sh (53973): drop_caches: 3
[31123.994043] sh (53973): drop_caches: 3
[31128.045629] sh (53973): drop_caches: 3
[31132.090684] sh (53973): drop_caches: 3
[31136.137587] sh (53973): drop_caches: 3
[31140.185888] sh (53973): drop_caches: 3
[31144.238228] sh (53973): drop_caches: 3
[31148.290616] sh (53973): drop_caches: 3
[31152.340931] sh (53973): drop_caches: 3
[31156.392326] sh (53973): drop_caches: 3
[31160.437826] sh (53973): drop_caches: 3
[31164.481226] sh (53973): drop_caches: 3
[31168.531873] sh (53973): drop_caches: 3
[31172.584124] sh (53973): drop_caches: 3
[31176.636014] sh (53973): drop_caches: 3
[31180.685739] sh (53973): drop_caches: 3
[31184.738508] sh (53973): drop_caches: 3
[31188.788523] sh (53973): drop_caches: 3
[31192.830566] sh (53973): drop_caches: 3
[31196.882736] sh (53973): drop_caches: 3
[31200.934956] sh (53973): drop_caches: 3
[31204.977354] sh (53973): drop_caches: 3
[31209.028743] sh (53973): drop_caches: 3
[31213.079703] sh (53973): drop_caches: 3
[31217.129404] sh (53973): drop_caches: 3
[31221.183885] sh (53973): drop_caches: 3
[31225.234294] sh (53973): drop_caches: 3
[31229.279867] sh (53973): drop_caches: 3
[31233.330721] sh (53973): drop_caches: 3
[31237.380278] sh (53973): drop_caches: 3
[31241.431712] sh (53973): drop_caches: 3
[31245.487209] sh (53973): drop_caches: 3
[31249.540235] sh (53973): drop_caches: 3
[31253.590151] sh (53973): drop_caches: 3
[31257.641635] sh (53973): drop_caches: 3
[31261.697007] sh (53973): drop_caches: 3
[31265.749290] sh (53973): drop_caches: 3
[31269.801975] sh (53973): drop_caches: 3
[31273.844417] sh (53973): drop_caches: 3
[31277.886265] sh (53973): drop_caches: 3
[31281.939282] sh (53973): drop_caches: 3
[31285.988133] sh (53973): drop_caches: 3
[31290.032170] sh (53973): drop_caches: 3
[31294.082236] sh (53973): drop_caches: 3
[31298.131964] sh (53973): drop_caches: 3
[31302.181479] sh (53973): drop_caches: 3
[31306.233910] sh (53973): drop_caches: 3
[31310.283445] sh (53973): drop_caches: 3
[31314.332945] sh (53973): drop_caches: 3
[31318.383741] sh (53973): drop_caches: 3
[31322.429125] sh (53973): drop_caches: 3
[31326.484571] sh (53973): drop_caches: 3
[31330.540421] sh (53973): drop_caches: 3
[31334.593381] sh (53973): drop_caches: 3
[31338.644545] sh (53973): drop_caches: 3
[31342.697763] sh (53973): drop_caches: 3
[31346.748693] sh (53973): drop_caches: 3
[31350.799811] sh (53973): drop_caches: 3
[31354.855095] sh (53973): drop_caches: 3
[31358.902679] sh (53973): drop_caches: 3
[31362.954853] sh (53973): drop_caches: 3
[31367.010191] sh (53973): drop_caches: 3
[31371.054288] sh (53973): drop_caches: 3
[31375.104446] sh (53973): drop_caches: 3
[31379.158341] sh (53973): drop_caches: 3
[31383.210019] sh (53973): drop_caches: 3
[31387.255847] sh (53973): drop_caches: 3
[31391.308113] sh (53973): drop_caches: 3
[31395.357990] sh (53973): drop_caches: 3
[31399.408638] sh (53973): drop_caches: 3
[31403.452859] sh (53973): drop_caches: 3
[31407.497779] sh (53973): drop_caches: 3
[31411.544622] sh (53973): drop_caches: 3
[31415.593804] sh (53973): drop_caches: 3
[31419.643501] sh (53973): drop_caches: 3
[31423.692158] sh (53973): drop_caches: 3
[31427.743888] sh (53973): drop_caches: 3
[31431.797682] sh (53973): drop_caches: 3
[31435.850183] sh (53973): drop_caches: 3
[31439.905891] sh (53973): drop_caches: 3
[31443.954317] sh (53973): drop_caches: 3
[31448.004248] sh (53973): drop_caches: 3
[31452.055564] sh (53973): drop_caches: 3
[31456.106567] sh (53973): drop_caches: 3
[31460.150084] sh (53973): drop_caches: 3
[31464.202367] sh (53973): drop_caches: 3
[31468.255751] sh (53973): drop_caches: 3
[31472.301503] sh (53973): drop_caches: 3
[31476.355866] sh (53973): drop_caches: 3
[31480.409757] sh (53973): drop_caches: 3
[31484.460061] sh (53973): drop_caches: 3
[31488.505308] sh (53973): drop_caches: 3
[31492.556397] sh (53973): drop_caches: 3
[31496.607876] sh (53973): drop_caches: 3
[31500.653883] sh (53973): drop_caches: 3
[31504.703791] sh (53973): drop_caches: 3
[31508.756986] sh (53973): drop_caches: 3
[31512.810046] sh (53973): drop_caches: 3
[31516.861827] sh (53973): drop_caches: 3
[31520.912628] sh (53973): drop_caches: 3
[31524.961886] sh (53973): drop_caches: 3
[31529.011923] sh (53973): drop_caches: 3
[31533.063281] sh (53973): drop_caches: 3
[31537.108930] sh (53973): drop_caches: 3
[31541.161283] sh (53973): drop_caches: 3
[31545.210758] sh (53973): drop_caches: 3
[31549.262052] sh (53973): drop_caches: 3
[31553.305834] sh (53973): drop_caches: 3
[31557.351799] sh (53973): drop_caches: 3
[31561.405192] sh (53973): drop_caches: 3
[31565.455097] sh (53973): drop_caches: 3
[31569.508361] sh (53973): drop_caches: 3
[31573.557589] sh (53973): drop_caches: 3
[31577.607555] sh (53973): drop_caches: 3
[31581.661040] sh (53973): drop_caches: 3
[31585.710734] sh (53973): drop_caches: 3
[31589.762196] sh (53973): drop_caches: 3
[31593.808672] sh (53973): drop_caches: 3
[31597.853739] sh (53973): drop_caches: 3
[31601.906925] sh (53973): drop_caches: 3
[31605.926029] sh (53973): drop_caches: 3
[31605.965399] iCAT_SQLITE_RUN_END run=20260901-100149-53316
[31605.984841] EXT4-fs (nvme1n1): unmounting filesystem 11692dff-d35f-419b-a977-d21297bb83f9.
[31606.074426] pci_bus 0001:10: busn_res: [bus 10-ff] is released
[31606.074485] NVMeVirt: GC stats: policy=cat-fig7 host_pages=14695242 gc_pages=1682568 gc_count=255896 WAF=1.114 k=7 scale_pct=200 age_ratio=16
[31606.139029] NVMeVirt: Virtual NVMe device closed
