[17698.749112] NVMeVirt: Version 1.10 for >> Samsung 970 Pro SSD <<
[17698.749122] NVMeVirt: Storage: 0x100100000-0x300000000 (8191 MiB)
[17698.754856] NVMeVirt: Total Capacity(GiB,MiB)=2,2048 chs=2 luns=4 lines=8192 blk-size(MiB,KiB)=0,64 line-size(MiB,KiB)=0,256
[17698.763717] NVMeVirt: [chmodel_init] bandwidth 800 max_credits 26 tx_time 152
[17698.772341] NVMeVirt: [chmodel_init] bandwidth 800 max_credits 26 tx_time 152
[17698.772357] NVMeVirt: [chmodel_init] bandwidth 3360 max_credits 110 tx_time 36
[17698.773598] NVMeVirt: pqueue: Copyright (c) 2014, Volkan Yazıcı <volkan.yazici@gmail.com>. All rights reserved.
[17698.773634] NVMeVirt: Init FTL instance with 2 channels (524288 pages)
[17698.773635] NVMeVirt: GC victim policy: cat-fig7 k=4 scale_pct=100 age_ratio=16
[17698.780241] NVMeVirt: [chmodel_init] bandwidth 800 max_credits 26 tx_time 152
[17698.787044] NVMeVirt: [chmodel_init] bandwidth 800 max_credits 26 tx_time 152
[17698.787062] NVMeVirt: [chmodel_init] bandwidth 3360 max_credits 110 tx_time 36
[17698.788339] NVMeVirt: Init FTL instance with 2 channels (524288 pages)
[17698.788340] NVMeVirt: GC victim policy: cat-fig7 k=4 scale_pct=100 age_ratio=16
[17698.794957] NVMeVirt: [chmodel_init] bandwidth 800 max_credits 26 tx_time 152
[17698.801395] NVMeVirt: [chmodel_init] bandwidth 800 max_credits 26 tx_time 152
[17698.801408] NVMeVirt: [chmodel_init] bandwidth 3360 max_credits 110 tx_time 36
[17698.802648] NVMeVirt: Init FTL instance with 2 channels (524288 pages)
[17698.802649] NVMeVirt: GC victim policy: cat-fig7 k=4 scale_pct=100 age_ratio=16
[17698.809148] NVMeVirt: [chmodel_init] bandwidth 800 max_credits 26 tx_time 152
[17698.815606] NVMeVirt: [chmodel_init] bandwidth 800 max_credits 26 tx_time 152
[17698.815619] NVMeVirt: [chmodel_init] bandwidth 3360 max_credits 110 tx_time 36
[17698.816894] NVMeVirt: Init FTL instance with 2 channels (524288 pages)
[17698.816895] NVMeVirt: GC victim policy: cat-fig7 k=4 scale_pct=100 age_ratio=16
[17698.816899] NVMeVirt: FTL physical space: 8588886016, logical space: 8026996276 (physical/logical * 100 = 107)
[17698.816900] NVMeVirt: ns 0/1: size 7655 MiB
[17698.816942] PCI host bridge to bus 0001:10
[17698.816943] pci_bus 0001:10: root bus resource [io  0x0000-0xffff]
[17698.816946] pci_bus 0001:10: root bus resource [mem 0x00000000-0x3fffffffffff]
[17698.816947] pci_bus 0001:10: root bus resource [bus 00-ff]
[17698.816953] pci 0001:10:00.0: [0c51:0110] type 00 class 0x010802 PCIe Endpoint
[17698.816955] pci 0001:10:00.0: BAR 0 [mem 0x100000000-0x100003fff 64bit]
[17698.816957] pci 0001:10:00.0: enabling Extended Tags
[17698.817066] NVMeVirt: Virtual PCI bus created (node 0)
[17698.817523] NVMeVirt: nvmev_io_worker_0 started on cpu 2 (node 0)
[17698.817624] NVMeVirt: nvmev_dispatcher started on cpu 1 (node 0)
[17698.817868] nvme nvme1: pci function 0001:10:00.0
[17698.820958] nvme nvme1: 20/0/0 default/read/poll queues
[17698.824174] NVMeVirt: Virtual NVMe device created
[17699.886367] EXT4-fs (nvme1n1): mounted filesystem 4ff762c7-c182-4f47-8ed2-c106f883d5ad r/w with ordered data mode. Quota mode: none.
[17699.915047] iCAT_SQLITE_LOAD_START run=20260901-062216-39599
[17798.160849] iCAT_SQLITE_LOAD_END run=20260901-062216-39599
[17798.615853] sh (39726): drop_caches: 3
[17798.644354] iCAT_SQLITE_RUN_START run=20260901-062216-39599
[17802.200683] sh (39725): drop_caches: 3
[17806.246801] sh (39725): drop_caches: 3
[17810.293087] sh (39725): drop_caches: 3
[17814.340682] sh (39725): drop_caches: 3
[17818.385387] sh (39725): drop_caches: 3
[17822.431492] sh (39725): drop_caches: 3
[17826.478257] sh (39725): drop_caches: 3
[17830.524710] sh (39725): drop_caches: 3
[17834.573235] sh (39725): drop_caches: 3
[17838.617801] sh (39725): drop_caches: 3
[17842.662095] sh (39725): drop_caches: 3
[17846.708120] sh (39725): drop_caches: 3
[17850.755111] sh (39725): drop_caches: 3
[17854.799382] sh (39725): drop_caches: 3
[17858.843862] sh (39725): drop_caches: 3
[17862.884781] sh (39725): drop_caches: 3
[17866.930157] sh (39725): drop_caches: 3
[17870.975231] sh (39725): drop_caches: 3
[17875.025977] sh (39725): drop_caches: 3
[17879.067266] sh (39725): drop_caches: 3
[17883.113782] sh (39725): drop_caches: 3
[17887.157262] sh (39725): drop_caches: 3
[17891.203817] sh (39725): drop_caches: 3
[17895.247180] sh (39725): drop_caches: 3
[17899.292710] sh (39725): drop_caches: 3
[17903.338429] sh (39725): drop_caches: 3
[17907.386544] sh (39725): drop_caches: 3
[17911.430055] sh (39725): drop_caches: 3
[17915.473990] sh (39725): drop_caches: 3
[17919.522831] sh (39725): drop_caches: 3
[17923.569509] sh (39725): drop_caches: 3
[17927.611072] sh (39725): drop_caches: 3
[17931.657343] sh (39725): drop_caches: 3
[17935.703018] sh (39725): drop_caches: 3
[17939.749925] sh (39725): drop_caches: 3
[17943.799642] sh (39725): drop_caches: 3
[17947.845317] sh (39725): drop_caches: 3
[17951.889474] sh (39725): drop_caches: 3
[17955.933796] sh (39725): drop_caches: 3
[17959.979332] sh (39725): drop_caches: 3
[17964.025961] sh (39725): drop_caches: 3
[17968.070281] sh (39725): drop_caches: 3
[17972.117605] sh (39725): drop_caches: 3
[17976.165354] sh (39725): drop_caches: 3
[17980.208572] sh (39725): drop_caches: 3
[17984.256235] sh (39725): drop_caches: 3
[17988.303174] sh (39725): drop_caches: 3
[17992.351355] sh (39725): drop_caches: 3
[17996.397930] sh (39725): drop_caches: 3
[18000.447026] sh (39725): drop_caches: 3
[18004.495231] sh (39725): drop_caches: 3
[18008.541612] sh (39725): drop_caches: 3
[18012.583235] sh (39725): drop_caches: 3
[18016.622355] sh (39725): drop_caches: 3
[18020.665951] sh (39725): drop_caches: 3
[18024.713161] sh (39725): drop_caches: 3
[18028.757635] sh (39725): drop_caches: 3
[18032.801451] sh (39725): drop_caches: 3
[18036.847133] sh (39725): drop_caches: 3
[18040.892661] sh (39725): drop_caches: 3
[18044.939792] sh (39725): drop_caches: 3
[18048.985859] sh (39725): drop_caches: 3
[18053.030091] sh (39725): drop_caches: 3
[18057.073534] sh (39725): drop_caches: 3
[18061.121813] sh (39725): drop_caches: 3
[18065.169590] sh (39725): drop_caches: 3
[18069.218381] sh (39725): drop_caches: 3
[18073.264898] sh (39725): drop_caches: 3
[18077.310558] sh (39725): drop_caches: 3
[18081.354836] sh (39725): drop_caches: 3
[18085.404095] sh (39725): drop_caches: 3
[18089.449261] sh (39725): drop_caches: 3
[18093.493647] sh (39725): drop_caches: 3
[18097.537314] sh (39725): drop_caches: 3
[18101.583362] sh (39725): drop_caches: 3
[18105.633415] sh (39725): drop_caches: 3
[18109.681628] sh (39725): drop_caches: 3
[18113.729017] sh (39725): drop_caches: 3
[18117.774240] sh (39725): drop_caches: 3
[18121.821469] sh (39725): drop_caches: 3
[18125.865851] sh (39725): drop_caches: 3
[18129.903029] sh (39725): drop_caches: 3
[18133.943840] sh (39725): drop_caches: 3
[18137.983756] sh (39725): drop_caches: 3
[18142.028249] sh (39725): drop_caches: 3
[18146.072857] sh (39725): drop_caches: 3
[18150.121308] sh (39725): drop_caches: 3
[18154.166626] sh (39725): drop_caches: 3
[18158.217943] sh (39725): drop_caches: 3
[18162.264055] sh (39725): drop_caches: 3
[18166.309936] sh (39725): drop_caches: 3
[18170.355463] sh (39725): drop_caches: 3
[18174.402964] sh (39725): drop_caches: 3
[18178.447346] sh (39725): drop_caches: 3
[18182.491141] sh (39725): drop_caches: 3
[18186.539017] sh (39725): drop_caches: 3
[18190.584743] sh (39725): drop_caches: 3
[18194.632244] sh (39725): drop_caches: 3
[18198.680621] sh (39725): drop_caches: 3
[18202.727772] sh (39725): drop_caches: 3
[18206.769939] sh (39725): drop_caches: 3
[18210.819176] sh (39725): drop_caches: 3
[18214.865926] sh (39725): drop_caches: 3
[18218.911685] sh (39725): drop_caches: 3
[18222.953355] sh (39725): drop_caches: 3
[18227.000689] sh (39725): drop_caches: 3
[18231.046802] sh (39725): drop_caches: 3
[18235.093124] sh (39725): drop_caches: 3
[18239.137825] sh (39725): drop_caches: 3
[18243.185259] sh (39725): drop_caches: 3
[18247.229198] sh (39725): drop_caches: 3
[18251.277852] sh (39725): drop_caches: 3
[18255.322078] sh (39725): drop_caches: 3
[18259.369462] sh (39725): drop_caches: 3
[18263.415905] sh (39725): drop_caches: 3
[18267.463230] sh (39725): drop_caches: 3
[18271.512417] sh (39725): drop_caches: 3
[18275.559935] sh (39725): drop_caches: 3
[18279.598317] sh (39725): drop_caches: 3
[18283.645558] sh (39725): drop_caches: 3
[18287.689309] sh (39725): drop_caches: 3
[18291.735172] sh (39725): drop_caches: 3
[18295.783642] sh (39725): drop_caches: 3
[18299.832762] sh (39725): drop_caches: 3
[18303.878488] sh (39725): drop_caches: 3
[18307.925548] sh (39725): drop_caches: 3
[18311.972315] sh (39725): drop_caches: 3
[18316.019213] sh (39725): drop_caches: 3
[18320.063288] sh (39725): drop_caches: 3
[18324.112825] sh (39725): drop_caches: 3
[18328.159484] sh (39725): drop_caches: 3
[18332.204971] sh (39725): drop_caches: 3
[18336.249395] sh (39725): drop_caches: 3
[18340.294644] sh (39725): drop_caches: 3
[18344.339134] sh (39725): drop_caches: 3
[18348.389375] sh (39725): drop_caches: 3
[18352.436235] sh (39725): drop_caches: 3
[18356.482150] sh (39725): drop_caches: 3
[18360.526887] sh (39725): drop_caches: 3
[18364.566095] sh (39725): drop_caches: 3
[18368.605877] sh (39725): drop_caches: 3
[18372.649605] sh (39725): drop_caches: 3
[18376.696093] sh (39725): drop_caches: 3
[18380.742198] sh (39725): drop_caches: 3
[18384.790227] sh (39725): drop_caches: 3
[18388.837138] sh (39725): drop_caches: 3
[18392.876941] sh (39725): drop_caches: 3
[18396.920751] sh (39725): drop_caches: 3
[18400.964261] sh (39725): drop_caches: 3
[18405.013566] sh (39725): drop_caches: 3
[18409.058867] sh (39725): drop_caches: 3
[18413.102679] sh (39725): drop_caches: 3
[18417.149343] sh (39725): drop_caches: 3
[18421.196285] sh (39725): drop_caches: 3
[18425.224702] sh (39725): drop_caches: 3
[18425.276062] iCAT_SQLITE_RUN_END run=20260901-062216-39599
[18425.293693] EXT4-fs (nvme1n1): unmounting filesystem 4ff762c7-c182-4f47-8ed2-c106f883d5ad.
[18425.369921] pci_bus 0001:10: busn_res: [bus 10-ff] is released
[18425.369955] NVMeVirt: GC stats: policy=cat-fig7 host_pages=14694943 gc_pages=1536295 gc_count=253606 WAF=1.104 k=4 scale_pct=100 age_ratio=16
[18425.432469] NVMeVirt: Virtual NVMe device closed
