[39015.819919] NVMeVirt: Version 1.10 for >> Samsung 970 Pro SSD <<
[39015.819930] NVMeVirt: Storage: 0x100100000-0x300000000 (8191 MiB)
[39015.827011] NVMeVirt: Total Capacity(GiB,MiB)=2,2048 chs=2 luns=4 lines=8192 blk-size(MiB,KiB)=0,64 line-size(MiB,KiB)=0,256
[39015.836583] NVMeVirt: [chmodel_init] bandwidth 800 max_credits 26 tx_time 152
[39015.844289] NVMeVirt: [chmodel_init] bandwidth 800 max_credits 26 tx_time 152
[39015.844304] NVMeVirt: [chmodel_init] bandwidth 3360 max_credits 110 tx_time 36
[39015.845556] NVMeVirt: pqueue: Copyright (c) 2014, Volkan Yazıcı <volkan.yazici@gmail.com>. All rights reserved.
[39015.845594] NVMeVirt: Init FTL instance with 2 channels (524288 pages)
[39015.845595] NVMeVirt: GC victim policy: cat-fig7 k=10 scale_pct=100 age_ratio=7
[39015.853965] NVMeVirt: [chmodel_init] bandwidth 800 max_credits 26 tx_time 152
[39015.862072] NVMeVirt: [chmodel_init] bandwidth 800 max_credits 26 tx_time 152
[39015.862087] NVMeVirt: [chmodel_init] bandwidth 3360 max_credits 110 tx_time 36
[39015.863350] NVMeVirt: Init FTL instance with 2 channels (524288 pages)
[39015.863351] NVMeVirt: GC victim policy: cat-fig7 k=10 scale_pct=100 age_ratio=7
[39015.869822] NVMeVirt: [chmodel_init] bandwidth 800 max_credits 26 tx_time 152
[39015.876312] NVMeVirt: [chmodel_init] bandwidth 800 max_credits 26 tx_time 152
[39015.876326] NVMeVirt: [chmodel_init] bandwidth 3360 max_credits 110 tx_time 36
[39015.877593] NVMeVirt: Init FTL instance with 2 channels (524288 pages)
[39015.877594] NVMeVirt: GC victim policy: cat-fig7 k=10 scale_pct=100 age_ratio=7
[39015.884149] NVMeVirt: [chmodel_init] bandwidth 800 max_credits 26 tx_time 152
[39015.890576] NVMeVirt: [chmodel_init] bandwidth 800 max_credits 26 tx_time 152
[39015.890590] NVMeVirt: [chmodel_init] bandwidth 3360 max_credits 110 tx_time 36
[39015.891841] NVMeVirt: Init FTL instance with 2 channels (524288 pages)
[39015.891842] NVMeVirt: GC victim policy: cat-fig7 k=10 scale_pct=100 age_ratio=7
[39015.891846] NVMeVirt: FTL physical space: 8588886016, logical space: 8026996276 (physical/logical * 100 = 107)
[39015.891847] NVMeVirt: ns 0/1: size 7655 MiB
[39015.891889] PCI host bridge to bus 0001:10
[39015.891890] pci_bus 0001:10: root bus resource [io  0x0000-0xffff]
[39015.891892] pci_bus 0001:10: root bus resource [mem 0x00000000-0x3fffffffffff]
[39015.891894] pci_bus 0001:10: root bus resource [bus 00-ff]
[39015.891900] pci 0001:10:00.0: [0c51:0110] type 00 class 0x010802 PCIe Endpoint
[39015.891902] pci 0001:10:00.0: BAR 0 [mem 0x100000000-0x100003fff 64bit]
[39015.891904] pci 0001:10:00.0: enabling Extended Tags
[39015.892016] NVMeVirt: Virtual PCI bus created (node 0)
[39015.892433] NVMeVirt: nvmev_dispatcher started on cpu 1 (node 0)
[39015.892496] NVMeVirt: nvmev_io_worker_0 started on cpu 2 (node 0)
[39015.892714] nvme nvme1: pci function 0001:10:00.0
[39015.895618] nvme nvme1: 20/0/0 default/read/poll queues
[39015.898895] NVMeVirt: Virtual NVMe device created
[39016.961400] EXT4-fs (nvme1n1): mounted filesystem a5a8a8db-5d1e-4e2b-9aac-10f7dce3467a r/w with ordered data mode. Quota mode: none.
[39016.993247] iCAT_SQLITE_LOAD_START run=20260901-121733-95862
[39122.511326] iCAT_SQLITE_LOAD_END run=20260901-121733-95862
[39122.934369] sh (96463): drop_caches: 3
[39122.965063] iCAT_SQLITE_RUN_START run=20260901-121733-95862
[39126.560795] sh (96464): drop_caches: 3
[39130.614601] sh (96464): drop_caches: 3
[39134.660311] sh (96464): drop_caches: 3
[39138.702746] sh (96464): drop_caches: 3
[39142.749995] sh (96464): drop_caches: 3
[39146.803361] sh (96464): drop_caches: 3
[39150.855066] sh (96464): drop_caches: 3
[39154.911772] sh (96464): drop_caches: 3
[39158.963518] sh (96464): drop_caches: 3
[39163.014883] sh (96464): drop_caches: 3
[39167.066867] sh (96464): drop_caches: 3
[39171.116782] sh (96464): drop_caches: 3
[39175.166782] sh (96464): drop_caches: 3
[39179.217449] sh (96464): drop_caches: 3
[39183.267757] sh (96464): drop_caches: 3
[39187.319904] sh (96464): drop_caches: 3
[39191.372340] sh (96464): drop_caches: 3
[39195.418541] sh (96464): drop_caches: 3
[39199.469648] sh (96464): drop_caches: 3
[39203.515889] sh (96464): drop_caches: 3
[39207.565914] sh (96464): drop_caches: 3
[39211.620397] sh (96464): drop_caches: 3
[39215.673148] sh (96464): drop_caches: 3
[39219.725792] sh (96464): drop_caches: 3
[39223.778613] sh (96464): drop_caches: 3
[39227.829482] sh (96464): drop_caches: 3
[39231.878879] sh (96464): drop_caches: 3
[39235.931669] sh (96464): drop_caches: 3
[39239.986638] sh (96464): drop_caches: 3
[39244.035146] sh (96464): drop_caches: 3
[39248.086732] sh (96464): drop_caches: 3
[39252.136897] sh (96464): drop_caches: 3
[39256.188520] sh (96464): drop_caches: 3
[39260.241140] sh (96464): drop_caches: 3
[39264.293364] sh (96464): drop_caches: 3
[39268.345985] sh (96464): drop_caches: 3
[39272.401318] sh (96464): drop_caches: 3
[39276.452417] sh (96464): drop_caches: 3
[39280.496887] sh (96464): drop_caches: 3
[39284.548276] sh (96464): drop_caches: 3
[39288.593063] sh (96464): drop_caches: 3
[39292.644671] sh (96464): drop_caches: 3
[39296.697784] sh (96464): drop_caches: 3
[39300.750029] sh (96464): drop_caches: 3
[39304.796343] sh (96464): drop_caches: 3
[39308.844865] sh (96464): drop_caches: 3
[39312.899025] sh (96464): drop_caches: 3
[39316.955539] sh (96464): drop_caches: 3
[39321.009153] sh (96464): drop_caches: 3
[39325.065251] sh (96464): drop_caches: 3
[39329.116566] sh (96464): drop_caches: 3
[39333.160150] sh (96464): drop_caches: 3
[39337.204877] sh (96464): drop_caches: 3
[39341.259031] sh (96464): drop_caches: 3
[39345.309695] sh (96464): drop_caches: 3
[39349.360778] sh (96464): drop_caches: 3
[39353.412648] sh (96464): drop_caches: 3
[39357.466886] sh (96464): drop_caches: 3
[39361.516907] sh (96464): drop_caches: 3
[39365.570638] sh (96464): drop_caches: 3
[39369.620862] sh (96464): drop_caches: 3
[39373.664872] sh (96464): drop_caches: 3
[39377.713037] sh (96464): drop_caches: 3
[39381.758755] sh (96464): drop_caches: 3
[39385.805092] sh (96464): drop_caches: 3
[39389.858841] sh (96464): drop_caches: 3
[39393.912800] sh (96464): drop_caches: 3
[39397.963594] sh (96464): drop_caches: 3
[39402.017685] sh (96464): drop_caches: 3
[39406.068960] sh (96464): drop_caches: 3
[39410.120348] sh (96464): drop_caches: 3
[39414.164383] sh (96464): drop_caches: 3
[39418.209063] sh (96464): drop_caches: 3
[39422.261033] sh (96464): drop_caches: 3
[39426.315775] sh (96464): drop_caches: 3
[39430.368161] sh (96464): drop_caches: 3
[39434.420965] sh (96464): drop_caches: 3
[39438.469411] sh (96464): drop_caches: 3
[39442.523522] sh (96464): drop_caches: 3
[39446.576725] sh (96464): drop_caches: 3
[39450.628588] sh (96464): drop_caches: 3
[39454.679169] sh (96464): drop_caches: 3
[39458.724249] sh (96464): drop_caches: 3
[39462.777610] sh (96464): drop_caches: 3
[39466.827712] sh (96464): drop_caches: 3
[39470.881281] sh (96464): drop_caches: 3
[39474.931831] sh (96464): drop_caches: 3
[39478.982805] sh (96464): drop_caches: 3
[39483.035764] sh (96464): drop_caches: 3
[39487.085641] sh (96464): drop_caches: 3
[39491.139598] sh (96464): drop_caches: 3
[39495.192453] sh (96464): drop_caches: 3
[39499.244295] sh (96464): drop_caches: 3
[39503.287565] sh (96464): drop_caches: 3
[39507.340729] sh (96464): drop_caches: 3
[39511.390978] sh (96464): drop_caches: 3
[39515.440752] sh (96464): drop_caches: 3
[39519.494678] sh (96464): drop_caches: 3
[39523.547041] sh (96464): drop_caches: 3
[39527.601138] sh (96464): drop_caches: 3
[39531.653242] sh (96464): drop_caches: 3
[39535.703517] sh (96464): drop_caches: 3
[39539.756314] sh (96464): drop_caches: 3
[39543.797979] sh (96464): drop_caches: 3
[39547.849081] sh (96464): drop_caches: 3
[39551.900018] sh (96464): drop_caches: 3
[39555.950297] sh (96464): drop_caches: 3
[39559.999462] sh (96464): drop_caches: 3
[39564.042302] sh (96464): drop_caches: 3
[39568.093969] sh (96464): drop_caches: 3
[39572.147514] sh (96464): drop_caches: 3
[39576.200533] sh (96464): drop_caches: 3
[39580.249957] sh (96464): drop_caches: 3
[39584.304173] sh (96464): drop_caches: 3
[39588.355644] sh (96464): drop_caches: 3
[39592.407800] sh (96464): drop_caches: 3
[39596.451523] sh (96464): drop_caches: 3
[39600.501928] sh (96464): drop_caches: 3
[39604.551983] sh (96464): drop_caches: 3
[39608.602746] sh (96464): drop_caches: 3
[39612.654032] sh (96464): drop_caches: 3
[39616.704362] sh (96464): drop_caches: 3
[39620.758211] sh (96464): drop_caches: 3
[39624.801017] sh (96464): drop_caches: 3
[39628.843459] sh (96464): drop_caches: 3
[39632.887723] sh (96464): drop_caches: 3
[39636.936539] sh (96464): drop_caches: 3
[39640.989847] sh (96464): drop_caches: 3
[39645.039626] sh (96464): drop_caches: 3
[39649.087044] sh (96464): drop_caches: 3
[39653.128711] sh (96464): drop_caches: 3
[39657.181798] sh (96464): drop_caches: 3
[39661.232899] sh (96464): drop_caches: 3
[39665.280594] sh (96464): drop_caches: 3
[39669.334501] sh (96464): drop_caches: 3
[39673.384857] sh (96464): drop_caches: 3
[39677.434769] sh (96464): drop_caches: 3
[39681.491897] sh (96464): drop_caches: 3
[39685.543940] sh (96464): drop_caches: 3
[39689.597366] sh (96464): drop_caches: 3
[39693.647321] sh (96464): drop_caches: 3
[39697.699367] sh (96464): drop_caches: 3
[39701.754349] sh (96464): drop_caches: 3
[39705.798292] sh (96464): drop_caches: 3
[39709.851851] sh (96464): drop_caches: 3
[39713.903556] sh (96464): drop_caches: 3
[39717.952338] sh (96464): drop_caches: 3
[39722.001474] sh (96464): drop_caches: 3
[39726.053472] sh (96464): drop_caches: 3
[39730.103110] sh (96464): drop_caches: 3
[39734.151905] sh (96464): drop_caches: 3
[39738.195064] sh (96464): drop_caches: 3
[39742.247059] sh (96464): drop_caches: 3
[39746.297168] sh (96464): drop_caches: 3
[39750.350197] sh (96464): drop_caches: 3
[39754.399125] sh (96464): drop_caches: 3
[39754.450717] iCAT_SQLITE_RUN_END run=20260901-121733-95862
[39754.469849] EXT4-fs (nvme1n1): unmounting filesystem a5a8a8db-5d1e-4e2b-9aac-10f7dce3467a.
[39754.537592] pci_bus 0001:10: busn_res: [bus 10-ff] is released
[39754.537620] NVMeVirt: GC stats: policy=cat-fig7 host_pages=14693680 gc_pages=1925276 gc_count=259664 WAF=1.131 k=10 scale_pct=100 age_ratio=7
[39754.602921] NVMeVirt: Virtual NVMe device closed
