[41967.378958] NVMeVirt: Version 1.10 for >> Samsung 970 Pro SSD <<
[41967.378963] NVMeVirt: Storage: 0x100100000-0x300000000 (8191 MiB)
[41967.383992] NVMeVirt: Total Capacity(GiB,MiB)=2,2048 chs=2 luns=4 lines=8192 blk-size(MiB,KiB)=0,64 line-size(MiB,KiB)=0,256
[41967.398097] NVMeVirt: [chmodel_init] bandwidth 800 max_credits 26 tx_time 152
[41967.405881] NVMeVirt: [chmodel_init] bandwidth 800 max_credits 26 tx_time 152
[41967.405895] NVMeVirt: [chmodel_init] bandwidth 3360 max_credits 110 tx_time 36
[41967.407113] NVMeVirt: pqueue: Copyright (c) 2014, Volkan Yazıcı <volkan.yazici@gmail.com>. All rights reserved.
[41967.407150] NVMeVirt: Init FTL instance with 2 channels (524288 pages)
[41967.407151] NVMeVirt: GC victim policy: cat-fig7 k=10 scale_pct=200 age_ratio=16
[41967.413683] NVMeVirt: [chmodel_init] bandwidth 800 max_credits 26 tx_time 152
[41967.420162] NVMeVirt: [chmodel_init] bandwidth 800 max_credits 26 tx_time 152
[41967.420177] NVMeVirt: [chmodel_init] bandwidth 3360 max_credits 110 tx_time 36
[41967.421404] NVMeVirt: Init FTL instance with 2 channels (524288 pages)
[41967.421405] NVMeVirt: GC victim policy: cat-fig7 k=10 scale_pct=200 age_ratio=16
[41967.427825] NVMeVirt: [chmodel_init] bandwidth 800 max_credits 26 tx_time 152
[41967.434260] NVMeVirt: [chmodel_init] bandwidth 800 max_credits 26 tx_time 152
[41967.434274] NVMeVirt: [chmodel_init] bandwidth 3360 max_credits 110 tx_time 36
[41967.435549] NVMeVirt: Init FTL instance with 2 channels (524288 pages)
[41967.435551] NVMeVirt: GC victim policy: cat-fig7 k=10 scale_pct=200 age_ratio=16
[41967.441993] NVMeVirt: [chmodel_init] bandwidth 800 max_credits 26 tx_time 152
[41967.448444] NVMeVirt: [chmodel_init] bandwidth 800 max_credits 26 tx_time 152
[41967.448458] NVMeVirt: [chmodel_init] bandwidth 3360 max_credits 110 tx_time 36
[41967.449715] NVMeVirt: Init FTL instance with 2 channels (524288 pages)
[41967.449716] NVMeVirt: GC victim policy: cat-fig7 k=10 scale_pct=200 age_ratio=16
[41967.449719] NVMeVirt: FTL physical space: 8588886016, logical space: 8026996276 (physical/logical * 100 = 107)
[41967.449721] NVMeVirt: ns 0/1: size 7655 MiB
[41967.449760] PCI host bridge to bus 0001:10
[41967.449762] pci_bus 0001:10: root bus resource [io  0x0000-0xffff]
[41967.449764] pci_bus 0001:10: root bus resource [mem 0x00000000-0x3fffffffffff]
[41967.449766] pci_bus 0001:10: root bus resource [bus 00-ff]
[41967.449772] pci 0001:10:00.0: [0c51:0110] type 00 class 0x010802 PCIe Endpoint
[41967.449775] pci 0001:10:00.0: BAR 0 [mem 0x100000000-0x100003fff 64bit]
[41967.449777] pci 0001:10:00.0: enabling Extended Tags
[41967.449891] NVMeVirt: Virtual PCI bus created (node 0)
[41967.450252] NVMeVirt: nvmev_dispatcher started on cpu 1 (node 0)
[41967.450383] nvme nvme1: pci function 0001:10:00.0
[41967.450462] NVMeVirt: nvmev_io_worker_0 started on cpu 2 (node 0)
[41967.454710] nvme nvme1: 20/0/0 default/read/poll queues
[41967.457796] NVMeVirt: Virtual NVMe device created
[41968.514144] EXT4-fs (nvme1n1): mounted filesystem e29c3adf-53db-4dfb-908f-61d40622e24d r/w with ordered data mode. Quota mode: none.
[41968.546222] iCAT_SQLITE_LOAD_START run=20260901-130644-110723
[42070.986984] iCAT_SQLITE_LOAD_END run=20260901-130644-110723
[42071.397275] sh (111326): drop_caches: 3
[42071.426198] iCAT_SQLITE_RUN_START run=20260901-130644-110723
[42075.032927] sh (111328): drop_caches: 3
[42079.082455] sh (111328): drop_caches: 3
[42083.132433] sh (111328): drop_caches: 3
[42087.184090] sh (111328): drop_caches: 3
[42091.233384] sh (111328): drop_caches: 3
[42095.286724] sh (111328): drop_caches: 3
[42099.338891] sh (111328): drop_caches: 3
[42103.390769] sh (111328): drop_caches: 3
[42107.437614] sh (111328): drop_caches: 3
[42111.491285] sh (111328): drop_caches: 3
[42115.546148] sh (111328): drop_caches: 3
[42119.599364] sh (111328): drop_caches: 3
[42123.651261] sh (111328): drop_caches: 3
[42127.697737] sh (111328): drop_caches: 3
[42131.747215] sh (111328): drop_caches: 3
[42135.792071] sh (111328): drop_caches: 3
[42139.848383] sh (111328): drop_caches: 3
[42143.899993] sh (111328): drop_caches: 3
[42147.953163] sh (111328): drop_caches: 3
[42152.005290] sh (111328): drop_caches: 3
[42156.057417] sh (111328): drop_caches: 3
[42160.108301] sh (111328): drop_caches: 3
[42164.161226] sh (111328): drop_caches: 3
[42168.204747] sh (111328): drop_caches: 3
[42172.256778] sh (111328): drop_caches: 3
[42176.311773] sh (111328): drop_caches: 3
[42180.364527] sh (111328): drop_caches: 3
[42184.411911] sh (111328): drop_caches: 3
[42188.461669] sh (111328): drop_caches: 3
[42192.515666] sh (111328): drop_caches: 3
[42196.566249] sh (111328): drop_caches: 3
[42200.617643] sh (111328): drop_caches: 3
[42204.674511] sh (111328): drop_caches: 3
[42208.724434] sh (111328): drop_caches: 3
[42212.770885] sh (111328): drop_caches: 3
[42216.822133] sh (111328): drop_caches: 3
[42220.866263] sh (111328): drop_caches: 3
[42224.919836] sh (111328): drop_caches: 3
[42228.965204] sh (111328): drop_caches: 3
[42233.016906] sh (111328): drop_caches: 3
[42237.075620] sh (111328): drop_caches: 3
[42241.123417] sh (111328): drop_caches: 3
[42245.175833] sh (111328): drop_caches: 3
[42249.221449] sh (111328): drop_caches: 3
[42253.268008] sh (111328): drop_caches: 3
[42257.313450] sh (111328): drop_caches: 3
[42261.364860] sh (111328): drop_caches: 3
[42265.422592] sh (111328): drop_caches: 3
[42269.476761] sh (111328): drop_caches: 3
[42273.525168] sh (111328): drop_caches: 3
[42277.581822] sh (111328): drop_caches: 3
[42281.632036] sh (111328): drop_caches: 3
[42285.679432] sh (111328): drop_caches: 3
[42289.732263] sh (111328): drop_caches: 3
[42293.779126] sh (111328): drop_caches: 3
[42297.832514] sh (111328): drop_caches: 3
[42301.885812] sh (111328): drop_caches: 3
[42305.936584] sh (111328): drop_caches: 3
[42309.992616] sh (111328): drop_caches: 3
[42314.037520] sh (111328): drop_caches: 3
[42318.091442] sh (111328): drop_caches: 3
[42322.141036] sh (111328): drop_caches: 3
[42326.196225] sh (111328): drop_caches: 3
[42330.246229] sh (111328): drop_caches: 3
[42334.295985] sh (111328): drop_caches: 3
[42338.339699] sh (111328): drop_caches: 3
[42342.383709] sh (111328): drop_caches: 3
[42346.436511] sh (111328): drop_caches: 3
[42350.486596] sh (111328): drop_caches: 3
[42354.536660] sh (111328): drop_caches: 3
[42358.586936] sh (111328): drop_caches: 3
[42362.641771] sh (111328): drop_caches: 3
[42366.693829] sh (111328): drop_caches: 3
[42370.745952] sh (111328): drop_caches: 3
[42374.800192] sh (111328): drop_caches: 3
[42378.851229] sh (111328): drop_caches: 3
[42382.904105] sh (111328): drop_caches: 3
[42386.960296] sh (111328): drop_caches: 3
[42391.008531] sh (111328): drop_caches: 3
[42395.062406] sh (111328): drop_caches: 3
[42399.113726] sh (111328): drop_caches: 3
[42403.161757] sh (111328): drop_caches: 3
[42407.211456] sh (111328): drop_caches: 3
[42411.262192] sh (111328): drop_caches: 3
[42415.314672] sh (111328): drop_caches: 3
[42419.366734] sh (111328): drop_caches: 3
[42423.410341] sh (111328): drop_caches: 3
[42427.461408] sh (111328): drop_caches: 3
[42431.514689] sh (111328): drop_caches: 3
[42435.568866] sh (111328): drop_caches: 3
[42439.621495] sh (111328): drop_caches: 3
[42443.671485] sh (111328): drop_caches: 3
[42447.722508] sh (111328): drop_caches: 3
[42451.775907] sh (111328): drop_caches: 3
[42455.826796] sh (111328): drop_caches: 3
[42459.880598] sh (111328): drop_caches: 3
[42463.934169] sh (111328): drop_caches: 3
[42467.987275] sh (111328): drop_caches: 3
[42472.031544] sh (111328): drop_caches: 3
[42476.082343] sh (111328): drop_caches: 3
[42480.125275] sh (111328): drop_caches: 3
[42484.168924] sh (111328): drop_caches: 3
[42488.211868] sh (111328): drop_caches: 3
[42492.264664] sh (111328): drop_caches: 3
[42496.314199] sh (111328): drop_caches: 3
[42500.366588] sh (111328): drop_caches: 3
[42504.413780] sh (111328): drop_caches: 3
[42508.465819] sh (111328): drop_caches: 3
[42512.519058] sh (111328): drop_caches: 3
[42516.572171] sh (111328): drop_caches: 3
[42520.625819] sh (111328): drop_caches: 3
[42524.677968] sh (111328): drop_caches: 3
[42528.728325] sh (111328): drop_caches: 3
[42532.784614] sh (111328): drop_caches: 3
[42536.839219] sh (111328): drop_caches: 3
[42540.889530] sh (111328): drop_caches: 3
[42544.942544] sh (111328): drop_caches: 3
[42548.992590] sh (111328): drop_caches: 3
[42553.048308] sh (111328): drop_caches: 3
[42557.092399] sh (111328): drop_caches: 3
[42561.146733] sh (111328): drop_caches: 3
[42565.201569] sh (111328): drop_caches: 3
[42569.243286] sh (111328): drop_caches: 3
[42573.287182] sh (111328): drop_caches: 3
[42577.339045] sh (111328): drop_caches: 3
[42581.389688] sh (111328): drop_caches: 3
[42585.442515] sh (111328): drop_caches: 3
[42589.486359] sh (111328): drop_caches: 3
[42593.537521] sh (111328): drop_caches: 3
[42597.589408] sh (111328): drop_caches: 3
[42601.641593] sh (111328): drop_caches: 3
[42605.687304] sh (111328): drop_caches: 3
[42609.741032] sh (111328): drop_caches: 3
[42613.785194] sh (111328): drop_caches: 3
[42617.830460] sh (111328): drop_caches: 3
[42621.882345] sh (111328): drop_caches: 3
[42625.931034] sh (111328): drop_caches: 3
[42629.984476] sh (111328): drop_caches: 3
[42634.036637] sh (111328): drop_caches: 3
[42638.088492] sh (111328): drop_caches: 3
[42642.138684] sh (111328): drop_caches: 3
[42646.191521] sh (111328): drop_caches: 3
[42650.241205] sh (111328): drop_caches: 3
[42654.292190] sh (111328): drop_caches: 3
[42658.340902] sh (111328): drop_caches: 3
[42662.391755] sh (111328): drop_caches: 3
[42666.440842] sh (111328): drop_caches: 3
[42670.493014] sh (111328): drop_caches: 3
[42674.539876] sh (111328): drop_caches: 3
[42678.588372] sh (111328): drop_caches: 3
[42682.637731] sh (111328): drop_caches: 3
[42686.688835] sh (111328): drop_caches: 3
[42690.741812] sh (111328): drop_caches: 3
[42694.795557] sh (111328): drop_caches: 3
[42698.845055] sh (111328): drop_caches: 3
[42702.863826] sh (111328): drop_caches: 3
[42702.915794] iCAT_SQLITE_RUN_END run=20260901-130644-110723
[42702.934400] EXT4-fs (nvme1n1): unmounting filesystem e29c3adf-53db-4dfb-908f-61d40622e24d.
[42703.012455] pci_bus 0001:10: busn_res: [bus 10-ff] is released
[42703.012489] NVMeVirt: GC stats: policy=cat-fig7 host_pages=14701122 gc_pages=1544391 gc_count=253829 WAF=1.105 k=10 scale_pct=200 age_ratio=16
[42703.073842] NVMeVirt: Virtual NVMe device closed
