[33081.968453] NVMeVirt: Version 1.10 for >> Samsung 970 Pro SSD <<
[33081.968465] NVMeVirt: Storage: 0x100100000-0x300000000 (8191 MiB)
[33081.977352] NVMeVirt: Total Capacity(GiB,MiB)=2,2048 chs=2 luns=4 lines=8192 blk-size(MiB,KiB)=0,64 line-size(MiB,KiB)=0,256
[33081.990702] NVMeVirt: [chmodel_init] bandwidth 800 max_credits 26 tx_time 152
[33082.000966] NVMeVirt: [chmodel_init] bandwidth 800 max_credits 26 tx_time 152
[33082.000982] NVMeVirt: [chmodel_init] bandwidth 3360 max_credits 110 tx_time 36
[33082.002262] NVMeVirt: pqueue: Copyright (c) 2014, Volkan Yazıcı <volkan.yazici@gmail.com>. All rights reserved.
[33082.002300] NVMeVirt: Init FTL instance with 2 channels (524288 pages)
[33082.002301] NVMeVirt: GC victim policy: cat-fig7 k=7 scale_pct=400 age_ratio=16
[33082.008893] NVMeVirt: [chmodel_init] bandwidth 800 max_credits 26 tx_time 152
[33082.015400] NVMeVirt: [chmodel_init] bandwidth 800 max_credits 26 tx_time 152
[33082.015414] NVMeVirt: [chmodel_init] bandwidth 3360 max_credits 110 tx_time 36
[33082.016691] NVMeVirt: Init FTL instance with 2 channels (524288 pages)
[33082.016692] NVMeVirt: GC victim policy: cat-fig7 k=7 scale_pct=400 age_ratio=16
[33082.023156] NVMeVirt: [chmodel_init] bandwidth 800 max_credits 26 tx_time 152
[33082.029602] NVMeVirt: [chmodel_init] bandwidth 800 max_credits 26 tx_time 152
[33082.029617] NVMeVirt: [chmodel_init] bandwidth 3360 max_credits 110 tx_time 36
[33082.030865] NVMeVirt: Init FTL instance with 2 channels (524288 pages)
[33082.030866] NVMeVirt: GC victim policy: cat-fig7 k=7 scale_pct=400 age_ratio=16
[33082.037307] NVMeVirt: [chmodel_init] bandwidth 800 max_credits 26 tx_time 152
[33082.043728] NVMeVirt: [chmodel_init] bandwidth 800 max_credits 26 tx_time 152
[33082.043743] NVMeVirt: [chmodel_init] bandwidth 3360 max_credits 110 tx_time 36
[33082.044982] NVMeVirt: Init FTL instance with 2 channels (524288 pages)
[33082.044983] NVMeVirt: GC victim policy: cat-fig7 k=7 scale_pct=400 age_ratio=16
[33082.044987] NVMeVirt: FTL physical space: 8588886016, logical space: 8026996276 (physical/logical * 100 = 107)
[33082.044988] NVMeVirt: ns 0/1: size 7655 MiB
[33082.045028] PCI host bridge to bus 0001:10
[33082.045030] pci_bus 0001:10: root bus resource [io  0x0000-0xffff]
[33082.045032] pci_bus 0001:10: root bus resource [mem 0x00000000-0x3fffffffffff]
[33082.045033] pci_bus 0001:10: root bus resource [bus 00-ff]
[33082.045039] pci 0001:10:00.0: [0c51:0110] type 00 class 0x010802 PCIe Endpoint
[33082.045042] pci 0001:10:00.0: BAR 0 [mem 0x100000000-0x100003fff 64bit]
[33082.045044] pci 0001:10:00.0: enabling Extended Tags
[33082.045158] NVMeVirt: Virtual PCI bus created (node 0)
[33082.045690] NVMeVirt: nvmev_dispatcher started on cpu 1 (node 0)
[33082.045812] nvme nvme1: pci function 0001:10:00.0
[33082.045997] NVMeVirt: nvmev_io_worker_0 started on cpu 2 (node 0)
[33082.049893] nvme nvme1: 20/0/0 default/read/poll queues
[33082.053399] NVMeVirt: Virtual NVMe device created
[33083.109932] EXT4-fs (nvme1n1): mounted filesystem 49ce6364-fda3-4fda-bd3d-2a2125ca189c r/w with ordered data mode. Quota mode: none.
[33083.140496] iCAT_SQLITE_LOAD_START run=20260901-103839-65394
[33183.157361] iCAT_SQLITE_LOAD_END run=20260901-103839-65394
[33183.586718] sh (65974): drop_caches: 3
[33183.621507] iCAT_SQLITE_RUN_START run=20260901-103839-65394
[33187.204007] sh (65973): drop_caches: 3
[33191.251658] sh (65973): drop_caches: 3
[33195.291851] sh (65973): drop_caches: 3
[33199.344885] sh (65973): drop_caches: 3
[33203.393671] sh (65973): drop_caches: 3
[33207.443661] sh (65973): drop_caches: 3
[33211.486848] sh (65973): drop_caches: 3
[33215.540574] sh (65973): drop_caches: 3
[33219.592555] sh (65973): drop_caches: 3
[33223.642208] sh (65973): drop_caches: 3
[33227.694620] sh (65973): drop_caches: 3
[33231.743337] sh (65973): drop_caches: 3
[33235.794425] sh (65973): drop_caches: 3
[33239.837273] sh (65973): drop_caches: 3
[33243.892370] sh (65973): drop_caches: 3
[33247.931790] sh (65973): drop_caches: 3
[33251.983525] sh (65973): drop_caches: 3
[33256.036970] sh (65973): drop_caches: 3
[33260.085884] sh (65973): drop_caches: 3
[33264.136244] sh (65973): drop_caches: 3
[33268.186859] sh (65973): drop_caches: 3
[33272.232119] sh (65973): drop_caches: 3
[33276.281263] sh (65973): drop_caches: 3
[33280.331511] sh (65973): drop_caches: 3
[33284.383919] sh (65973): drop_caches: 3
[33288.436660] sh (65973): drop_caches: 3
[33292.480616] sh (65973): drop_caches: 3
[33296.534170] sh (65973): drop_caches: 3
[33300.586833] sh (65973): drop_caches: 3
[33304.635843] sh (65973): drop_caches: 3
[33308.687429] sh (65973): drop_caches: 3
[33312.740166] sh (65973): drop_caches: 3
[33316.791792] sh (65973): drop_caches: 3
[33320.842403] sh (65973): drop_caches: 3
[33324.893636] sh (65973): drop_caches: 3
[33328.949898] sh (65973): drop_caches: 3
[33332.996682] sh (65973): drop_caches: 3
[33337.045303] sh (65973): drop_caches: 3
[33341.098342] sh (65973): drop_caches: 3
[33345.151076] sh (65973): drop_caches: 3
[33349.206742] sh (65973): drop_caches: 3
[33353.261109] sh (65973): drop_caches: 3
[33357.311957] sh (65973): drop_caches: 3
[33361.355730] sh (65973): drop_caches: 3
[33365.405022] sh (65973): drop_caches: 3
[33369.456524] sh (65973): drop_caches: 3
[33373.507179] sh (65973): drop_caches: 3
[33377.560126] sh (65973): drop_caches: 3
[33381.611640] sh (65973): drop_caches: 3
[33385.661911] sh (65973): drop_caches: 3
[33389.714024] sh (65973): drop_caches: 3
[33393.763137] sh (65973): drop_caches: 3
[33397.806964] sh (65973): drop_caches: 3
[33401.852956] sh (65973): drop_caches: 3
[33405.905157] sh (65973): drop_caches: 3
[33409.954694] sh (65973): drop_caches: 3
[33414.007079] sh (65973): drop_caches: 3
[33418.057079] sh (65973): drop_caches: 3
[33422.110570] sh (65973): drop_caches: 3
[33426.160189] sh (65973): drop_caches: 3
[33430.205778] sh (65973): drop_caches: 3
[33434.249295] sh (65973): drop_caches: 3
[33438.289949] sh (65973): drop_caches: 3
[33442.341541] sh (65973): drop_caches: 3
[33446.385857] sh (65973): drop_caches: 3
[33450.440683] sh (65973): drop_caches: 3
[33454.487394] sh (65973): drop_caches: 3
[33458.530103] sh (65973): drop_caches: 3
[33462.584687] sh (65973): drop_caches: 3
[33466.639593] sh (65973): drop_caches: 3
[33470.693914] sh (65973): drop_caches: 3
[33474.747321] sh (65973): drop_caches: 3
[33478.799420] sh (65973): drop_caches: 3
[33482.849048] sh (65973): drop_caches: 3
[33486.899886] sh (65973): drop_caches: 3
[33490.950366] sh (65973): drop_caches: 3
[33495.000999] sh (65973): drop_caches: 3
[33499.051115] sh (65973): drop_caches: 3
[33503.099267] sh (65973): drop_caches: 3
[33507.149300] sh (65973): drop_caches: 3
[33511.202257] sh (65973): drop_caches: 3
[33515.245956] sh (65973): drop_caches: 3
[33519.298600] sh (65973): drop_caches: 3
[33523.346718] sh (65973): drop_caches: 3
[33527.401636] sh (65973): drop_caches: 3
[33531.444494] sh (65973): drop_caches: 3
[33535.491384] sh (65973): drop_caches: 3
[33539.542927] sh (65973): drop_caches: 3
[33543.593827] sh (65973): drop_caches: 3
[33547.644577] sh (65973): drop_caches: 3
[33551.696216] sh (65973): drop_caches: 3
[33555.747885] sh (65973): drop_caches: 3
[33559.798802] sh (65973): drop_caches: 3
[33563.850848] sh (65973): drop_caches: 3
[33567.894116] sh (65973): drop_caches: 3
[33571.945887] sh (65973): drop_caches: 3
[33575.995060] sh (65973): drop_caches: 3
[33580.045443] sh (65973): drop_caches: 3
[33584.095826] sh (65973): drop_caches: 3
[33588.146771] sh (65973): drop_caches: 3
[33592.199325] sh (65973): drop_caches: 3
[33596.251608] sh (65973): drop_caches: 3
[33600.304771] sh (65973): drop_caches: 3
[33604.353445] sh (65973): drop_caches: 3
[33608.403243] sh (65973): drop_caches: 3
[33612.445681] sh (65973): drop_caches: 3
[33616.492823] sh (65973): drop_caches: 3
[33620.541079] sh (65973): drop_caches: 3
[33624.590221] sh (65973): drop_caches: 3
[33628.637768] sh (65973): drop_caches: 3
[33632.685434] sh (65973): drop_caches: 3
[33636.730825] sh (65973): drop_caches: 3
[33640.787323] sh (65973): drop_caches: 3
[33644.836471] sh (65973): drop_caches: 3
[33648.887242] sh (65973): drop_caches: 3
[33652.931339] sh (65973): drop_caches: 3
[33656.983996] sh (65973): drop_caches: 3
[33661.033720] sh (65973): drop_caches: 3
[33665.084729] sh (65973): drop_caches: 3
[33669.133238] sh (65973): drop_caches: 3
[33673.184117] sh (65973): drop_caches: 3
[33677.233530] sh (65973): drop_caches: 3
[33681.278071] sh (65973): drop_caches: 3
[33685.327608] sh (65973): drop_caches: 3
[33689.380418] sh (65973): drop_caches: 3
[33693.431225] sh (65973): drop_caches: 3
[33697.482783] sh (65973): drop_caches: 3
[33701.535587] sh (65973): drop_caches: 3
[33705.583705] sh (65973): drop_caches: 3
[33709.626929] sh (65973): drop_caches: 3
[33713.678726] sh (65973): drop_caches: 3
[33717.730627] sh (65973): drop_caches: 3
[33721.777163] sh (65973): drop_caches: 3
[33725.822160] sh (65973): drop_caches: 3
[33729.868235] sh (65973): drop_caches: 3
[33733.917354] sh (65973): drop_caches: 3
[33737.957049] sh (65973): drop_caches: 3
[33742.005742] sh (65973): drop_caches: 3
[33746.054306] sh (65973): drop_caches: 3
[33750.104700] sh (65973): drop_caches: 3
[33754.154039] sh (65973): drop_caches: 3
[33758.204972] sh (65973): drop_caches: 3
[33762.257184] sh (65973): drop_caches: 3
[33766.308673] sh (65973): drop_caches: 3
[33770.358086] sh (65973): drop_caches: 3
[33774.410721] sh (65973): drop_caches: 3
[33778.462541] sh (65973): drop_caches: 3
[33782.515284] sh (65973): drop_caches: 3
[33786.567106] sh (65973): drop_caches: 3
[33790.619555] sh (65973): drop_caches: 3
[33794.669076] sh (65973): drop_caches: 3
[33798.710133] sh (65973): drop_caches: 3
[33802.760723] sh (65973): drop_caches: 3
[33806.812965] sh (65973): drop_caches: 3
[33810.864348] sh (65973): drop_caches: 3
[33814.892608] sh (65973): drop_caches: 3
[33814.942731] iCAT_SQLITE_RUN_END run=20260901-103839-65394
[33814.963355] EXT4-fs (nvme1n1): unmounting filesystem 49ce6364-fda3-4fda-bd3d-2a2125ca189c.
[33815.046352] pci_bus 0001:10: busn_res: [bus 10-ff] is released
[33815.046384] NVMeVirt: GC stats: policy=cat-fig7 host_pages=14697637 gc_pages=2288830 gc_count=265406 WAF=1.155 k=7 scale_pct=400 age_ratio=16
[33815.113707] NVMeVirt: Virtual NVMe device closed
