[22075.691822] NVMeVirt: Version 1.10 for >> Samsung 970 Pro SSD <<
[22075.691831] NVMeVirt: Storage: 0x100100000-0x300000000 (8191 MiB)
[22075.700244] NVMeVirt: Total Capacity(GiB,MiB)=2,2048 chs=2 luns=4 lines=8192 blk-size(MiB,KiB)=0,64 line-size(MiB,KiB)=0,256
[22075.709487] NVMeVirt: [chmodel_init] bandwidth 800 max_credits 26 tx_time 152
[22075.716199] NVMeVirt: [chmodel_init] bandwidth 800 max_credits 26 tx_time 152
[22075.716212] NVMeVirt: [chmodel_init] bandwidth 3360 max_credits 110 tx_time 36
[22075.717498] NVMeVirt: pqueue: Copyright (c) 2014, Volkan Yazıcı <volkan.yazici@gmail.com>. All rights reserved.
[22075.717535] NVMeVirt: Init FTL instance with 2 channels (524288 pages)
[22075.717536] NVMeVirt: GC victim policy: cat-fig7 k=4 scale_pct=400 age_ratio=16
[22075.724078] NVMeVirt: [chmodel_init] bandwidth 800 max_credits 26 tx_time 152
[22075.730522] NVMeVirt: [chmodel_init] bandwidth 800 max_credits 26 tx_time 152
[22075.730536] NVMeVirt: [chmodel_init] bandwidth 3360 max_credits 110 tx_time 36
[22075.731790] NVMeVirt: Init FTL instance with 2 channels (524288 pages)
[22075.731791] NVMeVirt: GC victim policy: cat-fig7 k=4 scale_pct=400 age_ratio=16
[22075.738227] NVMeVirt: [chmodel_init] bandwidth 800 max_credits 26 tx_time 152
[22075.744677] NVMeVirt: [chmodel_init] bandwidth 800 max_credits 26 tx_time 152
[22075.744690] NVMeVirt: [chmodel_init] bandwidth 3360 max_credits 110 tx_time 36
[22075.745938] NVMeVirt: Init FTL instance with 2 channels (524288 pages)
[22075.745939] NVMeVirt: GC victim policy: cat-fig7 k=4 scale_pct=400 age_ratio=16
[22075.752343] NVMeVirt: [chmodel_init] bandwidth 800 max_credits 26 tx_time 152
[22075.758767] NVMeVirt: [chmodel_init] bandwidth 800 max_credits 26 tx_time 152
[22075.758782] NVMeVirt: [chmodel_init] bandwidth 3360 max_credits 110 tx_time 36
[22075.760767] NVMeVirt: Init FTL instance with 2 channels (524288 pages)
[22075.760769] NVMeVirt: GC victim policy: cat-fig7 k=4 scale_pct=400 age_ratio=16
[22075.760773] NVMeVirt: FTL physical space: 8588886016, logical space: 8026996276 (physical/logical * 100 = 107)
[22075.760774] NVMeVirt: ns 0/1: size 7655 MiB
[22075.760817] PCI host bridge to bus 0001:10
[22075.760819] pci_bus 0001:10: root bus resource [io  0x0000-0xffff]
[22075.760821] pci_bus 0001:10: root bus resource [mem 0x00000000-0x3fffffffffff]
[22075.760823] pci_bus 0001:10: root bus resource [bus 00-ff]
[22075.760829] pci 0001:10:00.0: [0c51:0110] type 00 class 0x010802 PCIe Endpoint
[22075.760832] pci 0001:10:00.0: BAR 0 [mem 0x100000000-0x100003fff 64bit]
[22075.760834] pci 0001:10:00.0: enabling Extended Tags
[22075.760942] NVMeVirt: Virtual PCI bus created (node 0)
[22075.761441] NVMeVirt: nvmev_io_worker_0 started on cpu 2 (node 0)
[22075.761495] NVMeVirt: nvmev_dispatcher started on cpu 1 (node 0)
[22075.761764] nvme nvme1: pci function 0001:10:00.0
[22075.766506] nvme nvme1: 20/0/0 default/read/poll queues
[22075.769309] NVMeVirt: Virtual NVMe device created
[22076.830624] EXT4-fs (nvme1n1): mounted filesystem 162152d0-136e-4560-9f41-778773e90c98 r/w with ordered data mode. Quota mode: none.
[22076.862547] iCAT_SQLITE_LOAD_START run=20260901-073513-44951
[22175.579601] iCAT_SQLITE_LOAD_END run=20260901-073513-44951
[22176.035425] sh (45079): drop_caches: 3
[22176.069528] iCAT_SQLITE_RUN_START run=20260901-073513-44951
[22179.620947] sh (45081): drop_caches: 3
[22183.668491] sh (45081): drop_caches: 3
[22187.711778] sh (45081): drop_caches: 3
[22191.755181] sh (45081): drop_caches: 3
[22195.804331] sh (45081): drop_caches: 3
[22199.848005] sh (45081): drop_caches: 3
[22203.896626] sh (45081): drop_caches: 3
[22207.940808] sh (45081): drop_caches: 3
[22211.985361] sh (45081): drop_caches: 3
[22216.031628] sh (45081): drop_caches: 3
[22220.078281] sh (45081): drop_caches: 3
[22224.126631] sh (45081): drop_caches: 3
[22228.173425] sh (45081): drop_caches: 3
[22232.219168] sh (45081): drop_caches: 3
[22236.264583] sh (45081): drop_caches: 3
[22240.303554] sh (45081): drop_caches: 3
[22244.348221] sh (45081): drop_caches: 3
[22248.392600] sh (45081): drop_caches: 3
[22252.438669] sh (45081): drop_caches: 3
[22256.485083] sh (45081): drop_caches: 3
[22260.529868] sh (45081): drop_caches: 3
[22264.570162] sh (45081): drop_caches: 3
[22268.620854] sh (45081): drop_caches: 3
[22272.668298] sh (45081): drop_caches: 3
[22276.715610] sh (45081): drop_caches: 3
[22280.764302] sh (45081): drop_caches: 3
[22284.811442] sh (45081): drop_caches: 3
[22288.855511] sh (45081): drop_caches: 3
[22292.903068] sh (45081): drop_caches: 3
[22296.947186] sh (45081): drop_caches: 3
[22300.992589] sh (45081): drop_caches: 3
[22305.039702] sh (45081): drop_caches: 3
[22309.087044] sh (45081): drop_caches: 3
[22313.134483] sh (45081): drop_caches: 3
[22317.181389] sh (45081): drop_caches: 3
[22321.228676] sh (45081): drop_caches: 3
[22325.276623] sh (45081): drop_caches: 3
[22329.321559] sh (45081): drop_caches: 3
[22333.362012] sh (45081): drop_caches: 3
[22337.408410] sh (45081): drop_caches: 3
[22341.455474] sh (45081): drop_caches: 3
[22345.502719] sh (45081): drop_caches: 3
[22349.547803] sh (45081): drop_caches: 3
[22353.591410] sh (45081): drop_caches: 3
[22357.635754] sh (45081): drop_caches: 3
[22361.680428] sh (45081): drop_caches: 3
[22365.728186] sh (45081): drop_caches: 3
[22369.773600] sh (45081): drop_caches: 3
[22373.821403] sh (45081): drop_caches: 3
[22377.865579] sh (45081): drop_caches: 3
[22381.903740] sh (45081): drop_caches: 3
[22385.945464] sh (45081): drop_caches: 3
[22389.992373] sh (45081): drop_caches: 3
[22394.040068] sh (45081): drop_caches: 3
[22398.086958] sh (45081): drop_caches: 3
[22402.130359] sh (45081): drop_caches: 3
[22406.176699] sh (45081): drop_caches: 3
[22410.217234] sh (45081): drop_caches: 3
[22414.263101] sh (45081): drop_caches: 3
[22418.309104] sh (45081): drop_caches: 3
[22422.355647] sh (45081): drop_caches: 3
[22426.401151] sh (45081): drop_caches: 3
[22430.447114] sh (45081): drop_caches: 3
[22434.494086] sh (45081): drop_caches: 3
[22438.543855] sh (45081): drop_caches: 3
[22442.590315] sh (45081): drop_caches: 3
[22446.634460] sh (45081): drop_caches: 3
[22450.677961] sh (45081): drop_caches: 3
[22454.725256] sh (45081): drop_caches: 3
[22458.772603] sh (45081): drop_caches: 3
[22462.819389] sh (45081): drop_caches: 3
[22466.865461] sh (45081): drop_caches: 3
[22470.911334] sh (45081): drop_caches: 3
[22474.958516] sh (45081): drop_caches: 3
[22479.004949] sh (45081): drop_caches: 3
[22483.054677] sh (45081): drop_caches: 3
[22487.098750] sh (45081): drop_caches: 3
[22491.145089] sh (45081): drop_caches: 3
[22495.190522] sh (45081): drop_caches: 3
[22499.235568] sh (45081): drop_caches: 3
[22503.279570] sh (45081): drop_caches: 3
[22507.325914] sh (45081): drop_caches: 3
[22511.370114] sh (45081): drop_caches: 3
[22515.414886] sh (45081): drop_caches: 3
[22519.459513] sh (45081): drop_caches: 3
[22523.504294] sh (45081): drop_caches: 3
[22527.541542] sh (45081): drop_caches: 3
[22531.581966] sh (45081): drop_caches: 3
[22535.628388] sh (45081): drop_caches: 3
[22539.673502] sh (45081): drop_caches: 3
[22543.720179] sh (45081): drop_caches: 3
[22547.763440] sh (45081): drop_caches: 3
[22551.812201] sh (45081): drop_caches: 3
[22555.859378] sh (45081): drop_caches: 3
[22559.903723] sh (45081): drop_caches: 3
[22563.950590] sh (45081): drop_caches: 3
[22567.998639] sh (45081): drop_caches: 3
[22572.043467] sh (45081): drop_caches: 3
[22576.087234] sh (45081): drop_caches: 3
[22580.133676] sh (45081): drop_caches: 3
[22584.180066] sh (45081): drop_caches: 3
[22588.224170] sh (45081): drop_caches: 3
[22592.269516] sh (45081): drop_caches: 3
[22596.315557] sh (45081): drop_caches: 3
[22600.355721] sh (45081): drop_caches: 3
[22604.402809] sh (45081): drop_caches: 3
[22608.449979] sh (45081): drop_caches: 3
[22612.497951] sh (45081): drop_caches: 3
[22616.535371] sh (45081): drop_caches: 3
[22620.576076] sh (45081): drop_caches: 3
[22624.623998] sh (45081): drop_caches: 3
[22628.668268] sh (45081): drop_caches: 3
[22632.716366] sh (45081): drop_caches: 3
[22636.761525] sh (45081): drop_caches: 3
[22640.808690] sh (45081): drop_caches: 3
[22644.855120] sh (45081): drop_caches: 3
[22648.903197] sh (45081): drop_caches: 3
[22652.947033] sh (45081): drop_caches: 3
[22656.995777] sh (45081): drop_caches: 3
[22661.034000] sh (45081): drop_caches: 3
[22665.083926] sh (45081): drop_caches: 3
[22669.129341] sh (45081): drop_caches: 3
[22673.174978] sh (45081): drop_caches: 3
[22677.220654] sh (45081): drop_caches: 3
[22681.264240] sh (45081): drop_caches: 3
[22685.310826] sh (45081): drop_caches: 3
[22689.357498] sh (45081): drop_caches: 3
[22693.404982] sh (45081): drop_caches: 3
[22697.452698] sh (45081): drop_caches: 3
[22701.499999] sh (45081): drop_caches: 3
[22705.546797] sh (45081): drop_caches: 3
[22709.590650] sh (45081): drop_caches: 3
[22713.636048] sh (45081): drop_caches: 3
[22717.680622] sh (45081): drop_caches: 3
[22721.724488] sh (45081): drop_caches: 3
[22725.768383] sh (45081): drop_caches: 3
[22729.814725] sh (45081): drop_caches: 3
[22733.862026] sh (45081): drop_caches: 3
[22737.900851] sh (45081): drop_caches: 3
[22741.942064] sh (45081): drop_caches: 3
[22745.988974] sh (45081): drop_caches: 3
[22750.032705] sh (45081): drop_caches: 3
[22754.079573] sh (45081): drop_caches: 3
[22758.123353] sh (45081): drop_caches: 3
[22762.171676] sh (45081): drop_caches: 3
[22766.215376] sh (45081): drop_caches: 3
[22770.258931] sh (45081): drop_caches: 3
[22774.304535] sh (45081): drop_caches: 3
[22778.350828] sh (45081): drop_caches: 3
[22782.394647] sh (45081): drop_caches: 3
[22786.441776] sh (45081): drop_caches: 3
[22790.488454] sh (45081): drop_caches: 3
[22794.532663] sh (45081): drop_caches: 3
[22798.578204] sh (45081): drop_caches: 3
[22802.624285] sh (45081): drop_caches: 3
[22802.675209] iCAT_SQLITE_RUN_END run=20260901-073513-44951
[22802.695886] EXT4-fs (nvme1n1): unmounting filesystem 162152d0-136e-4560-9f41-778773e90c98.
[22802.784610] pci_bus 0001:10: busn_res: [bus 10-ff] is released
[22802.784658] NVMeVirt: GC stats: policy=cat-fig7 host_pages=14692920 gc_pages=2865412 gc_count=274342 WAF=1.195 k=4 scale_pct=400 age_ratio=16
[22802.846902] NVMeVirt: Virtual NVMe device closed
