[16968.200083] NVMeVirt: Version 1.10 for >> Samsung 970 Pro SSD <<
[16968.200089] NVMeVirt: Storage: 0x100100000-0x300000000 (8191 MiB)
[16968.204816] NVMeVirt: Total Capacity(GiB,MiB)=2,2048 chs=2 luns=4 lines=8192 blk-size(MiB,KiB)=0,64 line-size(MiB,KiB)=0,256
[16968.212319] NVMeVirt: [chmodel_init] bandwidth 800 max_credits 26 tx_time 152
[16968.221091] NVMeVirt: [chmodel_init] bandwidth 800 max_credits 26 tx_time 152
[16968.221106] NVMeVirt: [chmodel_init] bandwidth 3360 max_credits 110 tx_time 36
[16968.222379] NVMeVirt: pqueue: Copyright (c) 2014, Volkan Yazıcı <volkan.yazici@gmail.com>. All rights reserved.
[16968.222415] NVMeVirt: Init FTL instance with 2 channels (524288 pages)
[16968.222416] NVMeVirt: GC victim policy: cat-fig7 k=4 scale_pct=100 age_ratio=7
[16968.228990] NVMeVirt: [chmodel_init] bandwidth 800 max_credits 26 tx_time 152
[16968.235445] NVMeVirt: [chmodel_init] bandwidth 800 max_credits 26 tx_time 152
[16968.235459] NVMeVirt: [chmodel_init] bandwidth 3360 max_credits 110 tx_time 36
[16968.236707] NVMeVirt: Init FTL instance with 2 channels (524288 pages)
[16968.236708] NVMeVirt: GC victim policy: cat-fig7 k=4 scale_pct=100 age_ratio=7
[16968.243098] NVMeVirt: [chmodel_init] bandwidth 800 max_credits 26 tx_time 152
[16968.249500] NVMeVirt: [chmodel_init] bandwidth 800 max_credits 26 tx_time 152
[16968.249515] NVMeVirt: [chmodel_init] bandwidth 3360 max_credits 110 tx_time 36
[16968.250757] NVMeVirt: Init FTL instance with 2 channels (524288 pages)
[16968.250758] NVMeVirt: GC victim policy: cat-fig7 k=4 scale_pct=100 age_ratio=7
[16968.257116] NVMeVirt: [chmodel_init] bandwidth 800 max_credits 26 tx_time 152
[16968.263519] NVMeVirt: [chmodel_init] bandwidth 800 max_credits 26 tx_time 152
[16968.263534] NVMeVirt: [chmodel_init] bandwidth 3360 max_credits 110 tx_time 36
[16968.264776] NVMeVirt: Init FTL instance with 2 channels (524288 pages)
[16968.264777] NVMeVirt: GC victim policy: cat-fig7 k=4 scale_pct=100 age_ratio=7
[16968.264781] NVMeVirt: FTL physical space: 8588886016, logical space: 8026996276 (physical/logical * 100 = 107)
[16968.264782] NVMeVirt: ns 0/1: size 7655 MiB
[16968.264824] PCI host bridge to bus 0001:10
[16968.264825] pci_bus 0001:10: root bus resource [io  0x0000-0xffff]
[16968.264827] pci_bus 0001:10: root bus resource [mem 0x00000000-0x3fffffffffff]
[16968.264829] pci_bus 0001:10: root bus resource [bus 00-ff]
[16968.264835] pci 0001:10:00.0: [0c51:0110] type 00 class 0x010802 PCIe Endpoint
[16968.264838] pci 0001:10:00.0: BAR 0 [mem 0x100000000-0x100003fff 64bit]
[16968.264840] pci 0001:10:00.0: enabling Extended Tags
[16968.264948] NVMeVirt: Virtual PCI bus created (node 0)
[16968.265473] NVMeVirt: nvmev_io_worker_0 started on cpu 2 (node 0)
[16968.265607] NVMeVirt: nvmev_dispatcher started on cpu 1 (node 0)
[16968.265715] nvme nvme1: pci function 0001:10:00.0
[16968.269852] nvme nvme1: 20/0/0 default/read/poll queues
[16968.272225] NVMeVirt: Virtual NVMe device created
[16969.333464] EXT4-fs (nvme1n1): mounted filesystem ffc3cb34-3677-457a-ac69-141a85872180 r/w with ordered data mode. Quota mode: none.
[16969.363923] iCAT_SQLITE_LOAD_START run=20260901-061005-39191
[17067.215650] iCAT_SQLITE_LOAD_END run=20260901-061005-39191
[17067.670276] sh (39322): drop_caches: 3
[17067.700356] iCAT_SQLITE_RUN_START run=20260901-061005-39191
[17071.255089] sh (39321): drop_caches: 3
[17075.300827] sh (39321): drop_caches: 3
[17079.344272] sh (39321): drop_caches: 3
[17083.391201] sh (39321): drop_caches: 3
[17087.437544] sh (39321): drop_caches: 3
[17091.485626] sh (39321): drop_caches: 3
[17095.528805] sh (39321): drop_caches: 3
[17099.575410] sh (39321): drop_caches: 3
[17103.614178] sh (39321): drop_caches: 3
[17107.662063] sh (39321): drop_caches: 3
[17111.708954] sh (39321): drop_caches: 3
[17115.753193] sh (39321): drop_caches: 3
[17119.791714] sh (39321): drop_caches: 3
[17123.838660] sh (39321): drop_caches: 3
[17127.886476] sh (39321): drop_caches: 3
[17131.934059] sh (39321): drop_caches: 3
[17135.983247] sh (39321): drop_caches: 3
[17140.030151] sh (39321): drop_caches: 3
[17144.076570] sh (39321): drop_caches: 3
[17148.121331] sh (39321): drop_caches: 3
[17152.169555] sh (39321): drop_caches: 3
[17156.213887] sh (39321): drop_caches: 3
[17160.260579] sh (39321): drop_caches: 3
[17164.308308] sh (39321): drop_caches: 3
[17168.354102] sh (39321): drop_caches: 3
[17172.403862] sh (39321): drop_caches: 3
[17176.447627] sh (39321): drop_caches: 3
[17180.494108] sh (39321): drop_caches: 3
[17184.540689] sh (39321): drop_caches: 3
[17188.579325] sh (39321): drop_caches: 3
[17192.618549] sh (39321): drop_caches: 3
[17196.665304] sh (39321): drop_caches: 3
[17200.713833] sh (39321): drop_caches: 3
[17204.755057] sh (39321): drop_caches: 3
[17208.799219] sh (39321): drop_caches: 3
[17212.846710] sh (39321): drop_caches: 3
[17216.893511] sh (39321): drop_caches: 3
[17220.940709] sh (39321): drop_caches: 3
[17224.985074] sh (39321): drop_caches: 3
[17229.036548] sh (39321): drop_caches: 3
[17233.083459] sh (39321): drop_caches: 3
[17237.129492] sh (39321): drop_caches: 3
[17241.174011] sh (39321): drop_caches: 3
[17245.223114] sh (39321): drop_caches: 3
[17249.267170] sh (39321): drop_caches: 3
[17253.311033] sh (39321): drop_caches: 3
[17257.356849] sh (39321): drop_caches: 3
[17261.406772] sh (39321): drop_caches: 3
[17265.450694] sh (39321): drop_caches: 3
[17269.496634] sh (39321): drop_caches: 3
[17273.543200] sh (39321): drop_caches: 3
[17277.587075] sh (39321): drop_caches: 3
[17281.630383] sh (39321): drop_caches: 3
[17285.676130] sh (39321): drop_caches: 3
[17289.719824] sh (39321): drop_caches: 3
[17293.766147] sh (39321): drop_caches: 3
[17297.812337] sh (39321): drop_caches: 3
[17301.858976] sh (39321): drop_caches: 3
[17305.904920] sh (39321): drop_caches: 3
[17309.943829] sh (39321): drop_caches: 3
[17313.987486] sh (39321): drop_caches: 3
[17318.031066] sh (39321): drop_caches: 3
[17322.077027] sh (39321): drop_caches: 3
[17326.125181] sh (39321): drop_caches: 3
[17330.173393] sh (39321): drop_caches: 3
[17334.223127] sh (39321): drop_caches: 3
[17338.270685] sh (39321): drop_caches: 3
[17342.314508] sh (39321): drop_caches: 3
[17346.361722] sh (39321): drop_caches: 3
[17350.409238] sh (39321): drop_caches: 3
[17354.455086] sh (39321): drop_caches: 3
[17358.499646] sh (39321): drop_caches: 3
[17362.548625] sh (39321): drop_caches: 3
[17366.598193] sh (39321): drop_caches: 3
[17370.645040] sh (39321): drop_caches: 3
[17374.692711] sh (39321): drop_caches: 3
[17378.736879] sh (39321): drop_caches: 3
[17382.785352] sh (39321): drop_caches: 3
[17386.831121] sh (39321): drop_caches: 3
[17390.879363] sh (39321): drop_caches: 3
[17394.923031] sh (39321): drop_caches: 3
[17398.968301] sh (39321): drop_caches: 3
[17403.013991] sh (39321): drop_caches: 3
[17407.062111] sh (39321): drop_caches: 3
[17411.110533] sh (39321): drop_caches: 3
[17415.157662] sh (39321): drop_caches: 3
[17419.205993] sh (39321): drop_caches: 3
[17423.252038] sh (39321): drop_caches: 3
[17427.295777] sh (39321): drop_caches: 3
[17431.341637] sh (39321): drop_caches: 3
[17435.387637] sh (39321): drop_caches: 3
[17439.433390] sh (39321): drop_caches: 3
[17443.481118] sh (39321): drop_caches: 3
[17447.527253] sh (39321): drop_caches: 3
[17451.573355] sh (39321): drop_caches: 3
[17455.610739] sh (39321): drop_caches: 3
[17459.656837] sh (39321): drop_caches: 3
[17463.704405] sh (39321): drop_caches: 3
[17467.751822] sh (39321): drop_caches: 3
[17471.798597] sh (39321): drop_caches: 3
[17475.842572] sh (39321): drop_caches: 3
[17479.890884] sh (39321): drop_caches: 3
[17483.938532] sh (39321): drop_caches: 3
[17487.984986] sh (39321): drop_caches: 3
[17492.028479] sh (39321): drop_caches: 3
[17496.076272] sh (39321): drop_caches: 3
[17500.122384] sh (39321): drop_caches: 3
[17504.166260] sh (39321): drop_caches: 3
[17508.213512] sh (39321): drop_caches: 3
[17512.257117] sh (39321): drop_caches: 3
[17516.303600] sh (39321): drop_caches: 3
[17520.348506] sh (39321): drop_caches: 3
[17524.392832] sh (39321): drop_caches: 3
[17528.437967] sh (39321): drop_caches: 3
[17532.481976] sh (39321): drop_caches: 3
[17536.529956] sh (39321): drop_caches: 3
[17540.575935] sh (39321): drop_caches: 3
[17544.615682] sh (39321): drop_caches: 3
[17548.662191] sh (39321): drop_caches: 3
[17552.708313] sh (39321): drop_caches: 3
[17556.753693] sh (39321): drop_caches: 3
[17560.804608] sh (39321): drop_caches: 3
[17564.848816] sh (39321): drop_caches: 3
[17568.892331] sh (39321): drop_caches: 3
[17572.939775] sh (39321): drop_caches: 3
[17576.989130] sh (39321): drop_caches: 3
[17581.036152] sh (39321): drop_caches: 3
[17585.083120] sh (39321): drop_caches: 3
[17589.130747] sh (39321): drop_caches: 3
[17593.175578] sh (39321): drop_caches: 3
[17597.223509] sh (39321): drop_caches: 3
[17601.272234] sh (39321): drop_caches: 3
[17605.315954] sh (39321): drop_caches: 3
[17609.360910] sh (39321): drop_caches: 3
[17613.408629] sh (39321): drop_caches: 3
[17617.458035] sh (39321): drop_caches: 3
[17621.503280] sh (39321): drop_caches: 3
[17625.551782] sh (39321): drop_caches: 3
[17629.596727] sh (39321): drop_caches: 3
[17633.639894] sh (39321): drop_caches: 3
[17637.689035] sh (39321): drop_caches: 3
[17641.736032] sh (39321): drop_caches: 3
[17645.781399] sh (39321): drop_caches: 3
[17649.829606] sh (39321): drop_caches: 3
[17653.875768] sh (39321): drop_caches: 3
[17657.921106] sh (39321): drop_caches: 3
[17661.962180] sh (39321): drop_caches: 3
[17666.010645] sh (39321): drop_caches: 3
[17670.060308] sh (39321): drop_caches: 3
[17674.105309] sh (39321): drop_caches: 3
[17678.154134] sh (39321): drop_caches: 3
[17682.200963] sh (39321): drop_caches: 3
[17684.864641] perf: interrupt took too long (2503 > 2500), lowering kernel.perf_event_max_sample_rate to 79000
[17686.244219] sh (39321): drop_caches: 3
[17690.289015] sh (39321): drop_caches: 3
[17694.334327] sh (39321): drop_caches: 3
[17698.355867] sh (39321): drop_caches: 3
[17698.407337] iCAT_SQLITE_RUN_END run=20260901-061005-39191
[17698.425262] EXT4-fs (nvme1n1): unmounting filesystem ffc3cb34-3677-457a-ac69-141a85872180.
[17698.512395] pci_bus 0001:10: busn_res: [bus 10-ff] is released
[17698.512447] NVMeVirt: GC stats: policy=cat-fig7 host_pages=14699817 gc_pages=2161773 gc_count=263455 WAF=1.147 k=4 scale_pct=100 age_ratio=7
[17698.581348] NVMeVirt: Virtual NVMe device closed
