[16236.058338] NVMeVirt: Version 1.10 for >> Samsung 970 Pro SSD <<
[16236.058353] NVMeVirt: Storage: 0x100100000-0x300000000 (8191 MiB)
[16236.065365] NVMeVirt: Total Capacity(GiB,MiB)=2,2048 chs=2 luns=4 lines=8192 blk-size(MiB,KiB)=0,64 line-size(MiB,KiB)=0,256
[16236.075085] NVMeVirt: [chmodel_init] bandwidth 800 max_credits 26 tx_time 152
[16236.083165] NVMeVirt: [chmodel_init] bandwidth 800 max_credits 26 tx_time 152
[16236.083179] NVMeVirt: [chmodel_init] bandwidth 3360 max_credits 110 tx_time 36
[16236.084509] NVMeVirt: pqueue: Copyright (c) 2014, Volkan Yazıcı <volkan.yazici@gmail.com>. All rights reserved.
[16236.084547] NVMeVirt: Init FTL instance with 2 channels (524288 pages)
[16236.084548] NVMeVirt: GC victim policy: cat-fig7 k=4 scale_pct=100 age_ratio=4
[16236.091184] NVMeVirt: [chmodel_init] bandwidth 800 max_credits 26 tx_time 152
[16236.097698] NVMeVirt: [chmodel_init] bandwidth 800 max_credits 26 tx_time 152
[16236.097713] NVMeVirt: [chmodel_init] bandwidth 3360 max_credits 110 tx_time 36
[16236.098969] NVMeVirt: Init FTL instance with 2 channels (524288 pages)
[16236.098970] NVMeVirt: GC victim policy: cat-fig7 k=4 scale_pct=100 age_ratio=4
[16236.105424] NVMeVirt: [chmodel_init] bandwidth 800 max_credits 26 tx_time 152
[16236.111856] NVMeVirt: [chmodel_init] bandwidth 800 max_credits 26 tx_time 152
[16236.111868] NVMeVirt: [chmodel_init] bandwidth 3360 max_credits 110 tx_time 36
[16236.113121] NVMeVirt: Init FTL instance with 2 channels (524288 pages)
[16236.113122] NVMeVirt: GC victim policy: cat-fig7 k=4 scale_pct=100 age_ratio=4
[16236.119561] NVMeVirt: [chmodel_init] bandwidth 800 max_credits 26 tx_time 152
[16236.126048] NVMeVirt: [chmodel_init] bandwidth 800 max_credits 26 tx_time 152
[16236.126061] NVMeVirt: [chmodel_init] bandwidth 3360 max_credits 110 tx_time 36
[16236.127306] NVMeVirt: Init FTL instance with 2 channels (524288 pages)
[16236.127307] NVMeVirt: GC victim policy: cat-fig7 k=4 scale_pct=100 age_ratio=4
[16236.127310] NVMeVirt: FTL physical space: 8588886016, logical space: 8026996276 (physical/logical * 100 = 107)
[16236.127312] NVMeVirt: ns 0/1: size 7655 MiB
[16236.127354] PCI host bridge to bus 0001:10
[16236.127355] pci_bus 0001:10: root bus resource [io  0x0000-0xffff]
[16236.127358] pci_bus 0001:10: root bus resource [mem 0x00000000-0x3fffffffffff]
[16236.127360] pci_bus 0001:10: root bus resource [bus 00-ff]
[16236.127365] pci 0001:10:00.0: [0c51:0110] type 00 class 0x010802 PCIe Endpoint
[16236.127368] pci 0001:10:00.0: BAR 0 [mem 0x100000000-0x100003fff 64bit]
[16236.127369] pci 0001:10:00.0: enabling Extended Tags
[16236.127483] NVMeVirt: Virtual PCI bus created (node 0)
[16236.127980] NVMeVirt: nvmev_io_worker_0 started on cpu 2 (node 0)
[16236.128024] NVMeVirt: nvmev_dispatcher started on cpu 1 (node 0)
[16236.128233] nvme nvme1: pci function 0001:10:00.0
[16236.132845] nvme nvme1: 20/0/0 default/read/poll queues
[16236.135246] NVMeVirt: Virtual NVMe device created
[16237.196490] EXT4-fs (nvme1n1): mounted filesystem 71924607-8126-43b7-9a74-808c1a1980bc r/w with ordered data mode. Quota mode: none.
[16237.227070] iCAT_SQLITE_LOAD_START run=20260901-055753-38789
[16336.653880] iCAT_SQLITE_LOAD_END run=20260901-055753-38789
[16337.125134] sh (38920): drop_caches: 3
[16337.154061] iCAT_SQLITE_RUN_START run=20260901-055753-38789
[16340.693534] sh (38922): drop_caches: 3
[16344.736325] sh (38922): drop_caches: 3
[16348.779836] sh (38922): drop_caches: 3
[16352.829825] sh (38922): drop_caches: 3
[16356.877771] sh (38922): drop_caches: 3
[16360.923124] sh (38922): drop_caches: 3
[16364.968928] sh (38922): drop_caches: 3
[16369.016777] sh (38922): drop_caches: 3
[16373.061222] sh (38922): drop_caches: 3
[16377.109436] sh (38922): drop_caches: 3
[16381.154185] sh (38922): drop_caches: 3
[16385.201087] sh (38922): drop_caches: 3
[16389.244786] sh (38922): drop_caches: 3
[16393.296633] sh (38922): drop_caches: 3
[16397.338100] sh (38922): drop_caches: 3
[16401.383485] sh (38922): drop_caches: 3
[16405.430034] sh (38922): drop_caches: 3
[16409.478459] sh (38922): drop_caches: 3
[16413.527560] sh (38922): drop_caches: 3
[16417.570988] sh (38922): drop_caches: 3
[16421.619389] sh (38922): drop_caches: 3
[16425.668793] sh (38922): drop_caches: 3
[16429.716423] sh (38922): drop_caches: 3
[16433.764360] sh (38922): drop_caches: 3
[16437.808573] sh (38922): drop_caches: 3
[16441.856144] sh (38922): drop_caches: 3
[16445.900440] sh (38922): drop_caches: 3
[16449.944457] sh (38922): drop_caches: 3
[16453.982825] sh (38922): drop_caches: 3
[16458.027521] sh (38922): drop_caches: 3
[16462.073222] sh (38922): drop_caches: 3
[16466.119915] sh (38922): drop_caches: 3
[16470.167382] sh (38922): drop_caches: 3
[16474.216351] sh (38922): drop_caches: 3
[16478.265058] sh (38922): drop_caches: 3
[16482.313868] sh (38922): drop_caches: 3
[16486.362043] sh (38922): drop_caches: 3
[16490.410354] sh (38922): drop_caches: 3
[16494.454077] sh (38922): drop_caches: 3
[16498.502853] sh (38922): drop_caches: 3
[16502.547800] sh (38922): drop_caches: 3
[16506.592891] sh (38922): drop_caches: 3
[16510.640103] sh (38922): drop_caches: 3
[16514.683605] sh (38922): drop_caches: 3
[16518.730442] sh (38922): drop_caches: 3
[16522.773780] sh (38922): drop_caches: 3
[16526.822091] sh (38922): drop_caches: 3
[16530.869368] sh (38922): drop_caches: 3
[16534.915781] sh (38922): drop_caches: 3
[16538.962270] sh (38922): drop_caches: 3
[16543.009196] sh (38922): drop_caches: 3
[16547.057953] sh (38922): drop_caches: 3
[16551.107268] sh (38922): drop_caches: 3
[16555.151700] sh (38922): drop_caches: 3
[16559.199543] sh (38922): drop_caches: 3
[16563.243191] sh (38922): drop_caches: 3
[16567.290798] sh (38922): drop_caches: 3
[16571.334505] sh (38922): drop_caches: 3
[16575.382223] sh (38922): drop_caches: 3
[16579.429433] sh (38922): drop_caches: 3
[16583.478966] sh (38922): drop_caches: 3
[16587.524394] sh (38922): drop_caches: 3
[16591.571546] sh (38922): drop_caches: 3
[16595.613749] sh (38922): drop_caches: 3
[16599.663915] sh (38922): drop_caches: 3
[16603.711176] sh (38922): drop_caches: 3
[16607.752098] sh (38922): drop_caches: 3
[16611.800902] sh (38922): drop_caches: 3
[16615.846437] sh (38922): drop_caches: 3
[16619.893621] sh (38922): drop_caches: 3
[16623.942677] sh (38922): drop_caches: 3
[16627.989863] sh (38922): drop_caches: 3
[16632.034611] sh (38922): drop_caches: 3
[16636.082377] sh (38922): drop_caches: 3
[16640.127807] sh (38922): drop_caches: 3
[16644.173577] sh (38922): drop_caches: 3
[16648.212778] sh (38922): drop_caches: 3
[16652.261911] sh (38922): drop_caches: 3
[16656.307241] sh (38922): drop_caches: 3
[16660.353182] sh (38922): drop_caches: 3
[16664.403325] sh (38922): drop_caches: 3
[16668.453330] sh (38922): drop_caches: 3
[16672.496810] sh (38922): drop_caches: 3
[16676.541274] sh (38922): drop_caches: 3
[16680.583055] sh (38922): drop_caches: 3
[16684.620796] sh (38922): drop_caches: 3
[16688.665637] sh (38922): drop_caches: 3
[16692.711285] sh (38922): drop_caches: 3
[16696.755077] sh (38922): drop_caches: 3
[16700.798731] sh (38922): drop_caches: 3
[16704.843756] sh (38922): drop_caches: 3
[16708.889470] sh (38922): drop_caches: 3
[16712.933139] sh (38922): drop_caches: 3
[16716.982905] sh (38922): drop_caches: 3
[16721.031644] sh (38922): drop_caches: 3
[16725.076174] sh (38922): drop_caches: 3
[16729.121505] sh (38922): drop_caches: 3
[16733.167299] sh (38922): drop_caches: 3
[16737.212487] sh (38922): drop_caches: 3
[16741.260675] sh (38922): drop_caches: 3
[16745.308050] sh (38922): drop_caches: 3
[16749.355128] sh (38922): drop_caches: 3
[16753.399354] sh (38922): drop_caches: 3
[16757.447723] sh (38922): drop_caches: 3
[16761.487918] sh (38922): drop_caches: 3
[16765.531828] sh (38922): drop_caches: 3
[16769.577322] sh (38922): drop_caches: 3
[16773.623580] sh (38922): drop_caches: 3
[16777.669206] sh (38922): drop_caches: 3
[16781.714936] sh (38922): drop_caches: 3
[16785.759432] sh (38922): drop_caches: 3
[16789.807387] sh (38922): drop_caches: 3
[16793.856395] sh (38922): drop_caches: 3
[16797.902936] sh (38922): drop_caches: 3
[16801.943522] sh (38922): drop_caches: 3
[16805.982280] sh (38922): drop_caches: 3
[16810.029018] sh (38922): drop_caches: 3
[16814.073360] sh (38922): drop_caches: 3
[16818.118939] sh (38922): drop_caches: 3
[16822.162298] sh (38922): drop_caches: 3
[16826.209674] sh (38922): drop_caches: 3
[16830.256496] sh (38922): drop_caches: 3
[16834.302300] sh (38922): drop_caches: 3
[16838.345653] sh (38922): drop_caches: 3
[16842.391215] sh (38922): drop_caches: 3
[16846.437494] sh (38922): drop_caches: 3
[16850.481069] sh (38922): drop_caches: 3
[16854.527388] sh (38922): drop_caches: 3
[16858.571472] sh (38922): drop_caches: 3
[16862.618024] sh (38922): drop_caches: 3
[16866.666486] sh (38922): drop_caches: 3
[16870.712928] sh (38922): drop_caches: 3
[16874.758691] sh (38922): drop_caches: 3
[16878.806609] sh (38922): drop_caches: 3
[16882.850476] sh (38922): drop_caches: 3
[16886.896421] sh (38922): drop_caches: 3
[16890.944258] sh (38922): drop_caches: 3
[16894.989559] sh (38922): drop_caches: 3
[16899.030483] sh (38922): drop_caches: 3
[16903.078301] sh (38922): drop_caches: 3
[16907.123087] sh (38922): drop_caches: 3
[16911.166007] sh (38922): drop_caches: 3
[16915.214171] sh (38922): drop_caches: 3
[16919.260020] sh (38922): drop_caches: 3
[16923.306014] sh (38922): drop_caches: 3
[16927.351849] sh (38922): drop_caches: 3
[16931.393304] sh (38922): drop_caches: 3
[16935.432759] sh (38922): drop_caches: 3
[16939.476182] sh (38922): drop_caches: 3
[16943.521467] sh (38922): drop_caches: 3
[16947.565170] sh (38922): drop_caches: 3
[16951.604895] sh (38922): drop_caches: 3
[16955.651934] sh (38922): drop_caches: 3
[16959.698609] sh (38922): drop_caches: 3
[16963.743587] sh (38922): drop_caches: 3
[16967.776083] sh (38922): drop_caches: 3
[16967.822162] iCAT_SQLITE_RUN_END run=20260901-055753-38789
[16967.842611] EXT4-fs (nvme1n1): unmounting filesystem 71924607-8126-43b7-9a74-808c1a1980bc.
[16967.934599] pci_bus 0001:10: busn_res: [bus 10-ff] is released
[16967.934651] NVMeVirt: GC stats: policy=cat-fig7 host_pages=14694793 gc_pages=2774403 gc_count=272949 WAF=1.188 k=4 scale_pct=100 age_ratio=4
[16968.006669] NVMeVirt: Virtual NVMe device closed
