[24267.553372] NVMeVirt: Version 1.10 for >> Samsung 970 Pro SSD <<
[24267.553380] NVMeVirt: Storage: 0x100100000-0x300000000 (8191 MiB)
[24267.558585] NVMeVirt: Total Capacity(GiB,MiB)=2,2048 chs=2 luns=4 lines=8192 blk-size(MiB,KiB)=0,64 line-size(MiB,KiB)=0,256
[24267.565302] NVMeVirt: [chmodel_init] bandwidth 800 max_credits 26 tx_time 152
[24267.572832] NVMeVirt: [chmodel_init] bandwidth 800 max_credits 26 tx_time 152
[24267.572848] NVMeVirt: [chmodel_init] bandwidth 3360 max_credits 110 tx_time 36
[24267.574103] NVMeVirt: pqueue: Copyright (c) 2014, Volkan Yazıcı <volkan.yazici@gmail.com>. All rights reserved.
[24267.574139] NVMeVirt: Init FTL instance with 2 channels (524288 pages)
[24267.574140] NVMeVirt: GC victim policy: cat-fig7 k=7 scale_pct=25 age_ratio=16
[24267.580593] NVMeVirt: [chmodel_init] bandwidth 800 max_credits 26 tx_time 152
[24267.586999] NVMeVirt: [chmodel_init] bandwidth 800 max_credits 26 tx_time 152
[24267.587013] NVMeVirt: [chmodel_init] bandwidth 3360 max_credits 110 tx_time 36
[24267.588250] NVMeVirt: Init FTL instance with 2 channels (524288 pages)
[24267.588252] NVMeVirt: GC victim policy: cat-fig7 k=7 scale_pct=25 age_ratio=16
[24267.594746] NVMeVirt: [chmodel_init] bandwidth 800 max_credits 26 tx_time 152
[24267.601231] NVMeVirt: [chmodel_init] bandwidth 800 max_credits 26 tx_time 152
[24267.601244] NVMeVirt: [chmodel_init] bandwidth 3360 max_credits 110 tx_time 36
[24267.602493] NVMeVirt: Init FTL instance with 2 channels (524288 pages)
[24267.602494] NVMeVirt: GC victim policy: cat-fig7 k=7 scale_pct=25 age_ratio=16
[24267.608925] NVMeVirt: [chmodel_init] bandwidth 800 max_credits 26 tx_time 152
[24267.615354] NVMeVirt: [chmodel_init] bandwidth 800 max_credits 26 tx_time 152
[24267.615368] NVMeVirt: [chmodel_init] bandwidth 3360 max_credits 110 tx_time 36
[24267.616611] NVMeVirt: Init FTL instance with 2 channels (524288 pages)
[24267.616612] NVMeVirt: GC victim policy: cat-fig7 k=7 scale_pct=25 age_ratio=16
[24267.616615] NVMeVirt: FTL physical space: 8588886016, logical space: 8026996276 (physical/logical * 100 = 107)
[24267.616617] NVMeVirt: ns 0/1: size 7655 MiB
[24267.616659] PCI host bridge to bus 0001:10
[24267.616660] pci_bus 0001:10: root bus resource [io  0x0000-0xffff]
[24267.616662] pci_bus 0001:10: root bus resource [mem 0x00000000-0x3fffffffffff]
[24267.616664] pci_bus 0001:10: root bus resource [bus 00-ff]
[24267.616670] pci 0001:10:00.0: [0c51:0110] type 00 class 0x010802 PCIe Endpoint
[24267.616673] pci 0001:10:00.0: BAR 0 [mem 0x100000000-0x100003fff 64bit]
[24267.616674] pci 0001:10:00.0: enabling Extended Tags
[24267.616783] NVMeVirt: Virtual PCI bus created (node 0)
[24267.617219] NVMeVirt: nvmev_dispatcher started on cpu 1 (node 0)
[24267.617289] NVMeVirt: nvmev_io_worker_0 started on cpu 2 (node 0)
[24267.617446] nvme nvme1: pci function 0001:10:00.0
[24267.620351] nvme nvme1: 20/0/0 default/read/poll queues
[24267.622666] NVMeVirt: Virtual NVMe device created
[24268.685563] EXT4-fs (nvme1n1): mounted filesystem ca7f25bc-6e1a-456c-8aab-dd5b6ab8ce0e r/w with ordered data mode. Quota mode: none.
[24268.715028] iCAT_SQLITE_LOAD_START run=20260901-081145-46144
[24368.425602] iCAT_SQLITE_LOAD_END run=20260901-081145-46144
[24368.879549] sh (46274): drop_caches: 3
[24368.908896] iCAT_SQLITE_RUN_START run=20260901-081145-46144
[24372.466566] sh (46273): drop_caches: 3
[24376.508255] sh (46273): drop_caches: 3
[24380.548762] sh (46273): drop_caches: 3
[24384.593939] sh (46273): drop_caches: 3
[24388.637194] sh (46273): drop_caches: 3
[24392.683214] sh (46273): drop_caches: 3
[24396.726105] sh (46273): drop_caches: 3
[24400.771257] sh (46273): drop_caches: 3
[24404.817830] sh (46273): drop_caches: 3
[24408.863083] sh (46273): drop_caches: 3
[24412.909157] sh (46273): drop_caches: 3
[24416.954924] sh (46273): drop_caches: 3
[24420.998914] sh (46273): drop_caches: 3
[24425.049342] sh (46273): drop_caches: 3
[24429.096460] sh (46273): drop_caches: 3
[24433.142393] sh (46273): drop_caches: 3
[24437.180516] sh (46273): drop_caches: 3
[24441.228175] sh (46273): drop_caches: 3
[24445.277681] sh (46273): drop_caches: 3
[24449.324351] sh (46273): drop_caches: 3
[24453.370320] sh (46273): drop_caches: 3
[24457.419059] sh (46273): drop_caches: 3
[24461.463713] sh (46273): drop_caches: 3
[24465.509864] sh (46273): drop_caches: 3
[24469.554084] sh (46273): drop_caches: 3
[24473.600290] sh (46273): drop_caches: 3
[24477.643976] sh (46273): drop_caches: 3
[24481.688076] sh (46273): drop_caches: 3
[24485.733975] sh (46273): drop_caches: 3
[24489.781728] sh (46273): drop_caches: 3
[24493.825953] sh (46273): drop_caches: 3
[24497.871238] sh (46273): drop_caches: 3
[24501.910978] sh (46273): drop_caches: 3
[24505.956398] sh (46273): drop_caches: 3
[24510.001611] sh (46273): drop_caches: 3
[24514.045862] sh (46273): drop_caches: 3
[24518.091006] sh (46273): drop_caches: 3
[24522.135748] sh (46273): drop_caches: 3
[24526.181374] sh (46273): drop_caches: 3
[24530.225829] sh (46273): drop_caches: 3
[24534.272245] sh (46273): drop_caches: 3
[24538.320376] sh (46273): drop_caches: 3
[24542.366034] sh (46273): drop_caches: 3
[24546.409568] sh (46273): drop_caches: 3
[24550.456637] sh (46273): drop_caches: 3
[24554.502523] sh (46273): drop_caches: 3
[24558.546277] sh (46273): drop_caches: 3
[24562.592430] sh (46273): drop_caches: 3
[24566.636984] sh (46273): drop_caches: 3
[24570.684444] sh (46273): drop_caches: 3
[24574.728794] sh (46273): drop_caches: 3
[24578.775031] sh (46273): drop_caches: 3
[24582.821755] sh (46273): drop_caches: 3
[24586.866413] sh (46273): drop_caches: 3
[24590.914173] sh (46273): drop_caches: 3
[24594.958012] sh (46273): drop_caches: 3
[24599.005234] sh (46273): drop_caches: 3
[24603.045028] sh (46273): drop_caches: 3
[24607.092780] sh (46273): drop_caches: 3
[24611.139524] sh (46273): drop_caches: 3
[24615.185751] sh (46273): drop_caches: 3
[24619.230244] sh (46273): drop_caches: 3
[24623.276857] sh (46273): drop_caches: 3
[24627.325086] sh (46273): drop_caches: 3
[24631.372124] sh (46273): drop_caches: 3
[24635.415448] sh (46273): drop_caches: 3
[24639.466414] sh (46273): drop_caches: 3
[24643.513542] sh (46273): drop_caches: 3
[24647.556201] sh (46273): drop_caches: 3
[24651.600338] sh (46273): drop_caches: 3
[24655.648253] sh (46273): drop_caches: 3
[24659.690548] sh (46273): drop_caches: 3
[24663.736871] sh (46273): drop_caches: 3
[24667.784336] sh (46273): drop_caches: 3
[24671.829688] sh (46273): drop_caches: 3
[24675.873964] sh (46273): drop_caches: 3
[24679.916037] sh (46273): drop_caches: 3
[24683.960974] sh (46273): drop_caches: 3
[24688.007429] sh (46273): drop_caches: 3
[24692.050836] sh (46273): drop_caches: 3
[24696.094733] sh (46273): drop_caches: 3
[24700.139664] sh (46273): drop_caches: 3
[24704.184941] sh (46273): drop_caches: 3
[24708.230402] sh (46273): drop_caches: 3
[24712.273423] sh (46273): drop_caches: 3
[24716.320922] sh (46273): drop_caches: 3
[24720.364565] sh (46273): drop_caches: 3
[24724.410417] sh (46273): drop_caches: 3
[24728.454476] sh (46273): drop_caches: 3
[24732.499936] sh (46273): drop_caches: 3
[24736.540062] sh (46273): drop_caches: 3
[24740.583567] sh (46273): drop_caches: 3
[24744.629265] sh (46273): drop_caches: 3
[24748.676150] sh (46273): drop_caches: 3
[24752.721217] sh (46273): drop_caches: 3
[24756.767820] sh (46273): drop_caches: 3
[24760.813683] sh (46273): drop_caches: 3
[24764.857557] sh (46273): drop_caches: 3
[24768.904627] sh (46273): drop_caches: 3
[24772.950318] sh (46273): drop_caches: 3
[24776.995168] sh (46273): drop_caches: 3
[24781.039218] sh (46273): drop_caches: 3
[24785.091409] sh (46273): drop_caches: 3
[24789.137654] sh (46273): drop_caches: 3
[24793.179223] sh (46273): drop_caches: 3
[24797.225288] sh (46273): drop_caches: 3
[24801.271579] sh (46273): drop_caches: 3
[24805.324003] sh (46273): drop_caches: 3
[24809.369432] sh (46273): drop_caches: 3
[24813.415634] sh (46273): drop_caches: 3
[24817.461538] sh (46273): drop_caches: 3
[24821.506338] sh (46273): drop_caches: 3
[24825.552607] sh (46273): drop_caches: 3
[24829.599852] sh (46273): drop_caches: 3
[24833.646837] sh (46273): drop_caches: 3
[24837.693949] sh (46273): drop_caches: 3
[24841.741465] sh (46273): drop_caches: 3
[24845.787771] sh (46273): drop_caches: 3
[24849.833412] sh (46273): drop_caches: 3
[24853.876038] sh (46273): drop_caches: 3
[24857.915831] sh (46273): drop_caches: 3
[24861.960313] sh (46273): drop_caches: 3
[24866.007404] sh (46273): drop_caches: 3
[24870.055560] sh (46273): drop_caches: 3
[24874.101668] sh (46273): drop_caches: 3
[24878.148016] sh (46273): drop_caches: 3
[24882.193975] sh (46273): drop_caches: 3
[24886.241990] sh (46273): drop_caches: 3
[24890.287067] sh (46273): drop_caches: 3
[24894.333594] sh (46273): drop_caches: 3
[24898.378370] sh (46273): drop_caches: 3
[24902.427955] sh (46273): drop_caches: 3
[24906.473016] sh (46273): drop_caches: 3
[24910.521477] sh (46273): drop_caches: 3
[24914.566575] sh (46273): drop_caches: 3
[24918.611940] sh (46273): drop_caches: 3
[24922.655417] sh (46273): drop_caches: 3
[24926.701220] sh (46273): drop_caches: 3
[24930.739722] sh (46273): drop_caches: 3
[24934.783258] sh (46273): drop_caches: 3
[24938.825322] sh (46273): drop_caches: 3
[24942.871851] sh (46273): drop_caches: 3
[24946.919272] sh (46273): drop_caches: 3
[24950.967385] sh (46273): drop_caches: 3
[24955.010162] sh (46273): drop_caches: 3
[24959.056067] sh (46273): drop_caches: 3
[24963.102804] sh (46273): drop_caches: 3
[24967.147361] sh (46273): drop_caches: 3
[24971.193322] sh (46273): drop_caches: 3
[24975.238403] sh (46273): drop_caches: 3
[24979.282251] sh (46273): drop_caches: 3
[24983.325054] sh (46273): drop_caches: 3
[24987.372565] sh (46273): drop_caches: 3
[24991.418363] sh (46273): drop_caches: 3
[24995.446137] sh (46273): drop_caches: 3
[24995.495674] iCAT_SQLITE_RUN_END run=20260901-081145-46144
[24995.516754] EXT4-fs (nvme1n1): unmounting filesystem ca7f25bc-6e1a-456c-8aab-dd5b6ab8ce0e.
[24995.611577] pci_bus 0001:10: busn_res: [bus 10-ff] is released
[24995.611637] NVMeVirt: GC stats: policy=cat-fig7 host_pages=14693305 gc_pages=1087532 gc_count=246569 WAF=1.074 k=7 scale_pct=25 age_ratio=16
[24995.679175] NVMeVirt: Virtual NVMe device closed
