[25733.089521] NVMeVirt: Version 1.10 for >> Samsung 970 Pro SSD <<
[25733.089530] NVMeVirt: Storage: 0x100100000-0x300000000 (8191 MiB)
[25733.097694] NVMeVirt: Total Capacity(GiB,MiB)=2,2048 chs=2 luns=4 lines=8192 blk-size(MiB,KiB)=0,64 line-size(MiB,KiB)=0,256
[25733.107578] NVMeVirt: [chmodel_init] bandwidth 800 max_credits 26 tx_time 152
[25733.114413] NVMeVirt: [chmodel_init] bandwidth 800 max_credits 26 tx_time 152
[25733.114429] NVMeVirt: [chmodel_init] bandwidth 3360 max_credits 110 tx_time 36
[25733.115729] NVMeVirt: pqueue: Copyright (c) 2014, Volkan Yazıcı <volkan.yazici@gmail.com>. All rights reserved.
[25733.115771] NVMeVirt: Init FTL instance with 2 channels (524288 pages)
[25733.115772] NVMeVirt: GC victim policy: cat-fig7 k=7 scale_pct=50 age_ratio=7
[25733.122432] NVMeVirt: [chmodel_init] bandwidth 800 max_credits 26 tx_time 152
[25733.128944] NVMeVirt: [chmodel_init] bandwidth 800 max_credits 26 tx_time 152
[25733.128958] NVMeVirt: [chmodel_init] bandwidth 3360 max_credits 110 tx_time 36
[25733.130323] NVMeVirt: Init FTL instance with 2 channels (524288 pages)
[25733.130324] NVMeVirt: GC victim policy: cat-fig7 k=7 scale_pct=50 age_ratio=7
[25733.136791] NVMeVirt: [chmodel_init] bandwidth 800 max_credits 26 tx_time 152
[25733.143267] NVMeVirt: [chmodel_init] bandwidth 800 max_credits 26 tx_time 152
[25733.143280] NVMeVirt: [chmodel_init] bandwidth 3360 max_credits 110 tx_time 36
[25733.144511] NVMeVirt: Init FTL instance with 2 channels (524288 pages)
[25733.144512] NVMeVirt: GC victim policy: cat-fig7 k=7 scale_pct=50 age_ratio=7
[25733.150976] NVMeVirt: [chmodel_init] bandwidth 800 max_credits 26 tx_time 152
[25733.157403] NVMeVirt: [chmodel_init] bandwidth 800 max_credits 26 tx_time 152
[25733.157417] NVMeVirt: [chmodel_init] bandwidth 3360 max_credits 110 tx_time 36
[25733.158664] NVMeVirt: Init FTL instance with 2 channels (524288 pages)
[25733.158665] NVMeVirt: GC victim policy: cat-fig7 k=7 scale_pct=50 age_ratio=7
[25733.158669] NVMeVirt: FTL physical space: 8588886016, logical space: 8026996276 (physical/logical * 100 = 107)
[25733.158670] NVMeVirt: ns 0/1: size 7655 MiB
[25733.158712] PCI host bridge to bus 0001:10
[25733.158714] pci_bus 0001:10: root bus resource [io  0x0000-0xffff]
[25733.158716] pci_bus 0001:10: root bus resource [mem 0x00000000-0x3fffffffffff]
[25733.158718] pci_bus 0001:10: root bus resource [bus 00-ff]
[25733.158724] pci 0001:10:00.0: [0c51:0110] type 00 class 0x010802 PCIe Endpoint
[25733.158727] pci 0001:10:00.0: BAR 0 [mem 0x100000000-0x100003fff 64bit]
[25733.158729] pci 0001:10:00.0: enabling Extended Tags
[25733.158843] NVMeVirt: Virtual PCI bus created (node 0)
[25733.159281] NVMeVirt: nvmev_io_worker_0 started on cpu 2 (node 0)
[25733.159315] NVMeVirt: nvmev_dispatcher started on cpu 1 (node 0)
[25733.159472] nvme nvme1: pci function 0001:10:00.0
[25733.163989] nvme nvme1: 20/0/0 default/read/poll queues
[25733.166989] NVMeVirt: Virtual NVMe device created
[25734.229043] EXT4-fs (nvme1n1): mounted filesystem cbbef696-3cfa-4389-aff5-698f0b58fe68 r/w with ordered data mode. Quota mode: none.
[25734.260121] iCAT_SQLITE_LOAD_START run=20260901-083610-46957
[25836.307947] iCAT_SQLITE_LOAD_END run=20260901-083610-46957
[25836.763312] sh (47082): drop_caches: 3
[25836.791447] iCAT_SQLITE_RUN_START run=20260901-083610-46957
[25840.349788] sh (47084): drop_caches: 3
[25844.396288] sh (47084): drop_caches: 3
[25848.440818] sh (47084): drop_caches: 3
[25852.485852] sh (47084): drop_caches: 3
[25856.524269] sh (47084): drop_caches: 3
[25860.567713] sh (47084): drop_caches: 3
[25864.614305] sh (47084): drop_caches: 3
[25868.661564] sh (47084): drop_caches: 3
[25872.709298] sh (47084): drop_caches: 3
[25876.754235] sh (47084): drop_caches: 3
[25880.798709] sh (47084): drop_caches: 3
[25884.842885] sh (47084): drop_caches: 3
[25888.891044] sh (47084): drop_caches: 3
[25892.939343] sh (47084): drop_caches: 3
[25896.986654] sh (47084): drop_caches: 3
[25901.031468] sh (47084): drop_caches: 3
[25905.078717] sh (47084): drop_caches: 3
[25909.122911] sh (47084): drop_caches: 3
[25913.169598] sh (47084): drop_caches: 3
[25917.214314] sh (47084): drop_caches: 3
[25921.260685] sh (47084): drop_caches: 3
[25925.310872] sh (47084): drop_caches: 3
[25929.358684] sh (47084): drop_caches: 3
[25933.402538] sh (47084): drop_caches: 3
[25937.449668] sh (47084): drop_caches: 3
[25941.495999] sh (47084): drop_caches: 3
[25945.545385] sh (47084): drop_caches: 3
[25949.591461] sh (47084): drop_caches: 3
[25953.638973] sh (47084): drop_caches: 3
[25957.684939] sh (47084): drop_caches: 3
[25961.732239] sh (47084): drop_caches: 3
[25965.781882] sh (47084): drop_caches: 3
[25969.829713] sh (47084): drop_caches: 3
[25973.871412] sh (47084): drop_caches: 3
[25977.915851] sh (47084): drop_caches: 3
[25981.961601] sh (47084): drop_caches: 3
[25986.008361] sh (47084): drop_caches: 3
[25990.055027] sh (47084): drop_caches: 3
[25994.104507] sh (47084): drop_caches: 3
[25998.151239] sh (47084): drop_caches: 3
[26002.197508] sh (47084): drop_caches: 3
[26006.244877] sh (47084): drop_caches: 3
[26010.293962] sh (47084): drop_caches: 3
[26014.338219] sh (47084): drop_caches: 3
[26018.384146] sh (47084): drop_caches: 3
[26022.430863] sh (47084): drop_caches: 3
[26026.478796] sh (47084): drop_caches: 3
[26030.525355] sh (47084): drop_caches: 3
[26034.572857] sh (47084): drop_caches: 3
[26038.617991] sh (47084): drop_caches: 3
[26042.661878] sh (47084): drop_caches: 3
[26046.707961] sh (47084): drop_caches: 3
[26050.754847] sh (47084): drop_caches: 3
[26054.803155] sh (47084): drop_caches: 3
[26058.850531] sh (47084): drop_caches: 3
[26062.896138] sh (47084): drop_caches: 3
[26066.941441] sh (47084): drop_caches: 3
[26070.983852] sh (47084): drop_caches: 3
[26075.026577] sh (47084): drop_caches: 3
[26079.076232] sh (47084): drop_caches: 3
[26083.122574] sh (47084): drop_caches: 3
[26087.173139] sh (47084): drop_caches: 3
[26091.219126] sh (47084): drop_caches: 3
[26095.265091] sh (47084): drop_caches: 3
[26099.308940] sh (47084): drop_caches: 3
[26103.355251] sh (47084): drop_caches: 3
[26107.404811] sh (47084): drop_caches: 3
[26111.450873] sh (47084): drop_caches: 3
[26115.496298] sh (47084): drop_caches: 3
[26119.536814] sh (47084): drop_caches: 3
[26123.580003] sh (47084): drop_caches: 3
[26127.627566] sh (47084): drop_caches: 3
[26131.675501] sh (47084): drop_caches: 3
[26135.723234] sh (47084): drop_caches: 3
[26139.771185] sh (47084): drop_caches: 3
[26143.814918] sh (47084): drop_caches: 3
[26147.861167] sh (47084): drop_caches: 3
[26151.907374] sh (47084): drop_caches: 3
[26155.954671] sh (47084): drop_caches: 3
[26160.000592] sh (47084): drop_caches: 3
[26164.048292] sh (47084): drop_caches: 3
[26168.093889] sh (47084): drop_caches: 3
[26172.142931] sh (47084): drop_caches: 3
[26176.187690] sh (47084): drop_caches: 3
[26180.234432] sh (47084): drop_caches: 3
[26184.278654] sh (47084): drop_caches: 3
[26188.325874] sh (47084): drop_caches: 3
[26192.369524] sh (47084): drop_caches: 3
[26196.416246] sh (47084): drop_caches: 3
[26200.459498] sh (47084): drop_caches: 3
[26204.496863] sh (47084): drop_caches: 3
[26208.535183] sh (47084): drop_caches: 3
[26212.580779] sh (47084): drop_caches: 3
[26216.625913] sh (47084): drop_caches: 3
[26220.669433] sh (47084): drop_caches: 3
[26224.717188] sh (47084): drop_caches: 3
[26228.760914] sh (47084): drop_caches: 3
[26232.807802] sh (47084): drop_caches: 3
[26236.854696] sh (47084): drop_caches: 3
[26240.901796] sh (47084): drop_caches: 3
[26244.950871] sh (47084): drop_caches: 3
[26248.999941] sh (47084): drop_caches: 3
[26253.049240] sh (47084): drop_caches: 3
[26257.097119] sh (47084): drop_caches: 3
[26261.142585] sh (47084): drop_caches: 3
[26265.190055] sh (47084): drop_caches: 3
[26269.236714] sh (47084): drop_caches: 3
[26273.283273] sh (47084): drop_caches: 3
[26277.328780] sh (47084): drop_caches: 3
[26281.376901] sh (47084): drop_caches: 3
[26285.419509] sh (47084): drop_caches: 3
[26289.465266] sh (47084): drop_caches: 3
[26293.508781] sh (47084): drop_caches: 3
[26297.549960] sh (47084): drop_caches: 3
[26301.596355] sh (47084): drop_caches: 3
[26305.641292] sh (47084): drop_caches: 3
[26309.685084] sh (47084): drop_caches: 3
[26313.735053] sh (47084): drop_caches: 3
[26317.779805] sh (47084): drop_caches: 3
[26321.820601] sh (47084): drop_caches: 3
[26325.857729] sh (47084): drop_caches: 3
[26329.898204] sh (47084): drop_caches: 3
[26333.940667] sh (47084): drop_caches: 3
[26337.989217] sh (47084): drop_caches: 3
[26342.034386] sh (47084): drop_caches: 3
[26346.081883] sh (47084): drop_caches: 3
[26350.124125] sh (47084): drop_caches: 3
[26354.168665] sh (47084): drop_caches: 3
[26358.215480] sh (47084): drop_caches: 3
[26362.264761] sh (47084): drop_caches: 3
[26366.312406] sh (47084): drop_caches: 3
[26370.360402] sh (47084): drop_caches: 3
[26374.406740] sh (47084): drop_caches: 3
[26378.450820] sh (47084): drop_caches: 3
[26382.497081] sh (47084): drop_caches: 3
[26386.544873] sh (47084): drop_caches: 3
[26390.594457] sh (47084): drop_caches: 3
[26394.643110] sh (47084): drop_caches: 3
[26398.683017] sh (47084): drop_caches: 3
[26402.729880] sh (47084): drop_caches: 3
[26406.779237] sh (47084): drop_caches: 3
[26410.825632] sh (47084): drop_caches: 3
[26414.872835] sh (47084): drop_caches: 3
[26418.919127] sh (47084): drop_caches: 3
[26422.964294] sh (47084): drop_caches: 3
[26427.010028] sh (47084): drop_caches: 3
[26431.049406] sh (47084): drop_caches: 3
[26435.097303] sh (47084): drop_caches: 3
[26439.144335] sh (47084): drop_caches: 3
[26443.188551] sh (47084): drop_caches: 3
[26447.234286] sh (47084): drop_caches: 3
[26451.282631] sh (47084): drop_caches: 3
[26455.331342] sh (47084): drop_caches: 3
[26459.380970] sh (47084): drop_caches: 3
[26463.428801] sh (47084): drop_caches: 3
[26467.459766] sh (47084): drop_caches: 3
[26467.502960] iCAT_SQLITE_RUN_END run=20260901-083610-46957
[26467.522521] EXT4-fs (nvme1n1): unmounting filesystem cbbef696-3cfa-4389-aff5-698f0b58fe68.
[26467.611128] pci_bus 0001:10: busn_res: [bus 10-ff] is released
[26467.611177] NVMeVirt: GC stats: policy=cat-fig7 host_pages=14697550 gc_pages=1695161 gc_count=256129 WAF=1.115 k=7 scale_pct=50 age_ratio=7
[26467.673818] NVMeVirt: Virtual NVMe device closed
