[11861.679880] NVMeVirt: Version 1.10 for >> Samsung 970 Pro SSD <<
[11861.679889] NVMeVirt: Storage: 0x100100000-0x300000000 (8191 MiB)
[11861.687029] NVMeVirt: Total Capacity(GiB,MiB)=2,2048 chs=2 luns=4 lines=8192 blk-size(MiB,KiB)=0,64 line-size(MiB,KiB)=0,256
[11861.696976] NVMeVirt: [chmodel_init] bandwidth 800 max_credits 26 tx_time 152
[11861.703603] NVMeVirt: [chmodel_init] bandwidth 800 max_credits 26 tx_time 152
[11861.703618] NVMeVirt: [chmodel_init] bandwidth 3360 max_credits 110 tx_time 36
[11861.704826] NVMeVirt: pqueue: Copyright (c) 2014, Volkan Yazıcı <volkan.yazici@gmail.com>. All rights reserved.
[11861.704862] NVMeVirt: Init FTL instance with 2 channels (524288 pages)
[11861.704863] NVMeVirt: GC victim policy: cat-fig7 k=4 scale_pct=25 age_ratio=4
[11861.711342] NVMeVirt: [chmodel_init] bandwidth 800 max_credits 26 tx_time 152
[11861.717807] NVMeVirt: [chmodel_init] bandwidth 800 max_credits 26 tx_time 152
[11861.717820] NVMeVirt: [chmodel_init] bandwidth 3360 max_credits 110 tx_time 36
[11861.719048] NVMeVirt: Init FTL instance with 2 channels (524288 pages)
[11861.719049] NVMeVirt: GC victim policy: cat-fig7 k=4 scale_pct=25 age_ratio=4
[11861.725571] NVMeVirt: [chmodel_init] bandwidth 800 max_credits 26 tx_time 152
[11861.732027] NVMeVirt: [chmodel_init] bandwidth 800 max_credits 26 tx_time 152
[11861.732042] NVMeVirt: [chmodel_init] bandwidth 3360 max_credits 110 tx_time 36
[11861.733284] NVMeVirt: Init FTL instance with 2 channels (524288 pages)
[11861.733285] NVMeVirt: GC victim policy: cat-fig7 k=4 scale_pct=25 age_ratio=4
[11861.739677] NVMeVirt: [chmodel_init] bandwidth 800 max_credits 26 tx_time 152
[11861.746118] NVMeVirt: [chmodel_init] bandwidth 800 max_credits 26 tx_time 152
[11861.746132] NVMeVirt: [chmodel_init] bandwidth 3360 max_credits 110 tx_time 36
[11861.747383] NVMeVirt: Init FTL instance with 2 channels (524288 pages)
[11861.747384] NVMeVirt: GC victim policy: cat-fig7 k=4 scale_pct=25 age_ratio=4
[11861.747388] NVMeVirt: FTL physical space: 8588886016, logical space: 8026996276 (physical/logical * 100 = 107)
[11861.747389] NVMeVirt: ns 0/1: size 7655 MiB
[11861.747430] PCI host bridge to bus 0001:10
[11861.747431] pci_bus 0001:10: root bus resource [io  0x0000-0xffff]
[11861.747433] pci_bus 0001:10: root bus resource [mem 0x00000000-0x3fffffffffff]
[11861.747434] pci_bus 0001:10: root bus resource [bus 00-ff]
[11861.747441] pci 0001:10:00.0: [0c51:0110] type 00 class 0x010802 PCIe Endpoint
[11861.747443] pci 0001:10:00.0: BAR 0 [mem 0x100000000-0x100003fff 64bit]
[11861.747445] pci 0001:10:00.0: enabling Extended Tags
[11861.747554] NVMeVirt: Virtual PCI bus created (node 0)
[11861.748067] NVMeVirt: nvmev_io_worker_0 started on cpu 2 (node 0)
[11861.748119] NVMeVirt: nvmev_dispatcher started on cpu 1 (node 0)
[11861.748416] nvme nvme1: pci function 0001:10:00.0
[11861.753249] nvme nvme1: 20/0/0 default/read/poll queues
[11861.757446] NVMeVirt: Virtual NVMe device created
[11862.818702] EXT4-fs (nvme1n1): mounted filesystem df7b81b3-a33a-4edd-9f67-a7f80332c71e r/w with ordered data mode. Quota mode: none.
[11862.848583] iCAT_SQLITE_LOAD_START run=20260901-044459-36383
[11962.361407] iCAT_SQLITE_LOAD_END run=20260901-044459-36383
[11962.789635] sh (36516): drop_caches: 3
[11962.821141] iCAT_SQLITE_RUN_START run=20260901-044459-36383
[11966.410257] sh (36517): drop_caches: 3
[11970.461310] sh (36517): drop_caches: 3
[11974.513485] sh (36517): drop_caches: 3
[11978.556750] sh (36517): drop_caches: 3
[11982.611651] sh (36517): drop_caches: 3
[11986.662925] sh (36517): drop_caches: 3
[11990.715641] sh (36517): drop_caches: 3
[11994.767991] sh (36517): drop_caches: 3
[11998.820174] sh (36517): drop_caches: 3
[12002.867242] sh (36517): drop_caches: 3
[12006.920265] sh (36517): drop_caches: 3
[12010.969823] sh (36517): drop_caches: 3
[12015.022901] sh (36517): drop_caches: 3
[12019.071514] sh (36517): drop_caches: 3
[12023.122018] sh (36517): drop_caches: 3
[12027.174730] sh (36517): drop_caches: 3
[12031.225102] sh (36517): drop_caches: 3
[12035.275958] sh (36517): drop_caches: 3
[12039.328228] sh (36517): drop_caches: 3
[12043.374012] sh (36517): drop_caches: 3
[12047.423553] sh (36517): drop_caches: 3
[12051.474885] sh (36517): drop_caches: 3
[12055.525789] sh (36517): drop_caches: 3
[12059.577238] sh (36517): drop_caches: 3
[12063.628324] sh (36517): drop_caches: 3
[12067.674278] sh (36517): drop_caches: 3
[12071.723705] sh (36517): drop_caches: 3
[12075.770035] sh (36517): drop_caches: 3
[12079.821433] sh (36517): drop_caches: 3
[12083.872057] sh (36517): drop_caches: 3
[12087.926334] sh (36517): drop_caches: 3
[12091.976813] sh (36517): drop_caches: 3
[12096.023950] sh (36517): drop_caches: 3
[12100.078466] sh (36517): drop_caches: 3
[12104.128893] sh (36517): drop_caches: 3
[12108.180327] sh (36517): drop_caches: 3
[12112.228388] sh (36517): drop_caches: 3
[12116.280230] sh (36517): drop_caches: 3
[12120.331466] sh (36517): drop_caches: 3
[12124.382517] sh (36517): drop_caches: 3
[12128.433498] sh (36517): drop_caches: 3
[12132.480850] sh (36517): drop_caches: 3
[12136.530857] sh (36517): drop_caches: 3
[12140.577160] sh (36517): drop_caches: 3
[12144.619900] sh (36517): drop_caches: 3
[12148.664230] sh (36517): drop_caches: 3
[12152.713327] sh (36517): drop_caches: 3
[12156.766336] sh (36517): drop_caches: 3
[12160.818815] sh (36517): drop_caches: 3
[12164.869741] sh (36517): drop_caches: 3
[12168.920223] sh (36517): drop_caches: 3
[12172.968630] sh (36517): drop_caches: 3
[12177.022434] sh (36517): drop_caches: 3
[12181.069309] sh (36517): drop_caches: 3
[12185.122079] sh (36517): drop_caches: 3
[12189.170726] sh (36517): drop_caches: 3
[12193.217535] sh (36517): drop_caches: 3
[12197.269420] sh (36517): drop_caches: 3
[12201.317794] sh (36517): drop_caches: 3
[12205.369542] sh (36517): drop_caches: 3
[12209.418931] sh (36517): drop_caches: 3
[12213.470719] sh (36517): drop_caches: 3
[12217.520049] sh (36517): drop_caches: 3
[12221.570939] sh (36517): drop_caches: 3
[12225.622627] sh (36517): drop_caches: 3
[12229.670433] sh (36517): drop_caches: 3
[12233.720626] sh (36517): drop_caches: 3
[12237.774766] sh (36517): drop_caches: 3
[12241.827344] sh (36517): drop_caches: 3
[12245.876168] sh (36517): drop_caches: 3
[12249.928092] sh (36517): drop_caches: 3
[12253.977061] sh (36517): drop_caches: 3
[12258.022047] sh (36517): drop_caches: 3
[12262.074407] sh (36517): drop_caches: 3
[12266.127887] sh (36517): drop_caches: 3
[12270.176364] sh (36517): drop_caches: 3
[12274.228263] sh (36517): drop_caches: 3
[12278.281582] sh (36517): drop_caches: 3
[12282.334516] sh (36517): drop_caches: 3
[12286.386419] sh (36517): drop_caches: 3
[12290.436218] sh (36517): drop_caches: 3
[12294.485411] sh (36517): drop_caches: 3
[12298.533447] sh (36517): drop_caches: 3
[12302.584547] sh (36517): drop_caches: 3
[12306.638234] sh (36517): drop_caches: 3
[12310.687733] sh (36517): drop_caches: 3
[12314.731956] sh (36517): drop_caches: 3
[12318.782164] sh (36517): drop_caches: 3
[12322.834394] sh (36517): drop_caches: 3
[12326.886659] sh (36517): drop_caches: 3
[12330.935674] sh (36517): drop_caches: 3
[12334.987169] sh (36517): drop_caches: 3
[12339.038437] sh (36517): drop_caches: 3
[12343.090428] sh (36517): drop_caches: 3
[12347.136694] sh (36517): drop_caches: 3
[12351.185987] sh (36517): drop_caches: 3
[12355.238715] sh (36517): drop_caches: 3
[12359.287080] sh (36517): drop_caches: 3
[12363.338155] sh (36517): drop_caches: 3
[12367.388211] sh (36517): drop_caches: 3
[12371.436576] sh (36517): drop_caches: 3
[12375.487255] sh (36517): drop_caches: 3
[12379.538924] sh (36517): drop_caches: 3
[12383.588622] sh (36517): drop_caches: 3
[12387.631348] sh (36517): drop_caches: 3
[12391.678869] sh (36517): drop_caches: 3
[12395.730199] sh (36517): drop_caches: 3
[12399.775208] sh (36517): drop_caches: 3
[12403.824690] sh (36517): drop_caches: 3
[12407.877639] sh (36517): drop_caches: 3
[12411.919822] sh (36517): drop_caches: 3
[12415.974157] sh (36517): drop_caches: 3
[12420.026195] sh (36517): drop_caches: 3
[12424.074555] sh (36517): drop_caches: 3
[12428.127062] sh (36517): drop_caches: 3
[12432.176145] sh (36517): drop_caches: 3
[12436.230086] sh (36517): drop_caches: 3
[12440.282363] sh (36517): drop_caches: 3
[12444.335008] sh (36517): drop_caches: 3
[12448.383610] sh (36517): drop_caches: 3
[12452.436826] sh (36517): drop_caches: 3
[12456.490255] sh (36517): drop_caches: 3
[12460.539530] sh (36517): drop_caches: 3
[12464.587755] sh (36517): drop_caches: 3
[12468.634934] sh (36517): drop_caches: 3
[12472.682671] sh (36517): drop_caches: 3
[12476.734954] sh (36517): drop_caches: 3
[12480.781647] sh (36517): drop_caches: 3
[12484.833496] sh (36517): drop_caches: 3
[12488.885757] sh (36517): drop_caches: 3
[12492.937909] sh (36517): drop_caches: 3
[12496.989453] sh (36517): drop_caches: 3
[12501.042051] sh (36517): drop_caches: 3
[12505.093081] sh (36517): drop_caches: 3
[12509.146272] sh (36517): drop_caches: 3
[12513.197732] sh (36517): drop_caches: 3
[12517.249681] sh (36517): drop_caches: 3
[12521.297875] sh (36517): drop_caches: 3
[12525.349017] sh (36517): drop_caches: 3
[12529.399923] sh (36517): drop_caches: 3
[12533.448181] sh (36517): drop_caches: 3
[12537.501116] sh (36517): drop_caches: 3
[12541.550174] sh (36517): drop_caches: 3
[12545.598897] sh (36517): drop_caches: 3
[12549.651099] sh (36517): drop_caches: 3
[12553.701465] sh (36517): drop_caches: 3
[12557.753564] sh (36517): drop_caches: 3
[12561.802039] sh (36517): drop_caches: 3
[12565.845721] sh (36517): drop_caches: 3
[12569.894677] sh (36517): drop_caches: 3
[12573.946051] sh (36517): drop_caches: 3
[12577.998404] sh (36517): drop_caches: 3
[12582.043668] sh (36517): drop_caches: 3
[12586.095076] sh (36517): drop_caches: 3
[12590.146445] sh (36517): drop_caches: 3
[12590.195985] iCAT_SQLITE_RUN_END run=20260901-044459-36383
[12590.215886] EXT4-fs (nvme1n1): unmounting filesystem df7b81b3-a33a-4edd-9f67-a7f80332c71e.
[12590.282357] pci_bus 0001:10: busn_res: [bus 10-ff] is released
[12590.282386] NVMeVirt: GC stats: policy=cat-fig7 host_pages=14699798 gc_pages=2215618 gc_count=264296 WAF=1.150 k=4 scale_pct=25 age_ratio=4
[12590.345622] NVMeVirt: Virtual NVMe device closed
