[ 8910.028675] NVMeVirt: Version 1.10 for >> Samsung 970 Pro SSD <<
[ 8910.028684] NVMeVirt: Storage: 0x100100000-0x300000000 (8191 MiB)
[ 8910.034674] NVMeVirt: Total Capacity(GiB,MiB)=2,2048 chs=2 luns=4 lines=8192 blk-size(MiB,KiB)=0,64 line-size(MiB,KiB)=0,256
[ 8910.041441] NVMeVirt: [chmodel_init] bandwidth 800 max_credits 26 tx_time 152
[ 8910.048066] NVMeVirt: [chmodel_init] bandwidth 800 max_credits 26 tx_time 152
[ 8910.048080] NVMeVirt: [chmodel_init] bandwidth 3360 max_credits 110 tx_time 36
[ 8910.049309] NVMeVirt: pqueue: Copyright (c) 2014, Volkan Yazıcı <volkan.yazici@gmail.com>. All rights reserved.
[ 8910.049344] NVMeVirt: Init FTL instance with 2 channels (524288 pages)
[ 8910.049346] NVMeVirt: GC victim policy: cat-fig7 k=2 scale_pct=200 age_ratio=16
[ 8910.055794] NVMeVirt: [chmodel_init] bandwidth 800 max_credits 26 tx_time 152
[ 8910.062230] NVMeVirt: [chmodel_init] bandwidth 800 max_credits 26 tx_time 152
[ 8910.062244] NVMeVirt: [chmodel_init] bandwidth 3360 max_credits 110 tx_time 36
[ 8910.063487] NVMeVirt: Init FTL instance with 2 channels (524288 pages)
[ 8910.063488] NVMeVirt: GC victim policy: cat-fig7 k=2 scale_pct=200 age_ratio=16
[ 8910.069919] NVMeVirt: [chmodel_init] bandwidth 800 max_credits 26 tx_time 152
[ 8910.076299] NVMeVirt: [chmodel_init] bandwidth 800 max_credits 26 tx_time 152
[ 8910.076314] NVMeVirt: [chmodel_init] bandwidth 3360 max_credits 110 tx_time 36
[ 8910.077582] NVMeVirt: Init FTL instance with 2 channels (524288 pages)
[ 8910.077583] NVMeVirt: GC victim policy: cat-fig7 k=2 scale_pct=200 age_ratio=16
[ 8910.084042] NVMeVirt: [chmodel_init] bandwidth 800 max_credits 26 tx_time 152
[ 8910.090475] NVMeVirt: [chmodel_init] bandwidth 800 max_credits 26 tx_time 152
[ 8910.090489] NVMeVirt: [chmodel_init] bandwidth 3360 max_credits 110 tx_time 36
[ 8910.091734] NVMeVirt: Init FTL instance with 2 channels (524288 pages)
[ 8910.091735] NVMeVirt: GC victim policy: cat-fig7 k=2 scale_pct=200 age_ratio=16
[ 8910.091739] NVMeVirt: FTL physical space: 8588886016, logical space: 8026996276 (physical/logical * 100 = 107)
[ 8910.091740] NVMeVirt: ns 0/1: size 7655 MiB
[ 8910.091778] PCI host bridge to bus 0001:10
[ 8910.091780] pci_bus 0001:10: root bus resource [io  0x0000-0xffff]
[ 8910.091782] pci_bus 0001:10: root bus resource [mem 0x00000000-0x3fffffffffff]
[ 8910.091784] pci_bus 0001:10: root bus resource [bus 00-ff]
[ 8910.091790] pci 0001:10:00.0: [0c51:0110] type 00 class 0x010802 PCIe Endpoint
[ 8910.091793] pci 0001:10:00.0: BAR 0 [mem 0x100000000-0x100003fff 64bit]
[ 8910.091794] pci 0001:10:00.0: enabling Extended Tags
[ 8910.091905] NVMeVirt: Virtual PCI bus created (node 0)
[ 8910.092449] NVMeVirt: nvmev_io_worker_0 started on cpu 2 (node 0)
[ 8910.092555] NVMeVirt: nvmev_dispatcher started on cpu 1 (node 0)
[ 8910.092704] nvme nvme1: pci function 0001:10:00.0
[ 8910.097076] nvme nvme1: 20/0/0 default/read/poll queues
[ 8910.101251] NVMeVirt: Virtual NVMe device created
[ 8911.163401] EXT4-fs (nvme1n1): mounted filesystem b830b164-94b5-4b6f-b426-6bf6c1851643 r/w with ordered data mode. Quota mode: none.
[ 8911.193877] iCAT_SQLITE_LOAD_START run=20260901-035547-34318
[ 9009.965923] iCAT_SQLITE_LOAD_END run=20260901-035547-34318
[ 9010.385831] sh (34910): drop_caches: 3
[ 9010.417670] iCAT_SQLITE_RUN_START run=20260901-035547-34318
[ 9014.013781] sh (34911): drop_caches: 3
[ 9018.059073] sh (34911): drop_caches: 3
[ 9022.111460] sh (34911): drop_caches: 3
[ 9026.163569] sh (34911): drop_caches: 3
[ 9030.214730] sh (34911): drop_caches: 3
[ 9034.263579] sh (34911): drop_caches: 3
[ 9038.316001] sh (34911): drop_caches: 3
[ 9042.364395] sh (34911): drop_caches: 3
[ 9046.414392] sh (34911): drop_caches: 3
[ 9050.464271] sh (34911): drop_caches: 3
[ 9054.512963] sh (34911): drop_caches: 3
[ 9058.565744] sh (34911): drop_caches: 3
[ 9062.616095] sh (34911): drop_caches: 3
[ 9066.666616] sh (34911): drop_caches: 3
[ 9070.715636] sh (34911): drop_caches: 3
[ 9074.758081] sh (34911): drop_caches: 3
[ 9078.809882] sh (34911): drop_caches: 3
[ 9082.861477] sh (34911): drop_caches: 3
[ 9086.911376] sh (34911): drop_caches: 3
[ 9090.961825] sh (34911): drop_caches: 3
[ 9095.009751] sh (34911): drop_caches: 3
[ 9099.058782] sh (34911): drop_caches: 3
[ 9103.103683] sh (34911): drop_caches: 3
[ 9107.153460] sh (34911): drop_caches: 3
[ 9111.203909] sh (34911): drop_caches: 3
[ 9115.255547] sh (34911): drop_caches: 3
[ 9119.303548] sh (34911): drop_caches: 3
[ 9123.355668] sh (34911): drop_caches: 3
[ 9127.403576] sh (34911): drop_caches: 3
[ 9131.453721] sh (34911): drop_caches: 3
[ 9135.503775] sh (34911): drop_caches: 3
[ 9139.555992] sh (34911): drop_caches: 3
[ 9143.607697] sh (34911): drop_caches: 3
[ 9147.658452] sh (34911): drop_caches: 3
[ 9151.706222] sh (34911): drop_caches: 3
[ 9155.757847] sh (34911): drop_caches: 3
[ 9159.800901] sh (34911): drop_caches: 3
[ 9163.843489] sh (34911): drop_caches: 3
[ 9167.895492] sh (34911): drop_caches: 3
[ 9171.946974] sh (34911): drop_caches: 3
[ 9175.998798] sh (34911): drop_caches: 3
[ 9180.051468] sh (34911): drop_caches: 3
[ 9184.099600] sh (34911): drop_caches: 3
[ 9188.147733] sh (34911): drop_caches: 3
[ 9192.196769] sh (34911): drop_caches: 3
[ 9196.249618] sh (34911): drop_caches: 3
[ 9200.299211] sh (34911): drop_caches: 3
[ 9204.348960] sh (34911): drop_caches: 3
[ 9208.396876] sh (34911): drop_caches: 3
[ 9212.444616] sh (34911): drop_caches: 3
[ 9216.492945] sh (34911): drop_caches: 3
[ 9220.543116] sh (34911): drop_caches: 3
[ 9224.592529] sh (34911): drop_caches: 3
[ 9228.641219] sh (34911): drop_caches: 3
[ 9232.686321] sh (34911): drop_caches: 3
[ 9236.735686] sh (34911): drop_caches: 3
[ 9240.782423] sh (34911): drop_caches: 3
[ 9244.830768] sh (34911): drop_caches: 3
[ 9248.873475] sh (34911): drop_caches: 3
[ 9252.921264] sh (34911): drop_caches: 3
[ 9256.969979] sh (34911): drop_caches: 3
[ 9261.022169] sh (34911): drop_caches: 3
[ 9265.076188] sh (34911): drop_caches: 3
[ 9269.129759] sh (34911): drop_caches: 3
[ 9273.178338] sh (34911): drop_caches: 3
[ 9277.228095] sh (34911): drop_caches: 3
[ 9281.278554] sh (34911): drop_caches: 3
[ 9285.327261] sh (34911): drop_caches: 3
[ 9289.380249] sh (34911): drop_caches: 3
[ 9293.427654] sh (34911): drop_caches: 3
[ 9297.479096] sh (34911): drop_caches: 3
[ 9301.530521] sh (34911): drop_caches: 3
[ 9305.584128] sh (34911): drop_caches: 3
[ 9309.636158] sh (34911): drop_caches: 3
[ 9313.686620] sh (34911): drop_caches: 3
[ 9317.734674] sh (34911): drop_caches: 3
[ 9321.786305] sh (34911): drop_caches: 3
[ 9325.838193] sh (34911): drop_caches: 3
[ 9329.890565] sh (34911): drop_caches: 3
[ 9333.936562] sh (34911): drop_caches: 3
[ 9337.985425] sh (34911): drop_caches: 3
[ 9342.029226] sh (34911): drop_caches: 3
[ 9346.072610] sh (34911): drop_caches: 3
[ 9350.120483] sh (34911): drop_caches: 3
[ 9354.171314] sh (34911): drop_caches: 3
[ 9358.220564] sh (34911): drop_caches: 3
[ 9362.270585] sh (34911): drop_caches: 3
[ 9366.322697] sh (34911): drop_caches: 3
[ 9370.373525] sh (34911): drop_caches: 3
[ 9374.424854] sh (34911): drop_caches: 3
[ 9378.466621] sh (34911): drop_caches: 3
[ 9382.519288] sh (34911): drop_caches: 3
[ 9386.567677] sh (34911): drop_caches: 3
[ 9390.622042] sh (34911): drop_caches: 3
[ 9394.668119] sh (34911): drop_caches: 3
[ 9398.721584] sh (34911): drop_caches: 3
[ 9402.773627] sh (34911): drop_caches: 3
[ 9406.825934] sh (34911): drop_caches: 3
[ 9410.879751] sh (34911): drop_caches: 3
[ 9414.931841] sh (34911): drop_caches: 3
[ 9418.979343] sh (34911): drop_caches: 3
[ 9423.031489] sh (34911): drop_caches: 3
[ 9427.083947] sh (34911): drop_caches: 3
[ 9431.134682] sh (34911): drop_caches: 3
[ 9435.185877] sh (34911): drop_caches: 3
[ 9439.236888] sh (34911): drop_caches: 3
[ 9443.287002] sh (34911): drop_caches: 3
[ 9447.335381] sh (34911): drop_caches: 3
[ 9451.389283] sh (34911): drop_caches: 3
[ 9455.438852] sh (34911): drop_caches: 3
[ 9459.488892] sh (34911): drop_caches: 3
[ 9463.539706] sh (34911): drop_caches: 3
[ 9467.592039] sh (34911): drop_caches: 3
[ 9471.645339] sh (34911): drop_caches: 3
[ 9475.692001] sh (34911): drop_caches: 3
[ 9479.738905] sh (34911): drop_caches: 3
[ 9483.787096] sh (34911): drop_caches: 3
[ 9487.836328] sh (34911): drop_caches: 3
[ 9491.887432] sh (34911): drop_caches: 3
[ 9495.936448] sh (34911): drop_caches: 3
[ 9499.984679] sh (34911): drop_caches: 3
[ 9504.027641] sh (34911): drop_caches: 3
[ 9508.077003] sh (34911): drop_caches: 3
[ 9512.129158] sh (34911): drop_caches: 3
[ 9516.180475] sh (34911): drop_caches: 3
[ 9520.228988] sh (34911): drop_caches: 3
[ 9524.280690] sh (34911): drop_caches: 3
[ 9528.331162] sh (34911): drop_caches: 3
[ 9532.380573] sh (34911): drop_caches: 3
[ 9536.429929] sh (34911): drop_caches: 3
[ 9540.481000] sh (34911): drop_caches: 3
[ 9544.530632] sh (34911): drop_caches: 3
[ 9548.586700] sh (34911): drop_caches: 3
[ 9552.639124] sh (34911): drop_caches: 3
[ 9556.682859] sh (34911): drop_caches: 3
[ 9560.733747] sh (34911): drop_caches: 3
[ 9564.784628] sh (34911): drop_caches: 3
[ 9568.836578] sh (34911): drop_caches: 3
[ 9572.884674] sh (34911): drop_caches: 3
[ 9576.935982] sh (34911): drop_caches: 3
[ 9580.986930] sh (34911): drop_caches: 3
[ 9585.040070] sh (34911): drop_caches: 3
[ 9589.082314] sh (34911): drop_caches: 3
[ 9593.130867] sh (34911): drop_caches: 3
[ 9597.181102] sh (34911): drop_caches: 3
[ 9601.231172] sh (34911): drop_caches: 3
[ 9605.274408] sh (34911): drop_caches: 3
[ 9609.324405] sh (34911): drop_caches: 3
[ 9613.373930] sh (34911): drop_caches: 3
[ 9617.424179] sh (34911): drop_caches: 3
[ 9621.474452] sh (34911): drop_caches: 3
[ 9625.527461] sh (34911): drop_caches: 3
[ 9629.576158] sh (34911): drop_caches: 3
[ 9633.624812] sh (34911): drop_caches: 3
[ 9637.678259] sh (34911): drop_caches: 3
[ 9641.729695] sh (34911): drop_caches: 3
[ 9645.771945] sh (34911): drop_caches: 3
[ 9645.821996] iCAT_SQLITE_RUN_END run=20260901-035547-34318
[ 9645.841506] EXT4-fs (nvme1n1): unmounting filesystem b830b164-94b5-4b6f-b426-6bf6c1851643.
[ 9645.924742] pci_bus 0001:10: busn_res: [bus 10-ff] is released
[ 9645.924784] NVMeVirt: GC stats: policy=cat-fig7 host_pages=14702681 gc_pages=4139453 gc_count=294401 WAF=1.281 k=2 scale_pct=200 age_ratio=16
[ 9645.996421] NVMeVirt: Virtual NVMe device closed
