[ 1551.482001] NVMeVirt: Version 1.10 for >> Samsung 970 Pro SSD <<
[ 1551.482010] NVMeVirt: Storage: 0x100100000-0x300000000 (8191 MiB)
[ 1551.488605] NVMeVirt: Total Capacity(GiB,MiB)=2,2048 chs=2 luns=4 lines=8192 blk-size(MiB,KiB)=0,64 line-size(MiB,KiB)=0,256
[ 1551.495181] NVMeVirt: [chmodel_init] bandwidth 800 max_credits 26 tx_time 152
[ 1551.503329] NVMeVirt: [chmodel_init] bandwidth 800 max_credits 26 tx_time 152
[ 1551.503348] NVMeVirt: [chmodel_init] bandwidth 3360 max_credits 110 tx_time 36
[ 1551.504852] NVMeVirt: pqueue: Copyright (c) 2014, Volkan Yazıcı <volkan.yazici@gmail.com>. All rights reserved.
[ 1551.504901] NVMeVirt: Init FTL instance with 2 channels (524288 pages)
[ 1551.504902] NVMeVirt: GC victim policy: cat-fig7 k=2 scale_pct=25 age_ratio=7
[ 1551.514693] NVMeVirt: [chmodel_init] bandwidth 800 max_credits 26 tx_time 152
[ 1551.521468] NVMeVirt: [chmodel_init] bandwidth 800 max_credits 26 tx_time 152
[ 1551.521483] NVMeVirt: [chmodel_init] bandwidth 3360 max_credits 110 tx_time 36
[ 1551.522733] NVMeVirt: Init FTL instance with 2 channels (524288 pages)
[ 1551.522734] NVMeVirt: GC victim policy: cat-fig7 k=2 scale_pct=25 age_ratio=7
[ 1551.529247] NVMeVirt: [chmodel_init] bandwidth 800 max_credits 26 tx_time 152
[ 1551.535695] NVMeVirt: [chmodel_init] bandwidth 800 max_credits 26 tx_time 152
[ 1551.535710] NVMeVirt: [chmodel_init] bandwidth 3360 max_credits 110 tx_time 36
[ 1551.536944] NVMeVirt: Init FTL instance with 2 channels (524288 pages)
[ 1551.536945] NVMeVirt: GC victim policy: cat-fig7 k=2 scale_pct=25 age_ratio=7
[ 1551.543371] NVMeVirt: [chmodel_init] bandwidth 800 max_credits 26 tx_time 152
[ 1551.549801] NVMeVirt: [chmodel_init] bandwidth 800 max_credits 26 tx_time 152
[ 1551.549814] NVMeVirt: [chmodel_init] bandwidth 3360 max_credits 110 tx_time 36
[ 1551.551056] NVMeVirt: Init FTL instance with 2 channels (524288 pages)
[ 1551.551057] NVMeVirt: GC victim policy: cat-fig7 k=2 scale_pct=25 age_ratio=7
[ 1551.551061] NVMeVirt: FTL physical space: 8588886016, logical space: 8026996276 (physical/logical * 100 = 107)
[ 1551.551062] NVMeVirt: ns 0/1: size 7655 MiB
[ 1551.551103] PCI host bridge to bus 0001:10
[ 1551.551104] pci_bus 0001:10: root bus resource [io  0x0000-0xffff]
[ 1551.551107] pci_bus 0001:10: root bus resource [mem 0x00000000-0x3fffffffffff]
[ 1551.551108] pci_bus 0001:10: root bus resource [bus 00-ff]
[ 1551.551114] pci 0001:10:00.0: [0c51:0110] type 00 class 0x010802 PCIe Endpoint
[ 1551.551116] pci 0001:10:00.0: BAR 0 [mem 0x100000000-0x100003fff 64bit]
[ 1551.551118] pci 0001:10:00.0: enabling Extended Tags
[ 1551.551231] NVMeVirt: Virtual PCI bus created (node 0)
[ 1551.551642] NVMeVirt: nvmev_io_worker_0 started on cpu 2 (node 0)
[ 1551.551799] NVMeVirt: nvmev_dispatcher started on cpu 1 (node 0)
[ 1551.551993] nvme nvme1: pci function 0001:10:00.0
[ 1551.556456] nvme nvme1: 20/0/0 default/read/poll queues
[ 1551.560036] NVMeVirt: Virtual NVMe device created
[ 1552.622582] EXT4-fs (nvme1n1): mounted filesystem 4ed37e81-317c-40bf-9765-d349e0a6c8a7 r/w with ordered data mode. Quota mode: none.
[ 1552.652535] iCAT_SQLITE_LOAD_START run=20260901-015308-22028
[ 1651.833810] iCAT_SQLITE_LOAD_END run=20260901-015308-22028
[ 1652.248247] sh (23232): drop_caches: 3
[ 1652.275630] iCAT_SQLITE_RUN_START run=20260901-015308-22028
[ 1655.876840] sh (23230): drop_caches: 3
[ 1659.927690] sh (23230): drop_caches: 3
[ 1663.974704] sh (23230): drop_caches: 3
[ 1668.021874] sh (23230): drop_caches: 3
[ 1672.068175] sh (23230): drop_caches: 3
[ 1676.116519] sh (23230): drop_caches: 3
[ 1680.169737] sh (23230): drop_caches: 3
[ 1684.219031] sh (23230): drop_caches: 3
[ 1688.267161] sh (23230): drop_caches: 3
[ 1692.316040] sh (23230): drop_caches: 3
[ 1696.367156] sh (23230): drop_caches: 3
[ 1700.417506] sh (23230): drop_caches: 3
[ 1704.464676] sh (23230): drop_caches: 3
[ 1708.518604] sh (23230): drop_caches: 3
[ 1712.568460] sh (23230): drop_caches: 3
[ 1716.617947] sh (23230): drop_caches: 3
[ 1720.664918] sh (23230): drop_caches: 3
[ 1724.707537] sh (23230): drop_caches: 3
[ 1728.754438] sh (23230): drop_caches: 3
[ 1732.801698] sh (23230): drop_caches: 3
[ 1736.839942] sh (23230): drop_caches: 3
[ 1740.889959] sh (23230): drop_caches: 3
[ 1744.936943] sh (23230): drop_caches: 3
[ 1748.987783] sh (23230): drop_caches: 3
[ 1753.035939] sh (23230): drop_caches: 3
[ 1757.079712] sh (23230): drop_caches: 3
[ 1761.133351] sh (23230): drop_caches: 3
[ 1765.182109] sh (23230): drop_caches: 3
[ 1769.232283] sh (23230): drop_caches: 3
[ 1773.279875] sh (23230): drop_caches: 3
[ 1777.329102] sh (23230): drop_caches: 3
[ 1781.377227] sh (23230): drop_caches: 3
[ 1785.426430] sh (23230): drop_caches: 3
[ 1789.476484] sh (23230): drop_caches: 3
[ 1793.525877] sh (23230): drop_caches: 3
[ 1797.573296] sh (23230): drop_caches: 3
[ 1801.614330] sh (23230): drop_caches: 3
[ 1805.661904] sh (23230): drop_caches: 3
[ 1809.702457] sh (23230): drop_caches: 3
[ 1813.756829] sh (23230): drop_caches: 3
[ 1817.807598] sh (23230): drop_caches: 3
[ 1821.850044] sh (23230): drop_caches: 3
[ 1825.902054] sh (23230): drop_caches: 3
[ 1829.949529] sh (23230): drop_caches: 3
[ 1833.996209] sh (23230): drop_caches: 3
[ 1838.047652] sh (23230): drop_caches: 3
[ 1842.094243] sh (23230): drop_caches: 3
[ 1846.138782] sh (23230): drop_caches: 3
[ 1850.188499] sh (23230): drop_caches: 3
[ 1854.236830] sh (23230): drop_caches: 3
[ 1858.285248] sh (23230): drop_caches: 3
[ 1862.337928] sh (23230): drop_caches: 3
[ 1866.390183] sh (23230): drop_caches: 3
[ 1870.443153] sh (23230): drop_caches: 3
[ 1874.493188] sh (23230): drop_caches: 3
[ 1878.543780] sh (23230): drop_caches: 3
[ 1882.591907] sh (23230): drop_caches: 3
[ 1886.635981] sh (23230): drop_caches: 3
[ 1890.677093] sh (23230): drop_caches: 3
[ 1894.729265] sh (23230): drop_caches: 3
[ 1898.781207] sh (23230): drop_caches: 3
[ 1902.830064] sh (23230): drop_caches: 3
[ 1906.873199] sh (23230): drop_caches: 3
[ 1910.922866] sh (23230): drop_caches: 3
[ 1914.976904] sh (23230): drop_caches: 3
[ 1919.029311] sh (23230): drop_caches: 3
[ 1923.077963] sh (23230): drop_caches: 3
[ 1927.126407] sh (23230): drop_caches: 3
[ 1931.167159] sh (23230): drop_caches: 3
[ 1935.210572] sh (23230): drop_caches: 3
[ 1939.257572] sh (23230): drop_caches: 3
[ 1943.309497] sh (23230): drop_caches: 3
[ 1947.358294] sh (23230): drop_caches: 3
[ 1951.408803] sh (23230): drop_caches: 3
[ 1955.456360] sh (23230): drop_caches: 3
[ 1959.504444] sh (23230): drop_caches: 3
[ 1963.551654] sh (23230): drop_caches: 3
[ 1967.603010] sh (23230): drop_caches: 3
[ 1971.650781] sh (23230): drop_caches: 3
[ 1975.691559] sh (23230): drop_caches: 3
[ 1979.734781] sh (23230): drop_caches: 3
[ 1983.782839] sh (23230): drop_caches: 3
[ 1987.833566] sh (23230): drop_caches: 3
[ 1991.873137] sh (23230): drop_caches: 3
[ 1995.920509] sh (23230): drop_caches: 3
[ 1999.974660] sh (23230): drop_caches: 3
[ 2004.023193] sh (23230): drop_caches: 3
[ 2008.072214] sh (23230): drop_caches: 3
[ 2012.120251] sh (23230): drop_caches: 3
[ 2016.168127] sh (23230): drop_caches: 3
[ 2020.209299] sh (23230): drop_caches: 3
[ 2024.261796] sh (23230): drop_caches: 3
[ 2028.310431] sh (23230): drop_caches: 3
[ 2032.360270] sh (23230): drop_caches: 3
[ 2036.409257] sh (23230): drop_caches: 3
[ 2040.457090] sh (23230): drop_caches: 3
[ 2044.504619] sh (23230): drop_caches: 3
[ 2048.550812] sh (23230): drop_caches: 3
[ 2052.601944] sh (23230): drop_caches: 3
[ 2056.654633] sh (23230): drop_caches: 3
[ 2060.698489] sh (23230): drop_caches: 3
[ 2064.745187] sh (23230): drop_caches: 3
[ 2068.795345] sh (23230): drop_caches: 3
[ 2072.837834] sh (23230): drop_caches: 3
[ 2076.880402] sh (23230): drop_caches: 3
[ 2080.923756] sh (23230): drop_caches: 3
[ 2084.976187] sh (23230): drop_caches: 3
[ 2089.028406] sh (23230): drop_caches: 3
[ 2093.079356] sh (23230): drop_caches: 3
[ 2097.129392] sh (23230): drop_caches: 3
[ 2101.180373] sh (23230): drop_caches: 3
[ 2105.228177] sh (23230): drop_caches: 3
[ 2109.268579] sh (23230): drop_caches: 3
[ 2113.316800] sh (23230): drop_caches: 3
[ 2117.367982] sh (23230): drop_caches: 3
[ 2121.417986] sh (23230): drop_caches: 3
[ 2125.469200] sh (23230): drop_caches: 3
[ 2129.516237] sh (23230): drop_caches: 3
[ 2133.572602] sh (23230): drop_caches: 3
[ 2137.611904] sh (23230): drop_caches: 3
[ 2141.663693] sh (23230): drop_caches: 3
[ 2145.714186] sh (23230): drop_caches: 3
[ 2149.761710] sh (23230): drop_caches: 3
[ 2153.808920] sh (23230): drop_caches: 3
[ 2157.856907] sh (23230): drop_caches: 3
[ 2161.905077] sh (23230): drop_caches: 3
[ 2165.949594] sh (23230): drop_caches: 3
[ 2169.999098] sh (23230): drop_caches: 3
[ 2174.047951] sh (23230): drop_caches: 3
[ 2178.090209] sh (23230): drop_caches: 3
[ 2182.133014] sh (23230): drop_caches: 3
[ 2186.183148] sh (23230): drop_caches: 3
[ 2190.227706] sh (23230): drop_caches: 3
[ 2194.275525] sh (23230): drop_caches: 3
[ 2198.326614] sh (23230): drop_caches: 3
[ 2202.377361] sh (23230): drop_caches: 3
[ 2206.422572] sh (23230): drop_caches: 3
[ 2210.469724] sh (23230): drop_caches: 3
[ 2214.515166] sh (23230): drop_caches: 3
[ 2218.559589] sh (23230): drop_caches: 3
[ 2222.608539] sh (23230): drop_caches: 3
[ 2226.656456] sh (23230): drop_caches: 3
[ 2230.703835] sh (23230): drop_caches: 3
[ 2234.750752] sh (23230): drop_caches: 3
[ 2238.799589] sh (23230): drop_caches: 3
[ 2242.846693] sh (23230): drop_caches: 3
[ 2246.893743] sh (23230): drop_caches: 3
[ 2250.938945] sh (23230): drop_caches: 3
[ 2254.980651] sh (23230): drop_caches: 3
[ 2259.028807] sh (23230): drop_caches: 3
[ 2263.076034] sh (23230): drop_caches: 3
[ 2267.121718] sh (23230): drop_caches: 3
[ 2271.169142] sh (23230): drop_caches: 3
[ 2275.214007] sh (23230): drop_caches: 3
[ 2279.260504] sh (23230): drop_caches: 3
[ 2283.308160] sh (23230): drop_caches: 3
[ 2287.329902] sh (23230): drop_caches: 3
[ 2287.379225] iCAT_SQLITE_RUN_END run=20260901-015308-22028
[ 2287.399802] EXT4-fs (nvme1n1): unmounting filesystem 4ed37e81-317c-40bf-9765-d349e0a6c8a7.
[ 2287.471840] pci_bus 0001:10: busn_res: [bus 10-ff] is released
[ 2287.471888] NVMeVirt: GC stats: policy=cat-fig7 host_pages=14696014 gc_pages=2842131 gc_count=274026 WAF=1.193 k=2 scale_pct=25 age_ratio=7
[ 2287.541192] NVMeVirt: Virtual NVMe device closed
