[ 2287.724672] NVMeVirt: Version 1.10 for >> Samsung 970 Pro SSD <<
[ 2287.724681] NVMeVirt: Storage: 0x100100000-0x300000000 (8191 MiB)
[ 2287.731821] NVMeVirt: Total Capacity(GiB,MiB)=2,2048 chs=2 luns=4 lines=8192 blk-size(MiB,KiB)=0,64 line-size(MiB,KiB)=0,256
[ 2287.741714] NVMeVirt: [chmodel_init] bandwidth 800 max_credits 26 tx_time 152
[ 2287.748276] NVMeVirt: [chmodel_init] bandwidth 800 max_credits 26 tx_time 152
[ 2287.748290] NVMeVirt: [chmodel_init] bandwidth 3360 max_credits 110 tx_time 36
[ 2287.749480] NVMeVirt: pqueue: Copyright (c) 2014, Volkan Yazıcı <volkan.yazici@gmail.com>. All rights reserved.
[ 2287.749516] NVMeVirt: Init FTL instance with 2 channels (524288 pages)
[ 2287.749517] NVMeVirt: GC victim policy: cat-fig7 k=2 scale_pct=25 age_ratio=16
[ 2287.755923] NVMeVirt: [chmodel_init] bandwidth 800 max_credits 26 tx_time 152
[ 2287.762431] NVMeVirt: [chmodel_init] bandwidth 800 max_credits 26 tx_time 152
[ 2287.762446] NVMeVirt: [chmodel_init] bandwidth 3360 max_credits 110 tx_time 36
[ 2287.763692] NVMeVirt: Init FTL instance with 2 channels (524288 pages)
[ 2287.763693] NVMeVirt: GC victim policy: cat-fig7 k=2 scale_pct=25 age_ratio=16
[ 2287.770094] NVMeVirt: [chmodel_init] bandwidth 800 max_credits 26 tx_time 152
[ 2287.776507] NVMeVirt: [chmodel_init] bandwidth 800 max_credits 26 tx_time 152
[ 2287.776520] NVMeVirt: [chmodel_init] bandwidth 3360 max_credits 110 tx_time 36
[ 2287.777749] NVMeVirt: Init FTL instance with 2 channels (524288 pages)
[ 2287.777751] NVMeVirt: GC victim policy: cat-fig7 k=2 scale_pct=25 age_ratio=16
[ 2287.784135] NVMeVirt: [chmodel_init] bandwidth 800 max_credits 26 tx_time 152
[ 2287.790530] NVMeVirt: [chmodel_init] bandwidth 800 max_credits 26 tx_time 152
[ 2287.790544] NVMeVirt: [chmodel_init] bandwidth 3360 max_credits 110 tx_time 36
[ 2287.791760] NVMeVirt: Init FTL instance with 2 channels (524288 pages)
[ 2287.791761] NVMeVirt: GC victim policy: cat-fig7 k=2 scale_pct=25 age_ratio=16
[ 2287.791765] NVMeVirt: FTL physical space: 8588886016, logical space: 8026996276 (physical/logical * 100 = 107)
[ 2287.791766] NVMeVirt: ns 0/1: size 7655 MiB
[ 2287.791807] PCI host bridge to bus 0001:10
[ 2287.791809] pci_bus 0001:10: root bus resource [io  0x0000-0xffff]
[ 2287.791812] pci_bus 0001:10: root bus resource [mem 0x00000000-0x3fffffffffff]
[ 2287.791813] pci_bus 0001:10: root bus resource [bus 00-ff]
[ 2287.791819] pci 0001:10:00.0: [0c51:0110] type 00 class 0x010802 PCIe Endpoint
[ 2287.791822] pci 0001:10:00.0: BAR 0 [mem 0x100000000-0x100003fff 64bit]
[ 2287.791824] pci 0001:10:00.0: enabling Extended Tags
[ 2287.791932] NVMeVirt: Virtual PCI bus created (node 0)
[ 2287.792445] NVMeVirt: nvmev_io_worker_0 started on cpu 2 (node 0)
[ 2287.792509] NVMeVirt: nvmev_dispatcher started on cpu 1 (node 0)
[ 2287.792652] nvme nvme1: pci function 0001:10:00.0
[ 2287.797517] nvme nvme1: 20/0/0 default/read/poll queues
[ 2287.800647] NVMeVirt: Virtual NVMe device created
[ 2288.862792] EXT4-fs (nvme1n1): mounted filesystem b896bea2-710a-4ec5-af68-c951013a3967 r/w with ordered data mode. Quota mode: none.
[ 2288.893259] iCAT_SQLITE_LOAD_START run=20260901-020524-29870
[ 2386.779039] iCAT_SQLITE_LOAD_END run=20260901-020524-29870
[ 2387.210375] sh (30007): drop_caches: 3
[ 2387.238070] iCAT_SQLITE_RUN_START run=20260901-020524-29870
[ 2390.821187] sh (30009): drop_caches: 3
[ 2394.870719] sh (30009): drop_caches: 3
[ 2398.918759] sh (30009): drop_caches: 3
[ 2402.967341] sh (30009): drop_caches: 3
[ 2407.014597] sh (30009): drop_caches: 3
[ 2411.062612] sh (30009): drop_caches: 3
[ 2415.110976] sh (30009): drop_caches: 3
[ 2419.153563] sh (30009): drop_caches: 3
[ 2423.205765] sh (30009): drop_caches: 3
[ 2427.251220] sh (30009): drop_caches: 3
[ 2431.300738] sh (30009): drop_caches: 3
[ 2435.346244] sh (30009): drop_caches: 3
[ 2439.393153] sh (30009): drop_caches: 3
[ 2443.440281] sh (30009): drop_caches: 3
[ 2447.484722] sh (30009): drop_caches: 3
[ 2451.526820] sh (30009): drop_caches: 3
[ 2455.573463] sh (30009): drop_caches: 3
[ 2459.619160] sh (30009): drop_caches: 3
[ 2463.666811] sh (30009): drop_caches: 3
[ 2467.705603] sh (30009): drop_caches: 3
[ 2471.747987] sh (30009): drop_caches: 3
[ 2475.793473] sh (30009): drop_caches: 3
[ 2479.838974] sh (30009): drop_caches: 3
[ 2483.885354] sh (30009): drop_caches: 3
[ 2487.929426] sh (30009): drop_caches: 3
[ 2491.977845] sh (30009): drop_caches: 3
[ 2496.026512] sh (30009): drop_caches: 3
[ 2500.080826] sh (30009): drop_caches: 3
[ 2504.127983] sh (30009): drop_caches: 3
[ 2508.174741] sh (30009): drop_caches: 3
[ 2512.222122] sh (30009): drop_caches: 3
[ 2516.266125] sh (30009): drop_caches: 3
[ 2520.310099] sh (30009): drop_caches: 3
[ 2524.357236] sh (30009): drop_caches: 3
[ 2528.406469] sh (30009): drop_caches: 3
[ 2532.453344] sh (30009): drop_caches: 3
[ 2536.496781] sh (30009): drop_caches: 3
[ 2540.543153] sh (30009): drop_caches: 3
[ 2544.588235] sh (30009): drop_caches: 3
[ 2548.633669] sh (30009): drop_caches: 3
[ 2552.680950] sh (30009): drop_caches: 3
[ 2556.721369] sh (30009): drop_caches: 3
[ 2560.769211] sh (30009): drop_caches: 3
[ 2564.816800] sh (30009): drop_caches: 3
[ 2568.863170] sh (30009): drop_caches: 3
[ 2572.911496] sh (30009): drop_caches: 3
[ 2576.959904] sh (30009): drop_caches: 3
[ 2581.007821] sh (30009): drop_caches: 3
[ 2585.054853] sh (30009): drop_caches: 3
[ 2589.108831] sh (30009): drop_caches: 3
[ 2593.152828] sh (30009): drop_caches: 3
[ 2597.196552] sh (30009): drop_caches: 3
[ 2601.243157] sh (30009): drop_caches: 3
[ 2605.287563] sh (30009): drop_caches: 3
[ 2609.331641] sh (30009): drop_caches: 3
[ 2613.378609] sh (30009): drop_caches: 3
[ 2617.428865] sh (30009): drop_caches: 3
[ 2621.475159] sh (30009): drop_caches: 3
[ 2625.523818] sh (30009): drop_caches: 3
[ 2629.570938] sh (30009): drop_caches: 3
[ 2633.618153] sh (30009): drop_caches: 3
[ 2637.666335] sh (30009): drop_caches: 3
[ 2641.710964] sh (30009): drop_caches: 3
[ 2645.760229] sh (30009): drop_caches: 3
[ 2649.805188] sh (30009): drop_caches: 3
[ 2653.851662] sh (30009): drop_caches: 3
[ 2657.901707] sh (30009): drop_caches: 3
[ 2661.947990] sh (30009): drop_caches: 3
[ 2665.994275] sh (30009): drop_caches: 3
[ 2670.037195] sh (30009): drop_caches: 3
[ 2674.077227] sh (30009): drop_caches: 3
[ 2678.119437] sh (30009): drop_caches: 3
[ 2682.168634] sh (30009): drop_caches: 3
[ 2686.216142] sh (30009): drop_caches: 3
[ 2690.262517] sh (30009): drop_caches: 3
[ 2694.312764] sh (30009): drop_caches: 3
[ 2698.353252] sh (30009): drop_caches: 3
[ 2702.399476] sh (30009): drop_caches: 3
[ 2706.446930] sh (30009): drop_caches: 3
[ 2710.493214] sh (30009): drop_caches: 3
[ 2714.537125] sh (30009): drop_caches: 3
[ 2718.582284] sh (30009): drop_caches: 3
[ 2722.627548] sh (30009): drop_caches: 3
[ 2726.671469] sh (30009): drop_caches: 3
[ 2730.719137] sh (30009): drop_caches: 3
[ 2734.766479] sh (30009): drop_caches: 3
[ 2738.814248] sh (30009): drop_caches: 3
[ 2742.858934] sh (30009): drop_caches: 3
[ 2746.904545] sh (30009): drop_caches: 3
[ 2750.952290] sh (30009): drop_caches: 3
[ 2754.998821] sh (30009): drop_caches: 3
[ 2759.046900] sh (30009): drop_caches: 3
[ 2763.089252] sh (30009): drop_caches: 3
[ 2767.139152] sh (30009): drop_caches: 3
[ 2771.184851] sh (30009): drop_caches: 3
[ 2775.231016] sh (30009): drop_caches: 3
[ 2779.274885] sh (30009): drop_caches: 3
[ 2783.323412] sh (30009): drop_caches: 3
[ 2787.368572] sh (30009): drop_caches: 3
[ 2791.415543] sh (30009): drop_caches: 3
[ 2795.459329] sh (30009): drop_caches: 3
[ 2799.506694] sh (30009): drop_caches: 3
[ 2803.552588] sh (30009): drop_caches: 3
[ 2807.598547] sh (30009): drop_caches: 3
[ 2811.671215] sh (30009): drop_caches: 3
[ 2815.718048] sh (30009): drop_caches: 3
[ 2819.763454] sh (30009): drop_caches: 3
[ 2823.805155] sh (30009): drop_caches: 3
[ 2827.846897] sh (30009): drop_caches: 3
[ 2831.902971] sh (30009): drop_caches: 3
[ 2835.952494] sh (30009): drop_caches: 3
[ 2840.005938] sh (30009): drop_caches: 3
[ 2844.050609] sh (30009): drop_caches: 3
[ 2848.100520] sh (30009): drop_caches: 3
[ 2852.150277] sh (30009): drop_caches: 3
[ 2856.203162] sh (30009): drop_caches: 3
[ 2860.251956] sh (30009): drop_caches: 3
[ 2864.296186] sh (30009): drop_caches: 3
[ 2868.342472] sh (30009): drop_caches: 3
[ 2872.392655] sh (30009): drop_caches: 3
[ 2876.439408] sh (30009): drop_caches: 3
[ 2880.492355] sh (30009): drop_caches: 3
[ 2884.539711] sh (30009): drop_caches: 3
[ 2888.591891] sh (30009): drop_caches: 3
[ 2892.641879] sh (30009): drop_caches: 3
[ 2896.692751] sh (30009): drop_caches: 3
[ 2900.738860] sh (30009): drop_caches: 3
[ 2904.789501] sh (30009): drop_caches: 3
[ 2908.843118] sh (30009): drop_caches: 3
[ 2912.888207] sh (30009): drop_caches: 3
[ 2916.937847] sh (30009): drop_caches: 3
[ 2920.988136] sh (30009): drop_caches: 3
[ 2925.034935] sh (30009): drop_caches: 3
[ 2929.083182] sh (30009): drop_caches: 3
[ 2933.133903] sh (30009): drop_caches: 3
[ 2937.182224] sh (30009): drop_caches: 3
[ 2941.231577] sh (30009): drop_caches: 3
[ 2945.283035] sh (30009): drop_caches: 3
[ 2949.326761] sh (30009): drop_caches: 3
[ 2953.370100] sh (30009): drop_caches: 3
[ 2957.418164] sh (30009): drop_caches: 3
[ 2961.465602] sh (30009): drop_caches: 3
[ 2965.513769] sh (30009): drop_caches: 3
[ 2969.563283] sh (30009): drop_caches: 3
[ 2973.611183] sh (30009): drop_caches: 3
[ 2977.659054] sh (30009): drop_caches: 3
[ 2981.708322] sh (30009): drop_caches: 3
[ 2985.756936] sh (30009): drop_caches: 3
[ 2989.807014] sh (30009): drop_caches: 3
[ 2993.854364] sh (30009): drop_caches: 3
[ 2997.901968] sh (30009): drop_caches: 3
[ 3001.952132] sh (30009): drop_caches: 3
[ 3006.000011] sh (30009): drop_caches: 3
[ 3010.051223] sh (30009): drop_caches: 3
[ 3014.093329] sh (30009): drop_caches: 3
[ 3014.139473] iCAT_SQLITE_RUN_END run=20260901-020524-29870
[ 3014.159725] EXT4-fs (nvme1n1): unmounting filesystem b896bea2-710a-4ec5-af68-c951013a3967.
[ 3014.223035] pci_bus 0001:10: busn_res: [bus 10-ff] is released
[ 3014.223075] NVMeVirt: GC stats: policy=cat-fig7 host_pages=14694289 gc_pages=2657242 gc_count=271111 WAF=1.180 k=2 scale_pct=25 age_ratio=16
[ 3014.286052] NVMeVirt: Virtual NVMe device closed
