[13319.443620] NVMeVirt: Version 1.10 for >> Samsung 970 Pro SSD <<
[13319.443630] NVMeVirt: Storage: 0x100100000-0x300000000 (8191 MiB)
[13319.448882] NVMeVirt: Total Capacity(GiB,MiB)=2,2048 chs=2 luns=4 lines=8192 blk-size(MiB,KiB)=0,64 line-size(MiB,KiB)=0,256
[13319.455536] NVMeVirt: [chmodel_init] bandwidth 800 max_credits 26 tx_time 152
[13319.462204] NVMeVirt: [chmodel_init] bandwidth 800 max_credits 26 tx_time 152
[13319.462218] NVMeVirt: [chmodel_init] bandwidth 3360 max_credits 110 tx_time 36
[13319.463428] NVMeVirt: pqueue: Copyright (c) 2014, Volkan Yazıcı <volkan.yazici@gmail.com>. All rights reserved.
[13319.463465] NVMeVirt: Init FTL instance with 2 channels (524288 pages)
[13319.463466] NVMeVirt: GC victim policy: cat-fig7 k=4 scale_pct=25 age_ratio=16
[13319.469917] NVMeVirt: [chmodel_init] bandwidth 800 max_credits 26 tx_time 152
[13319.476329] NVMeVirt: [chmodel_init] bandwidth 800 max_credits 26 tx_time 152
[13319.476343] NVMeVirt: [chmodel_init] bandwidth 3360 max_credits 110 tx_time 36
[13319.477571] NVMeVirt: Init FTL instance with 2 channels (524288 pages)
[13319.477572] NVMeVirt: GC victim policy: cat-fig7 k=4 scale_pct=25 age_ratio=16
[13319.483972] NVMeVirt: [chmodel_init] bandwidth 800 max_credits 26 tx_time 152
[13319.490446] NVMeVirt: [chmodel_init] bandwidth 800 max_credits 26 tx_time 152
[13319.490459] NVMeVirt: [chmodel_init] bandwidth 3360 max_credits 110 tx_time 36
[13319.491769] NVMeVirt: Init FTL instance with 2 channels (524288 pages)
[13319.491770] NVMeVirt: GC victim policy: cat-fig7 k=4 scale_pct=25 age_ratio=16
[13319.498178] NVMeVirt: [chmodel_init] bandwidth 800 max_credits 26 tx_time 152
[13319.504571] NVMeVirt: [chmodel_init] bandwidth 800 max_credits 26 tx_time 152
[13319.504585] NVMeVirt: [chmodel_init] bandwidth 3360 max_credits 110 tx_time 36
[13319.505887] NVMeVirt: Init FTL instance with 2 channels (524288 pages)
[13319.505890] NVMeVirt: GC victim policy: cat-fig7 k=4 scale_pct=25 age_ratio=16
[13319.505893] NVMeVirt: FTL physical space: 8588886016, logical space: 8026996276 (physical/logical * 100 = 107)
[13319.505894] NVMeVirt: ns 0/1: size 7655 MiB
[13319.505937] PCI host bridge to bus 0001:10
[13319.505939] pci_bus 0001:10: root bus resource [io  0x0000-0xffff]
[13319.505942] pci_bus 0001:10: root bus resource [mem 0x00000000-0x3fffffffffff]
[13319.505944] pci_bus 0001:10: root bus resource [bus 00-ff]
[13319.505951] pci 0001:10:00.0: [0c51:0110] type 00 class 0x010802 PCIe Endpoint
[13319.505954] pci 0001:10:00.0: BAR 0 [mem 0x100000000-0x100003fff 64bit]
[13319.505957] pci 0001:10:00.0: enabling Extended Tags
[13319.506096] NVMeVirt: Virtual PCI bus created (node 0)
[13319.506643] NVMeVirt: nvmev_io_worker_0 started on cpu 2 (node 0)
[13319.506680] NVMeVirt: nvmev_dispatcher started on cpu 1 (node 0)
[13319.506920] nvme nvme1: pci function 0001:10:00.0
[13319.511533] nvme nvme1: 20/0/0 default/read/poll queues
[13319.514556] NVMeVirt: Virtual NVMe device created
[13320.575969] EXT4-fs (nvme1n1): mounted filesystem b1452303-fb80-4a81-88d9-0eaf4551db2d r/w with ordered data mode. Quota mode: none.
[13320.604796] iCAT_SQLITE_LOAD_START run=20260901-050916-37175
[13420.340286] iCAT_SQLITE_LOAD_END run=20260901-050916-37175
[13420.762753] sh (37302): drop_caches: 3
[13420.795245] iCAT_SQLITE_RUN_START run=20260901-050916-37175
[13424.388210] sh (37303): drop_caches: 3
[13428.438734] sh (37303): drop_caches: 3
[13432.491212] sh (37303): drop_caches: 3
[13436.542080] sh (37303): drop_caches: 3
[13440.593999] sh (37303): drop_caches: 3
[13444.638198] sh (37303): drop_caches: 3
[13448.683837] sh (37303): drop_caches: 3
[13452.736065] sh (37303): drop_caches: 3
[13456.790774] sh (37303): drop_caches: 3
[13460.844975] sh (37303): drop_caches: 3
[13464.896095] sh (37303): drop_caches: 3
[13468.946374] sh (37303): drop_caches: 3
[13472.995518] sh (37303): drop_caches: 3
[13477.045640] sh (37303): drop_caches: 3
[13481.098567] sh (37303): drop_caches: 3
[13485.150597] sh (37303): drop_caches: 3
[13489.201536] sh (37303): drop_caches: 3
[13493.250792] sh (37303): drop_caches: 3
[13497.302133] sh (37303): drop_caches: 3
[13501.352469] sh (37303): drop_caches: 3
[13505.401590] sh (37303): drop_caches: 3
[13509.448269] sh (37303): drop_caches: 3
[13513.495155] sh (37303): drop_caches: 3
[13517.547183] sh (37303): drop_caches: 3
[13521.600673] sh (37303): drop_caches: 3
[13525.652987] sh (37303): drop_caches: 3
[13529.704385] sh (37303): drop_caches: 3
[13533.756829] sh (37303): drop_caches: 3
[13537.812246] sh (37303): drop_caches: 3
[13541.866242] sh (37303): drop_caches: 3
[13545.915222] sh (37303): drop_caches: 3
[13549.966697] sh (37303): drop_caches: 3
[13554.013839] sh (37303): drop_caches: 3
[13558.067238] sh (37303): drop_caches: 3
[13562.118440] sh (37303): drop_caches: 3
[13566.169783] sh (37303): drop_caches: 3
[13570.220296] sh (37303): drop_caches: 3
[13574.273311] sh (37303): drop_caches: 3
[13578.318193] sh (37303): drop_caches: 3
[13582.370801] sh (37303): drop_caches: 3
[13586.421173] sh (37303): drop_caches: 3
[13590.473062] sh (37303): drop_caches: 3
[13594.515449] sh (37303): drop_caches: 3
[13598.564463] sh (37303): drop_caches: 3
[13602.616567] sh (37303): drop_caches: 3
[13606.670711] sh (37303): drop_caches: 3
[13610.719773] sh (37303): drop_caches: 3
[13614.772555] sh (37303): drop_caches: 3
[13618.825352] sh (37303): drop_caches: 3
[13622.881659] sh (37303): drop_caches: 3
[13626.935338] sh (37303): drop_caches: 3
[13630.984571] sh (37303): drop_caches: 3
[13635.026927] sh (37303): drop_caches: 3
[13639.076056] sh (37303): drop_caches: 3
[13643.127512] sh (37303): drop_caches: 3
[13647.176103] sh (37303): drop_caches: 3
[13651.224536] sh (37303): drop_caches: 3
[13655.273458] sh (37303): drop_caches: 3
[13659.323057] sh (37303): drop_caches: 3
[13663.374558] sh (37303): drop_caches: 3
[13667.424997] sh (37303): drop_caches: 3
[13671.481076] sh (37303): drop_caches: 3
[13675.523197] sh (37303): drop_caches: 3
[13679.571865] sh (37303): drop_caches: 3
[13683.620425] sh (37303): drop_caches: 3
[13687.666815] sh (37303): drop_caches: 3
[13691.717339] sh (37303): drop_caches: 3
[13695.769013] sh (37303): drop_caches: 3
[13699.818296] sh (37303): drop_caches: 3
[13703.871533] sh (37303): drop_caches: 3
[13707.923530] sh (37303): drop_caches: 3
[13711.975875] sh (37303): drop_caches: 3
[13716.027793] sh (37303): drop_caches: 3
[13720.078587] sh (37303): drop_caches: 3
[13724.129146] sh (37303): drop_caches: 3
[13728.179345] sh (37303): drop_caches: 3
[13732.230946] sh (37303): drop_caches: 3
[13736.280878] sh (37303): drop_caches: 3
[13740.330256] sh (37303): drop_caches: 3
[13744.375696] sh (37303): drop_caches: 3
[13748.423265] sh (37303): drop_caches: 3
[13752.473031] sh (37303): drop_caches: 3
[13756.524020] sh (37303): drop_caches: 3
[13760.573952] sh (37303): drop_caches: 3
[13764.625850] sh (37303): drop_caches: 3
[13768.669341] sh (37303): drop_caches: 3
[13772.717776] sh (37303): drop_caches: 3
[13776.768612] sh (37303): drop_caches: 3
[13780.821167] sh (37303): drop_caches: 3
[13784.873678] sh (37303): drop_caches: 3
[13788.926685] sh (37303): drop_caches: 3
[13792.977487] sh (37303): drop_caches: 3
[13797.029636] sh (37303): drop_caches: 3
[13801.081251] sh (37303): drop_caches: 3
[13805.127462] sh (37303): drop_caches: 3
[13809.177857] sh (37303): drop_caches: 3
[13813.227528] sh (37303): drop_caches: 3
[13817.276709] sh (37303): drop_caches: 3
[13821.325417] sh (37303): drop_caches: 3
[13825.374897] sh (37303): drop_caches: 3
[13829.424829] sh (37303): drop_caches: 3
[13833.477675] sh (37303): drop_caches: 3
[13837.529265] sh (37303): drop_caches: 3
[13841.581900] sh (37303): drop_caches: 3
[13845.634872] sh (37303): drop_caches: 3
[13849.679880] sh (37303): drop_caches: 3
[13853.730163] sh (37303): drop_caches: 3
[13857.779364] sh (37303): drop_caches: 3
[13861.828477] sh (37303): drop_caches: 3
[13865.883626] sh (37303): drop_caches: 3
[13869.933917] sh (37303): drop_caches: 3
[13873.987159] sh (37303): drop_caches: 3
[13878.031437] sh (37303): drop_caches: 3
[13882.082816] sh (37303): drop_caches: 3
[13886.130601] sh (37303): drop_caches: 3
[13890.182114] sh (37303): drop_caches: 3
[13894.231205] sh (37303): drop_caches: 3
[13898.280521] sh (37303): drop_caches: 3
[13902.332776] sh (37303): drop_caches: 3
[13906.381114] sh (37303): drop_caches: 3
[13910.430378] sh (37303): drop_caches: 3
[13914.484750] sh (37303): drop_caches: 3
[13918.532680] sh (37303): drop_caches: 3
[13922.584231] sh (37303): drop_caches: 3
[13926.636296] sh (37303): drop_caches: 3
[13930.685790] sh (37303): drop_caches: 3
[13934.728603] sh (37303): drop_caches: 3
[13938.778395] sh (37303): drop_caches: 3
[13942.830047] sh (37303): drop_caches: 3
[13946.877325] sh (37303): drop_caches: 3
[13950.925981] sh (37303): drop_caches: 3
[13954.972208] sh (37303): drop_caches: 3
[13959.024885] sh (37303): drop_caches: 3
[13963.076409] sh (37303): drop_caches: 3
[13967.127772] sh (37303): drop_caches: 3
[13971.180102] sh (37303): drop_caches: 3
[13975.230079] sh (37303): drop_caches: 3
[13979.281678] sh (37303): drop_caches: 3
[13983.334336] sh (37303): drop_caches: 3
[13987.383071] sh (37303): drop_caches: 3
[13991.433765] sh (37303): drop_caches: 3
[13995.486775] sh (37303): drop_caches: 3
[13999.537725] sh (37303): drop_caches: 3
[14003.587401] sh (37303): drop_caches: 3
[14007.629204] sh (37303): drop_caches: 3
[14011.674097] sh (37303): drop_caches: 3
[14015.725161] sh (37303): drop_caches: 3
[14019.769156] sh (37303): drop_caches: 3
[14023.819511] sh (37303): drop_caches: 3
[14027.870157] sh (37303): drop_caches: 3
[14031.918872] sh (37303): drop_caches: 3
[14035.972285] sh (37303): drop_caches: 3
[14040.022635] sh (37303): drop_caches: 3
[14044.068862] sh (37303): drop_caches: 3
[14044.116467] iCAT_SQLITE_RUN_END run=20260901-050916-37175
[14044.133324] EXT4-fs (nvme1n1): unmounting filesystem b1452303-fb80-4a81-88d9-0eaf4551db2d.
[14044.212550] pci_bus 0001:10: busn_res: [bus 10-ff] is released
[14044.212581] NVMeVirt: GC stats: policy=cat-fig7 host_pages=14702403 gc_pages=1138798 gc_count=247512 WAF=1.077 k=4 scale_pct=25 age_ratio=16
[14044.275913] NVMeVirt: Virtual NVMe device closed
