[ 8174.096899] NVMeVirt: Version 1.10 for >> Samsung 970 Pro SSD <<
[ 8174.096906] NVMeVirt: Storage: 0x100100000-0x300000000 (8191 MiB)
[ 8174.103670] NVMeVirt: Total Capacity(GiB,MiB)=2,2048 chs=2 luns=4 lines=8192 blk-size(MiB,KiB)=0,64 line-size(MiB,KiB)=0,256
[ 8174.117889] NVMeVirt: [chmodel_init] bandwidth 800 max_credits 26 tx_time 152
[ 8174.125625] NVMeVirt: [chmodel_init] bandwidth 800 max_credits 26 tx_time 152
[ 8174.125639] NVMeVirt: [chmodel_init] bandwidth 3360 max_credits 110 tx_time 36
[ 8174.126884] NVMeVirt: pqueue: Copyright (c) 2014, Volkan Yazıcı <volkan.yazici@gmail.com>. All rights reserved.
[ 8174.126921] NVMeVirt: Init FTL instance with 2 channels (524288 pages)
[ 8174.126922] NVMeVirt: GC victim policy: cat-fig7 k=2 scale_pct=200 age_ratio=7
[ 8174.133523] NVMeVirt: [chmodel_init] bandwidth 800 max_credits 26 tx_time 152
[ 8174.140015] NVMeVirt: [chmodel_init] bandwidth 800 max_credits 26 tx_time 152
[ 8174.140029] NVMeVirt: [chmodel_init] bandwidth 3360 max_credits 110 tx_time 36
[ 8174.141249] NVMeVirt: Init FTL instance with 2 channels (524288 pages)
[ 8174.141250] NVMeVirt: GC victim policy: cat-fig7 k=2 scale_pct=200 age_ratio=7
[ 8174.147720] NVMeVirt: [chmodel_init] bandwidth 800 max_credits 26 tx_time 152
[ 8174.154174] NVMeVirt: [chmodel_init] bandwidth 800 max_credits 26 tx_time 152
[ 8174.154188] NVMeVirt: [chmodel_init] bandwidth 3360 max_credits 110 tx_time 36
[ 8174.155430] NVMeVirt: Init FTL instance with 2 channels (524288 pages)
[ 8174.155431] NVMeVirt: GC victim policy: cat-fig7 k=2 scale_pct=200 age_ratio=7
[ 8174.162030] NVMeVirt: [chmodel_init] bandwidth 800 max_credits 26 tx_time 152
[ 8174.168493] NVMeVirt: [chmodel_init] bandwidth 800 max_credits 26 tx_time 152
[ 8174.168507] NVMeVirt: [chmodel_init] bandwidth 3360 max_credits 110 tx_time 36
[ 8174.169766] NVMeVirt: Init FTL instance with 2 channels (524288 pages)
[ 8174.169766] NVMeVirt: GC victim policy: cat-fig7 k=2 scale_pct=200 age_ratio=7
[ 8174.169771] NVMeVirt: FTL physical space: 8588886016, logical space: 8026996276 (physical/logical * 100 = 107)
[ 8174.169772] NVMeVirt: ns 0/1: size 7655 MiB
[ 8174.169811] PCI host bridge to bus 0001:10
[ 8174.169813] pci_bus 0001:10: root bus resource [io  0x0000-0xffff]
[ 8174.169815] pci_bus 0001:10: root bus resource [mem 0x00000000-0x3fffffffffff]
[ 8174.169817] pci_bus 0001:10: root bus resource [bus 00-ff]
[ 8174.169822] pci 0001:10:00.0: [0c51:0110] type 00 class 0x010802 PCIe Endpoint
[ 8174.169825] pci 0001:10:00.0: BAR 0 [mem 0x100000000-0x100003fff 64bit]
[ 8174.169827] pci 0001:10:00.0: enabling Extended Tags
[ 8174.169944] NVMeVirt: Virtual PCI bus created (node 0)
[ 8174.170391] NVMeVirt: nvmev_io_worker_0 started on cpu 2 (node 0)
[ 8174.170489] NVMeVirt: nvmev_dispatcher started on cpu 1 (node 0)
[ 8174.170600] nvme nvme1: pci function 0001:10:00.0
[ 8174.174625] nvme nvme1: 20/0/0 default/read/poll queues
[ 8174.178297] NVMeVirt: Virtual NVMe device created
[ 8175.241371] EXT4-fs (nvme1n1): mounted filesystem 004db7a8-242f-4834-bde3-f17c9d573e08 r/w with ordered data mode. Quota mode: none.
[ 8175.272169] iCAT_SQLITE_LOAD_START run=20260901-034331-33921
[ 8273.759755] iCAT_SQLITE_LOAD_END run=20260901-034331-33921
[ 8274.165823] sh (34051): drop_caches: 3
[ 8274.194895] iCAT_SQLITE_RUN_START run=20260901-034331-33921
[ 8277.806530] sh (34052): drop_caches: 3
[ 8281.855229] sh (34052): drop_caches: 3
[ 8285.902723] sh (34052): drop_caches: 3
[ 8289.952750] sh (34052): drop_caches: 3
[ 8294.002597] sh (34052): drop_caches: 3
[ 8298.044537] sh (34052): drop_caches: 3
[ 8302.094643] sh (34052): drop_caches: 3
[ 8306.143417] sh (34052): drop_caches: 3
[ 8310.193172] sh (34052): drop_caches: 3
[ 8314.243563] sh (34052): drop_caches: 3
[ 8318.296223] sh (34052): drop_caches: 3
[ 8322.347547] sh (34052): drop_caches: 3
[ 8326.396003] sh (34052): drop_caches: 3
[ 8330.445608] sh (34052): drop_caches: 3
[ 8334.498363] sh (34052): drop_caches: 3
[ 8338.542257] sh (34052): drop_caches: 3
[ 8342.592792] sh (34052): drop_caches: 3
[ 8346.644248] sh (34052): drop_caches: 3
[ 8350.692298] sh (34052): drop_caches: 3
[ 8354.744055] sh (34052): drop_caches: 3
[ 8358.793987] sh (34052): drop_caches: 3
[ 8362.844996] sh (34052): drop_caches: 3
[ 8366.895801] sh (34052): drop_caches: 3
[ 8370.947483] sh (34052): drop_caches: 3
[ 8375.002241] sh (34052): drop_caches: 3
[ 8379.051745] sh (34052): drop_caches: 3
[ 8383.102352] sh (34052): drop_caches: 3
[ 8387.154970] sh (34052): drop_caches: 3
[ 8391.203598] sh (34052): drop_caches: 3
[ 8395.253790] sh (34052): drop_caches: 3
[ 8399.305836] sh (34052): drop_caches: 3
[ 8403.357364] sh (34052): drop_caches: 3
[ 8407.407583] sh (34052): drop_caches: 3
[ 8411.460173] sh (34052): drop_caches: 3
[ 8415.507780] sh (34052): drop_caches: 3
[ 8419.561397] sh (34052): drop_caches: 3
[ 8423.614383] sh (34052): drop_caches: 3
[ 8427.662927] sh (34052): drop_caches: 3
[ 8431.707658] sh (34052): drop_caches: 3
[ 8435.757888] sh (34052): drop_caches: 3
[ 8439.811996] sh (34052): drop_caches: 3
[ 8443.864932] sh (34052): drop_caches: 3
[ 8447.909706] sh (34052): drop_caches: 3
[ 8451.957946] sh (34052): drop_caches: 3
[ 8456.012798] sh (34052): drop_caches: 3
[ 8460.065341] sh (34052): drop_caches: 3
[ 8464.115732] sh (34052): drop_caches: 3
[ 8468.166397] sh (34052): drop_caches: 3
[ 8472.209572] sh (34052): drop_caches: 3
[ 8476.263569] sh (34052): drop_caches: 3
[ 8480.314101] sh (34052): drop_caches: 3
[ 8484.358848] sh (34052): drop_caches: 3
[ 8488.407248] sh (34052): drop_caches: 3
[ 8492.455969] sh (34052): drop_caches: 3
[ 8496.504165] sh (34052): drop_caches: 3
[ 8500.554088] sh (34052): drop_caches: 3
[ 8504.605645] sh (34052): drop_caches: 3
[ 8508.656898] sh (34052): drop_caches: 3
[ 8512.701302] sh (34052): drop_caches: 3
[ 8516.753182] sh (34052): drop_caches: 3
[ 8520.801236] sh (34052): drop_caches: 3
[ 8524.852986] sh (34052): drop_caches: 3
[ 8528.903108] sh (34052): drop_caches: 3
[ 8532.955438] sh (34052): drop_caches: 3
[ 8537.005678] sh (34052): drop_caches: 3
[ 8541.057684] sh (34052): drop_caches: 3
[ 8545.108776] sh (34052): drop_caches: 3
[ 8549.157012] sh (34052): drop_caches: 3
[ 8553.206811] sh (34052): drop_caches: 3
[ 8557.252809] sh (34052): drop_caches: 3
[ 8561.304081] sh (34052): drop_caches: 3
[ 8565.353609] sh (34052): drop_caches: 3
[ 8569.405692] sh (34052): drop_caches: 3
[ 8573.454647] sh (34052): drop_caches: 3
[ 8577.506500] sh (34052): drop_caches: 3
[ 8581.559380] sh (34052): drop_caches: 3
[ 8585.610529] sh (34052): drop_caches: 3
[ 8589.665072] sh (34052): drop_caches: 3
[ 8593.713313] sh (34052): drop_caches: 3
[ 8597.761879] sh (34052): drop_caches: 3
[ 8601.814411] sh (34052): drop_caches: 3
[ 8605.862807] sh (34052): drop_caches: 3
[ 8609.914225] sh (34052): drop_caches: 3
[ 8613.965664] sh (34052): drop_caches: 3
[ 8618.017875] sh (34052): drop_caches: 3
[ 8622.061769] sh (34052): drop_caches: 3
[ 8626.110776] sh (34052): drop_caches: 3
[ 8630.161237] sh (34052): drop_caches: 3
[ 8634.213663] sh (34052): drop_caches: 3
[ 8638.265300] sh (34052): drop_caches: 3
[ 8642.313502] sh (34052): drop_caches: 3
[ 8646.361584] sh (34052): drop_caches: 3
[ 8650.409826] sh (34052): drop_caches: 3
[ 8654.457661] sh (34052): drop_caches: 3
[ 8658.500201] sh (34052): drop_caches: 3
[ 8662.556063] sh (34052): drop_caches: 3
[ 8666.606135] sh (34052): drop_caches: 3
[ 8670.665721] sh (34052): drop_caches: 3
[ 8674.717401] sh (34052): drop_caches: 3
[ 8678.772026] sh (34052): drop_caches: 3
[ 8682.825289] sh (34052): drop_caches: 3
[ 8686.874186] sh (34052): drop_caches: 3
[ 8690.925361] sh (34052): drop_caches: 3
[ 8694.975528] sh (34052): drop_caches: 3
[ 8699.024773] sh (34052): drop_caches: 3
[ 8703.070453] sh (34052): drop_caches: 3
[ 8707.118545] sh (34052): drop_caches: 3
[ 8711.169329] sh (34052): drop_caches: 3
[ 8715.219886] sh (34052): drop_caches: 3
[ 8719.270242] sh (34052): drop_caches: 3
[ 8723.319436] sh (34052): drop_caches: 3
[ 8727.370480] sh (34052): drop_caches: 3
[ 8731.422489] sh (34052): drop_caches: 3
[ 8735.470925] sh (34052): drop_caches: 3
[ 8739.516247] sh (34052): drop_caches: 3
[ 8743.560603] sh (34052): drop_caches: 3
[ 8747.605168] sh (34052): drop_caches: 3
[ 8751.656690] sh (34052): drop_caches: 3
[ 8755.699705] sh (34052): drop_caches: 3
[ 8759.751905] sh (34052): drop_caches: 3
[ 8763.801961] sh (34052): drop_caches: 3
[ 8767.849975] sh (34052): drop_caches: 3
[ 8771.901379] sh (34052): drop_caches: 3
[ 8775.953438] sh (34052): drop_caches: 3
[ 8780.007341] sh (34052): drop_caches: 3
[ 8784.056193] sh (34052): drop_caches: 3
[ 8788.108676] sh (34052): drop_caches: 3
[ 8792.157105] sh (34052): drop_caches: 3
[ 8796.205236] sh (34052): drop_caches: 3
[ 8800.255753] sh (34052): drop_caches: 3
[ 8804.307406] sh (34052): drop_caches: 3
[ 8808.361930] sh (34052): drop_caches: 3
[ 8812.415390] sh (34052): drop_caches: 3
[ 8816.463671] sh (34052): drop_caches: 3
[ 8820.519865] sh (34052): drop_caches: 3
[ 8824.564756] sh (34052): drop_caches: 3
[ 8828.616786] sh (34052): drop_caches: 3
[ 8832.661561] sh (34052): drop_caches: 3
[ 8836.709649] sh (34052): drop_caches: 3
[ 8840.758863] sh (34052): drop_caches: 3
[ 8844.811051] sh (34052): drop_caches: 3
[ 8848.862725] sh (34052): drop_caches: 3
[ 8852.911538] sh (34052): drop_caches: 3
[ 8856.960833] sh (34052): drop_caches: 3
[ 8861.012093] sh (34052): drop_caches: 3
[ 8865.063648] sh (34052): drop_caches: 3
[ 8869.111659] sh (34052): drop_caches: 3
[ 8873.165668] sh (34052): drop_caches: 3
[ 8877.214902] sh (34052): drop_caches: 3
[ 8881.266184] sh (34052): drop_caches: 3
[ 8885.316447] sh (34052): drop_caches: 3
[ 8889.368038] sh (34052): drop_caches: 3
[ 8893.416229] sh (34052): drop_caches: 3
[ 8897.469619] sh (34052): drop_caches: 3
[ 8901.517743] sh (34052): drop_caches: 3
[ 8905.570889] sh (34052): drop_caches: 3
[ 8909.617735] sh (34052): drop_caches: 3
[ 8909.665403] iCAT_SQLITE_RUN_END run=20260901-034331-33921
[ 8909.685992] EXT4-fs (nvme1n1): unmounting filesystem 004db7a8-242f-4834-bde3-f17c9d573e08.
[ 8909.765441] pci_bus 0001:10: busn_res: [bus 10-ff] is released
[ 8909.765480] NVMeVirt: GC stats: policy=cat-fig7 host_pages=14698995 gc_pages=4119971 gc_count=294039 WAF=1.280 k=2 scale_pct=200 age_ratio=7
[ 8909.838046] NVMeVirt: Virtual NVMe device closed
