[32344.130854] NVMeVirt: Version 1.10 for >> Samsung 970 Pro SSD <<
[32344.130862] NVMeVirt: Storage: 0x100100000-0x300000000 (8191 MiB)
[32344.136454] NVMeVirt: Total Capacity(GiB,MiB)=2,2048 chs=2 luns=4 lines=8192 blk-size(MiB,KiB)=0,64 line-size(MiB,KiB)=0,256
[32344.144707] NVMeVirt: [chmodel_init] bandwidth 800 max_credits 26 tx_time 152
[32344.156361] NVMeVirt: [chmodel_init] bandwidth 800 max_credits 26 tx_time 152
[32344.156378] NVMeVirt: [chmodel_init] bandwidth 3360 max_credits 110 tx_time 36
[32344.157664] NVMeVirt: pqueue: Copyright (c) 2014, Volkan Yazıcı <volkan.yazici@gmail.com>. All rights reserved.
[32344.157702] NVMeVirt: Init FTL instance with 2 channels (524288 pages)
[32344.157703] NVMeVirt: GC victim policy: cat-fig7 k=7 scale_pct=400 age_ratio=7
[32344.164354] NVMeVirt: [chmodel_init] bandwidth 800 max_credits 26 tx_time 152
[32344.170914] NVMeVirt: [chmodel_init] bandwidth 800 max_credits 26 tx_time 152
[32344.170928] NVMeVirt: [chmodel_init] bandwidth 3360 max_credits 110 tx_time 36
[32344.172147] NVMeVirt: Init FTL instance with 2 channels (524288 pages)
[32344.172148] NVMeVirt: GC victim policy: cat-fig7 k=7 scale_pct=400 age_ratio=7
[32344.178610] NVMeVirt: [chmodel_init] bandwidth 800 max_credits 26 tx_time 152
[32344.185055] NVMeVirt: [chmodel_init] bandwidth 800 max_credits 26 tx_time 152
[32344.185069] NVMeVirt: [chmodel_init] bandwidth 3360 max_credits 110 tx_time 36
[32344.186319] NVMeVirt: Init FTL instance with 2 channels (524288 pages)
[32344.186320] NVMeVirt: GC victim policy: cat-fig7 k=7 scale_pct=400 age_ratio=7
[32344.192730] NVMeVirt: [chmodel_init] bandwidth 800 max_credits 26 tx_time 152
[32344.199090] NVMeVirt: [chmodel_init] bandwidth 800 max_credits 26 tx_time 152
[32344.199103] NVMeVirt: [chmodel_init] bandwidth 3360 max_credits 110 tx_time 36
[32344.200352] NVMeVirt: Init FTL instance with 2 channels (524288 pages)
[32344.200353] NVMeVirt: GC victim policy: cat-fig7 k=7 scale_pct=400 age_ratio=7
[32344.200357] NVMeVirt: FTL physical space: 8588886016, logical space: 8026996276 (physical/logical * 100 = 107)
[32344.200358] NVMeVirt: ns 0/1: size 7655 MiB
[32344.200400] PCI host bridge to bus 0001:10
[32344.200401] pci_bus 0001:10: root bus resource [io  0x0000-0xffff]
[32344.200404] pci_bus 0001:10: root bus resource [mem 0x00000000-0x3fffffffffff]
[32344.200405] pci_bus 0001:10: root bus resource [bus 00-ff]
[32344.200411] pci 0001:10:00.0: [0c51:0110] type 00 class 0x010802 PCIe Endpoint
[32344.200414] pci 0001:10:00.0: BAR 0 [mem 0x100000000-0x100003fff 64bit]
[32344.200416] pci 0001:10:00.0: enabling Extended Tags
[32344.200526] NVMeVirt: Virtual PCI bus created (node 0)
[32344.201052] NVMeVirt: nvmev_io_worker_0 started on cpu 2 (node 0)
[32344.201113] NVMeVirt: nvmev_dispatcher started on cpu 1 (node 0)
[32344.201331] nvme nvme1: pci function 0001:10:00.0
[32344.204476] nvme nvme1: 20/0/0 default/read/poll queues
[32344.208563] NVMeVirt: Virtual NVMe device created
[32345.270005] EXT4-fs (nvme1n1): mounted filesystem 79ea5d4f-2144-4285-89c5-08dce089ab28 r/w with ordered data mode. Quota mode: none.
[32345.302562] iCAT_SQLITE_LOAD_START run=20260901-102621-61667
[32445.784845] iCAT_SQLITE_LOAD_END run=20260901-102621-61667
[32446.194044] sh (62252): drop_caches: 3
[32446.228459] iCAT_SQLITE_RUN_START run=20260901-102621-61667
[32449.831256] sh (62251): drop_caches: 3
[32453.881551] sh (62251): drop_caches: 3
[32457.921680] sh (62251): drop_caches: 3
[32461.974150] sh (62251): drop_caches: 3
[32466.026758] sh (62251): drop_caches: 3
[32470.072083] sh (62251): drop_caches: 3
[32474.122023] sh (62251): drop_caches: 3
[32478.170846] sh (62251): drop_caches: 3
[32482.221011] sh (62251): drop_caches: 3
[32486.273539] sh (62251): drop_caches: 3
[32490.322210] sh (62251): drop_caches: 3
[32494.373668] sh (62251): drop_caches: 3
[32498.424041] sh (62251): drop_caches: 3
[32502.478840] sh (62251): drop_caches: 3
[32506.532489] sh (62251): drop_caches: 3
[32510.579148] sh (62251): drop_caches: 3
[32514.630263] sh (62251): drop_caches: 3
[32518.673044] sh (62251): drop_caches: 3
[32522.717604] sh (62251): drop_caches: 3
[32526.762046] sh (62251): drop_caches: 3
[32530.813236] sh (62251): drop_caches: 3
[32534.860739] sh (62251): drop_caches: 3
[32538.907604] sh (62251): drop_caches: 3
[32542.952272] sh (62251): drop_caches: 3
[32547.001038] sh (62251): drop_caches: 3
[32551.051487] sh (62251): drop_caches: 3
[32555.098561] sh (62251): drop_caches: 3
[32559.148070] sh (62251): drop_caches: 3
[32563.194025] sh (62251): drop_caches: 3
[32567.243845] sh (62251): drop_caches: 3
[32571.295728] sh (62251): drop_caches: 3
[32575.346426] sh (62251): drop_caches: 3
[32579.395316] sh (62251): drop_caches: 3
[32583.445042] sh (62251): drop_caches: 3
[32587.488603] sh (62251): drop_caches: 3
[32591.538394] sh (62251): drop_caches: 3
[32595.591222] sh (62251): drop_caches: 3
[32599.642141] sh (62251): drop_caches: 3
[32603.691197] sh (62251): drop_caches: 3
[32607.740168] sh (62251): drop_caches: 3
[32611.789352] sh (62251): drop_caches: 3
[32615.842871] sh (62251): drop_caches: 3
[32619.894070] sh (62251): drop_caches: 3
[32623.937068] sh (62251): drop_caches: 3
[32627.982247] sh (62251): drop_caches: 3
[32632.032093] sh (62251): drop_caches: 3
[32636.085865] sh (62251): drop_caches: 3
[32640.137497] sh (62251): drop_caches: 3
[32644.190953] sh (62251): drop_caches: 3
[32648.241840] sh (62251): drop_caches: 3
[32652.293393] sh (62251): drop_caches: 3
[32656.344165] sh (62251): drop_caches: 3
[32660.398880] sh (62251): drop_caches: 3
[32664.450846] sh (62251): drop_caches: 3
[32668.496270] sh (62251): drop_caches: 3
[32672.546560] sh (62251): drop_caches: 3
[32676.597886] sh (62251): drop_caches: 3
[32680.647139] sh (62251): drop_caches: 3
[32684.702206] sh (62251): drop_caches: 3
[32688.752212] sh (62251): drop_caches: 3
[32692.805463] sh (62251): drop_caches: 3
[32696.856704] sh (62251): drop_caches: 3
[32700.908282] sh (62251): drop_caches: 3
[32704.961735] sh (62251): drop_caches: 3
[32709.011167] sh (62251): drop_caches: 3
[32713.065188] sh (62251): drop_caches: 3
[32717.117767] sh (62251): drop_caches: 3
[32721.171340] sh (62251): drop_caches: 3
[32725.223906] sh (62251): drop_caches: 3
[32729.276176] sh (62251): drop_caches: 3
[32733.325396] sh (62251): drop_caches: 3
[32737.380477] sh (62251): drop_caches: 3
[32741.430532] sh (62251): drop_caches: 3
[32745.474717] sh (62251): drop_caches: 3
[32749.526183] sh (62251): drop_caches: 3
[32753.575404] sh (62251): drop_caches: 3
[32757.631044] sh (62251): drop_caches: 3
[32761.683705] sh (62251): drop_caches: 3
[32765.725075] sh (62251): drop_caches: 3
[32769.774316] sh (62251): drop_caches: 3
[32773.819472] sh (62251): drop_caches: 3
[32777.866343] sh (62251): drop_caches: 3
[32781.917526] sh (62251): drop_caches: 3
[32785.969528] sh (62251): drop_caches: 3
[32790.020986] sh (62251): drop_caches: 3
[32794.072148] sh (62251): drop_caches: 3
[32798.116268] sh (62251): drop_caches: 3
[32802.165222] sh (62251): drop_caches: 3
[32806.219420] sh (62251): drop_caches: 3
[32810.269539] sh (62251): drop_caches: 3
[32814.317447] sh (62251): drop_caches: 3
[32818.370264] sh (62251): drop_caches: 3
[32822.419080] sh (62251): drop_caches: 3
[32826.474186] sh (62251): drop_caches: 3
[32830.520844] sh (62251): drop_caches: 3
[32834.573583] sh (62251): drop_caches: 3
[32838.616987] sh (62251): drop_caches: 3
[32842.671090] sh (62251): drop_caches: 3
[32846.719635] sh (62251): drop_caches: 3
[32850.771992] sh (62251): drop_caches: 3
[32854.822036] sh (62251): drop_caches: 3
[32858.871719] sh (62251): drop_caches: 3
[32862.914842] sh (62251): drop_caches: 3
[32866.968090] sh (62251): drop_caches: 3
[32871.019221] sh (62251): drop_caches: 3
[32875.068063] sh (62251): drop_caches: 3
[32879.119711] sh (62251): drop_caches: 3
[32883.171379] sh (62251): drop_caches: 3
[32887.224121] sh (62251): drop_caches: 3
[32891.272742] sh (62251): drop_caches: 3
[32895.314965] sh (62251): drop_caches: 3
[32899.359916] sh (62251): drop_caches: 3
[32903.412782] sh (62251): drop_caches: 3
[32907.456354] sh (62251): drop_caches: 3
[32911.503527] sh (62251): drop_caches: 3
[32915.551782] sh (62251): drop_caches: 3
[32919.603185] sh (62251): drop_caches: 3
[32923.656341] sh (62251): drop_caches: 3
[32927.706614] sh (62251): drop_caches: 3
[32931.757137] sh (62251): drop_caches: 3
[32935.807794] sh (62251): drop_caches: 3
[32939.857882] sh (62251): drop_caches: 3
[32943.910508] sh (62251): drop_caches: 3
[32947.951654] sh (62251): drop_caches: 3
[32951.994777] sh (62251): drop_caches: 3
[32956.045680] sh (62251): drop_caches: 3
[32960.093472] sh (62251): drop_caches: 3
[32964.143042] sh (62251): drop_caches: 3
[32968.190860] sh (62251): drop_caches: 3
[32972.244906] sh (62251): drop_caches: 3
[32976.298466] sh (62251): drop_caches: 3
[32980.351587] sh (62251): drop_caches: 3
[32984.400632] sh (62251): drop_caches: 3
[32988.444950] sh (62251): drop_caches: 3
[32992.489102] sh (62251): drop_caches: 3
[32996.544133] sh (62251): drop_caches: 3
[33000.593099] sh (62251): drop_caches: 3
[33004.644509] sh (62251): drop_caches: 3
[33008.695384] sh (62251): drop_caches: 3
[33012.749214] sh (62251): drop_caches: 3
[33016.792795] sh (62251): drop_caches: 3
[33020.841390] sh (62251): drop_caches: 3
[33024.890651] sh (62251): drop_caches: 3
[33028.943299] sh (62251): drop_caches: 3
[33032.987799] sh (62251): drop_caches: 3
[33037.036017] sh (62251): drop_caches: 3
[33041.081066] sh (62251): drop_caches: 3
[33045.133064] sh (62251): drop_caches: 3
[33049.184354] sh (62251): drop_caches: 3
[33053.237496] sh (62251): drop_caches: 3
[33057.286700] sh (62251): drop_caches: 3
[33061.334917] sh (62251): drop_caches: 3
[33065.383662] sh (62251): drop_caches: 3
[33069.430169] sh (62251): drop_caches: 3
[33073.481624] sh (62251): drop_caches: 3
[33077.530286] sh (62251): drop_caches: 3
[33081.561946] sh (62251): drop_caches: 3
[33081.608830] iCAT_SQLITE_RUN_END run=20260901-102621-61667
[33081.629818] EXT4-fs (nvme1n1): unmounting filesystem 79ea5d4f-2144-4285-89c5-08dce089ab28.
[33081.716793] pci_bus 0001:10: busn_res: [bus 10-ff] is released
[33081.716830] NVMeVirt: GC stats: policy=cat-fig7 host_pages=14693998 gc_pages=3005538 gc_count=276548 WAF=1.204 k=7 scale_pct=400 age_ratio=7
[33081.778448] NVMeVirt: Virtual NVMe device closed
