[ 7437.238652] NVMeVirt: Version 1.10 for >> Samsung 970 Pro SSD <<
[ 7437.238661] NVMeVirt: Storage: 0x100100000-0x300000000 (8191 MiB)
[ 7437.245811] NVMeVirt: Total Capacity(GiB,MiB)=2,2048 chs=2 luns=4 lines=8192 blk-size(MiB,KiB)=0,64 line-size(MiB,KiB)=0,256
[ 7437.258986] NVMeVirt: [chmodel_init] bandwidth 800 max_credits 26 tx_time 152
[ 7437.265916] NVMeVirt: [chmodel_init] bandwidth 800 max_credits 26 tx_time 152
[ 7437.265931] NVMeVirt: [chmodel_init] bandwidth 3360 max_credits 110 tx_time 36
[ 7437.267135] NVMeVirt: pqueue: Copyright (c) 2014, Volkan Yazıcı <volkan.yazici@gmail.com>. All rights reserved.
[ 7437.267172] NVMeVirt: Init FTL instance with 2 channels (524288 pages)
[ 7437.267173] NVMeVirt: GC victim policy: cat-fig7 k=2 scale_pct=200 age_ratio=4
[ 7437.273736] NVMeVirt: [chmodel_init] bandwidth 800 max_credits 26 tx_time 152
[ 7437.280281] NVMeVirt: [chmodel_init] bandwidth 800 max_credits 26 tx_time 152
[ 7437.280295] NVMeVirt: [chmodel_init] bandwidth 3360 max_credits 110 tx_time 36
[ 7437.281561] NVMeVirt: Init FTL instance with 2 channels (524288 pages)
[ 7437.281562] NVMeVirt: GC victim policy: cat-fig7 k=2 scale_pct=200 age_ratio=4
[ 7437.288045] NVMeVirt: [chmodel_init] bandwidth 800 max_credits 26 tx_time 152
[ 7437.294471] NVMeVirt: [chmodel_init] bandwidth 800 max_credits 26 tx_time 152
[ 7437.294484] NVMeVirt: [chmodel_init] bandwidth 3360 max_credits 110 tx_time 36
[ 7437.295721] NVMeVirt: Init FTL instance with 2 channels (524288 pages)
[ 7437.295722] NVMeVirt: GC victim policy: cat-fig7 k=2 scale_pct=200 age_ratio=4
[ 7437.302156] NVMeVirt: [chmodel_init] bandwidth 800 max_credits 26 tx_time 152
[ 7437.308685] NVMeVirt: [chmodel_init] bandwidth 800 max_credits 26 tx_time 152
[ 7437.308699] NVMeVirt: [chmodel_init] bandwidth 3360 max_credits 110 tx_time 36
[ 7437.309923] NVMeVirt: Init FTL instance with 2 channels (524288 pages)
[ 7437.309924] NVMeVirt: GC victim policy: cat-fig7 k=2 scale_pct=200 age_ratio=4
[ 7437.309928] NVMeVirt: FTL physical space: 8588886016, logical space: 8026996276 (physical/logical * 100 = 107)
[ 7437.309929] NVMeVirt: ns 0/1: size 7655 MiB
[ 7437.309970] PCI host bridge to bus 0001:10
[ 7437.309971] pci_bus 0001:10: root bus resource [io  0x0000-0xffff]
[ 7437.309973] pci_bus 0001:10: root bus resource [mem 0x00000000-0x3fffffffffff]
[ 7437.309975] pci_bus 0001:10: root bus resource [bus 00-ff]
[ 7437.309980] pci 0001:10:00.0: [0c51:0110] type 00 class 0x010802 PCIe Endpoint
[ 7437.309983] pci 0001:10:00.0: BAR 0 [mem 0x100000000-0x100003fff 64bit]
[ 7437.309984] pci 0001:10:00.0: enabling Extended Tags
[ 7437.310092] NVMeVirt: Virtual PCI bus created (node 0)
[ 7437.310661] NVMeVirt: nvmev_io_worker_0 started on cpu 2 (node 0)
[ 7437.310748] NVMeVirt: nvmev_dispatcher started on cpu 1 (node 0)
[ 7437.310893] nvme nvme1: pci function 0001:10:00.0
[ 7437.314989] nvme nvme1: 20/0/0 default/read/poll queues
[ 7437.318522] NVMeVirt: Virtual NVMe device created
[ 7438.380801] EXT4-fs (nvme1n1): mounted filesystem 516e59f6-e747-4f2a-9761-bec8ebc0788f r/w with ordered data mode. Quota mode: none.
[ 7438.411732] iCAT_SQLITE_LOAD_START run=20260901-033114-33527
[ 7537.886248] iCAT_SQLITE_LOAD_END run=20260901-033114-33527
[ 7538.307554] sh (33654): drop_caches: 3
[ 7538.341519] iCAT_SQLITE_RUN_START run=20260901-033114-33527
[ 7541.933629] sh (33653): drop_caches: 3
[ 7545.986262] sh (33653): drop_caches: 3
[ 7550.037638] sh (33653): drop_caches: 3
[ 7554.079955] sh (33653): drop_caches: 3
[ 7558.131758] sh (33653): drop_caches: 3
[ 7562.185420] sh (33653): drop_caches: 3
[ 7566.236899] sh (33653): drop_caches: 3
[ 7570.287517] sh (33653): drop_caches: 3
[ 7574.335709] sh (33653): drop_caches: 3
[ 7578.383766] sh (33653): drop_caches: 3
[ 7582.433147] sh (33653): drop_caches: 3
[ 7586.482665] sh (33653): drop_caches: 3
[ 7590.536572] sh (33653): drop_caches: 3
[ 7594.585636] sh (33653): drop_caches: 3
[ 7598.635597] sh (33653): drop_caches: 3
[ 7602.681068] sh (33653): drop_caches: 3
[ 7606.732924] sh (33653): drop_caches: 3
[ 7610.784474] sh (33653): drop_caches: 3
[ 7614.835454] sh (33653): drop_caches: 3
[ 7618.886944] sh (33653): drop_caches: 3
[ 7622.935600] sh (33653): drop_caches: 3
[ 7626.978054] sh (33653): drop_caches: 3
[ 7631.021857] sh (33653): drop_caches: 3
[ 7635.074686] sh (33653): drop_caches: 3
[ 7639.120830] sh (33653): drop_caches: 3
[ 7643.172225] sh (33653): drop_caches: 3
[ 7647.221706] sh (33653): drop_caches: 3
[ 7651.269472] sh (33653): drop_caches: 3
[ 7655.316874] sh (33653): drop_caches: 3
[ 7659.364780] sh (33653): drop_caches: 3
[ 7663.415087] sh (33653): drop_caches: 3
[ 7667.464434] sh (33653): drop_caches: 3
[ 7671.517621] sh (33653): drop_caches: 3
[ 7675.569278] sh (33653): drop_caches: 3
[ 7679.621972] sh (33653): drop_caches: 3
[ 7683.673426] sh (33653): drop_caches: 3
[ 7687.719323] sh (33653): drop_caches: 3
[ 7691.771279] sh (33653): drop_caches: 3
[ 7695.820782] sh (33653): drop_caches: 3
[ 7699.868938] sh (33653): drop_caches: 3
[ 7703.921633] sh (33653): drop_caches: 3
[ 7707.970675] sh (33653): drop_caches: 3
[ 7712.024308] sh (33653): drop_caches: 3
[ 7716.074203] sh (33653): drop_caches: 3
[ 7720.127633] sh (33653): drop_caches: 3
[ 7724.178700] sh (33653): drop_caches: 3
[ 7728.230897] sh (33653): drop_caches: 3
[ 7732.281553] sh (33653): drop_caches: 3
[ 7736.330953] sh (33653): drop_caches: 3
[ 7740.383261] sh (33653): drop_caches: 3
[ 7744.432582] sh (33653): drop_caches: 3
[ 7748.483010] sh (33653): drop_caches: 3
[ 7752.531317] sh (33653): drop_caches: 3
[ 7756.579558] sh (33653): drop_caches: 3
[ 7760.628870] sh (33653): drop_caches: 3
[ 7764.677397] sh (33653): drop_caches: 3
[ 7768.721935] sh (33653): drop_caches: 3
[ 7772.774184] sh (33653): drop_caches: 3
[ 7776.825059] sh (33653): drop_caches: 3
[ 7780.875088] sh (33653): drop_caches: 3
[ 7784.924413] sh (33653): drop_caches: 3
[ 7788.973608] sh (33653): drop_caches: 3
[ 7793.023835] sh (33653): drop_caches: 3
[ 7797.076963] sh (33653): drop_caches: 3
[ 7801.121490] sh (33653): drop_caches: 3
[ 7805.170293] sh (33653): drop_caches: 3
[ 7809.218733] sh (33653): drop_caches: 3
[ 7813.267475] sh (33653): drop_caches: 3
[ 7817.318273] sh (33653): drop_caches: 3
[ 7821.368408] sh (33653): drop_caches: 3
[ 7825.422961] sh (33653): drop_caches: 3
[ 7829.472175] sh (33653): drop_caches: 3
[ 7833.522010] sh (33653): drop_caches: 3
[ 7837.573054] sh (33653): drop_caches: 3
[ 7841.624153] sh (33653): drop_caches: 3
[ 7845.672899] sh (33653): drop_caches: 3
[ 7849.720813] sh (33653): drop_caches: 3
[ 7853.769946] sh (33653): drop_caches: 3
[ 7857.821066] sh (33653): drop_caches: 3
[ 7861.871177] sh (33653): drop_caches: 3
[ 7865.920249] sh (33653): drop_caches: 3
[ 7869.977961] sh (33653): drop_caches: 3
[ 7874.022443] sh (33653): drop_caches: 3
[ 7878.066144] sh (33653): drop_caches: 3
[ 7882.114701] sh (33653): drop_caches: 3
[ 7886.161868] sh (33653): drop_caches: 3
[ 7890.210369] sh (33653): drop_caches: 3
[ 7894.260328] sh (33653): drop_caches: 3
[ 7898.313278] sh (33653): drop_caches: 3
[ 7902.363448] sh (33653): drop_caches: 3
[ 7906.409775] sh (33653): drop_caches: 3
[ 7910.455024] sh (33653): drop_caches: 3
[ 7914.504889] sh (33653): drop_caches: 3
[ 7918.555462] sh (33653): drop_caches: 3
[ 7922.597993] sh (33653): drop_caches: 3
[ 7926.650170] sh (33653): drop_caches: 3
[ 7930.698530] sh (33653): drop_caches: 3
[ 7934.751346] sh (33653): drop_caches: 3
[ 7938.802167] sh (33653): drop_caches: 3
[ 7942.851945] sh (33653): drop_caches: 3
[ 7946.900921] sh (33653): drop_caches: 3
[ 7950.953074] sh (33653): drop_caches: 3
[ 7955.004358] sh (33653): drop_caches: 3
[ 7959.056732] sh (33653): drop_caches: 3
[ 7963.108649] sh (33653): drop_caches: 3
[ 7967.160453] sh (33653): drop_caches: 3
[ 7971.212092] sh (33653): drop_caches: 3
[ 7975.264990] sh (33653): drop_caches: 3
[ 7979.317504] sh (33653): drop_caches: 3
[ 7983.369937] sh (33653): drop_caches: 3
[ 7987.421078] sh (33653): drop_caches: 3
[ 7991.469922] sh (33653): drop_caches: 3
[ 7995.519360] sh (33653): drop_caches: 3
[ 7999.568665] sh (33653): drop_caches: 3
[ 8003.619717] sh (33653): drop_caches: 3
[ 8007.663112] sh (33653): drop_caches: 3
[ 8011.708458] sh (33653): drop_caches: 3
[ 8015.761412] sh (33653): drop_caches: 3
[ 8019.814506] sh (33653): drop_caches: 3
[ 8023.864349] sh (33653): drop_caches: 3
[ 8027.917156] sh (33653): drop_caches: 3
[ 8031.966449] sh (33653): drop_caches: 3
[ 8036.016002] sh (33653): drop_caches: 3
[ 8040.064257] sh (33653): drop_caches: 3
[ 8044.106290] sh (33653): drop_caches: 3
[ 8048.158857] sh (33653): drop_caches: 3
[ 8052.208816] sh (33653): drop_caches: 3
[ 8056.251815] sh (33653): drop_caches: 3
[ 8060.304396] sh (33653): drop_caches: 3
[ 8064.355049] sh (33653): drop_caches: 3
[ 8068.403625] sh (33653): drop_caches: 3
[ 8072.454385] sh (33653): drop_caches: 3
[ 8076.500530] sh (33653): drop_caches: 3
[ 8080.551863] sh (33653): drop_caches: 3
[ 8084.597603] sh (33653): drop_caches: 3
[ 8088.649397] sh (33653): drop_caches: 3
[ 8092.694793] sh (33653): drop_caches: 3
[ 8096.743689] sh (33653): drop_caches: 3
[ 8100.796616] sh (33653): drop_caches: 3
[ 8104.848769] sh (33653): drop_caches: 3
[ 8108.900146] sh (33653): drop_caches: 3
[ 8112.951280] sh (33653): drop_caches: 3
[ 8117.002259] sh (33653): drop_caches: 3
[ 8121.051147] sh (33653): drop_caches: 3
[ 8125.102197] sh (33653): drop_caches: 3
[ 8129.145582] sh (33653): drop_caches: 3
[ 8133.188284] sh (33653): drop_caches: 3
[ 8137.238927] sh (33653): drop_caches: 3
[ 8141.293962] sh (33653): drop_caches: 3
[ 8145.347974] sh (33653): drop_caches: 3
[ 8149.399939] sh (33653): drop_caches: 3
[ 8153.454622] sh (33653): drop_caches: 3
[ 8157.507592] sh (33653): drop_caches: 3
[ 8161.550881] sh (33653): drop_caches: 3
[ 8165.602393] sh (33653): drop_caches: 3
[ 8169.650753] sh (33653): drop_caches: 3
[ 8173.699876] sh (33653): drop_caches: 3
[ 8173.749071] iCAT_SQLITE_RUN_END run=20260901-033114-33527
[ 8173.768750] EXT4-fs (nvme1n1): unmounting filesystem 516e59f6-e747-4f2a-9761-bec8ebc0788f.
[ 8173.855401] pci_bus 0001:10: busn_res: [bus 10-ff] is released
[ 8173.855430] NVMeVirt: GC stats: policy=cat-fig7 host_pages=14704814 gc_pages=4132691 gc_count=294329 WAF=1.281 k=2 scale_pct=200 age_ratio=4
[ 8173.918519] NVMeVirt: Virtual NVMe device closed
