[12590.533693] NVMeVirt: Version 1.10 for >> Samsung 970 Pro SSD <<
[12590.533698] NVMeVirt: Storage: 0x100100000-0x300000000 (8191 MiB)
[12590.539445] NVMeVirt: Total Capacity(GiB,MiB)=2,2048 chs=2 luns=4 lines=8192 blk-size(MiB,KiB)=0,64 line-size(MiB,KiB)=0,256
[12590.549540] NVMeVirt: [chmodel_init] bandwidth 800 max_credits 26 tx_time 152
[12590.556300] NVMeVirt: [chmodel_init] bandwidth 800 max_credits 26 tx_time 152
[12590.556314] NVMeVirt: [chmodel_init] bandwidth 3360 max_credits 110 tx_time 36
[12590.557525] NVMeVirt: pqueue: Copyright (c) 2014, Volkan Yazıcı <volkan.yazici@gmail.com>. All rights reserved.
[12590.557563] NVMeVirt: Init FTL instance with 2 channels (524288 pages)
[12590.557564] NVMeVirt: GC victim policy: cat-fig7 k=4 scale_pct=25 age_ratio=7
[12590.564179] NVMeVirt: [chmodel_init] bandwidth 800 max_credits 26 tx_time 152
[12590.570584] NVMeVirt: [chmodel_init] bandwidth 800 max_credits 26 tx_time 152
[12590.570598] NVMeVirt: [chmodel_init] bandwidth 3360 max_credits 110 tx_time 36
[12590.571826] NVMeVirt: Init FTL instance with 2 channels (524288 pages)
[12590.571827] NVMeVirt: GC victim policy: cat-fig7 k=4 scale_pct=25 age_ratio=7
[12590.578266] NVMeVirt: [chmodel_init] bandwidth 800 max_credits 26 tx_time 152
[12590.584718] NVMeVirt: [chmodel_init] bandwidth 800 max_credits 26 tx_time 152
[12590.584731] NVMeVirt: [chmodel_init] bandwidth 3360 max_credits 110 tx_time 36
[12590.585984] NVMeVirt: Init FTL instance with 2 channels (524288 pages)
[12590.585985] NVMeVirt: GC victim policy: cat-fig7 k=4 scale_pct=25 age_ratio=7
[12590.592411] NVMeVirt: [chmodel_init] bandwidth 800 max_credits 26 tx_time 152
[12590.598927] NVMeVirt: [chmodel_init] bandwidth 800 max_credits 26 tx_time 152
[12590.598942] NVMeVirt: [chmodel_init] bandwidth 3360 max_credits 110 tx_time 36
[12590.600180] NVMeVirt: Init FTL instance with 2 channels (524288 pages)
[12590.600181] NVMeVirt: GC victim policy: cat-fig7 k=4 scale_pct=25 age_ratio=7
[12590.600185] NVMeVirt: FTL physical space: 8588886016, logical space: 8026996276 (physical/logical * 100 = 107)
[12590.600186] NVMeVirt: ns 0/1: size 7655 MiB
[12590.600228] PCI host bridge to bus 0001:10
[12590.600230] pci_bus 0001:10: root bus resource [io  0x0000-0xffff]
[12590.600232] pci_bus 0001:10: root bus resource [mem 0x00000000-0x3fffffffffff]
[12590.600233] pci_bus 0001:10: root bus resource [bus 00-ff]
[12590.600239] pci 0001:10:00.0: [0c51:0110] type 00 class 0x010802 PCIe Endpoint
[12590.600241] pci 0001:10:00.0: BAR 0 [mem 0x100000000-0x100003fff 64bit]
[12590.600243] pci 0001:10:00.0: enabling Extended Tags
[12590.600350] NVMeVirt: Virtual PCI bus created (node 0)
[12590.600863] NVMeVirt: nvmev_dispatcher started on cpu 1 (node 0)
[12590.600867] NVMeVirt: nvmev_io_worker_0 started on cpu 2 (node 0)
[12590.601120] nvme nvme1: pci function 0001:10:00.0
[12590.604506] nvme nvme1: 20/0/0 default/read/poll queues
[12590.608507] NVMeVirt: Virtual NVMe device created
[12591.664614] EXT4-fs (nvme1n1): mounted filesystem 85aac0f0-9c9d-4d8e-ab7d-26843444ba1b r/w with ordered data mode. Quota mode: none.
[12591.695380] iCAT_SQLITE_LOAD_START run=20260901-045707-36781
[12691.258662] iCAT_SQLITE_LOAD_END run=20260901-045707-36781
[12691.665359] sh (36909): drop_caches: 3
[12691.692201] iCAT_SQLITE_RUN_START run=20260901-045707-36781
[12695.304853] sh (36908): drop_caches: 3
[12699.353125] sh (36908): drop_caches: 3
[12703.404563] sh (36908): drop_caches: 3
[12707.458573] sh (36908): drop_caches: 3
[12711.511847] sh (36908): drop_caches: 3
[12715.562462] sh (36908): drop_caches: 3
[12719.614658] sh (36908): drop_caches: 3
[12723.661467] sh (36908): drop_caches: 3
[12727.710093] sh (36908): drop_caches: 3
[12731.762655] sh (36908): drop_caches: 3
[12735.815036] sh (36908): drop_caches: 3
[12739.867514] sh (36908): drop_caches: 3
[12743.915827] sh (36908): drop_caches: 3
[12747.960669] sh (36908): drop_caches: 3
[12752.010303] sh (36908): drop_caches: 3
[12756.062884] sh (36908): drop_caches: 3
[12760.114737] sh (36908): drop_caches: 3
[12764.166188] sh (36908): drop_caches: 3
[12768.216935] sh (36908): drop_caches: 3
[12772.265661] sh (36908): drop_caches: 3
[12776.316483] sh (36908): drop_caches: 3
[12780.366194] sh (36908): drop_caches: 3
[12784.417473] sh (36908): drop_caches: 3
[12788.466977] sh (36908): drop_caches: 3
[12792.519568] sh (36908): drop_caches: 3
[12796.569821] sh (36908): drop_caches: 3
[12800.620632] sh (36908): drop_caches: 3
[12804.666385] sh (36908): drop_caches: 3
[12808.720103] sh (36908): drop_caches: 3
[12812.774427] sh (36908): drop_caches: 3
[12816.825628] sh (36908): drop_caches: 3
[12820.873457] sh (36908): drop_caches: 3
[12824.926440] sh (36908): drop_caches: 3
[12828.974833] sh (36908): drop_caches: 3
[12833.018175] sh (36908): drop_caches: 3
[12837.069211] sh (36908): drop_caches: 3
[12841.118187] sh (36908): drop_caches: 3
[12845.168033] sh (36908): drop_caches: 3
[12849.210986] sh (36908): drop_caches: 3
[12853.266927] sh (36908): drop_caches: 3
[12857.318994] sh (36908): drop_caches: 3
[12861.367947] sh (36908): drop_caches: 3
[12865.416612] sh (36908): drop_caches: 3
[12869.469111] sh (36908): drop_caches: 3
[12873.520690] sh (36908): drop_caches: 3
[12877.570703] sh (36908): drop_caches: 3
[12881.621663] sh (36908): drop_caches: 3
[12885.673235] sh (36908): drop_caches: 3
[12889.724314] sh (36908): drop_caches: 3
[12893.778147] sh (36908): drop_caches: 3
[12897.827903] sh (36908): drop_caches: 3
[12901.878656] sh (36908): drop_caches: 3
[12905.931498] sh (36908): drop_caches: 3
[12909.981761] sh (36908): drop_caches: 3
[12914.024935] sh (36908): drop_caches: 3
[12918.068178] sh (36908): drop_caches: 3
[12922.117058] sh (36908): drop_caches: 3
[12926.168933] sh (36908): drop_caches: 3
[12930.221870] sh (36908): drop_caches: 3
[12934.273522] sh (36908): drop_caches: 3
[12938.326790] sh (36908): drop_caches: 3
[12942.379045] sh (36908): drop_caches: 3
[12946.428539] sh (36908): drop_caches: 3
[12950.479572] sh (36908): drop_caches: 3
[12954.528838] sh (36908): drop_caches: 3
[12958.576763] sh (36908): drop_caches: 3
[12962.629182] sh (36908): drop_caches: 3
[12966.679508] sh (36908): drop_caches: 3
[12970.728171] sh (36908): drop_caches: 3
[12974.778567] sh (36908): drop_caches: 3
[12978.828413] sh (36908): drop_caches: 3
[12982.877192] sh (36908): drop_caches: 3
[12986.925801] sh (36908): drop_caches: 3
[12990.975912] sh (36908): drop_caches: 3
[12995.024635] sh (36908): drop_caches: 3
[12999.076874] sh (36908): drop_caches: 3
[13003.123304] sh (36908): drop_caches: 3
[13007.173456] sh (36908): drop_caches: 3
[13011.224189] sh (36908): drop_caches: 3
[13015.274345] sh (36908): drop_caches: 3
[13019.322654] sh (36908): drop_caches: 3
[13023.374989] sh (36908): drop_caches: 3
[13027.427079] sh (36908): drop_caches: 3
[13031.478595] sh (36908): drop_caches: 3
[13035.526904] sh (36908): drop_caches: 3
[13039.577596] sh (36908): drop_caches: 3
[13043.629162] sh (36908): drop_caches: 3
[13047.675078] sh (36908): drop_caches: 3
[13051.727304] sh (36908): drop_caches: 3
[13055.776549] sh (36908): drop_caches: 3
[13059.826977] sh (36908): drop_caches: 3
[13063.875611] sh (36908): drop_caches: 3
[13067.930088] sh (36908): drop_caches: 3
[13071.978673] sh (36908): drop_caches: 3
[13076.022281] sh (36908): drop_caches: 3
[13080.075494] sh (36908): drop_caches: 3
[13084.123873] sh (36908): drop_caches: 3
[13088.169120] sh (36908): drop_caches: 3
[13092.223915] sh (36908): drop_caches: 3
[13096.270661] sh (36908): drop_caches: 3
[13100.321265] sh (36908): drop_caches: 3
[13104.372018] sh (36908): drop_caches: 3
[13108.424323] sh (36908): drop_caches: 3
[13112.475557] sh (36908): drop_caches: 3
[13116.525448] sh (36908): drop_caches: 3
[13120.568006] sh (36908): drop_caches: 3
[13124.621672] sh (36908): drop_caches: 3
[13128.666791] sh (36908): drop_caches: 3
[13132.717563] sh (36908): drop_caches: 3
[13136.769235] sh (36908): drop_caches: 3
[13140.822329] sh (36908): drop_caches: 3
[13144.874335] sh (36908): drop_caches: 3
[13148.926701] sh (36908): drop_caches: 3
[13152.978938] sh (36908): drop_caches: 3
[13157.027849] sh (36908): drop_caches: 3
[13161.080547] sh (36908): drop_caches: 3
[13165.132562] sh (36908): drop_caches: 3
[13169.184828] sh (36908): drop_caches: 3
[13173.231355] sh (36908): drop_caches: 3
[13177.283344] sh (36908): drop_caches: 3
[13181.330750] sh (36908): drop_caches: 3
[13185.385573] sh (36908): drop_caches: 3
[13189.439354] sh (36908): drop_caches: 3
[13193.487939] sh (36908): drop_caches: 3
[13197.538745] sh (36908): drop_caches: 3
[13201.590394] sh (36908): drop_caches: 3
[13205.642632] sh (36908): drop_caches: 3
[13209.695469] sh (36908): drop_caches: 3
[13213.744061] sh (36908): drop_caches: 3
[13217.792402] sh (36908): drop_caches: 3
[13221.842444] sh (36908): drop_caches: 3
[13225.894450] sh (36908): drop_caches: 3
[13229.946351] sh (36908): drop_caches: 3
[13233.998059] sh (36908): drop_caches: 3
[13238.042148] sh (36908): drop_caches: 3
[13242.095079] sh (36908): drop_caches: 3
[13246.143559] sh (36908): drop_caches: 3
[13250.198098] sh (36908): drop_caches: 3
[13254.248433] sh (36908): drop_caches: 3
[13258.293314] sh (36908): drop_caches: 3
[13262.343478] sh (36908): drop_caches: 3
[13266.394895] sh (36908): drop_caches: 3
[13270.445985] sh (36908): drop_caches: 3
[13274.494656] sh (36908): drop_caches: 3
[13278.543123] sh (36908): drop_caches: 3
[13282.595090] sh (36908): drop_caches: 3
[13286.648826] sh (36908): drop_caches: 3
[13290.698157] sh (36908): drop_caches: 3
[13294.750046] sh (36908): drop_caches: 3
[13298.798561] sh (36908): drop_caches: 3
[13302.853950] sh (36908): drop_caches: 3
[13306.902114] sh (36908): drop_caches: 3
[13310.950179] sh (36908): drop_caches: 3
[13314.998997] sh (36908): drop_caches: 3
[13319.036089] sh (36908): drop_caches: 3
[13319.086837] iCAT_SQLITE_RUN_END run=20260901-045707-36781
[13319.106869] EXT4-fs (nvme1n1): unmounting filesystem 85aac0f0-9c9d-4d8e-ab7d-26843444ba1b.
[13319.198743] pci_bus 0001:10: busn_res: [bus 10-ff] is released
[13319.198786] NVMeVirt: GC stats: policy=cat-fig7 host_pages=14689863 gc_pages=1606129 gc_count=254618 WAF=1.109 k=4 scale_pct=25 age_ratio=7
[13319.261158] NVMeVirt: Virtual NVMe device closed
