[29399.542295] NVMeVirt: Version 1.10 for >> Samsung 970 Pro SSD <<
[29399.542304] NVMeVirt: Storage: 0x100100000-0x300000000 (8191 MiB)
[29399.548981] NVMeVirt: Total Capacity(GiB,MiB)=2,2048 chs=2 luns=4 lines=8192 blk-size(MiB,KiB)=0,64 line-size(MiB,KiB)=0,256
[29399.555680] NVMeVirt: [chmodel_init] bandwidth 800 max_credits 26 tx_time 152
[29399.562331] NVMeVirt: [chmodel_init] bandwidth 800 max_credits 26 tx_time 152
[29399.562345] NVMeVirt: [chmodel_init] bandwidth 3360 max_credits 110 tx_time 36
[29399.563552] NVMeVirt: pqueue: Copyright (c) 2014, Volkan Yazıcı <volkan.yazici@gmail.com>. All rights reserved.
[29399.563594] NVMeVirt: Init FTL instance with 2 channels (524288 pages)
[29399.563596] NVMeVirt: GC victim policy: cat-fig7 k=7 scale_pct=200 age_ratio=4
[29399.570070] NVMeVirt: [chmodel_init] bandwidth 800 max_credits 26 tx_time 152
[29399.576547] NVMeVirt: [chmodel_init] bandwidth 800 max_credits 26 tx_time 152
[29399.576566] NVMeVirt: [chmodel_init] bandwidth 3360 max_credits 110 tx_time 36
[29399.577802] NVMeVirt: Init FTL instance with 2 channels (524288 pages)
[29399.577803] NVMeVirt: GC victim policy: cat-fig7 k=7 scale_pct=200 age_ratio=4
[29399.584179] NVMeVirt: [chmodel_init] bandwidth 800 max_credits 26 tx_time 152
[29399.590647] NVMeVirt: [chmodel_init] bandwidth 800 max_credits 26 tx_time 152
[29399.590661] NVMeVirt: [chmodel_init] bandwidth 3360 max_credits 110 tx_time 36
[29399.591961] NVMeVirt: Init FTL instance with 2 channels (524288 pages)
[29399.591962] NVMeVirt: GC victim policy: cat-fig7 k=7 scale_pct=200 age_ratio=4
[29399.598392] NVMeVirt: [chmodel_init] bandwidth 800 max_credits 26 tx_time 152
[29399.604818] NVMeVirt: [chmodel_init] bandwidth 800 max_credits 26 tx_time 152
[29399.604831] NVMeVirt: [chmodel_init] bandwidth 3360 max_credits 110 tx_time 36
[29399.606081] NVMeVirt: Init FTL instance with 2 channels (524288 pages)
[29399.606082] NVMeVirt: GC victim policy: cat-fig7 k=7 scale_pct=200 age_ratio=4
[29399.606086] NVMeVirt: FTL physical space: 8588886016, logical space: 8026996276 (physical/logical * 100 = 107)
[29399.606087] NVMeVirt: ns 0/1: size 7655 MiB
[29399.606126] PCI host bridge to bus 0001:10
[29399.606127] pci_bus 0001:10: root bus resource [io  0x0000-0xffff]
[29399.606130] pci_bus 0001:10: root bus resource [mem 0x00000000-0x3fffffffffff]
[29399.606131] pci_bus 0001:10: root bus resource [bus 00-ff]
[29399.606137] pci 0001:10:00.0: [0c51:0110] type 00 class 0x010802 PCIe Endpoint
[29399.606140] pci 0001:10:00.0: BAR 0 [mem 0x100000000-0x100003fff 64bit]
[29399.606142] pci 0001:10:00.0: enabling Extended Tags
[29399.606249] NVMeVirt: Virtual PCI bus created (node 0)
[29399.606807] NVMeVirt: nvmev_io_worker_0 started on cpu 2 (node 0)
[29399.606950] NVMeVirt: nvmev_dispatcher started on cpu 1 (node 0)
[29399.607122] nvme nvme1: pci function 0001:10:00.0
[29399.611724] nvme nvme1: 20/0/0 default/read/poll queues
[29399.615882] NVMeVirt: Virtual NVMe device created
[29400.677314] EXT4-fs (nvme1n1): mounted filesystem 68a1da3e-e541-4a8c-8244-5dc3585761d2 r/w with ordered data mode. Quota mode: none.
[29400.710085] iCAT_SQLITE_LOAD_START run=20260901-093717-48942
[29501.603790] iCAT_SQLITE_LOAD_END run=20260901-093717-48942
[29502.081156] sh (49070): drop_caches: 3
[29502.110058] iCAT_SQLITE_RUN_START run=20260901-093717-48942
[29505.648144] sh (49067): drop_caches: 3
[29509.696616] sh (49067): drop_caches: 3
[29513.741575] sh (49067): drop_caches: 3
[29517.787796] sh (49067): drop_caches: 3
[29521.828902] sh (49067): drop_caches: 3
[29525.868767] sh (49067): drop_caches: 3
[29529.912141] sh (49067): drop_caches: 3
[29533.956061] sh (49067): drop_caches: 3
[29538.002039] sh (49067): drop_caches: 3
[29542.045938] sh (49067): drop_caches: 3
[29546.094534] sh (49067): drop_caches: 3
[29550.140965] sh (49067): drop_caches: 3
[29554.190740] sh (49067): drop_caches: 3
[29558.236555] sh (49067): drop_caches: 3
[29562.275529] sh (49067): drop_caches: 3
[29566.319349] sh (49067): drop_caches: 3
[29570.367439] sh (49067): drop_caches: 3
[29574.413465] sh (49067): drop_caches: 3
[29578.459103] sh (49067): drop_caches: 3
[29582.505753] sh (49067): drop_caches: 3
[29586.548698] sh (49067): drop_caches: 3
[29590.595571] sh (49067): drop_caches: 3
[29594.640048] sh (49067): drop_caches: 3
[29598.684331] sh (49067): drop_caches: 3
[29602.729079] sh (49067): drop_caches: 3
[29606.775535] sh (49067): drop_caches: 3
[29610.821788] sh (49067): drop_caches: 3
[29614.866971] sh (49067): drop_caches: 3
[29618.913307] sh (49067): drop_caches: 3
[29622.958574] sh (49067): drop_caches: 3
[29627.007318] sh (49067): drop_caches: 3
[29631.054104] sh (49067): drop_caches: 3
[29635.097792] sh (49067): drop_caches: 3
[29639.145652] sh (49067): drop_caches: 3
[29643.194437] sh (49067): drop_caches: 3
[29647.242055] sh (49067): drop_caches: 3
[29651.286757] sh (49067): drop_caches: 3
[29655.334579] sh (49067): drop_caches: 3
[29659.379495] sh (49067): drop_caches: 3
[29663.427001] sh (49067): drop_caches: 3
[29667.464806] sh (49067): drop_caches: 3
[29671.508998] sh (49067): drop_caches: 3
[29675.554539] sh (49067): drop_caches: 3
[29679.598039] sh (49067): drop_caches: 3
[29683.643909] sh (49067): drop_caches: 3
[29687.691253] sh (49067): drop_caches: 3
[29691.735281] sh (49067): drop_caches: 3
[29695.785261] sh (49067): drop_caches: 3
[29699.833226] sh (49067): drop_caches: 3
[29703.878759] sh (49067): drop_caches: 3
[29707.922876] sh (49067): drop_caches: 3
[29711.969076] sh (49067): drop_caches: 3
[29716.013747] sh (49067): drop_caches: 3
[29720.058495] sh (49067): drop_caches: 3
[29724.105967] sh (49067): drop_caches: 3
[29728.152651] sh (49067): drop_caches: 3
[29732.196810] sh (49067): drop_caches: 3
[29736.242888] sh (49067): drop_caches: 3
[29740.289423] sh (49067): drop_caches: 3
[29744.335126] sh (49067): drop_caches: 3
[29748.388225] sh (49067): drop_caches: 3
[29752.436012] sh (49067): drop_caches: 3
[29756.478663] sh (49067): drop_caches: 3
[29760.517932] sh (49067): drop_caches: 3
[29764.564520] sh (49067): drop_caches: 3
[29768.608258] sh (49067): drop_caches: 3
[29772.654037] sh (49067): drop_caches: 3
[29776.701584] sh (49067): drop_caches: 3
[29780.751316] sh (49067): drop_caches: 3
[29784.799905] sh (49067): drop_caches: 3
[29788.847261] sh (49067): drop_caches: 3
[29792.890653] sh (49067): drop_caches: 3
[29796.937439] sh (49067): drop_caches: 3
[29800.980883] sh (49067): drop_caches: 3
[29805.026823] sh (49067): drop_caches: 3
[29809.071819] sh (49067): drop_caches: 3
[29813.112200] sh (49067): drop_caches: 3
[29817.161911] sh (49067): drop_caches: 3
[29821.210463] sh (49067): drop_caches: 3
[29825.257666] sh (49067): drop_caches: 3
[29829.302211] sh (49067): drop_caches: 3
[29833.346097] sh (49067): drop_caches: 3
[29837.390079] sh (49067): drop_caches: 3
[29841.436506] sh (49067): drop_caches: 3
[29845.484830] sh (49067): drop_caches: 3
[29849.531754] sh (49067): drop_caches: 3
[29853.578536] sh (49067): drop_caches: 3
[29857.626086] sh (49067): drop_caches: 3
[29861.671333] sh (49067): drop_caches: 3
[29865.716448] sh (49067): drop_caches: 3
[29869.764404] sh (49067): drop_caches: 3
[29873.808241] sh (49067): drop_caches: 3
[29877.849963] sh (49067): drop_caches: 3
[29881.898927] sh (49067): drop_caches: 3
[29885.949237] sh (49067): drop_caches: 3
[29889.994223] sh (49067): drop_caches: 3
[29894.041504] sh (49067): drop_caches: 3
[29898.089027] sh (49067): drop_caches: 3
[29902.135793] sh (49067): drop_caches: 3
[29906.182662] sh (49067): drop_caches: 3
[29910.229435] sh (49067): drop_caches: 3
[29914.274273] sh (49067): drop_caches: 3
[29918.318428] sh (49067): drop_caches: 3
[29922.365760] sh (49067): drop_caches: 3
[29926.405201] sh (49067): drop_caches: 3
[29930.450037] sh (49067): drop_caches: 3
[29934.496313] sh (49067): drop_caches: 3
[29938.543230] sh (49067): drop_caches: 3
[29942.589519] sh (49067): drop_caches: 3
[29946.635408] sh (49067): drop_caches: 3
[29950.681325] sh (49067): drop_caches: 3
[29954.730986] sh (49067): drop_caches: 3
[29958.777535] sh (49067): drop_caches: 3
[29962.823762] sh (49067): drop_caches: 3
[29966.871316] sh (49067): drop_caches: 3
[29970.914645] sh (49067): drop_caches: 3
[29974.959549] sh (49067): drop_caches: 3
[29979.003742] sh (49067): drop_caches: 3
[29983.050362] sh (49067): drop_caches: 3
[29987.094390] sh (49067): drop_caches: 3
[29991.140598] sh (49067): drop_caches: 3
[29995.186325] sh (49067): drop_caches: 3
[29999.232606] sh (49067): drop_caches: 3
[30003.280815] sh (49067): drop_caches: 3
[30007.331393] sh (49067): drop_caches: 3
[30011.377826] sh (49067): drop_caches: 3
[30015.424570] sh (49067): drop_caches: 3
[30019.464894] sh (49067): drop_caches: 3
[30023.502637] sh (49067): drop_caches: 3
[30027.548618] sh (49067): drop_caches: 3
[30031.594936] sh (49067): drop_caches: 3
[30035.640217] sh (49067): drop_caches: 3
[30039.683794] sh (49067): drop_caches: 3
[30043.727693] sh (49067): drop_caches: 3
[30047.775389] sh (49067): drop_caches: 3
[30051.823825] sh (49067): drop_caches: 3
[30055.867947] sh (49067): drop_caches: 3
[30059.914443] sh (49067): drop_caches: 3
[30063.958909] sh (49067): drop_caches: 3
[30068.007034] sh (49067): drop_caches: 3
[30072.056159] sh (49067): drop_caches: 3
[30076.105159] sh (49067): drop_caches: 3
[30080.152836] sh (49067): drop_caches: 3
[30084.199881] sh (49067): drop_caches: 3
[30088.245204] sh (49067): drop_caches: 3
[30092.292002] sh (49067): drop_caches: 3
[30096.336435] sh (49067): drop_caches: 3
[30100.381585] sh (49067): drop_caches: 3
[30104.428158] sh (49067): drop_caches: 3
[30108.469357] sh (49067): drop_caches: 3
[30112.507417] sh (49067): drop_caches: 3
[30116.552917] sh (49067): drop_caches: 3
[30120.596605] sh (49067): drop_caches: 3
[30124.643150] sh (49067): drop_caches: 3
[30128.688241] sh (49067): drop_caches: 3
[30132.726340] sh (49067): drop_caches: 3
[30132.777270] iCAT_SQLITE_RUN_END run=20260901-093717-48942
[30132.798490] EXT4-fs (nvme1n1): unmounting filesystem 68a1da3e-e541-4a8c-8244-5dc3585761d2.
[30132.877094] pci_bus 0001:10: busn_res: [bus 10-ff] is released
[30132.877152] NVMeVirt: GC stats: policy=cat-fig7 host_pages=14697556 gc_pages=2951881 gc_count=275765 WAF=1.200 k=7 scale_pct=200 age_ratio=4
[30132.949172] NVMeVirt: Virtual NVMe device closed
