[20613.137606] NVMeVirt: Version 1.10 for >> Samsung 970 Pro SSD <<
[20613.137614] NVMeVirt: Storage: 0x100100000-0x300000000 (8191 MiB)
[20613.144721] NVMeVirt: Total Capacity(GiB,MiB)=2,2048 chs=2 luns=4 lines=8192 blk-size(MiB,KiB)=0,64 line-size(MiB,KiB)=0,256
[20613.153938] NVMeVirt: [chmodel_init] bandwidth 800 max_credits 26 tx_time 152
[20613.160426] NVMeVirt: [chmodel_init] bandwidth 800 max_credits 26 tx_time 152
[20613.160442] NVMeVirt: [chmodel_init] bandwidth 3360 max_credits 110 tx_time 36
[20613.161659] NVMeVirt: pqueue: Copyright (c) 2014, Volkan Yazıcı <volkan.yazici@gmail.com>. All rights reserved.
[20613.161694] NVMeVirt: Init FTL instance with 2 channels (524288 pages)
[20613.161695] NVMeVirt: GC victim policy: cat-fig7 k=4 scale_pct=400 age_ratio=4
[20613.168129] NVMeVirt: [chmodel_init] bandwidth 800 max_credits 26 tx_time 152
[20613.174813] NVMeVirt: [chmodel_init] bandwidth 800 max_credits 26 tx_time 152
[20613.174830] NVMeVirt: [chmodel_init] bandwidth 3360 max_credits 110 tx_time 36
[20613.176120] NVMeVirt: Init FTL instance with 2 channels (524288 pages)
[20613.176121] NVMeVirt: GC victim policy: cat-fig7 k=4 scale_pct=400 age_ratio=4
[20613.182739] NVMeVirt: [chmodel_init] bandwidth 800 max_credits 26 tx_time 152
[20613.189166] NVMeVirt: [chmodel_init] bandwidth 800 max_credits 26 tx_time 152
[20613.189181] NVMeVirt: [chmodel_init] bandwidth 3360 max_credits 110 tx_time 36
[20613.190417] NVMeVirt: Init FTL instance with 2 channels (524288 pages)
[20613.190419] NVMeVirt: GC victim policy: cat-fig7 k=4 scale_pct=400 age_ratio=4
[20613.196832] NVMeVirt: [chmodel_init] bandwidth 800 max_credits 26 tx_time 152
[20613.203293] NVMeVirt: [chmodel_init] bandwidth 800 max_credits 26 tx_time 152
[20613.203307] NVMeVirt: [chmodel_init] bandwidth 3360 max_credits 110 tx_time 36
[20613.204567] NVMeVirt: Init FTL instance with 2 channels (524288 pages)
[20613.204568] NVMeVirt: GC victim policy: cat-fig7 k=4 scale_pct=400 age_ratio=4
[20613.204572] NVMeVirt: FTL physical space: 8588886016, logical space: 8026996276 (physical/logical * 100 = 107)
[20613.204573] NVMeVirt: ns 0/1: size 7655 MiB
[20613.204611] PCI host bridge to bus 0001:10
[20613.204612] pci_bus 0001:10: root bus resource [io  0x0000-0xffff]
[20613.204614] pci_bus 0001:10: root bus resource [mem 0x00000000-0x3fffffffffff]
[20613.204616] pci_bus 0001:10: root bus resource [bus 00-ff]
[20613.204621] pci 0001:10:00.0: [0c51:0110] type 00 class 0x010802 PCIe Endpoint
[20613.204624] pci 0001:10:00.0: BAR 0 [mem 0x100000000-0x100003fff 64bit]
[20613.204626] pci 0001:10:00.0: enabling Extended Tags
[20613.204736] NVMeVirt: Virtual PCI bus created (node 0)
[20613.205218] NVMeVirt: nvmev_io_worker_0 started on cpu 2 (node 0)
[20613.205346] NVMeVirt: nvmev_dispatcher started on cpu 1 (node 0)
[20613.205470] nvme nvme1: pci function 0001:10:00.0
[20613.208576] nvme nvme1: 20/0/0 default/read/poll queues
[20613.210688] NVMeVirt: Virtual NVMe device created
[20614.272704] EXT4-fs (nvme1n1): mounted filesystem c7d484ff-bb0c-4edc-afb1-4452b51c7756 r/w with ordered data mode. Quota mode: none.
[20614.305039] iCAT_SQLITE_LOAD_START run=20260901-071050-44149
[20712.869307] iCAT_SQLITE_LOAD_END run=20260901-071050-44149
[20713.338273] sh (44279): drop_caches: 3
[20713.365792] iCAT_SQLITE_RUN_START run=20260901-071050-44149
[20716.907875] sh (44276): drop_caches: 3
[20720.951309] sh (44276): drop_caches: 3
[20724.997080] sh (44276): drop_caches: 3
[20729.043428] sh (44276): drop_caches: 3
[20733.086638] sh (44276): drop_caches: 3
[20737.133818] sh (44276): drop_caches: 3
[20741.177508] sh (44276): drop_caches: 3
[20745.224475] sh (44276): drop_caches: 3
[20749.270719] sh (44276): drop_caches: 3
[20753.317586] sh (44276): drop_caches: 3
[20757.362924] sh (44276): drop_caches: 3
[20761.406573] sh (44276): drop_caches: 3
[20765.454600] sh (44276): drop_caches: 3
[20769.501952] sh (44276): drop_caches: 3
[20773.548944] sh (44276): drop_caches: 3
[20777.592929] sh (44276): drop_caches: 3
[20781.640507] sh (44276): drop_caches: 3
[20785.687699] sh (44276): drop_caches: 3
[20789.732976] sh (44276): drop_caches: 3
[20793.779240] sh (44276): drop_caches: 3
[20797.828367] sh (44276): drop_caches: 3
[20801.876103] sh (44276): drop_caches: 3
[20805.917891] sh (44276): drop_caches: 3
[20809.957716] sh (44276): drop_caches: 3
[20814.001455] sh (44276): drop_caches: 3
[20818.046985] sh (44276): drop_caches: 3
[20822.093041] sh (44276): drop_caches: 3
[20826.137890] sh (44276): drop_caches: 3
[20830.185880] sh (44276): drop_caches: 3
[20834.232959] sh (44276): drop_caches: 3
[20838.279158] sh (44276): drop_caches: 3
[20842.323778] sh (44276): drop_caches: 3
[20846.371595] sh (44276): drop_caches: 3
[20850.416223] sh (44276): drop_caches: 3
[20854.466406] sh (44276): drop_caches: 3
[20858.512895] sh (44276): drop_caches: 3
[20862.555752] sh (44276): drop_caches: 3
[20866.606262] sh (44276): drop_caches: 3
[20870.645801] sh (44276): drop_caches: 3
[20874.691804] sh (44276): drop_caches: 3
[20878.736546] sh (44276): drop_caches: 3
[20882.782405] sh (44276): drop_caches: 3
[20886.827153] sh (44276): drop_caches: 3
[20890.874227] sh (44276): drop_caches: 3
[20894.918108] sh (44276): drop_caches: 3
[20898.964064] sh (44276): drop_caches: 3
[20903.011031] sh (44276): drop_caches: 3
[20907.058065] sh (44276): drop_caches: 3
[20911.103847] sh (44276): drop_caches: 3
[20915.150706] sh (44276): drop_caches: 3
[20919.197750] sh (44276): drop_caches: 3
[20923.244476] sh (44276): drop_caches: 3
[20927.292313] sh (44276): drop_caches: 3
[20931.337178] sh (44276): drop_caches: 3
[20935.382110] sh (44276): drop_caches: 3
[20939.428934] sh (44276): drop_caches: 3
[20943.476045] sh (44276): drop_caches: 3
[20947.519911] sh (44276): drop_caches: 3
[20951.558049] sh (44276): drop_caches: 3
[20955.599209] sh (44276): drop_caches: 3
[20959.646140] sh (44276): drop_caches: 3
[20963.694763] sh (44276): drop_caches: 3
[20967.741860] sh (44276): drop_caches: 3
[20971.788968] sh (44276): drop_caches: 3
[20975.836852] sh (44276): drop_caches: 3
[20979.880835] sh (44276): drop_caches: 3
[20983.925871] sh (44276): drop_caches: 3
[20987.971704] sh (44276): drop_caches: 3
[20992.015028] sh (44276): drop_caches: 3
[20996.062153] sh (44276): drop_caches: 3
[21000.108773] sh (44276): drop_caches: 3
[21004.156519] sh (44276): drop_caches: 3
[21008.200996] sh (44276): drop_caches: 3
[21012.245660] sh (44276): drop_caches: 3
[21016.291814] sh (44276): drop_caches: 3
[21020.338851] sh (44276): drop_caches: 3
[21024.385930] sh (44276): drop_caches: 3
[21028.429788] sh (44276): drop_caches: 3
[21032.474523] sh (44276): drop_caches: 3
[21036.522139] sh (44276): drop_caches: 3
[21040.562209] sh (44276): drop_caches: 3
[21044.602017] sh (44276): drop_caches: 3
[21048.648955] sh (44276): drop_caches: 3
[21052.695948] sh (44276): drop_caches: 3
[21056.739802] sh (44276): drop_caches: 3
[21060.785137] sh (44276): drop_caches: 3
[21064.832893] sh (44276): drop_caches: 3
[21068.882759] sh (44276): drop_caches: 3
[21072.930595] sh (44276): drop_caches: 3
[21076.976646] sh (44276): drop_caches: 3
[21081.025299] sh (44276): drop_caches: 3
[21085.073311] sh (44276): drop_caches: 3
[21089.120383] sh (44276): drop_caches: 3
[21093.165735] sh (44276): drop_caches: 3
[21097.211547] sh (44276): drop_caches: 3
[21101.258019] sh (44276): drop_caches: 3
[21105.305014] sh (44276): drop_caches: 3
[21109.354206] sh (44276): drop_caches: 3
[21113.402886] sh (44276): drop_caches: 3
[21117.447469] sh (44276): drop_caches: 3
[21121.487069] sh (44276): drop_caches: 3
[21125.533917] sh (44276): drop_caches: 3
[21129.579556] sh (44276): drop_caches: 3
[21133.631518] sh (44276): drop_caches: 3
[21137.674936] sh (44276): drop_caches: 3
[21141.722826] sh (44276): drop_caches: 3
[21145.766103] sh (44276): drop_caches: 3
[21149.810616] sh (44276): drop_caches: 3
[21153.859202] sh (44276): drop_caches: 3
[21157.904775] sh (44276): drop_caches: 3
[21161.947123] sh (44276): drop_caches: 3
[21165.994825] sh (44276): drop_caches: 3
[21170.041722] sh (44276): drop_caches: 3
[21174.086232] sh (44276): drop_caches: 3
[21178.130323] sh (44276): drop_caches: 3
[21182.174781] sh (44276): drop_caches: 3
[21186.221993] sh (44276): drop_caches: 3
[21190.269771] sh (44276): drop_caches: 3
[21194.316518] sh (44276): drop_caches: 3
[21198.360371] sh (44276): drop_caches: 3
[21202.404025] sh (44276): drop_caches: 3
[21206.449206] sh (44276): drop_caches: 3
[21210.498609] sh (44276): drop_caches: 3
[21214.545232] sh (44276): drop_caches: 3
[21218.590500] sh (44276): drop_caches: 3
[21222.634795] sh (44276): drop_caches: 3
[21226.685127] sh (44276): drop_caches: 3
[21230.734686] sh (44276): drop_caches: 3
[21234.782328] sh (44276): drop_caches: 3
[21238.829610] sh (44276): drop_caches: 3
[21242.876659] sh (44276): drop_caches: 3
[21246.920825] sh (44276): drop_caches: 3
[21250.967587] sh (44276): drop_caches: 3
[21255.012059] sh (44276): drop_caches: 3
[21259.059043] sh (44276): drop_caches: 3
[21263.105341] sh (44276): drop_caches: 3
[21267.152285] sh (44276): drop_caches: 3
[21271.201331] sh (44276): drop_caches: 3
[21275.244887] sh (44276): drop_caches: 3
[21279.288710] sh (44276): drop_caches: 3
[21283.334998] sh (44276): drop_caches: 3
[21287.379386] sh (44276): drop_caches: 3
[21291.429767] sh (44276): drop_caches: 3
[21295.478633] sh (44276): drop_caches: 3
[21299.525660] sh (44276): drop_caches: 3
[21303.566871] sh (44276): drop_caches: 3
[21307.608302] sh (44276): drop_caches: 3
[21311.655583] sh (44276): drop_caches: 3
[21315.702506] sh (44276): drop_caches: 3
[21319.751452] sh (44276): drop_caches: 3
[21323.801472] sh (44276): drop_caches: 3
[21327.849038] sh (44276): drop_caches: 3
[21331.895493] sh (44276): drop_caches: 3
[21335.941958] sh (44276): drop_caches: 3
[21339.990370] sh (44276): drop_caches: 3
[21344.033238] sh (44276): drop_caches: 3
[21344.085998] iCAT_SQLITE_RUN_END run=20260901-071050-44149
[21344.106632] EXT4-fs (nvme1n1): unmounting filesystem c7d484ff-bb0c-4edc-afb1-4452b51c7756.
[21344.182968] pci_bus 0001:10: busn_res: [bus 10-ff] is released
[21344.183022] NVMeVirt: GC stats: policy=cat-fig7 host_pages=14702139 gc_pages=3539713 gc_count=285022 WAF=1.240 k=4 scale_pct=400 age_ratio=4
[21344.257584] NVMeVirt: Virtual NVMe device closed
