[ 3750.842860] NVMeVirt: Version 1.10 for >> Samsung 970 Pro SSD <<
[ 3750.842868] NVMeVirt: Storage: 0x100100000-0x300000000 (8191 MiB)
[ 3750.849915] NVMeVirt: Total Capacity(GiB,MiB)=2,2048 chs=2 luns=4 lines=8192 blk-size(MiB,KiB)=0,64 line-size(MiB,KiB)=0,256
[ 3750.860450] NVMeVirt: [chmodel_init] bandwidth 800 max_credits 26 tx_time 152
[ 3750.867039] NVMeVirt: [chmodel_init] bandwidth 800 max_credits 26 tx_time 152
[ 3750.867052] NVMeVirt: [chmodel_init] bandwidth 3360 max_credits 110 tx_time 36
[ 3750.868252] NVMeVirt: pqueue: Copyright (c) 2014, Volkan Yazıcı <volkan.yazici@gmail.com>. All rights reserved.
[ 3750.868286] NVMeVirt: Init FTL instance with 2 channels (524288 pages)
[ 3750.868287] NVMeVirt: GC victim policy: cat-fig7 k=2 scale_pct=50 age_ratio=7
[ 3750.874745] NVMeVirt: [chmodel_init] bandwidth 800 max_credits 26 tx_time 152
[ 3750.881127] NVMeVirt: [chmodel_init] bandwidth 800 max_credits 26 tx_time 152
[ 3750.881142] NVMeVirt: [chmodel_init] bandwidth 3360 max_credits 110 tx_time 36
[ 3750.882366] NVMeVirt: Init FTL instance with 2 channels (524288 pages)
[ 3750.882367] NVMeVirt: GC victim policy: cat-fig7 k=2 scale_pct=50 age_ratio=7
[ 3750.888801] NVMeVirt: [chmodel_init] bandwidth 800 max_credits 26 tx_time 152
[ 3750.895218] NVMeVirt: [chmodel_init] bandwidth 800 max_credits 26 tx_time 152
[ 3750.895233] NVMeVirt: [chmodel_init] bandwidth 3360 max_credits 110 tx_time 36
[ 3750.896492] NVMeVirt: Init FTL instance with 2 channels (524288 pages)
[ 3750.896493] NVMeVirt: GC victim policy: cat-fig7 k=2 scale_pct=50 age_ratio=7
[ 3750.902896] NVMeVirt: [chmodel_init] bandwidth 800 max_credits 26 tx_time 152
[ 3750.909310] NVMeVirt: [chmodel_init] bandwidth 800 max_credits 26 tx_time 152
[ 3750.909324] NVMeVirt: [chmodel_init] bandwidth 3360 max_credits 110 tx_time 36
[ 3750.910575] NVMeVirt: Init FTL instance with 2 channels (524288 pages)
[ 3750.910576] NVMeVirt: GC victim policy: cat-fig7 k=2 scale_pct=50 age_ratio=7
[ 3750.910579] NVMeVirt: FTL physical space: 8588886016, logical space: 8026996276 (physical/logical * 100 = 107)
[ 3750.910580] NVMeVirt: ns 0/1: size 7655 MiB
[ 3750.910619] PCI host bridge to bus 0001:10
[ 3750.910621] pci_bus 0001:10: root bus resource [io  0x0000-0xffff]
[ 3750.910623] pci_bus 0001:10: root bus resource [mem 0x00000000-0x3fffffffffff]
[ 3750.910624] pci_bus 0001:10: root bus resource [bus 00-ff]
[ 3750.910630] pci 0001:10:00.0: [0c51:0110] type 00 class 0x010802 PCIe Endpoint
[ 3750.910633] pci 0001:10:00.0: BAR 0 [mem 0x100000000-0x100003fff 64bit]
[ 3750.910635] pci 0001:10:00.0: enabling Extended Tags
[ 3750.910750] NVMeVirt: Virtual PCI bus created (node 0)
[ 3750.911228] NVMeVirt: nvmev_io_worker_0 started on cpu 2 (node 0)
[ 3750.911322] NVMeVirt: nvmev_dispatcher started on cpu 1 (node 0)
[ 3750.911478] nvme nvme1: pci function 0001:10:00.0
[ 3750.915772] nvme nvme1: 20/0/0 default/read/poll queues
[ 3750.919409] NVMeVirt: Virtual NVMe device created
[ 3751.980643] EXT4-fs (nvme1n1): mounted filesystem d7aff496-5b49-455b-b3f3-c0eb9aa6a612 r/w with ordered data mode. Quota mode: none.
[ 3752.010468] iCAT_SQLITE_LOAD_START run=20260901-022948-31521
[ 3851.481556] iCAT_SQLITE_LOAD_END run=20260901-022948-31521
[ 3851.883559] sh (31648): drop_caches: 3
[ 3851.913450] iCAT_SQLITE_RUN_START run=20260901-022948-31521
[ 3855.525501] sh (31645): drop_caches: 3
[ 3859.573360] sh (31645): drop_caches: 3
[ 3863.626104] sh (31645): drop_caches: 3
[ 3867.673701] sh (31645): drop_caches: 3
[ 3871.718711] sh (31645): drop_caches: 3
[ 3875.759641] sh (31645): drop_caches: 3
[ 3879.811254] sh (31645): drop_caches: 3
[ 3883.865884] sh (31645): drop_caches: 3
[ 3887.914814] sh (31645): drop_caches: 3
[ 3891.963780] sh (31645): drop_caches: 3
[ 3896.012381] sh (31645): drop_caches: 3
[ 3900.064904] sh (31645): drop_caches: 3
[ 3904.116146] sh (31645): drop_caches: 3
[ 3908.157999] sh (31645): drop_caches: 3
[ 3912.201471] sh (31645): drop_caches: 3
[ 3916.244323] sh (31645): drop_caches: 3
[ 3920.294964] sh (31645): drop_caches: 3
[ 3924.345588] sh (31645): drop_caches: 3
[ 3928.396695] sh (31645): drop_caches: 3
[ 3932.447323] sh (31645): drop_caches: 3
[ 3936.494497] sh (31645): drop_caches: 3
[ 3940.543809] sh (31645): drop_caches: 3
[ 3944.590067] sh (31645): drop_caches: 3
[ 3948.638316] sh (31645): drop_caches: 3
[ 3952.684519] sh (31645): drop_caches: 3
[ 3956.732521] sh (31645): drop_caches: 3
[ 3960.777437] sh (31645): drop_caches: 3
[ 3964.826604] sh (31645): drop_caches: 3
[ 3968.877751] sh (31645): drop_caches: 3
[ 3972.925641] sh (31645): drop_caches: 3
[ 3976.968238] sh (31645): drop_caches: 3
[ 3981.016684] sh (31645): drop_caches: 3
[ 3985.068657] sh (31645): drop_caches: 3
[ 3989.116630] sh (31645): drop_caches: 3
[ 3993.167850] sh (31645): drop_caches: 3
[ 3997.216513] sh (31645): drop_caches: 3
[ 4001.266135] sh (31645): drop_caches: 3
[ 4005.317301] sh (31645): drop_caches: 3
[ 4009.365929] sh (31645): drop_caches: 3
[ 4013.413847] sh (31645): drop_caches: 3
[ 4017.464704] sh (31645): drop_caches: 3
[ 4021.512954] sh (31645): drop_caches: 3
[ 4025.562948] sh (31645): drop_caches: 3
[ 4029.606861] sh (31645): drop_caches: 3
[ 4033.658422] sh (31645): drop_caches: 3
[ 4037.709645] sh (31645): drop_caches: 3
[ 4041.757114] sh (31645): drop_caches: 3
[ 4045.809367] sh (31645): drop_caches: 3
[ 4049.860971] sh (31645): drop_caches: 3
[ 4053.911321] sh (31645): drop_caches: 3
[ 4057.965375] sh (31645): drop_caches: 3
[ 4062.015172] sh (31645): drop_caches: 3
[ 4066.059918] sh (31645): drop_caches: 3
[ 4070.107910] sh (31645): drop_caches: 3
[ 4074.161202] sh (31645): drop_caches: 3
[ 4078.211236] sh (31645): drop_caches: 3
[ 4082.261124] sh (31645): drop_caches: 3
[ 4086.315699] sh (31645): drop_caches: 3
[ 4090.368683] sh (31645): drop_caches: 3
[ 4094.417246] sh (31645): drop_caches: 3
[ 4098.465327] sh (31645): drop_caches: 3
[ 4102.516826] sh (31645): drop_caches: 3
[ 4106.564683] sh (31645): drop_caches: 3
[ 4110.616960] sh (31645): drop_caches: 3
[ 4114.660072] sh (31645): drop_caches: 3
[ 4118.707801] sh (31645): drop_caches: 3
[ 4122.757068] sh (31645): drop_caches: 3
[ 4126.799341] sh (31645): drop_caches: 3
[ 4130.849514] sh (31645): drop_caches: 3
[ 4134.898832] sh (31645): drop_caches: 3
[ 4138.949335] sh (31645): drop_caches: 3
[ 4143.000873] sh (31645): drop_caches: 3
[ 4147.051942] sh (31645): drop_caches: 3
[ 4151.094754] sh (31645): drop_caches: 3
[ 4155.143374] sh (31645): drop_caches: 3
[ 4159.191727] sh (31645): drop_caches: 3
[ 4163.240488] sh (31645): drop_caches: 3
[ 4167.291058] sh (31645): drop_caches: 3
[ 4171.338754] sh (31645): drop_caches: 3
[ 4175.390442] sh (31645): drop_caches: 3
[ 4179.440524] sh (31645): drop_caches: 3
[ 4183.490467] sh (31645): drop_caches: 3
[ 4187.544199] sh (31645): drop_caches: 3
[ 4191.598189] sh (31645): drop_caches: 3
[ 4195.648106] sh (31645): drop_caches: 3
[ 4199.692485] sh (31645): drop_caches: 3
[ 4203.745256] sh (31645): drop_caches: 3
[ 4207.797786] sh (31645): drop_caches: 3
[ 4211.845894] sh (31645): drop_caches: 3
[ 4215.896721] sh (31645): drop_caches: 3
[ 4219.947331] sh (31645): drop_caches: 3
[ 4223.995607] sh (31645): drop_caches: 3
[ 4228.044380] sh (31645): drop_caches: 3
[ 4232.098722] sh (31645): drop_caches: 3
[ 4236.142812] sh (31645): drop_caches: 3
[ 4240.191124] sh (31645): drop_caches: 3
[ 4244.243944] sh (31645): drop_caches: 3
[ 4248.292138] sh (31645): drop_caches: 3
[ 4252.340138] sh (31645): drop_caches: 3
[ 4256.385631] sh (31645): drop_caches: 3
[ 4260.433472] sh (31645): drop_caches: 3
[ 4264.484700] sh (31645): drop_caches: 3
[ 4268.534406] sh (31645): drop_caches: 3
[ 4272.582504] sh (31645): drop_caches: 3
[ 4276.632289] sh (31645): drop_caches: 3
[ 4280.673706] sh (31645): drop_caches: 3
[ 4284.719116] sh (31645): drop_caches: 3
[ 4288.762606] sh (31645): drop_caches: 3
[ 4292.814092] sh (31645): drop_caches: 3
[ 4296.862421] sh (31645): drop_caches: 3
[ 4300.904636] sh (31645): drop_caches: 3
[ 4304.948752] sh (31645): drop_caches: 3
[ 4308.996400] sh (31645): drop_caches: 3
[ 4313.046349] sh (31645): drop_caches: 3
[ 4317.094996] sh (31645): drop_caches: 3
[ 4321.141278] sh (31645): drop_caches: 3
[ 4325.190711] sh (31645): drop_caches: 3
[ 4329.240781] sh (31645): drop_caches: 3
[ 4333.290331] sh (31645): drop_caches: 3
[ 4337.337596] sh (31645): drop_caches: 3
[ 4341.381173] sh (31645): drop_caches: 3
[ 4345.434421] sh (31645): drop_caches: 3
[ 4349.483837] sh (31645): drop_caches: 3
[ 4353.536879] sh (31645): drop_caches: 3
[ 4357.587721] sh (31645): drop_caches: 3
[ 4361.639273] sh (31645): drop_caches: 3
[ 4365.692291] sh (31645): drop_caches: 3
[ 4369.741824] sh (31645): drop_caches: 3
[ 4373.794056] sh (31645): drop_caches: 3
[ 4377.837445] sh (31645): drop_caches: 3
[ 4381.888064] sh (31645): drop_caches: 3
[ 4385.938169] sh (31645): drop_caches: 3
[ 4389.988072] sh (31645): drop_caches: 3
[ 4394.039492] sh (31645): drop_caches: 3
[ 4398.083025] sh (31645): drop_caches: 3
[ 4402.131149] sh (31645): drop_caches: 3
[ 4406.176625] sh (31645): drop_caches: 3
[ 4410.227164] sh (31645): drop_caches: 3
[ 4414.277231] sh (31645): drop_caches: 3
[ 4418.326066] sh (31645): drop_caches: 3
[ 4422.381301] sh (31645): drop_caches: 3
[ 4426.428273] sh (31645): drop_caches: 3
[ 4430.476082] sh (31645): drop_caches: 3
[ 4434.527756] sh (31645): drop_caches: 3
[ 4438.576427] sh (31645): drop_caches: 3
[ 4442.625314] sh (31645): drop_caches: 3
[ 4446.670855] sh (31645): drop_caches: 3
[ 4450.718288] sh (31645): drop_caches: 3
[ 4454.771544] sh (31645): drop_caches: 3
[ 4458.819204] sh (31645): drop_caches: 3
[ 4462.872258] sh (31645): drop_caches: 3
[ 4466.917381] sh (31645): drop_caches: 3
[ 4470.965169] sh (31645): drop_caches: 3
[ 4475.011229] sh (31645): drop_caches: 3
[ 4479.060589] sh (31645): drop_caches: 3
[ 4483.111537] sh (31645): drop_caches: 3
[ 4487.144106] sh (31645): drop_caches: 3
[ 4487.190435] iCAT_SQLITE_RUN_END run=20260901-022948-31521
[ 4487.210994] EXT4-fs (nvme1n1): unmounting filesystem d7aff496-5b49-455b-b3f3-c0eb9aa6a612.
[ 4487.300490] pci_bus 0001:10: busn_res: [bus 10-ff] is released
[ 4487.300530] NVMeVirt: GC stats: policy=cat-fig7 host_pages=14700153 gc_pages=3713796 gc_count=287711 WAF=1.252 k=2 scale_pct=50 age_ratio=7
[ 4487.365427] NVMeVirt: Virtual NVMe device closed
