[ 5223.063263] NVMeVirt: Version 1.10 for >> Samsung 970 Pro SSD <<
[ 5223.063272] NVMeVirt: Storage: 0x100100000-0x300000000 (8191 MiB)
[ 5223.070381] NVMeVirt: Total Capacity(GiB,MiB)=2,2048 chs=2 luns=4 lines=8192 blk-size(MiB,KiB)=0,64 line-size(MiB,KiB)=0,256
[ 5223.081496] NVMeVirt: [chmodel_init] bandwidth 800 max_credits 26 tx_time 152
[ 5223.088062] NVMeVirt: [chmodel_init] bandwidth 800 max_credits 26 tx_time 152
[ 5223.088076] NVMeVirt: [chmodel_init] bandwidth 3360 max_credits 110 tx_time 36
[ 5223.089253] NVMeVirt: pqueue: Copyright (c) 2014, Volkan Yazıcı <volkan.yazici@gmail.com>. All rights reserved.
[ 5223.089288] NVMeVirt: Init FTL instance with 2 channels (524288 pages)
[ 5223.089289] NVMeVirt: GC victim policy: cat-fig7 k=2 scale_pct=100 age_ratio=4
[ 5223.095767] NVMeVirt: [chmodel_init] bandwidth 800 max_credits 26 tx_time 152
[ 5223.102176] NVMeVirt: [chmodel_init] bandwidth 800 max_credits 26 tx_time 152
[ 5223.102190] NVMeVirt: [chmodel_init] bandwidth 3360 max_credits 110 tx_time 36
[ 5223.103409] NVMeVirt: Init FTL instance with 2 channels (524288 pages)
[ 5223.103410] NVMeVirt: GC victim policy: cat-fig7 k=2 scale_pct=100 age_ratio=4
[ 5223.109828] NVMeVirt: [chmodel_init] bandwidth 800 max_credits 26 tx_time 152
[ 5223.116259] NVMeVirt: [chmodel_init] bandwidth 800 max_credits 26 tx_time 152
[ 5223.116273] NVMeVirt: [chmodel_init] bandwidth 3360 max_credits 110 tx_time 36
[ 5223.117529] NVMeVirt: Init FTL instance with 2 channels (524288 pages)
[ 5223.117530] NVMeVirt: GC victim policy: cat-fig7 k=2 scale_pct=100 age_ratio=4
[ 5223.123965] NVMeVirt: [chmodel_init] bandwidth 800 max_credits 26 tx_time 152
[ 5223.130502] NVMeVirt: [chmodel_init] bandwidth 800 max_credits 26 tx_time 152
[ 5223.130517] NVMeVirt: [chmodel_init] bandwidth 3360 max_credits 110 tx_time 36
[ 5223.131853] NVMeVirt: Init FTL instance with 2 channels (524288 pages)
[ 5223.131855] NVMeVirt: GC victim policy: cat-fig7 k=2 scale_pct=100 age_ratio=4
[ 5223.131858] NVMeVirt: FTL physical space: 8588886016, logical space: 8026996276 (physical/logical * 100 = 107)
[ 5223.131860] NVMeVirt: ns 0/1: size 7655 MiB
[ 5223.131900] PCI host bridge to bus 0001:10
[ 5223.131902] pci_bus 0001:10: root bus resource [io  0x0000-0xffff]
[ 5223.131904] pci_bus 0001:10: root bus resource [mem 0x00000000-0x3fffffffffff]
[ 5223.131905] pci_bus 0001:10: root bus resource [bus 00-ff]
[ 5223.131911] pci 0001:10:00.0: [0c51:0110] type 00 class 0x010802 PCIe Endpoint
[ 5223.131914] pci 0001:10:00.0: BAR 0 [mem 0x100000000-0x100003fff 64bit]
[ 5223.131916] pci 0001:10:00.0: enabling Extended Tags
[ 5223.132030] NVMeVirt: Virtual PCI bus created (node 0)
[ 5223.132476] NVMeVirt: nvmev_io_worker_0 started on cpu 2 (node 0)
[ 5223.132552] NVMeVirt: nvmev_dispatcher started on cpu 1 (node 0)
[ 5223.132748] nvme nvme1: pci function 0001:10:00.0
[ 5223.137739] nvme nvme1: 20/0/0 default/read/poll queues
[ 5223.140931] NVMeVirt: Virtual NVMe device created
[ 5224.204476] EXT4-fs (nvme1n1): mounted filesystem aec5cd5d-057e-400f-870c-1fa7e9523f3d r/w with ordered data mode. Quota mode: none.
[ 5224.234498] iCAT_SQLITE_LOAD_START run=20260901-025420-32324
[ 5323.555118] iCAT_SQLITE_LOAD_END run=20260901-025420-32324
[ 5323.958146] sh (32457): drop_caches: 3
[ 5323.983678] iCAT_SQLITE_RUN_START run=20260901-025420-32324
[ 5327.602221] sh (32456): drop_caches: 3
[ 5331.645448] sh (32456): drop_caches: 3
[ 5335.696497] sh (32456): drop_caches: 3
[ 5339.739381] sh (32456): drop_caches: 3
[ 5343.793264] sh (32456): drop_caches: 3
[ 5347.840637] sh (32456): drop_caches: 3
[ 5351.890800] sh (32456): drop_caches: 3
[ 5355.939886] sh (32456): drop_caches: 3
[ 5359.992309] sh (32456): drop_caches: 3
[ 5364.042784] sh (32456): drop_caches: 3
[ 5368.094457] sh (32456): drop_caches: 3
[ 5372.145222] sh (32456): drop_caches: 3
[ 5376.198607] sh (32456): drop_caches: 3
[ 5380.252076] sh (32456): drop_caches: 3
[ 5384.297417] sh (32456): drop_caches: 3
[ 5388.347573] sh (32456): drop_caches: 3
[ 5392.398571] sh (32456): drop_caches: 3
[ 5396.447831] sh (32456): drop_caches: 3
[ 5400.498502] sh (32456): drop_caches: 3
[ 5404.552041] sh (32456): drop_caches: 3
[ 5408.595154] sh (32456): drop_caches: 3
[ 5412.646832] sh (32456): drop_caches: 3
[ 5416.688397] sh (32456): drop_caches: 3
[ 5420.735905] sh (32456): drop_caches: 3
[ 5424.783787] sh (32456): drop_caches: 3
[ 5428.834527] sh (32456): drop_caches: 3
[ 5432.878028] sh (32456): drop_caches: 3
[ 5436.929829] sh (32456): drop_caches: 3
[ 5440.977504] sh (32456): drop_caches: 3
[ 5445.024723] sh (32456): drop_caches: 3
[ 5449.074649] sh (32456): drop_caches: 3
[ 5453.122350] sh (32456): drop_caches: 3
[ 5457.176001] sh (32456): drop_caches: 3
[ 5461.229022] sh (32456): drop_caches: 3
[ 5465.279059] sh (32456): drop_caches: 3
[ 5469.328842] sh (32456): drop_caches: 3
[ 5473.377733] sh (32456): drop_caches: 3
[ 5477.425885] sh (32456): drop_caches: 3
[ 5481.479035] sh (32456): drop_caches: 3
[ 5485.527617] sh (32456): drop_caches: 3
[ 5489.578219] sh (32456): drop_caches: 3
[ 5493.622139] sh (32456): drop_caches: 3
[ 5497.673506] sh (32456): drop_caches: 3
[ 5501.724049] sh (32456): drop_caches: 3
[ 5505.772899] sh (32456): drop_caches: 3
[ 5509.822316] sh (32456): drop_caches: 3
[ 5513.872470] sh (32456): drop_caches: 3
[ 5517.921448] sh (32456): drop_caches: 3
[ 5521.974419] sh (32456): drop_caches: 3
[ 5526.026825] sh (32456): drop_caches: 3
[ 5530.072499] sh (32456): drop_caches: 3
[ 5534.124145] sh (32456): drop_caches: 3
[ 5538.172402] sh (32456): drop_caches: 3
[ 5542.222007] sh (32456): drop_caches: 3
[ 5546.270209] sh (32456): drop_caches: 3
[ 5550.322151] sh (32456): drop_caches: 3
[ 5554.374973] sh (32456): drop_caches: 3
[ 5558.421321] sh (32456): drop_caches: 3
[ 5562.474255] sh (32456): drop_caches: 3
[ 5566.523778] sh (32456): drop_caches: 3
[ 5570.573812] sh (32456): drop_caches: 3
[ 5574.623500] sh (32456): drop_caches: 3
[ 5578.667745] sh (32456): drop_caches: 3
[ 5582.717332] sh (32456): drop_caches: 3
[ 5586.768856] sh (32456): drop_caches: 3
[ 5590.817059] sh (32456): drop_caches: 3
[ 5594.867626] sh (32456): drop_caches: 3
[ 5598.915747] sh (32456): drop_caches: 3
[ 5602.965591] sh (32456): drop_caches: 3
[ 5607.013596] sh (32456): drop_caches: 3
[ 5611.063241] sh (32456): drop_caches: 3
[ 5615.112574] sh (32456): drop_caches: 3
[ 5619.165250] sh (32456): drop_caches: 3
[ 5623.208666] sh (32456): drop_caches: 3
[ 5627.259976] sh (32456): drop_caches: 3
[ 5631.312164] sh (32456): drop_caches: 3
[ 5635.361696] sh (32456): drop_caches: 3
[ 5639.409643] sh (32456): drop_caches: 3
[ 5643.461491] sh (32456): drop_caches: 3
[ 5647.512109] sh (32456): drop_caches: 3
[ 5651.563588] sh (32456): drop_caches: 3
[ 5655.610491] sh (32456): drop_caches: 3
[ 5659.662453] sh (32456): drop_caches: 3
[ 5663.707099] sh (32456): drop_caches: 3
[ 5667.754972] sh (32456): drop_caches: 3
[ 5671.804440] sh (32456): drop_caches: 3
[ 5675.854362] sh (32456): drop_caches: 3
[ 5679.904446] sh (32456): drop_caches: 3
[ 5683.953163] sh (32456): drop_caches: 3
[ 5688.001177] sh (32456): drop_caches: 3
[ 5692.049348] sh (32456): drop_caches: 3
[ 5696.096642] sh (32456): drop_caches: 3
[ 5700.149920] sh (32456): drop_caches: 3
[ 5704.202483] sh (32456): drop_caches: 3
[ 5708.247851] sh (32456): drop_caches: 3
[ 5712.296626] sh (32456): drop_caches: 3
[ 5716.350151] sh (32456): drop_caches: 3
[ 5720.401478] sh (32456): drop_caches: 3
[ 5724.449357] sh (32456): drop_caches: 3
[ 5728.501734] sh (32456): drop_caches: 3
[ 5732.549547] sh (32456): drop_caches: 3
[ 5736.602891] sh (32456): drop_caches: 3
[ 5740.652906] sh (32456): drop_caches: 3
[ 5744.695489] sh (32456): drop_caches: 3
[ 5748.746084] sh (32456): drop_caches: 3
[ 5752.789486] sh (32456): drop_caches: 3
[ 5756.837291] sh (32456): drop_caches: 3
[ 5760.894321] sh (32456): drop_caches: 3
[ 5764.943018] sh (32456): drop_caches: 3
[ 5768.991934] sh (32456): drop_caches: 3
[ 5773.039116] sh (32456): drop_caches: 3
[ 5777.089264] sh (32456): drop_caches: 3
[ 5781.136917] sh (32456): drop_caches: 3
[ 5785.188301] sh (32456): drop_caches: 3
[ 5789.236709] sh (32456): drop_caches: 3
[ 5793.281292] sh (32456): drop_caches: 3
[ 5797.329699] sh (32456): drop_caches: 3
[ 5801.379835] sh (32456): drop_caches: 3
[ 5805.427561] sh (32456): drop_caches: 3
[ 5809.480046] sh (32456): drop_caches: 3
[ 5813.531327] sh (32456): drop_caches: 3
[ 5817.584411] sh (32456): drop_caches: 3
[ 5821.633263] sh (32456): drop_caches: 3
[ 5825.682270] sh (32456): drop_caches: 3
[ 5829.727373] sh (32456): drop_caches: 3
[ 5833.772072] sh (32456): drop_caches: 3
[ 5837.820525] sh (32456): drop_caches: 3
[ 5841.868155] sh (32456): drop_caches: 3
[ 5845.917414] sh (32456): drop_caches: 3
[ 5849.964977] sh (32456): drop_caches: 3
[ 5854.014976] sh (32456): drop_caches: 3
[ 5858.058325] sh (32456): drop_caches: 3
[ 5862.110010] sh (32456): drop_caches: 3
[ 5866.161563] sh (32456): drop_caches: 3
[ 5870.212847] sh (32456): drop_caches: 3
[ 5874.262418] sh (32456): drop_caches: 3
[ 5878.308552] sh (32456): drop_caches: 3
[ 5882.363213] sh (32456): drop_caches: 3
[ 5886.415678] sh (32456): drop_caches: 3
[ 5890.467587] sh (32456): drop_caches: 3
[ 5894.517548] sh (32456): drop_caches: 3
[ 5898.560379] sh (32456): drop_caches: 3
[ 5902.609797] sh (32456): drop_caches: 3
[ 5906.662197] sh (32456): drop_caches: 3
[ 5910.712449] sh (32456): drop_caches: 3
[ 5914.764593] sh (32456): drop_caches: 3
[ 5918.809620] sh (32456): drop_caches: 3
[ 5922.856995] sh (32456): drop_caches: 3
[ 5926.909895] sh (32456): drop_caches: 3
[ 5930.959093] sh (32456): drop_caches: 3
[ 5935.006971] sh (32456): drop_caches: 3
[ 5939.058106] sh (32456): drop_caches: 3
[ 5943.107753] sh (32456): drop_caches: 3
[ 5947.161514] sh (32456): drop_caches: 3
[ 5951.209987] sh (32456): drop_caches: 3
[ 5955.261279] sh (32456): drop_caches: 3
[ 5959.302035] sh (32456): drop_caches: 3
[ 5959.349175] iCAT_SQLITE_RUN_END run=20260901-025420-32324
[ 5959.368069] EXT4-fs (nvme1n1): unmounting filesystem aec5cd5d-057e-400f-870c-1fa7e9523f3d.
[ 5959.435451] pci_bus 0001:10: busn_res: [bus 10-ff] is released
[ 5959.435508] NVMeVirt: GC stats: policy=cat-fig7 host_pages=14702494 gc_pages=4153152 gc_count=294612 WAF=1.282 k=2 scale_pct=100 age_ratio=4
[ 5959.508366] NVMeVirt: Virtual NVMe device closed
