[36037.000234] NVMeVirt: Version 1.10 for >> Samsung 970 Pro SSD <<
[36037.000243] NVMeVirt: Storage: 0x100100000-0x300000000 (8191 MiB)
[36037.007372] NVMeVirt: Total Capacity(GiB,MiB)=2,2048 chs=2 luns=4 lines=8192 blk-size(MiB,KiB)=0,64 line-size(MiB,KiB)=0,256
[36037.018099] NVMeVirt: [chmodel_init] bandwidth 800 max_credits 26 tx_time 152
[36037.024704] NVMeVirt: [chmodel_init] bandwidth 800 max_credits 26 tx_time 152
[36037.024718] NVMeVirt: [chmodel_init] bandwidth 3360 max_credits 110 tx_time 36
[36037.025910] NVMeVirt: pqueue: Copyright (c) 2014, Volkan Yazıcı <volkan.yazici@gmail.com>. All rights reserved.
[36037.025945] NVMeVirt: Init FTL instance with 2 channels (524288 pages)
[36037.025946] NVMeVirt: GC victim policy: cat-fig7 k=10 scale_pct=50 age_ratio=4
[36037.032528] NVMeVirt: [chmodel_init] bandwidth 800 max_credits 26 tx_time 152
[36037.039017] NVMeVirt: [chmodel_init] bandwidth 800 max_credits 26 tx_time 152
[36037.039031] NVMeVirt: [chmodel_init] bandwidth 3360 max_credits 110 tx_time 36
[36037.040281] NVMeVirt: Init FTL instance with 2 channels (524288 pages)
[36037.040282] NVMeVirt: GC victim policy: cat-fig7 k=10 scale_pct=50 age_ratio=4
[36037.046740] NVMeVirt: [chmodel_init] bandwidth 800 max_credits 26 tx_time 152
[36037.053315] NVMeVirt: [chmodel_init] bandwidth 800 max_credits 26 tx_time 152
[36037.053330] NVMeVirt: [chmodel_init] bandwidth 3360 max_credits 110 tx_time 36
[36037.054621] NVMeVirt: Init FTL instance with 2 channels (524288 pages)
[36037.054622] NVMeVirt: GC victim policy: cat-fig7 k=10 scale_pct=50 age_ratio=4
[36037.061182] NVMeVirt: [chmodel_init] bandwidth 800 max_credits 26 tx_time 152
[36037.067645] NVMeVirt: [chmodel_init] bandwidth 800 max_credits 26 tx_time 152
[36037.067659] NVMeVirt: [chmodel_init] bandwidth 3360 max_credits 110 tx_time 36
[36037.068918] NVMeVirt: Init FTL instance with 2 channels (524288 pages)
[36037.068919] NVMeVirt: GC victim policy: cat-fig7 k=10 scale_pct=50 age_ratio=4
[36037.068922] NVMeVirt: FTL physical space: 8588886016, logical space: 8026996276 (physical/logical * 100 = 107)
[36037.068923] NVMeVirt: ns 0/1: size 7655 MiB
[36037.068962] PCI host bridge to bus 0001:10
[36037.068964] pci_bus 0001:10: root bus resource [io  0x0000-0xffff]
[36037.068966] pci_bus 0001:10: root bus resource [mem 0x00000000-0x3fffffffffff]
[36037.068967] pci_bus 0001:10: root bus resource [bus 00-ff]
[36037.068973] pci 0001:10:00.0: [0c51:0110] type 00 class 0x010802 PCIe Endpoint
[36037.068976] pci 0001:10:00.0: BAR 0 [mem 0x100000000-0x100003fff 64bit]
[36037.068978] pci 0001:10:00.0: enabling Extended Tags
[36037.069085] NVMeVirt: Virtual PCI bus created (node 0)
[36037.069579] NVMeVirt: nvmev_io_worker_0 started on cpu 2 (node 0)
[36037.069634] NVMeVirt: nvmev_dispatcher started on cpu 1 (node 0)
[36037.069858] nvme nvme1: pci function 0001:10:00.0
[36037.074509] nvme nvme1: 20/0/0 default/read/poll queues
[36037.077482] NVMeVirt: Virtual NVMe device created
[36038.134848] EXT4-fs (nvme1n1): mounted filesystem f5e40fcb-9faf-4f59-a7e8-7b3b67ea742f r/w with ordered data mode. Quota mode: none.
[36038.166847] iCAT_SQLITE_LOAD_START run=20260901-112754-80289
[36145.230628] iCAT_SQLITE_LOAD_END run=20260901-112754-80289
[36145.659530] sh (80908): drop_caches: 3
[36145.694774] iCAT_SQLITE_RUN_START run=20260901-112754-80289
[36149.281014] sh (80907): drop_caches: 3
[36153.331813] sh (80907): drop_caches: 3
[36157.383631] sh (80907): drop_caches: 3
[36161.432426] sh (80907): drop_caches: 3
[36165.485119] sh (80907): drop_caches: 3
[36169.533137] sh (80907): drop_caches: 3
[36173.582295] sh (80907): drop_caches: 3
[36177.638018] sh (80907): drop_caches: 3
[36181.689555] sh (80907): drop_caches: 3
[36185.740412] sh (80907): drop_caches: 3
[36189.789694] sh (80907): drop_caches: 3
[36193.834386] sh (80907): drop_caches: 3
[36197.887334] sh (80907): drop_caches: 3
[36201.939338] sh (80907): drop_caches: 3
[36205.992162] sh (80907): drop_caches: 3
[36210.041752] sh (80907): drop_caches: 3
[36214.086552] sh (80907): drop_caches: 3
[36218.128370] sh (80907): drop_caches: 3
[36222.183899] sh (80907): drop_caches: 3
[36226.234957] sh (80907): drop_caches: 3
[36230.279014] sh (80907): drop_caches: 3
[36234.321891] sh (80907): drop_caches: 3
[36238.375504] sh (80907): drop_caches: 3
[36242.428357] sh (80907): drop_caches: 3
[36246.481991] sh (80907): drop_caches: 3
[36250.535662] sh (80907): drop_caches: 3
[36254.587712] sh (80907): drop_caches: 3
[36258.634231] sh (80907): drop_caches: 3
[36262.677955] sh (80907): drop_caches: 3
[36266.726381] sh (80907): drop_caches: 3
[36270.779445] sh (80907): drop_caches: 3
[36274.830988] sh (80907): drop_caches: 3
[36278.886722] sh (80907): drop_caches: 3
[36282.937996] sh (80907): drop_caches: 3
[36286.989475] sh (80907): drop_caches: 3
[36291.040277] sh (80907): drop_caches: 3
[36295.091106] sh (80907): drop_caches: 3
[36299.140336] sh (80907): drop_caches: 3
[36303.186059] sh (80907): drop_caches: 3
[36307.237207] sh (80907): drop_caches: 3
[36311.291146] sh (80907): drop_caches: 3
[36315.340507] sh (80907): drop_caches: 3
[36319.387371] sh (80907): drop_caches: 3
[36323.431248] sh (80907): drop_caches: 3
[36327.474654] sh (80907): drop_caches: 3
[36331.523712] sh (80907): drop_caches: 3
[36335.577286] sh (80907): drop_caches: 3
[36339.629899] sh (80907): drop_caches: 3
[36343.677278] sh (80907): drop_caches: 3
[36347.729168] sh (80907): drop_caches: 3
[36351.782943] sh (80907): drop_caches: 3
[36355.833975] sh (80907): drop_caches: 3
[36359.887789] sh (80907): drop_caches: 3
[36363.937686] sh (80907): drop_caches: 3
[36367.991550] sh (80907): drop_caches: 3
[36372.039253] sh (80907): drop_caches: 3
[36376.088681] sh (80907): drop_caches: 3
[36380.138428] sh (80907): drop_caches: 3
[36384.191775] sh (80907): drop_caches: 3
[36388.244263] sh (80907): drop_caches: 3
[36392.295690] sh (80907): drop_caches: 3
[36396.346730] sh (80907): drop_caches: 3
[36400.398984] sh (80907): drop_caches: 3
[36404.441234] sh (80907): drop_caches: 3
[36408.490955] sh (80907): drop_caches: 3
[36412.541453] sh (80907): drop_caches: 3
[36416.591872] sh (80907): drop_caches: 3
[36420.645630] sh (80907): drop_caches: 3
[36424.699347] sh (80907): drop_caches: 3
[36428.749130] sh (80907): drop_caches: 3
[36432.798453] sh (80907): drop_caches: 3
[36436.847706] sh (80907): drop_caches: 3
[36440.896803] sh (80907): drop_caches: 3
[36444.948672] sh (80907): drop_caches: 3
[36449.000667] sh (80907): drop_caches: 3
[36453.049485] sh (80907): drop_caches: 3
[36457.102359] sh (80907): drop_caches: 3
[36461.153799] sh (80907): drop_caches: 3
[36465.208960] sh (80907): drop_caches: 3
[36469.261505] sh (80907): drop_caches: 3
[36473.309244] sh (80907): drop_caches: 3
[36477.362509] sh (80907): drop_caches: 3
[36481.414846] sh (80907): drop_caches: 3
[36485.464512] sh (80907): drop_caches: 3
[36489.510679] sh (80907): drop_caches: 3
[36493.561520] sh (80907): drop_caches: 3
[36497.612212] sh (80907): drop_caches: 3
[36501.655720] sh (80907): drop_caches: 3
[36505.699892] sh (80907): drop_caches: 3
[36509.752799] sh (80907): drop_caches: 3
[36513.797861] sh (80907): drop_caches: 3
[36517.848729] sh (80907): drop_caches: 3
[36521.902965] sh (80907): drop_caches: 3
[36525.952448] sh (80907): drop_caches: 3
[36530.000033] sh (80907): drop_caches: 3
[36534.049350] sh (80907): drop_caches: 3
[36538.091934] sh (80907): drop_caches: 3
[36542.144255] sh (80907): drop_caches: 3
[36546.196104] sh (80907): drop_caches: 3
[36550.249613] sh (80907): drop_caches: 3
[36554.298742] sh (80907): drop_caches: 3
[36558.346995] sh (80907): drop_caches: 3
[36562.395771] sh (80907): drop_caches: 3
[36566.445237] sh (80907): drop_caches: 3
[36570.497838] sh (80907): drop_caches: 3
[36574.545186] sh (80907): drop_caches: 3
[36578.594921] sh (80907): drop_caches: 3
[36582.646937] sh (80907): drop_caches: 3
[36586.698466] sh (80907): drop_caches: 3
[36590.751473] sh (80907): drop_caches: 3
[36594.795806] sh (80907): drop_caches: 3
[36598.848939] sh (80907): drop_caches: 3
[36602.900808] sh (80907): drop_caches: 3
[36606.952689] sh (80907): drop_caches: 3
[36611.003975] sh (80907): drop_caches: 3
[36615.057140] sh (80907): drop_caches: 3
[36619.102402] sh (80907): drop_caches: 3
[36623.144929] sh (80907): drop_caches: 3
[36627.194061] sh (80907): drop_caches: 3
[36631.251550] sh (80907): drop_caches: 3
[36635.302726] sh (80907): drop_caches: 3
[36639.353887] sh (80907): drop_caches: 3
[36643.406076] sh (80907): drop_caches: 3
[36647.452170] sh (80907): drop_caches: 3
[36651.504750] sh (80907): drop_caches: 3
[36655.556368] sh (80907): drop_caches: 3
[36659.602362] sh (80907): drop_caches: 3
[36663.653516] sh (80907): drop_caches: 3
[36667.704161] sh (80907): drop_caches: 3
[36671.754523] sh (80907): drop_caches: 3
[36675.803639] sh (80907): drop_caches: 3
[36679.846799] sh (80907): drop_caches: 3
[36683.898936] sh (80907): drop_caches: 3
[36687.948846] sh (80907): drop_caches: 3
[36692.001689] sh (80907): drop_caches: 3
[36696.046569] sh (80907): drop_caches: 3
[36700.099757] sh (80907): drop_caches: 3
[36704.143136] sh (80907): drop_caches: 3
[36708.188391] sh (80907): drop_caches: 3
[36712.239952] sh (80907): drop_caches: 3
[36716.289012] sh (80907): drop_caches: 3
[36720.342847] sh (80907): drop_caches: 3
[36724.392747] sh (80907): drop_caches: 3
[36728.436090] sh (80907): drop_caches: 3
[36732.488415] sh (80907): drop_caches: 3
[36736.537674] sh (80907): drop_caches: 3
[36740.587210] sh (80907): drop_caches: 3
[36744.636860] sh (80907): drop_caches: 3
[36748.685400] sh (80907): drop_caches: 3
[36752.739426] sh (80907): drop_caches: 3
[36756.787651] sh (80907): drop_caches: 3
[36760.842076] sh (80907): drop_caches: 3
[36764.893439] sh (80907): drop_caches: 3
[36768.945903] sh (80907): drop_caches: 3
[36772.998829] sh (80907): drop_caches: 3
[36777.054566] sh (80907): drop_caches: 3
[36781.091656] sh (80907): drop_caches: 3
[36781.140785] iCAT_SQLITE_RUN_END run=20260901-112754-80289
[36781.159316] EXT4-fs (nvme1n1): unmounting filesystem f5e40fcb-9faf-4f59-a7e8-7b3b67ea742f.
[36781.245555] pci_bus 0001:10: busn_res: [bus 10-ff] is released
[36781.245613] NVMeVirt: GC stats: policy=cat-fig7 host_pages=14697467 gc_pages=2323660 gc_count=265948 WAF=1.158 k=10 scale_pct=50 age_ratio=4
[36781.316406] NVMeVirt: Virtual NVMe device closed
