[26467.865658] NVMeVirt: Version 1.10 for >> Samsung 970 Pro SSD <<
[26467.865666] NVMeVirt: Storage: 0x100100000-0x300000000 (8191 MiB)
[26467.873164] NVMeVirt: Total Capacity(GiB,MiB)=2,2048 chs=2 luns=4 lines=8192 blk-size(MiB,KiB)=0,64 line-size(MiB,KiB)=0,256
[26467.885249] NVMeVirt: [chmodel_init] bandwidth 800 max_credits 26 tx_time 152
[26467.893286] NVMeVirt: [chmodel_init] bandwidth 800 max_credits 26 tx_time 152
[26467.893300] NVMeVirt: [chmodel_init] bandwidth 3360 max_credits 110 tx_time 36
[26467.894579] NVMeVirt: pqueue: Copyright (c) 2014, Volkan Yazıcı <volkan.yazici@gmail.com>. All rights reserved.
[26467.894617] NVMeVirt: Init FTL instance with 2 channels (524288 pages)
[26467.894619] NVMeVirt: GC victim policy: cat-fig7 k=7 scale_pct=50 age_ratio=16
[26467.901345] NVMeVirt: [chmodel_init] bandwidth 800 max_credits 26 tx_time 152
[26467.907865] NVMeVirt: [chmodel_init] bandwidth 800 max_credits 26 tx_time 152
[26467.907879] NVMeVirt: [chmodel_init] bandwidth 3360 max_credits 110 tx_time 36
[26467.909165] NVMeVirt: Init FTL instance with 2 channels (524288 pages)
[26467.909166] NVMeVirt: GC victim policy: cat-fig7 k=7 scale_pct=50 age_ratio=16
[26467.915678] NVMeVirt: [chmodel_init] bandwidth 800 max_credits 26 tx_time 152
[26467.922090] NVMeVirt: [chmodel_init] bandwidth 800 max_credits 26 tx_time 152
[26467.922104] NVMeVirt: [chmodel_init] bandwidth 3360 max_credits 110 tx_time 36
[26467.923350] NVMeVirt: Init FTL instance with 2 channels (524288 pages)
[26467.923351] NVMeVirt: GC victim policy: cat-fig7 k=7 scale_pct=50 age_ratio=16
[26467.929795] NVMeVirt: [chmodel_init] bandwidth 800 max_credits 26 tx_time 152
[26467.936183] NVMeVirt: [chmodel_init] bandwidth 800 max_credits 26 tx_time 152
[26467.936197] NVMeVirt: [chmodel_init] bandwidth 3360 max_credits 110 tx_time 36
[26467.937460] NVMeVirt: Init FTL instance with 2 channels (524288 pages)
[26467.937461] NVMeVirt: GC victim policy: cat-fig7 k=7 scale_pct=50 age_ratio=16
[26467.937465] NVMeVirt: FTL physical space: 8588886016, logical space: 8026996276 (physical/logical * 100 = 107)
[26467.937466] NVMeVirt: ns 0/1: size 7655 MiB
[26467.937506] PCI host bridge to bus 0001:10
[26467.937508] pci_bus 0001:10: root bus resource [io  0x0000-0xffff]
[26467.937510] pci_bus 0001:10: root bus resource [mem 0x00000000-0x3fffffffffff]
[26467.937511] pci_bus 0001:10: root bus resource [bus 00-ff]
[26467.937517] pci 0001:10:00.0: [0c51:0110] type 00 class 0x010802 PCIe Endpoint
[26467.937519] pci 0001:10:00.0: BAR 0 [mem 0x100000000-0x100003fff 64bit]
[26467.937521] pci 0001:10:00.0: enabling Extended Tags
[26467.937632] NVMeVirt: Virtual PCI bus created (node 0)
[26467.938174] NVMeVirt: nvmev_io_worker_0 started on cpu 2 (node 0)
[26467.938304] NVMeVirt: nvmev_dispatcher started on cpu 1 (node 0)
[26467.938534] nvme nvme1: pci function 0001:10:00.0
[26467.942515] nvme nvme1: 20/0/0 default/read/poll queues
[26467.945885] NVMeVirt: Virtual NVMe device created
[26469.007008] EXT4-fs (nvme1n1): mounted filesystem bd97a0df-663d-4677-975e-968266fd4f77 r/w with ordered data mode. Quota mode: none.
[26469.038652] iCAT_SQLITE_LOAD_START run=20260901-084825-47352
[26570.708510] iCAT_SQLITE_LOAD_END run=20260901-084825-47352
[26571.165340] sh (47482): drop_caches: 3
[26571.199040] iCAT_SQLITE_RUN_START run=20260901-084825-47352
[26574.747718] sh (47483): drop_caches: 3
[26578.793241] sh (47483): drop_caches: 3
[26582.839210] sh (47483): drop_caches: 3
[26586.883871] sh (47483): drop_caches: 3
[26590.930733] sh (47483): drop_caches: 3
[26594.974916] sh (47483): drop_caches: 3
[26599.023031] sh (47483): drop_caches: 3
[26603.067617] sh (47483): drop_caches: 3
[26607.113379] sh (47483): drop_caches: 3
[26611.161100] sh (47483): drop_caches: 3
[26615.208442] sh (47483): drop_caches: 3
[26619.262076] sh (47483): drop_caches: 3
[26623.312474] sh (47483): drop_caches: 3
[26627.356973] sh (47483): drop_caches: 3
[26631.404667] sh (47483): drop_caches: 3
[26635.445410] sh (47483): drop_caches: 3
[26639.483383] sh (47483): drop_caches: 3
[26643.530767] sh (47483): drop_caches: 3
[26647.575177] sh (47483): drop_caches: 3
[26651.616013] sh (47483): drop_caches: 3
[26655.664926] sh (47483): drop_caches: 3
[26659.708222] sh (47483): drop_caches: 3
[26663.756724] sh (47483): drop_caches: 3
[26667.804957] sh (47483): drop_caches: 3
[26671.853038] sh (47483): drop_caches: 3
[26675.898984] sh (47483): drop_caches: 3
[26679.945657] sh (47483): drop_caches: 3
[26683.992225] sh (47483): drop_caches: 3
[26688.037883] sh (47483): drop_caches: 3
[26692.082576] sh (47483): drop_caches: 3
[26696.125744] sh (47483): drop_caches: 3
[26700.170289] sh (47483): drop_caches: 3
[26704.214439] sh (47483): drop_caches: 3
[26708.254409] sh (47483): drop_caches: 3
[26712.299402] sh (47483): drop_caches: 3
[26716.347440] sh (47483): drop_caches: 3
[26720.392401] sh (47483): drop_caches: 3
[26724.437778] sh (47483): drop_caches: 3
[26728.480863] sh (47483): drop_caches: 3
[26732.521238] sh (47483): drop_caches: 3
[26736.566254] sh (47483): drop_caches: 3
[26740.613799] sh (47483): drop_caches: 3
[26744.660837] sh (47483): drop_caches: 3
[26748.706228] sh (47483): drop_caches: 3
[26752.751732] sh (47483): drop_caches: 3
[26756.796797] sh (47483): drop_caches: 3
[26760.839589] sh (47483): drop_caches: 3
[26764.883604] sh (47483): drop_caches: 3
[26768.927179] sh (47483): drop_caches: 3
[26772.972970] sh (47483): drop_caches: 3
[26777.018908] sh (47483): drop_caches: 3
[26781.065318] sh (47483): drop_caches: 3
[26785.109886] sh (47483): drop_caches: 3
[26789.156790] sh (47483): drop_caches: 3
[26793.203044] sh (47483): drop_caches: 3
[26797.252682] sh (47483): drop_caches: 3
[26801.297116] sh (47483): drop_caches: 3
[26805.346832] sh (47483): drop_caches: 3
[26809.392001] sh (47483): drop_caches: 3
[26813.439743] sh (47483): drop_caches: 3
[26817.486302] sh (47483): drop_caches: 3
[26821.530295] sh (47483): drop_caches: 3
[26825.574162] sh (47483): drop_caches: 3
[26829.620635] sh (47483): drop_caches: 3
[26833.665028] sh (47483): drop_caches: 3
[26837.711928] sh (47483): drop_caches: 3
[26841.757578] sh (47483): drop_caches: 3
[26845.806086] sh (47483): drop_caches: 3
[26849.854251] sh (47483): drop_caches: 3
[26853.894798] sh (47483): drop_caches: 3
[26857.941530] sh (47483): drop_caches: 3
[26861.992020] sh (47483): drop_caches: 3
[26866.039491] sh (47483): drop_caches: 3
[26870.087458] sh (47483): drop_caches: 3
[26874.132164] sh (47483): drop_caches: 3
[26878.179378] sh (47483): drop_caches: 3
[26882.223303] sh (47483): drop_caches: 3
[26886.269306] sh (47483): drop_caches: 3
[26890.318449] sh (47483): drop_caches: 3
[26894.364555] sh (47483): drop_caches: 3
[26898.413787] sh (47483): drop_caches: 3
[26902.453952] sh (47483): drop_caches: 3
[26906.501234] sh (47483): drop_caches: 3
[26910.550681] sh (47483): drop_caches: 3
[26914.596556] sh (47483): drop_caches: 3
[26918.642768] sh (47483): drop_caches: 3
[26922.691639] sh (47483): drop_caches: 3
[26926.738762] sh (47483): drop_caches: 3
[26930.787937] sh (47483): drop_caches: 3
[26934.831732] sh (47483): drop_caches: 3
[26938.880476] sh (47483): drop_caches: 3
[26942.928491] sh (47483): drop_caches: 3
[26946.976399] sh (47483): drop_caches: 3
[26951.024281] sh (47483): drop_caches: 3
[26955.072147] sh (47483): drop_caches: 3
[26959.116384] sh (47483): drop_caches: 3
[26963.162091] sh (47483): drop_caches: 3
[26967.209632] sh (47483): drop_caches: 3
[26971.255719] sh (47483): drop_caches: 3
[26975.303157] sh (47483): drop_caches: 3
[26979.349770] sh (47483): drop_caches: 3
[26983.394196] sh (47483): drop_caches: 3
[26987.440779] sh (47483): drop_caches: 3
[26991.486456] sh (47483): drop_caches: 3
[26995.526984] sh (47483): drop_caches: 3
[26999.570900] sh (47483): drop_caches: 3
[27003.618470] sh (47483): drop_caches: 3
[27007.665253] sh (47483): drop_caches: 3
[27011.712109] sh (47483): drop_caches: 3
[27015.758511] sh (47483): drop_caches: 3
[27019.804960] sh (47483): drop_caches: 3
[27023.849517] sh (47483): drop_caches: 3
[27027.898859] sh (47483): drop_caches: 3
[27031.943077] sh (47483): drop_caches: 3
[27035.991901] sh (47483): drop_caches: 3
[27040.040890] sh (47483): drop_caches: 3
[27044.089810] sh (47483): drop_caches: 3
[27048.134330] sh (47483): drop_caches: 3
[27052.182562] sh (47483): drop_caches: 3
[27056.229404] sh (47483): drop_caches: 3
[27060.276352] sh (47483): drop_caches: 3
[27064.322330] sh (47483): drop_caches: 3
[27068.367297] sh (47483): drop_caches: 3
[27072.415524] sh (47483): drop_caches: 3
[27076.461789] sh (47483): drop_caches: 3
[27080.501427] sh (47483): drop_caches: 3
[27084.543591] sh (47483): drop_caches: 3
[27088.587789] sh (47483): drop_caches: 3
[27092.634480] sh (47483): drop_caches: 3
[27096.680688] sh (47483): drop_caches: 3
[27100.726465] sh (47483): drop_caches: 3
[27104.774931] sh (47483): drop_caches: 3
[27108.823463] sh (47483): drop_caches: 3
[27112.870858] sh (47483): drop_caches: 3
[27116.917910] sh (47483): drop_caches: 3
[27120.966074] sh (47483): drop_caches: 3
[27125.013778] sh (47483): drop_caches: 3
[27129.062610] sh (47483): drop_caches: 3
[27133.107835] sh (47483): drop_caches: 3
[27137.158316] sh (47483): drop_caches: 3
[27141.205508] sh (47483): drop_caches: 3
[27145.250706] sh (47483): drop_caches: 3
[27149.296931] sh (47483): drop_caches: 3
[27153.338117] sh (47483): drop_caches: 3
[27157.383956] sh (47483): drop_caches: 3
[27161.431238] sh (47483): drop_caches: 3
[27165.471286] sh (47483): drop_caches: 3
[27169.517222] sh (47483): drop_caches: 3
[27173.565411] sh (47483): drop_caches: 3
[27177.609390] sh (47483): drop_caches: 3
[27181.659246] sh (47483): drop_caches: 3
[27185.704181] sh (47483): drop_caches: 3
[27189.750531] sh (47483): drop_caches: 3
[27193.798362] sh (47483): drop_caches: 3
[27197.829889] sh (47483): drop_caches: 3
[27197.872267] iCAT_SQLITE_RUN_END run=20260901-084825-47352
[27197.893438] EXT4-fs (nvme1n1): unmounting filesystem bd97a0df-663d-4677-975e-968266fd4f77.
[27197.978074] pci_bus 0001:10: busn_res: [bus 10-ff] is released
[27197.978111] NVMeVirt: GC stats: policy=cat-fig7 host_pages=14694873 gc_pages=1171523 gc_count=247905 WAF=1.079 k=7 scale_pct=50 age_ratio=16
[27198.040450] NVMeVirt: Virtual NVMe device closed
