[35300.779431] NVMeVirt: Version 1.10 for >> Samsung 970 Pro SSD <<
[35300.779440] NVMeVirt: Storage: 0x100100000-0x300000000 (8191 MiB)
[35300.786532] NVMeVirt: Total Capacity(GiB,MiB)=2,2048 chs=2 luns=4 lines=8192 blk-size(MiB,KiB)=0,64 line-size(MiB,KiB)=0,256
[35300.800855] NVMeVirt: [chmodel_init] bandwidth 800 max_credits 26 tx_time 152
[35300.808505] NVMeVirt: [chmodel_init] bandwidth 800 max_credits 26 tx_time 152
[35300.808520] NVMeVirt: [chmodel_init] bandwidth 3360 max_credits 110 tx_time 36
[35300.809761] NVMeVirt: pqueue: Copyright (c) 2014, Volkan Yazıcı <volkan.yazici@gmail.com>. All rights reserved.
[35300.809798] NVMeVirt: Init FTL instance with 2 channels (524288 pages)
[35300.809799] NVMeVirt: GC victim policy: cat-fig7 k=10 scale_pct=25 age_ratio=16
[35300.816376] NVMeVirt: [chmodel_init] bandwidth 800 max_credits 26 tx_time 152
[35300.822895] NVMeVirt: [chmodel_init] bandwidth 800 max_credits 26 tx_time 152
[35300.822909] NVMeVirt: [chmodel_init] bandwidth 3360 max_credits 110 tx_time 36
[35300.824170] NVMeVirt: Init FTL instance with 2 channels (524288 pages)
[35300.824171] NVMeVirt: GC victim policy: cat-fig7 k=10 scale_pct=25 age_ratio=16
[35300.830661] NVMeVirt: [chmodel_init] bandwidth 800 max_credits 26 tx_time 152
[35300.837134] NVMeVirt: [chmodel_init] bandwidth 800 max_credits 26 tx_time 152
[35300.837148] NVMeVirt: [chmodel_init] bandwidth 3360 max_credits 110 tx_time 36
[35300.838403] NVMeVirt: Init FTL instance with 2 channels (524288 pages)
[35300.838404] NVMeVirt: GC victim policy: cat-fig7 k=10 scale_pct=25 age_ratio=16
[35300.844913] NVMeVirt: [chmodel_init] bandwidth 800 max_credits 26 tx_time 152
[35300.851323] NVMeVirt: [chmodel_init] bandwidth 800 max_credits 26 tx_time 152
[35300.851336] NVMeVirt: [chmodel_init] bandwidth 3360 max_credits 110 tx_time 36
[35300.852589] NVMeVirt: Init FTL instance with 2 channels (524288 pages)
[35300.852590] NVMeVirt: GC victim policy: cat-fig7 k=10 scale_pct=25 age_ratio=16
[35300.852594] NVMeVirt: FTL physical space: 8588886016, logical space: 8026996276 (physical/logical * 100 = 107)
[35300.852595] NVMeVirt: ns 0/1: size 7655 MiB
[35300.852634] PCI host bridge to bus 0001:10
[35300.852636] pci_bus 0001:10: root bus resource [io  0x0000-0xffff]
[35300.852638] pci_bus 0001:10: root bus resource [mem 0x00000000-0x3fffffffffff]
[35300.852639] pci_bus 0001:10: root bus resource [bus 00-ff]
[35300.852645] pci 0001:10:00.0: [0c51:0110] type 00 class 0x010802 PCIe Endpoint
[35300.852648] pci 0001:10:00.0: BAR 0 [mem 0x100000000-0x100003fff 64bit]
[35300.852650] pci 0001:10:00.0: enabling Extended Tags
[35300.852768] NVMeVirt: Virtual PCI bus created (node 0)
[35300.853354] NVMeVirt: nvmev_io_worker_0 started on cpu 2 (node 0)
[35300.853503] NVMeVirt: nvmev_dispatcher started on cpu 1 (node 0)
[35300.853760] nvme nvme1: pci function 0001:10:00.0
[35300.856734] nvme nvme1: 20/0/0 default/read/poll queues
[35300.861110] NVMeVirt: Virtual NVMe device created
[35301.922856] EXT4-fs (nvme1n1): mounted filesystem 6736e48d-0513-4465-aead-00cd36dd8648 r/w with ordered data mode. Quota mode: none.
[35301.955954] iCAT_SQLITE_LOAD_START run=20260901-111538-76580
[35408.861469] iCAT_SQLITE_LOAD_END run=20260901-111538-76580
[35409.271406] sh (77188): drop_caches: 3
[35409.298897] iCAT_SQLITE_RUN_START run=20260901-111538-76580
[35412.907428] sh (77187): drop_caches: 3
[35416.955481] sh (77187): drop_caches: 3
[35421.009122] sh (77187): drop_caches: 3
[35425.061596] sh (77187): drop_caches: 3
[35429.113750] sh (77187): drop_caches: 3
[35433.164429] sh (77187): drop_caches: 3
[35437.213961] sh (77187): drop_caches: 3
[35441.264450] sh (77187): drop_caches: 3
[35445.316933] sh (77187): drop_caches: 3
[35449.363651] sh (77187): drop_caches: 3
[35453.414429] sh (77187): drop_caches: 3
[35457.460219] sh (77187): drop_caches: 3
[35461.512271] sh (77187): drop_caches: 3
[35465.563679] sh (77187): drop_caches: 3
[35469.615635] sh (77187): drop_caches: 3
[35473.669973] sh (77187): drop_caches: 3
[35477.716617] sh (77187): drop_caches: 3
[35481.761421] sh (77187): drop_caches: 3
[35485.807877] sh (77187): drop_caches: 3
[35489.854005] sh (77187): drop_caches: 3
[35493.905261] sh (77187): drop_caches: 3
[35497.957585] sh (77187): drop_caches: 3
[35502.007277] sh (77187): drop_caches: 3
[35506.058587] sh (77187): drop_caches: 3
[35510.107435] sh (77187): drop_caches: 3
[35514.156765] sh (77187): drop_caches: 3
[35518.208508] sh (77187): drop_caches: 3
[35522.259471] sh (77187): drop_caches: 3
[35526.311179] sh (77187): drop_caches: 3
[35530.360583] sh (77187): drop_caches: 3
[35534.412939] sh (77187): drop_caches: 3
[35538.461949] sh (77187): drop_caches: 3
[35542.507581] sh (77187): drop_caches: 3
[35546.559999] sh (77187): drop_caches: 3
[35550.612578] sh (77187): drop_caches: 3
[35554.664179] sh (77187): drop_caches: 3
[35558.714758] sh (77187): drop_caches: 3
[35562.764112] sh (77187): drop_caches: 3
[35566.818040] sh (77187): drop_caches: 3
[35570.870847] sh (77187): drop_caches: 3
[35574.924024] sh (77187): drop_caches: 3
[35578.972920] sh (77187): drop_caches: 3
[35583.024766] sh (77187): drop_caches: 3
[35587.074996] sh (77187): drop_caches: 3
[35591.123840] sh (77187): drop_caches: 3
[35595.176907] sh (77187): drop_caches: 3
[35599.221743] sh (77187): drop_caches: 3
[35603.266682] sh (77187): drop_caches: 3
[35607.321856] sh (77187): drop_caches: 3
[35611.373177] sh (77187): drop_caches: 3
[35615.424296] sh (77187): drop_caches: 3
[35619.470690] sh (77187): drop_caches: 3
[35623.524363] sh (77187): drop_caches: 3
[35627.574794] sh (77187): drop_caches: 3
[35631.627849] sh (77187): drop_caches: 3
[35635.677749] sh (77187): drop_caches: 3
[35639.730156] sh (77187): drop_caches: 3
[35643.781635] sh (77187): drop_caches: 3
[35647.833441] sh (77187): drop_caches: 3
[35651.886308] sh (77187): drop_caches: 3
[35655.937180] sh (77187): drop_caches: 3
[35659.989068] sh (77187): drop_caches: 3
[35664.037786] sh (77187): drop_caches: 3
[35668.081670] sh (77187): drop_caches: 3
[35672.135778] sh (77187): drop_caches: 3
[35676.190370] sh (77187): drop_caches: 3
[35680.240720] sh (77187): drop_caches: 3
[35684.290149] sh (77187): drop_caches: 3
[35688.345470] sh (77187): drop_caches: 3
[35692.396566] sh (77187): drop_caches: 3
[35696.440200] sh (77187): drop_caches: 3
[35700.493793] sh (77187): drop_caches: 3
[35704.545642] sh (77187): drop_caches: 3
[35708.594547] sh (77187): drop_caches: 3
[35712.647738] sh (77187): drop_caches: 3
[35716.700418] sh (77187): drop_caches: 3
[35720.745703] sh (77187): drop_caches: 3
[35724.789904] sh (77187): drop_caches: 3
[35728.842207] sh (77187): drop_caches: 3
[35732.893956] sh (77187): drop_caches: 3
[35736.943150] sh (77187): drop_caches: 3
[35740.987136] sh (77187): drop_caches: 3
[35745.034654] sh (77187): drop_caches: 3
[35749.076183] sh (77187): drop_caches: 3
[35753.124228] sh (77187): drop_caches: 3
[35757.174163] sh (77187): drop_caches: 3
[35761.224097] sh (77187): drop_caches: 3
[35765.272798] sh (77187): drop_caches: 3
[35769.323329] sh (77187): drop_caches: 3
[35773.376752] sh (77187): drop_caches: 3
[35777.425392] sh (77187): drop_caches: 3
[35781.470260] sh (77187): drop_caches: 3
[35785.523351] sh (77187): drop_caches: 3
[35789.575742] sh (77187): drop_caches: 3
[35793.622494] sh (77187): drop_caches: 3
[35797.675280] sh (77187): drop_caches: 3
[35801.726896] sh (77187): drop_caches: 3
[35805.777494] sh (77187): drop_caches: 3
[35809.823329] sh (77187): drop_caches: 3
[35813.871962] sh (77187): drop_caches: 3
[35817.917412] sh (77187): drop_caches: 3
[35821.970169] sh (77187): drop_caches: 3
[35826.023403] sh (77187): drop_caches: 3
[35830.068485] sh (77187): drop_caches: 3
[35834.120190] sh (77187): drop_caches: 3
[35838.165383] sh (77187): drop_caches: 3
[35842.214203] sh (77187): drop_caches: 3
[35846.267297] sh (77187): drop_caches: 3
[35850.321225] sh (77187): drop_caches: 3
[35854.371460] sh (77187): drop_caches: 3
[35858.422813] sh (77187): drop_caches: 3
[35862.470113] sh (77187): drop_caches: 3
[35866.521833] sh (77187): drop_caches: 3
[35870.573656] sh (77187): drop_caches: 3
[35874.623192] sh (77187): drop_caches: 3
[35878.669082] sh (77187): drop_caches: 3
[35882.722398] sh (77187): drop_caches: 3
[35886.771491] sh (77187): drop_caches: 3
[35890.821257] sh (77187): drop_caches: 3
[35894.873256] sh (77187): drop_caches: 3
[35898.925408] sh (77187): drop_caches: 3
[35902.980824] sh (77187): drop_caches: 3
[35907.031644] sh (77187): drop_caches: 3
[35911.083180] sh (77187): drop_caches: 3
[35915.129282] sh (77187): drop_caches: 3
[35919.180617] sh (77187): drop_caches: 3
[35923.229095] sh (77187): drop_caches: 3
[35927.278237] sh (77187): drop_caches: 3
[35931.328379] sh (77187): drop_caches: 3
[35935.376942] sh (77187): drop_caches: 3
[35939.426068] sh (77187): drop_caches: 3
[35943.468911] sh (77187): drop_caches: 3
[35947.522517] sh (77187): drop_caches: 3
[35951.575503] sh (77187): drop_caches: 3
[35955.624529] sh (77187): drop_caches: 3
[35959.675904] sh (77187): drop_caches: 3
[35963.726718] sh (77187): drop_caches: 3
[35967.777429] sh (77187): drop_caches: 3
[35971.821600] sh (77187): drop_caches: 3
[35975.877889] sh (77187): drop_caches: 3
[35979.924066] sh (77187): drop_caches: 3
[35983.973826] sh (77187): drop_caches: 3
[35988.025910] sh (77187): drop_caches: 3
[35992.078400] sh (77187): drop_caches: 3
[35996.130234] sh (77187): drop_caches: 3
[36000.173239] sh (77187): drop_caches: 3
[36004.222652] sh (77187): drop_caches: 3
[36008.267491] sh (77187): drop_caches: 3
[36012.320601] sh (77187): drop_caches: 3
[36016.372045] sh (77187): drop_caches: 3
[36020.424422] sh (77187): drop_caches: 3
[36024.467838] sh (77187): drop_caches: 3
[36028.520229] sh (77187): drop_caches: 3
[36032.571964] sh (77187): drop_caches: 3
[36036.617667] sh (77187): drop_caches: 3
[36036.666854] iCAT_SQLITE_RUN_END run=20260901-111538-76580
[36036.687174] EXT4-fs (nvme1n1): unmounting filesystem 6736e48d-0513-4465-aead-00cd36dd8648.
[36036.757572] pci_bus 0001:10: busn_res: [bus 10-ff] is released
[36036.757602] NVMeVirt: GC stats: policy=cat-fig7 host_pages=14696838 gc_pages=1085132 gc_count=246587 WAF=1.073 k=10 scale_pct=25 age_ratio=16
[36036.820981] NVMeVirt: Virtual NVMe device closed
