[  820.002667] NVMeVirt: Version 1.10 for >> Samsung 970 Pro SSD <<
[  820.002676] NVMeVirt: Storage: 0x100100000-0x300000000 (8191 MiB)
[  820.009929] NVMeVirt: Total Capacity(GiB,MiB)=2,2048 chs=2 luns=4 lines=8192 blk-size(MiB,KiB)=0,64 line-size(MiB,KiB)=0,256
[  820.019510] NVMeVirt: [chmodel_init] bandwidth 800 max_credits 26 tx_time 152
[  820.025885] NVMeVirt: [chmodel_init] bandwidth 800 max_credits 26 tx_time 152
[  820.025899] NVMeVirt: [chmodel_init] bandwidth 3360 max_credits 110 tx_time 36
[  820.027098] NVMeVirt: pqueue: Copyright (c) 2014, Volkan Yazıcı <volkan.yazici@gmail.com>. All rights reserved.
[  820.027133] NVMeVirt: Init FTL instance with 2 channels (524288 pages)
[  820.027134] NVMeVirt: GC victim policy: cat-fig7 k=2 scale_pct=25 age_ratio=4
[  820.033468] NVMeVirt: [chmodel_init] bandwidth 800 max_credits 26 tx_time 152
[  820.039873] NVMeVirt: [chmodel_init] bandwidth 800 max_credits 26 tx_time 152
[  820.039887] NVMeVirt: [chmodel_init] bandwidth 3360 max_credits 110 tx_time 36
[  820.041086] NVMeVirt: Init FTL instance with 2 channels (524288 pages)
[  820.041088] NVMeVirt: GC victim policy: cat-fig7 k=2 scale_pct=25 age_ratio=4
[  820.047449] NVMeVirt: [chmodel_init] bandwidth 800 max_credits 26 tx_time 152
[  820.053810] NVMeVirt: [chmodel_init] bandwidth 800 max_credits 26 tx_time 152
[  820.053823] NVMeVirt: [chmodel_init] bandwidth 3360 max_credits 110 tx_time 36
[  820.055092] NVMeVirt: Init FTL instance with 2 channels (524288 pages)
[  820.055094] NVMeVirt: GC victim policy: cat-fig7 k=2 scale_pct=25 age_ratio=4
[  820.061502] NVMeVirt: [chmodel_init] bandwidth 800 max_credits 26 tx_time 152
[  820.067927] NVMeVirt: [chmodel_init] bandwidth 800 max_credits 26 tx_time 152
[  820.067942] NVMeVirt: [chmodel_init] bandwidth 3360 max_credits 110 tx_time 36
[  820.069185] NVMeVirt: Init FTL instance with 2 channels (524288 pages)
[  820.069186] NVMeVirt: GC victim policy: cat-fig7 k=2 scale_pct=25 age_ratio=4
[  820.069189] NVMeVirt: FTL physical space: 8588886016, logical space: 8026996276 (physical/logical * 100 = 107)
[  820.069191] NVMeVirt: ns 0/1: size 7655 MiB
[  820.069232] PCI host bridge to bus 0001:10
[  820.069233] pci_bus 0001:10: root bus resource [io  0x0000-0xffff]
[  820.069236] pci_bus 0001:10: root bus resource [mem 0x00000000-0x3fffffffffff]
[  820.069237] pci_bus 0001:10: root bus resource [bus 00-ff]
[  820.069243] pci 0001:10:00.0: [0c51:0110] type 00 class 0x010802 PCIe Endpoint
[  820.069246] pci 0001:10:00.0: BAR 0 [mem 0x100000000-0x100003fff 64bit]
[  820.069248] pci 0001:10:00.0: enabling Extended Tags
[  820.069358] NVMeVirt: Virtual PCI bus created (node 0)
[  820.069953] NVMeVirt: nvmev_io_worker_0 started on cpu 2 (node 0)
[  820.070161] NVMeVirt: nvmev_dispatcher started on cpu 1 (node 0)
[  820.070293] nvme nvme1: pci function 0001:10:00.0
[  820.075120] nvme nvme1: 20/0/0 default/read/poll queues
[  820.079728] NVMeVirt: Virtual NVMe device created
[  821.141147] EXT4-fs (nvme1n1): mounted filesystem e86f6c42-d9f6-4f61-83db-15c180003bb6 r/w with ordered data mode. Quota mode: none.
[  821.168698] iCAT_SQLITE_LOAD_START run=20260901-014057-12456
[  919.670829] iCAT_SQLITE_LOAD_END run=20260901-014057-12456
[  920.105016] sh (13637): drop_caches: 3
[  920.139256] iCAT_SQLITE_RUN_START run=20260901-014057-12456
[  923.717373] sh (13638): drop_caches: 3
[  927.759709] sh (13638): drop_caches: 3
[  931.796067] sh (13638): drop_caches: 3
[  935.847868] sh (13638): drop_caches: 3
[  939.900437] sh (13638): drop_caches: 3
[  943.950311] sh (13638): drop_caches: 3
[  947.999802] sh (13638): drop_caches: 3
[  952.049489] sh (13638): drop_caches: 3
[  956.100274] sh (13638): drop_caches: 3
[  960.149080] sh (13638): drop_caches: 3
[  964.195482] sh (13638): drop_caches: 3
[  968.246484] sh (13638): drop_caches: 3
[  972.294573] sh (13638): drop_caches: 3
[  976.343705] sh (13638): drop_caches: 3
[  980.387533] sh (13638): drop_caches: 3
[  984.427820] sh (13638): drop_caches: 3
[  988.478931] sh (13638): drop_caches: 3
[  992.529197] sh (13638): drop_caches: 3
[  996.578238] sh (13638): drop_caches: 3
[ 1000.621530] sh (13638): drop_caches: 3
[ 1004.666667] sh (13638): drop_caches: 3
[ 1008.713409] sh (13638): drop_caches: 3
[ 1012.764361] sh (13638): drop_caches: 3
[ 1016.802472] sh (13638): drop_caches: 3
[ 1020.850060] sh (13638): drop_caches: 3
[ 1024.897566] sh (13638): drop_caches: 3
[ 1028.945361] sh (13638): drop_caches: 3
[ 1032.991404] sh (13638): drop_caches: 3
[ 1037.038546] sh (13638): drop_caches: 3
[ 1041.089152] sh (13638): drop_caches: 3
[ 1045.140271] sh (13638): drop_caches: 3
[ 1049.194350] sh (13638): drop_caches: 3
[ 1053.241026] sh (13638): drop_caches: 3
[ 1057.290777] sh (13638): drop_caches: 3
[ 1061.338876] sh (13638): drop_caches: 3
[ 1065.385803] sh (13638): drop_caches: 3
[ 1069.432359] sh (13638): drop_caches: 3
[ 1073.478620] sh (13638): drop_caches: 3
[ 1077.526757] sh (13638): drop_caches: 3
[ 1081.576497] sh (13638): drop_caches: 3
[ 1085.619820] sh (13638): drop_caches: 3
[ 1089.662234] sh (13638): drop_caches: 3
[ 1093.704334] sh (13638): drop_caches: 3
[ 1097.751422] sh (13638): drop_caches: 3
[ 1101.790798] sh (13638): drop_caches: 3
[ 1105.841057] sh (13638): drop_caches: 3
[ 1109.888361] sh (13638): drop_caches: 3
[ 1113.938385] sh (13638): drop_caches: 3
[ 1117.987599] sh (13638): drop_caches: 3
[ 1122.036898] sh (13638): drop_caches: 3
[ 1126.077040] sh (13638): drop_caches: 3
[ 1130.123008] sh (13638): drop_caches: 3
[ 1134.171766] sh (13638): drop_caches: 3
[ 1138.222623] sh (13638): drop_caches: 3
[ 1142.270281] sh (13638): drop_caches: 3
[ 1146.320060] sh (13638): drop_caches: 3
[ 1150.366574] sh (13638): drop_caches: 3
[ 1154.408525] sh (13638): drop_caches: 3
[ 1158.459751] sh (13638): drop_caches: 3
[ 1162.507231] sh (13638): drop_caches: 3
[ 1166.557192] sh (13638): drop_caches: 3
[ 1170.604556] sh (13638): drop_caches: 3
[ 1174.647150] sh (13638): drop_caches: 3
[ 1178.698737] sh (13638): drop_caches: 3
[ 1182.751390] sh (13638): drop_caches: 3
[ 1186.794923] sh (13638): drop_caches: 3
[ 1190.844759] sh (13638): drop_caches: 3
[ 1194.895204] sh (13638): drop_caches: 3
[ 1198.945015] sh (13638): drop_caches: 3
[ 1202.993113] sh (13638): drop_caches: 3
[ 1207.042510] sh (13638): drop_caches: 3
[ 1211.091549] sh (13638): drop_caches: 3
[ 1215.139827] sh (13638): drop_caches: 3
[ 1219.186391] sh (13638): drop_caches: 3
[ 1223.237647] sh (13638): drop_caches: 3
[ 1227.286759] sh (13638): drop_caches: 3
[ 1231.337795] sh (13638): drop_caches: 3
[ 1235.379567] sh (13638): drop_caches: 3
[ 1239.427883] sh (13638): drop_caches: 3
[ 1243.476110] sh (13638): drop_caches: 3
[ 1247.519929] sh (13638): drop_caches: 3
[ 1251.570634] sh (13638): drop_caches: 3
[ 1255.620914] sh (13638): drop_caches: 3
[ 1259.670445] sh (13638): drop_caches: 3
[ 1263.720457] sh (13638): drop_caches: 3
[ 1267.764117] sh (13638): drop_caches: 3
[ 1271.806457] sh (13638): drop_caches: 3
[ 1275.846798] sh (13638): drop_caches: 3
[ 1279.898656] sh (13638): drop_caches: 3
[ 1283.947528] sh (13638): drop_caches: 3
[ 1287.996241] sh (13638): drop_caches: 3
[ 1292.043722] sh (13638): drop_caches: 3
[ 1296.093346] sh (13638): drop_caches: 3
[ 1300.142444] sh (13638): drop_caches: 3
[ 1304.191215] sh (13638): drop_caches: 3
[ 1308.238065] sh (13638): drop_caches: 3
[ 1312.287929] sh (13638): drop_caches: 3
[ 1316.335770] sh (13638): drop_caches: 3
[ 1320.385158] sh (13638): drop_caches: 3
[ 1324.428107] sh (13638): drop_caches: 3
[ 1328.474428] sh (13638): drop_caches: 3
[ 1332.525924] sh (13638): drop_caches: 3
[ 1336.574339] sh (13638): drop_caches: 3
[ 1340.626423] sh (13638): drop_caches: 3
[ 1344.674249] sh (13638): drop_caches: 3
[ 1348.717288] sh (13638): drop_caches: 3
[ 1352.756666] sh (13638): drop_caches: 3
[ 1356.795117] sh (13638): drop_caches: 3
[ 1360.838238] sh (13638): drop_caches: 3
[ 1364.890058] sh (13638): drop_caches: 3
[ 1368.941546] sh (13638): drop_caches: 3
[ 1372.984795] sh (13638): drop_caches: 3
[ 1377.034067] sh (13638): drop_caches: 3
[ 1381.075042] sh (13638): drop_caches: 3
[ 1385.120952] sh (13638): drop_caches: 3
[ 1389.168752] sh (13638): drop_caches: 3
[ 1393.215050] sh (13638): drop_caches: 3
[ 1397.266277] sh (13638): drop_caches: 3
[ 1401.312574] sh (13638): drop_caches: 3
[ 1405.359191] sh (13638): drop_caches: 3
[ 1409.409596] sh (13638): drop_caches: 3
[ 1413.457198] sh (13638): drop_caches: 3
[ 1417.506129] sh (13638): drop_caches: 3
[ 1421.556997] sh (13638): drop_caches: 3
[ 1425.606888] sh (13638): drop_caches: 3
[ 1429.653496] sh (13638): drop_caches: 3
[ 1433.706195] sh (13638): drop_caches: 3
[ 1437.753231] sh (13638): drop_caches: 3
[ 1441.795524] sh (13638): drop_caches: 3
[ 1445.842957] sh (13638): drop_caches: 3
[ 1449.886643] sh (13638): drop_caches: 3
[ 1453.935302] sh (13638): drop_caches: 3
[ 1457.986329] sh (13638): drop_caches: 3
[ 1462.033309] sh (13638): drop_caches: 3
[ 1466.073773] sh (13638): drop_caches: 3
[ 1470.117687] sh (13638): drop_caches: 3
[ 1474.165644] sh (13638): drop_caches: 3
[ 1478.220945] sh (13638): drop_caches: 3
[ 1482.267944] sh (13638): drop_caches: 3
[ 1486.314703] sh (13638): drop_caches: 3
[ 1490.362044] sh (13638): drop_caches: 3
[ 1494.405006] sh (13638): drop_caches: 3
[ 1498.448667] sh (13638): drop_caches: 3
[ 1502.497773] sh (13638): drop_caches: 3
[ 1506.544583] sh (13638): drop_caches: 3
[ 1510.592849] sh (13638): drop_caches: 3
[ 1514.641406] sh (13638): drop_caches: 3
[ 1518.689649] sh (13638): drop_caches: 3
[ 1522.734764] sh (13638): drop_caches: 3
[ 1526.787863] sh (13638): drop_caches: 3
[ 1530.834331] sh (13638): drop_caches: 3
[ 1534.883079] sh (13638): drop_caches: 3
[ 1538.929921] sh (13638): drop_caches: 3
[ 1542.969844] sh (13638): drop_caches: 3
[ 1547.016613] sh (13638): drop_caches: 3
[ 1551.058913] sh (13638): drop_caches: 3
[ 1551.107217] iCAT_SQLITE_RUN_END run=20260901-014057-12456
[ 1551.125715] EXT4-fs (nvme1n1): unmounting filesystem e86f6c42-d9f6-4f61-83db-15c180003bb6.
[ 1551.214227] pci_bus 0001:10: busn_res: [bus 10-ff] is released
[ 1551.214260] NVMeVirt: GC stats: policy=cat-fig7 host_pages=14695367 gc_pages=3233684 gc_count=280134 WAF=1.220 k=2 scale_pct=25 age_ratio=4
[ 1551.278651] NVMeVirt: Virtual NVMe device closed
