[22803.046621] NVMeVirt: Version 1.10 for >> Samsung 970 Pro SSD <<
[22803.046629] NVMeVirt: Storage: 0x100100000-0x300000000 (8191 MiB)
[22803.052352] NVMeVirt: Total Capacity(GiB,MiB)=2,2048 chs=2 luns=4 lines=8192 blk-size(MiB,KiB)=0,64 line-size(MiB,KiB)=0,256
[22803.063094] NVMeVirt: [chmodel_init] bandwidth 800 max_credits 26 tx_time 152
[22803.072018] NVMeVirt: [chmodel_init] bandwidth 800 max_credits 26 tx_time 152
[22803.072037] NVMeVirt: [chmodel_init] bandwidth 3360 max_credits 110 tx_time 36
[22803.073252] NVMeVirt: pqueue: Copyright (c) 2014, Volkan Yazıcı <volkan.yazici@gmail.com>. All rights reserved.
[22803.073288] NVMeVirt: Init FTL instance with 2 channels (524288 pages)
[22803.073290] NVMeVirt: GC victim policy: cat-fig7 k=7 scale_pct=25 age_ratio=4
[22803.079916] NVMeVirt: [chmodel_init] bandwidth 800 max_credits 26 tx_time 152
[22803.086396] NVMeVirt: [chmodel_init] bandwidth 800 max_credits 26 tx_time 152
[22803.086411] NVMeVirt: [chmodel_init] bandwidth 3360 max_credits 110 tx_time 36
[22803.087713] NVMeVirt: Init FTL instance with 2 channels (524288 pages)
[22803.087715] NVMeVirt: GC victim policy: cat-fig7 k=7 scale_pct=25 age_ratio=4
[22803.094136] NVMeVirt: [chmodel_init] bandwidth 800 max_credits 26 tx_time 152
[22803.100603] NVMeVirt: [chmodel_init] bandwidth 800 max_credits 26 tx_time 152
[22803.100619] NVMeVirt: [chmodel_init] bandwidth 3360 max_credits 110 tx_time 36
[22803.101862] NVMeVirt: Init FTL instance with 2 channels (524288 pages)
[22803.101863] NVMeVirt: GC victim policy: cat-fig7 k=7 scale_pct=25 age_ratio=4
[22803.108372] NVMeVirt: [chmodel_init] bandwidth 800 max_credits 26 tx_time 152
[22803.114809] NVMeVirt: [chmodel_init] bandwidth 800 max_credits 26 tx_time 152
[22803.114825] NVMeVirt: [chmodel_init] bandwidth 3360 max_credits 110 tx_time 36
[22803.116084] NVMeVirt: Init FTL instance with 2 channels (524288 pages)
[22803.116085] NVMeVirt: GC victim policy: cat-fig7 k=7 scale_pct=25 age_ratio=4
[22803.116089] NVMeVirt: FTL physical space: 8588886016, logical space: 8026996276 (physical/logical * 100 = 107)
[22803.116090] NVMeVirt: ns 0/1: size 7655 MiB
[22803.116132] PCI host bridge to bus 0001:10
[22803.116133] pci_bus 0001:10: root bus resource [io  0x0000-0xffff]
[22803.116135] pci_bus 0001:10: root bus resource [mem 0x00000000-0x3fffffffffff]
[22803.116137] pci_bus 0001:10: root bus resource [bus 00-ff]
[22803.116142] pci 0001:10:00.0: [0c51:0110] type 00 class 0x010802 PCIe Endpoint
[22803.116145] pci 0001:10:00.0: BAR 0 [mem 0x100000000-0x100003fff 64bit]
[22803.116147] pci 0001:10:00.0: enabling Extended Tags
[22803.116253] NVMeVirt: Virtual PCI bus created (node 0)
[22803.116762] NVMeVirt: nvmev_io_worker_0 started on cpu 2 (node 0)
[22803.116822] NVMeVirt: nvmev_dispatcher started on cpu 1 (node 0)
[22803.117101] nvme nvme1: pci function 0001:10:00.0
[22803.120162] nvme nvme1: 20/0/0 default/read/poll queues
[22803.122329] NVMeVirt: Virtual NVMe device created
[22804.184906] EXT4-fs (nvme1n1): mounted filesystem 838600db-a2a4-4d5f-abea-bb556149e81c r/w with ordered data mode. Quota mode: none.
[22804.217485] iCAT_SQLITE_LOAD_START run=20260901-074720-45348
[22906.285456] iCAT_SQLITE_LOAD_END run=20260901-074720-45348
[22906.743032] sh (45476): drop_caches: 3
[22906.777404] iCAT_SQLITE_RUN_START run=20260901-074720-45348
[22910.325765] sh (45475): drop_caches: 3
[22914.370855] sh (45475): drop_caches: 3
[22918.414266] sh (45475): drop_caches: 3
[22922.460174] sh (45475): drop_caches: 3
[22926.505142] sh (45475): drop_caches: 3
[22930.550991] sh (45475): drop_caches: 3
[22934.598569] sh (45475): drop_caches: 3
[22938.642540] sh (45475): drop_caches: 3
[22942.690428] sh (45475): drop_caches: 3
[22946.738542] sh (45475): drop_caches: 3
[22950.785844] sh (45475): drop_caches: 3
[22954.829868] sh (45475): drop_caches: 3
[22958.878800] sh (45475): drop_caches: 3
[22962.926789] sh (45475): drop_caches: 3
[22966.976217] sh (45475): drop_caches: 3
[22971.014720] sh (45475): drop_caches: 3
[22975.060028] sh (45475): drop_caches: 3
[22979.107678] sh (45475): drop_caches: 3
[22983.150841] sh (45475): drop_caches: 3
[22987.192242] sh (45475): drop_caches: 3
[22991.236360] sh (45475): drop_caches: 3
[22995.281708] sh (45475): drop_caches: 3
[22999.328185] sh (45475): drop_caches: 3
[23003.374823] sh (45475): drop_caches: 3
[23007.420348] sh (45475): drop_caches: 3
[23011.464036] sh (45475): drop_caches: 3
[23015.508506] sh (45475): drop_caches: 3
[23019.549695] sh (45475): drop_caches: 3
[23023.593554] sh (45475): drop_caches: 3
[23027.634466] sh (45475): drop_caches: 3
[23031.678558] sh (45475): drop_caches: 3
[23035.725887] sh (45475): drop_caches: 3
[23039.775163] sh (45475): drop_caches: 3
[23043.822280] sh (45475): drop_caches: 3
[23047.869233] sh (45475): drop_caches: 3
[23051.912737] sh (45475): drop_caches: 3
[23055.961708] sh (45475): drop_caches: 3
[23060.006522] sh (45475): drop_caches: 3
[23064.048852] sh (45475): drop_caches: 3
[23068.095967] sh (45475): drop_caches: 3
[23072.143313] sh (45475): drop_caches: 3
[23076.192069] sh (45475): drop_caches: 3
[23080.239265] sh (45475): drop_caches: 3
[23084.283780] sh (45475): drop_caches: 3
[23088.328094] sh (45475): drop_caches: 3
[23092.373661] sh (45475): drop_caches: 3
[23096.417193] sh (45475): drop_caches: 3
[23100.462093] sh (45475): drop_caches: 3
[23104.508533] sh (45475): drop_caches: 3
[23108.546607] sh (45475): drop_caches: 3
[23112.590490] sh (45475): drop_caches: 3
[23116.637950] sh (45475): drop_caches: 3
[23120.683103] sh (45475): drop_caches: 3
[23124.726452] sh (45475): drop_caches: 3
[23128.771795] sh (45475): drop_caches: 3
[23132.817786] sh (45475): drop_caches: 3
[23136.861754] sh (45475): drop_caches: 3
[23140.911168] sh (45475): drop_caches: 3
[23144.957315] sh (45475): drop_caches: 3
[23149.002185] sh (45475): drop_caches: 3
[23153.050985] sh (45475): drop_caches: 3
[23157.097514] sh (45475): drop_caches: 3
[23161.144018] sh (45475): drop_caches: 3
[23165.192278] sh (45475): drop_caches: 3
[23169.238736] sh (45475): drop_caches: 3
[23173.286627] sh (45475): drop_caches: 3
[23177.335142] sh (45475): drop_caches: 3
[23181.378457] sh (45475): drop_caches: 3
[23185.424843] sh (45475): drop_caches: 3
[23189.470168] sh (45475): drop_caches: 3
[23193.517538] sh (45475): drop_caches: 3
[23197.564905] sh (45475): drop_caches: 3
[23201.608196] sh (45475): drop_caches: 3
[23205.652415] sh (45475): drop_caches: 3
[23209.697338] sh (45475): drop_caches: 3
[23213.744212] sh (45475): drop_caches: 3
[23217.789163] sh (45475): drop_caches: 3
[23221.836636] sh (45475): drop_caches: 3
[23225.883239] sh (45475): drop_caches: 3
[23229.923505] sh (45475): drop_caches: 3
[23233.970273] sh (45475): drop_caches: 3
[23238.013087] sh (45475): drop_caches: 3
[23242.056596] sh (45475): drop_caches: 3
[23246.106225] sh (45475): drop_caches: 3
[23250.151869] sh (45475): drop_caches: 3
[23254.199883] sh (45475): drop_caches: 3
[23258.248260] sh (45475): drop_caches: 3
[23262.293110] sh (45475): drop_caches: 3
[23266.342302] sh (45475): drop_caches: 3
[23270.389749] sh (45475): drop_caches: 3
[23274.436485] sh (45475): drop_caches: 3
[23278.481203] sh (45475): drop_caches: 3
[23282.529348] sh (45475): drop_caches: 3
[23286.575286] sh (45475): drop_caches: 3
[23290.622270] sh (45475): drop_caches: 3
[23294.668632] sh (45475): drop_caches: 3
[23298.716306] sh (45475): drop_caches: 3
[23302.764507] sh (45475): drop_caches: 3
[23306.812478] sh (45475): drop_caches: 3
[23310.860010] sh (45475): drop_caches: 3
[23314.897430] sh (45475): drop_caches: 3
[23318.945027] sh (45475): drop_caches: 3
[23322.989393] sh (45475): drop_caches: 3
[23327.033480] sh (45475): drop_caches: 3
[23331.075622] sh (45475): drop_caches: 3
[23335.121278] sh (45475): drop_caches: 3
[23339.165729] sh (45475): drop_caches: 3
[23343.210144] sh (45475): drop_caches: 3
[23347.257775] sh (45475): drop_caches: 3
[23351.305282] sh (45475): drop_caches: 3
[23355.351501] sh (45475): drop_caches: 3
[23359.397796] sh (45475): drop_caches: 3
[23363.443508] sh (45475): drop_caches: 3
[23367.489565] sh (45475): drop_caches: 3
[23371.529894] sh (45475): drop_caches: 3
[23375.572733] sh (45475): drop_caches: 3
[23379.616233] sh (45475): drop_caches: 3
[23383.665582] sh (45475): drop_caches: 3
[23387.702794] sh (45475): drop_caches: 3
[23391.743058] sh (45475): drop_caches: 3
[23395.791516] sh (45475): drop_caches: 3
[23399.839135] sh (45475): drop_caches: 3
[23403.882923] sh (45475): drop_caches: 3
[23407.930479] sh (45475): drop_caches: 3
[23411.978453] sh (45475): drop_caches: 3
[23416.022115] sh (45475): drop_caches: 3
[23420.069994] sh (45475): drop_caches: 3
[23424.115216] sh (45475): drop_caches: 3
[23428.163157] sh (45475): drop_caches: 3
[23432.211114] sh (45475): drop_caches: 3
[23436.257226] sh (45475): drop_caches: 3
[23440.302532] sh (45475): drop_caches: 3
[23444.348720] sh (45475): drop_caches: 3
[23448.396174] sh (45475): drop_caches: 3
[23452.443967] sh (45475): drop_caches: 3
[23456.491837] sh (45475): drop_caches: 3
[23460.531541] sh (45475): drop_caches: 3
[23464.571165] sh (45475): drop_caches: 3
[23468.614342] sh (45475): drop_caches: 3
[23472.661354] sh (45475): drop_caches: 3
[23476.704454] sh (45475): drop_caches: 3
[23480.751488] sh (45475): drop_caches: 3
[23484.800718] sh (45475): drop_caches: 3
[23488.845935] sh (45475): drop_caches: 3
[23492.890857] sh (45475): drop_caches: 3
[23496.935939] sh (45475): drop_caches: 3
[23500.979342] sh (45475): drop_caches: 3
[23505.028481] sh (45475): drop_caches: 3
[23509.075202] sh (45475): drop_caches: 3
[23513.121173] sh (45475): drop_caches: 3
[23517.168676] sh (45475): drop_caches: 3
[23521.214383] sh (45475): drop_caches: 3
[23525.258445] sh (45475): drop_caches: 3
[23529.308093] sh (45475): drop_caches: 3
[23533.353686] sh (45475): drop_caches: 3
[23537.384170] sh (45475): drop_caches: 3
[23537.434587] iCAT_SQLITE_RUN_END run=20260901-074720-45348
[23537.455524] EXT4-fs (nvme1n1): unmounting filesystem 838600db-a2a4-4d5f-abea-bb556149e81c.
[23537.521743] pci_bus 0001:10: busn_res: [bus 10-ff] is released
[23537.521771] NVMeVirt: GC stats: policy=cat-fig7 host_pages=14696050 gc_pages=2130277 gc_count=262905 WAF=1.144 k=7 scale_pct=25 age_ratio=4
[23537.584632] NVMeVirt: Virtual NVMe device closed
