[ 5959.677865] NVMeVirt: Version 1.10 for >> Samsung 970 Pro SSD <<
[ 5959.677871] NVMeVirt: Storage: 0x100100000-0x300000000 (8191 MiB)
[ 5959.682514] NVMeVirt: Total Capacity(GiB,MiB)=2,2048 chs=2 luns=4 lines=8192 blk-size(MiB,KiB)=0,64 line-size(MiB,KiB)=0,256
[ 5959.690577] NVMeVirt: [chmodel_init] bandwidth 800 max_credits 26 tx_time 152
[ 5959.698145] NVMeVirt: [chmodel_init] bandwidth 800 max_credits 26 tx_time 152
[ 5959.698159] NVMeVirt: [chmodel_init] bandwidth 3360 max_credits 110 tx_time 36
[ 5959.699400] NVMeVirt: pqueue: Copyright (c) 2014, Volkan Yazıcı <volkan.yazici@gmail.com>. All rights reserved.
[ 5959.699437] NVMeVirt: Init FTL instance with 2 channels (524288 pages)
[ 5959.699438] NVMeVirt: GC victim policy: cat-fig7 k=2 scale_pct=100 age_ratio=7
[ 5959.705923] NVMeVirt: [chmodel_init] bandwidth 800 max_credits 26 tx_time 152
[ 5959.712336] NVMeVirt: [chmodel_init] bandwidth 800 max_credits 26 tx_time 152
[ 5959.712350] NVMeVirt: [chmodel_init] bandwidth 3360 max_credits 110 tx_time 36
[ 5959.713595] NVMeVirt: Init FTL instance with 2 channels (524288 pages)
[ 5959.713596] NVMeVirt: GC victim policy: cat-fig7 k=2 scale_pct=100 age_ratio=7
[ 5959.720119] NVMeVirt: [chmodel_init] bandwidth 800 max_credits 26 tx_time 152
[ 5959.726589] NVMeVirt: [chmodel_init] bandwidth 800 max_credits 26 tx_time 152
[ 5959.726603] NVMeVirt: [chmodel_init] bandwidth 3360 max_credits 110 tx_time 36
[ 5959.727836] NVMeVirt: Init FTL instance with 2 channels (524288 pages)
[ 5959.727837] NVMeVirt: GC victim policy: cat-fig7 k=2 scale_pct=100 age_ratio=7
[ 5959.734251] NVMeVirt: [chmodel_init] bandwidth 800 max_credits 26 tx_time 152
[ 5959.740679] NVMeVirt: [chmodel_init] bandwidth 800 max_credits 26 tx_time 152
[ 5959.740694] NVMeVirt: [chmodel_init] bandwidth 3360 max_credits 110 tx_time 36
[ 5959.741928] NVMeVirt: Init FTL instance with 2 channels (524288 pages)
[ 5959.741929] NVMeVirt: GC victim policy: cat-fig7 k=2 scale_pct=100 age_ratio=7
[ 5959.741933] NVMeVirt: FTL physical space: 8588886016, logical space: 8026996276 (physical/logical * 100 = 107)
[ 5959.741934] NVMeVirt: ns 0/1: size 7655 MiB
[ 5959.741976] PCI host bridge to bus 0001:10
[ 5959.741977] pci_bus 0001:10: root bus resource [io  0x0000-0xffff]
[ 5959.741979] pci_bus 0001:10: root bus resource [mem 0x00000000-0x3fffffffffff]
[ 5959.741981] pci_bus 0001:10: root bus resource [bus 00-ff]
[ 5959.741986] pci 0001:10:00.0: [0c51:0110] type 00 class 0x010802 PCIe Endpoint
[ 5959.741989] pci 0001:10:00.0: BAR 0 [mem 0x100000000-0x100003fff 64bit]
[ 5959.741991] pci 0001:10:00.0: enabling Extended Tags
[ 5959.742103] NVMeVirt: Virtual PCI bus created (node 0)
[ 5959.742757] NVMeVirt: nvmev_dispatcher started on cpu 1 (node 0)
[ 5959.742818] NVMeVirt: nvmev_io_worker_0 started on cpu 2 (node 0)
[ 5959.742907] nvme nvme1: pci function 0001:10:00.0
[ 5959.746868] nvme nvme1: 20/0/0 default/read/poll queues
[ 5959.750314] NVMeVirt: Virtual NVMe device created
[ 5960.812748] EXT4-fs (nvme1n1): mounted filesystem 83b3f460-9339-49ef-bf84-9026728c0df2 r/w with ordered data mode. Quota mode: none.
[ 5960.843284] iCAT_SQLITE_LOAD_START run=20260901-030636-32724
[ 6060.017337] iCAT_SQLITE_LOAD_END run=20260901-030636-32724
[ 6060.445164] sh (32850): drop_caches: 3
[ 6060.471431] iCAT_SQLITE_RUN_START run=20260901-030636-32724
[ 6064.061015] sh (32851): drop_caches: 3
[ 6068.111181] sh (32851): drop_caches: 3
[ 6072.164067] sh (32851): drop_caches: 3
[ 6076.212173] sh (32851): drop_caches: 3
[ 6080.262393] sh (32851): drop_caches: 3
[ 6084.314172] sh (32851): drop_caches: 3
[ 6088.366058] sh (32851): drop_caches: 3
[ 6092.416557] sh (32851): drop_caches: 3
[ 6096.466183] sh (32851): drop_caches: 3
[ 6100.516296] sh (32851): drop_caches: 3
[ 6104.571291] sh (32851): drop_caches: 3
[ 6108.624786] sh (32851): drop_caches: 3
[ 6112.675410] sh (32851): drop_caches: 3
[ 6116.718618] sh (32851): drop_caches: 3
[ 6120.766317] sh (32851): drop_caches: 3
[ 6124.815774] sh (32851): drop_caches: 3
[ 6128.861085] sh (32851): drop_caches: 3
[ 6132.905293] sh (32851): drop_caches: 3
[ 6136.957021] sh (32851): drop_caches: 3
[ 6141.000758] sh (32851): drop_caches: 3
[ 6145.049383] sh (32851): drop_caches: 3
[ 6149.102172] sh (32851): drop_caches: 3
[ 6153.151846] sh (32851): drop_caches: 3
[ 6157.199565] sh (32851): drop_caches: 3
[ 6161.251223] sh (32851): drop_caches: 3
[ 6165.302300] sh (32851): drop_caches: 3
[ 6169.351045] sh (32851): drop_caches: 3
[ 6173.401859] sh (32851): drop_caches: 3
[ 6177.454274] sh (32851): drop_caches: 3
[ 6181.504057] sh (32851): drop_caches: 3
[ 6185.552737] sh (32851): drop_caches: 3
[ 6189.608068] sh (32851): drop_caches: 3
[ 6193.657813] sh (32851): drop_caches: 3
[ 6197.707610] sh (32851): drop_caches: 3
[ 6201.757466] sh (32851): drop_caches: 3
[ 6205.805044] sh (32851): drop_caches: 3
[ 6209.854181] sh (32851): drop_caches: 3
[ 6213.905649] sh (32851): drop_caches: 3
[ 6217.952250] sh (32851): drop_caches: 3
[ 6222.002578] sh (32851): drop_caches: 3
[ 6226.046848] sh (32851): drop_caches: 3
[ 6230.092335] sh (32851): drop_caches: 3
[ 6234.141467] sh (32851): drop_caches: 3
[ 6238.192593] sh (32851): drop_caches: 3
[ 6242.247031] sh (32851): drop_caches: 3
[ 6246.300989] sh (32851): drop_caches: 3
[ 6250.352295] sh (32851): drop_caches: 3
[ 6254.404780] sh (32851): drop_caches: 3
[ 6258.453070] sh (32851): drop_caches: 3
[ 6262.501257] sh (32851): drop_caches: 3
[ 6266.552574] sh (32851): drop_caches: 3
[ 6270.602844] sh (32851): drop_caches: 3
[ 6274.653726] sh (32851): drop_caches: 3
[ 6278.703484] sh (32851): drop_caches: 3
[ 6282.752813] sh (32851): drop_caches: 3
[ 6286.804605] sh (32851): drop_caches: 3
[ 6290.854044] sh (32851): drop_caches: 3
[ 6294.907115] sh (32851): drop_caches: 3
[ 6298.959149] sh (32851): drop_caches: 3
[ 6303.007833] sh (32851): drop_caches: 3
[ 6307.059007] sh (32851): drop_caches: 3
[ 6311.107734] sh (32851): drop_caches: 3
[ 6315.153302] sh (32851): drop_caches: 3
[ 6319.199668] sh (32851): drop_caches: 3
[ 6323.251284] sh (32851): drop_caches: 3
[ 6327.299879] sh (32851): drop_caches: 3
[ 6331.349700] sh (32851): drop_caches: 3
[ 6335.397957] sh (32851): drop_caches: 3
[ 6339.446888] sh (32851): drop_caches: 3
[ 6343.497528] sh (32851): drop_caches: 3
[ 6347.549110] sh (32851): drop_caches: 3
[ 6351.599521] sh (32851): drop_caches: 3
[ 6355.648999] sh (32851): drop_caches: 3
[ 6359.694627] sh (32851): drop_caches: 3
[ 6363.745908] sh (32851): drop_caches: 3
[ 6367.794027] sh (32851): drop_caches: 3
[ 6371.845125] sh (32851): drop_caches: 3
[ 6375.893720] sh (32851): drop_caches: 3
[ 6379.944884] sh (32851): drop_caches: 3
[ 6383.994632] sh (32851): drop_caches: 3
[ 6388.036401] sh (32851): drop_caches: 3
[ 6392.091058] sh (32851): drop_caches: 3
[ 6396.141189] sh (32851): drop_caches: 3
[ 6400.191073] sh (32851): drop_caches: 3
[ 6404.233186] sh (32851): drop_caches: 3
[ 6408.281622] sh (32851): drop_caches: 3
[ 6412.329326] sh (32851): drop_caches: 3
[ 6416.378444] sh (32851): drop_caches: 3
[ 6420.427041] sh (32851): drop_caches: 3
[ 6424.478296] sh (32851): drop_caches: 3
[ 6428.528562] sh (32851): drop_caches: 3
[ 6432.582936] sh (32851): drop_caches: 3
[ 6436.634590] sh (32851): drop_caches: 3
[ 6440.679847] sh (32851): drop_caches: 3
[ 6444.723538] sh (32851): drop_caches: 3
[ 6448.777672] sh (32851): drop_caches: 3
[ 6452.829864] sh (32851): drop_caches: 3
[ 6456.883896] sh (32851): drop_caches: 3
[ 6460.931731] sh (32851): drop_caches: 3
[ 6464.981470] sh (32851): drop_caches: 3
[ 6469.029136] sh (32851): drop_caches: 3
[ 6473.078153] sh (32851): drop_caches: 3
[ 6477.121655] sh (32851): drop_caches: 3
[ 6481.170382] sh (32851): drop_caches: 3
[ 6485.215243] sh (32851): drop_caches: 3
[ 6489.258359] sh (32851): drop_caches: 3
[ 6493.309287] sh (32851): drop_caches: 3
[ 6497.359935] sh (32851): drop_caches: 3
[ 6501.413040] sh (32851): drop_caches: 3
[ 6505.465984] sh (32851): drop_caches: 3
[ 6509.518069] sh (32851): drop_caches: 3
[ 6513.571282] sh (32851): drop_caches: 3
[ 6517.620460] sh (32851): drop_caches: 3
[ 6521.668511] sh (32851): drop_caches: 3
[ 6525.718650] sh (32851): drop_caches: 3
[ 6529.767005] sh (32851): drop_caches: 3
[ 6533.816669] sh (32851): drop_caches: 3
[ 6537.864410] sh (32851): drop_caches: 3
[ 6541.917871] sh (32851): drop_caches: 3
[ 6545.967817] sh (32851): drop_caches: 3
[ 6550.014880] sh (32851): drop_caches: 3
[ 6554.059023] sh (32851): drop_caches: 3
[ 6558.111531] sh (32851): drop_caches: 3
[ 6562.155231] sh (32851): drop_caches: 3
[ 6566.203752] sh (32851): drop_caches: 3
[ 6570.255870] sh (32851): drop_caches: 3
[ 6574.304906] sh (32851): drop_caches: 3
[ 6578.354001] sh (32851): drop_caches: 3
[ 6582.405356] sh (32851): drop_caches: 3
[ 6586.450544] sh (32851): drop_caches: 3
[ 6590.502601] sh (32851): drop_caches: 3
[ 6594.549485] sh (32851): drop_caches: 3
[ 6598.600260] sh (32851): drop_caches: 3
[ 6602.651360] sh (32851): drop_caches: 3
[ 6606.703107] sh (32851): drop_caches: 3
[ 6610.754788] sh (32851): drop_caches: 3
[ 6614.800182] sh (32851): drop_caches: 3
[ 6618.849639] sh (32851): drop_caches: 3
[ 6622.899976] sh (32851): drop_caches: 3
[ 6626.950810] sh (32851): drop_caches: 3
[ 6631.001575] sh (32851): drop_caches: 3
[ 6635.049788] sh (32851): drop_caches: 3
[ 6639.099566] sh (32851): drop_caches: 3
[ 6643.153466] sh (32851): drop_caches: 3
[ 6647.198173] sh (32851): drop_caches: 3
[ 6651.246889] sh (32851): drop_caches: 3
[ 6655.295447] sh (32851): drop_caches: 3
[ 6659.343807] sh (32851): drop_caches: 3
[ 6663.393486] sh (32851): drop_caches: 3
[ 6667.444579] sh (32851): drop_caches: 3
[ 6671.499530] sh (32851): drop_caches: 3
[ 6675.546061] sh (32851): drop_caches: 3
[ 6679.594660] sh (32851): drop_caches: 3
[ 6683.643533] sh (32851): drop_caches: 3
[ 6687.687307] sh (32851): drop_caches: 3
[ 6691.738012] sh (32851): drop_caches: 3
[ 6695.788244] sh (32851): drop_caches: 3
[ 6699.815550] sh (32851): drop_caches: 3
[ 6699.865618] iCAT_SQLITE_RUN_END run=20260901-030636-32724
[ 6699.886327] EXT4-fs (nvme1n1): unmounting filesystem 83b3f460-9339-49ef-bf84-9026728c0df2.
[ 6699.976049] pci_bus 0001:10: busn_res: [bus 10-ff] is released
[ 6699.976082] NVMeVirt: GC stats: policy=cat-fig7 host_pages=14702474 gc_pages=4146293 gc_count=294505 WAF=1.282 k=2 scale_pct=100 age_ratio=7
[ 6700.038344] NVMeVirt: Virtual NVMe device closed
