[14044.458541] NVMeVirt: Version 1.10 for >> Samsung 970 Pro SSD <<
[14044.458550] NVMeVirt: Storage: 0x100100000-0x300000000 (8191 MiB)
[14044.465626] NVMeVirt: Total Capacity(GiB,MiB)=2,2048 chs=2 luns=4 lines=8192 blk-size(MiB,KiB)=0,64 line-size(MiB,KiB)=0,256
[14044.477308] NVMeVirt: [chmodel_init] bandwidth 800 max_credits 26 tx_time 152
[14044.485442] NVMeVirt: [chmodel_init] bandwidth 800 max_credits 26 tx_time 152
[14044.485459] NVMeVirt: [chmodel_init] bandwidth 3360 max_credits 110 tx_time 36
[14044.486864] NVMeVirt: pqueue: Copyright (c) 2014, Volkan Yazıcı <volkan.yazici@gmail.com>. All rights reserved.
[14044.486913] NVMeVirt: Init FTL instance with 2 channels (524288 pages)
[14044.486914] NVMeVirt: GC victim policy: cat-fig7 k=4 scale_pct=50 age_ratio=4
[14044.496458] NVMeVirt: [chmodel_init] bandwidth 800 max_credits 26 tx_time 152
[14044.503056] NVMeVirt: [chmodel_init] bandwidth 800 max_credits 26 tx_time 152
[14044.503071] NVMeVirt: [chmodel_init] bandwidth 3360 max_credits 110 tx_time 36
[14044.504347] NVMeVirt: Init FTL instance with 2 channels (524288 pages)
[14044.504349] NVMeVirt: GC victim policy: cat-fig7 k=4 scale_pct=50 age_ratio=4
[14044.510855] NVMeVirt: [chmodel_init] bandwidth 800 max_credits 26 tx_time 152
[14044.517351] NVMeVirt: [chmodel_init] bandwidth 800 max_credits 26 tx_time 152
[14044.517364] NVMeVirt: [chmodel_init] bandwidth 3360 max_credits 110 tx_time 36
[14044.518596] NVMeVirt: Init FTL instance with 2 channels (524288 pages)
[14044.518598] NVMeVirt: GC victim policy: cat-fig7 k=4 scale_pct=50 age_ratio=4
[14044.524992] NVMeVirt: [chmodel_init] bandwidth 800 max_credits 26 tx_time 152
[14044.531370] NVMeVirt: [chmodel_init] bandwidth 800 max_credits 26 tx_time 152
[14044.531385] NVMeVirt: [chmodel_init] bandwidth 3360 max_credits 110 tx_time 36
[14044.532624] NVMeVirt: Init FTL instance with 2 channels (524288 pages)
[14044.532625] NVMeVirt: GC victim policy: cat-fig7 k=4 scale_pct=50 age_ratio=4
[14044.532629] NVMeVirt: FTL physical space: 8588886016, logical space: 8026996276 (physical/logical * 100 = 107)
[14044.532630] NVMeVirt: ns 0/1: size 7655 MiB
[14044.532669] PCI host bridge to bus 0001:10
[14044.532671] pci_bus 0001:10: root bus resource [io  0x0000-0xffff]
[14044.532673] pci_bus 0001:10: root bus resource [mem 0x00000000-0x3fffffffffff]
[14044.532674] pci_bus 0001:10: root bus resource [bus 00-ff]
[14044.532680] pci 0001:10:00.0: [0c51:0110] type 00 class 0x010802 PCIe Endpoint
[14044.532683] pci 0001:10:00.0: BAR 0 [mem 0x100000000-0x100003fff 64bit]
[14044.532685] pci 0001:10:00.0: enabling Extended Tags
[14044.532795] NVMeVirt: Virtual PCI bus created (node 0)
[14044.533357] NVMeVirt: nvmev_io_worker_0 started on cpu 2 (node 0)
[14044.533416] NVMeVirt: nvmev_dispatcher started on cpu 1 (node 0)
[14044.533587] nvme nvme1: pci function 0001:10:00.0
[14044.538148] nvme nvme1: 20/0/0 default/read/poll queues
[14044.542356] NVMeVirt: Virtual NVMe device created
[14045.603466] EXT4-fs (nvme1n1): mounted filesystem 7b8397ea-8215-45c7-abf6-d2c2423caa71 r/w with ordered data mode. Quota mode: none.
[14045.632349] iCAT_SQLITE_LOAD_START run=20260901-052121-37570
[14145.351362] iCAT_SQLITE_LOAD_END run=20260901-052121-37570
[14145.757261] sh (37702): drop_caches: 3
[14145.788244] iCAT_SQLITE_RUN_START run=20260901-052121-37570
[14149.395787] sh (37704): drop_caches: 3
[14153.444608] sh (37704): drop_caches: 3
[14157.492758] sh (37704): drop_caches: 3
[14161.542973] sh (37704): drop_caches: 3
[14165.591801] sh (37704): drop_caches: 3
[14169.642821] sh (37704): drop_caches: 3
[14173.693346] sh (37704): drop_caches: 3
[14177.744808] sh (37704): drop_caches: 3
[14181.797880] sh (37704): drop_caches: 3
[14185.846978] sh (37704): drop_caches: 3
[14189.894964] sh (37704): drop_caches: 3
[14193.945666] sh (37704): drop_caches: 3
[14197.992182] sh (37704): drop_caches: 3
[14202.037791] sh (37704): drop_caches: 3
[14206.085713] sh (37704): drop_caches: 3
[14210.134479] sh (37704): drop_caches: 3
[14214.186507] sh (37704): drop_caches: 3
[14218.237936] sh (37704): drop_caches: 3
[14222.287630] sh (37704): drop_caches: 3
[14226.336398] sh (37704): drop_caches: 3
[14230.389783] sh (37704): drop_caches: 3
[14234.440364] sh (37704): drop_caches: 3
[14238.491977] sh (37704): drop_caches: 3
[14242.540129] sh (37704): drop_caches: 3
[14246.590920] sh (37704): drop_caches: 3
[14250.637987] sh (37704): drop_caches: 3
[14254.689987] sh (37704): drop_caches: 3
[14258.738799] sh (37704): drop_caches: 3
[14262.791108] sh (37704): drop_caches: 3
[14266.840251] sh (37704): drop_caches: 3
[14270.894668] sh (37704): drop_caches: 3
[14274.937132] sh (37704): drop_caches: 3
[14278.990650] sh (37704): drop_caches: 3
[14283.039419] sh (37704): drop_caches: 3
[14287.089658] sh (37704): drop_caches: 3
[14291.139399] sh (37704): drop_caches: 3
[14295.188632] sh (37704): drop_caches: 3
[14299.240669] sh (37704): drop_caches: 3
[14303.285858] sh (37704): drop_caches: 3
[14307.336039] sh (37704): drop_caches: 3
[14311.389168] sh (37704): drop_caches: 3
[14315.437585] sh (37704): drop_caches: 3
[14319.489566] sh (37704): drop_caches: 3
[14323.540929] sh (37704): drop_caches: 3
[14327.589575] sh (37704): drop_caches: 3
[14331.636962] sh (37704): drop_caches: 3
[14335.687195] sh (37704): drop_caches: 3
[14339.735765] sh (37704): drop_caches: 3
[14343.786370] sh (37704): drop_caches: 3
[14347.839422] sh (37704): drop_caches: 3
[14351.889042] sh (37704): drop_caches: 3
[14355.938043] sh (37704): drop_caches: 3
[14359.980254] sh (37704): drop_caches: 3
[14364.030964] sh (37704): drop_caches: 3
[14368.082188] sh (37704): drop_caches: 3
[14372.131481] sh (37704): drop_caches: 3
[14376.183162] sh (37704): drop_caches: 3
[14380.233083] sh (37704): drop_caches: 3
[14384.283530] sh (37704): drop_caches: 3
[14388.334863] sh (37704): drop_caches: 3
[14392.383886] sh (37704): drop_caches: 3
[14396.435994] sh (37704): drop_caches: 3
[14400.488841] sh (37704): drop_caches: 3
[14404.537750] sh (37704): drop_caches: 3
[14408.588280] sh (37704): drop_caches: 3
[14412.635302] sh (37704): drop_caches: 3
[14416.687997] sh (37704): drop_caches: 3
[14420.737760] sh (37704): drop_caches: 3
[14424.787285] sh (37704): drop_caches: 3
[14428.840226] sh (37704): drop_caches: 3
[14432.890241] sh (37704): drop_caches: 3
[14436.943944] sh (37704): drop_caches: 3
[14440.996229] sh (37704): drop_caches: 3
[14445.040648] sh (37704): drop_caches: 3
[14449.090647] sh (37704): drop_caches: 3
[14453.141527] sh (37704): drop_caches: 3
[14457.192413] sh (37704): drop_caches: 3
[14461.245141] sh (37704): drop_caches: 3
[14465.297468] sh (37704): drop_caches: 3
[14469.347233] sh (37704): drop_caches: 3
[14473.399144] sh (37704): drop_caches: 3
[14477.449068] sh (37704): drop_caches: 3
[14481.500759] sh (37704): drop_caches: 3
[14485.549223] sh (37704): drop_caches: 3
[14489.597647] sh (37704): drop_caches: 3
[14493.648489] sh (37704): drop_caches: 3
[14497.697973] sh (37704): drop_caches: 3
[14501.746868] sh (37704): drop_caches: 3
[14505.798986] sh (37704): drop_caches: 3
[14509.850260] sh (37704): drop_caches: 3
[14513.899052] sh (37704): drop_caches: 3
[14517.948338] sh (37704): drop_caches: 3
[14521.996555] sh (37704): drop_caches: 3
[14526.040309] sh (37704): drop_caches: 3
[14530.086546] sh (37704): drop_caches: 3
[14534.139349] sh (37704): drop_caches: 3
[14538.188130] sh (37704): drop_caches: 3
[14542.237921] sh (37704): drop_caches: 3
[14546.288857] sh (37704): drop_caches: 3
[14550.338785] sh (37704): drop_caches: 3
[14554.390364] sh (37704): drop_caches: 3
[14558.442649] sh (37704): drop_caches: 3
[14562.492731] sh (37704): drop_caches: 3
[14566.542836] sh (37704): drop_caches: 3
[14570.591388] sh (37704): drop_caches: 3
[14574.636525] sh (37704): drop_caches: 3
[14578.686568] sh (37704): drop_caches: 3
[14582.735230] sh (37704): drop_caches: 3
[14586.784672] sh (37704): drop_caches: 3
[14590.842270] sh (37704): drop_caches: 3
[14594.895845] sh (37704): drop_caches: 3
[14598.943643] sh (37704): drop_caches: 3
[14602.990987] sh (37704): drop_caches: 3
[14607.043901] sh (37704): drop_caches: 3
[14611.087420] sh (37704): drop_caches: 3
[14615.139209] sh (37704): drop_caches: 3
[14619.187397] sh (37704): drop_caches: 3
[14623.235504] sh (37704): drop_caches: 3
[14627.285523] sh (37704): drop_caches: 3
[14631.336676] sh (37704): drop_caches: 3
[14635.384227] sh (37704): drop_caches: 3
[14639.434300] sh (37704): drop_caches: 3
[14643.487197] sh (37704): drop_caches: 3
[14647.535808] sh (37704): drop_caches: 3
[14651.585898] sh (37704): drop_caches: 3
[14655.631264] sh (37704): drop_caches: 3
[14659.682329] sh (37704): drop_caches: 3
[14663.732240] sh (37704): drop_caches: 3
[14667.783697] sh (37704): drop_caches: 3
[14671.837252] sh (37704): drop_caches: 3
[14675.888284] sh (37704): drop_caches: 3
[14679.939466] sh (37704): drop_caches: 3
[14683.987531] sh (37704): drop_caches: 3
[14688.039105] sh (37704): drop_caches: 3
[14692.088861] sh (37704): drop_caches: 3
[14696.135750] sh (37704): drop_caches: 3
[14700.184264] sh (37704): drop_caches: 3
[14704.234962] sh (37704): drop_caches: 3
[14708.288700] sh (37704): drop_caches: 3
[14712.338659] sh (37704): drop_caches: 3
[14716.387582] sh (37704): drop_caches: 3
[14720.440961] sh (37704): drop_caches: 3
[14724.489284] sh (37704): drop_caches: 3
[14728.537367] sh (37704): drop_caches: 3
[14732.589299] sh (37704): drop_caches: 3
[14736.637043] sh (37704): drop_caches: 3
[14740.686034] sh (37704): drop_caches: 3
[14744.736527] sh (37704): drop_caches: 3
[14748.788279] sh (37704): drop_caches: 3
[14752.838547] sh (37704): drop_caches: 3
[14756.887047] sh (37704): drop_caches: 3
[14760.935762] sh (37704): drop_caches: 3
[14764.984698] sh (37704): drop_caches: 3
[14769.033133] sh (37704): drop_caches: 3
[14773.084983] sh (37704): drop_caches: 3
[14777.124502] sh (37704): drop_caches: 3
[14777.168903] iCAT_SQLITE_RUN_END run=20260901-052121-37570
[14777.189402] EXT4-fs (nvme1n1): unmounting filesystem 7b8397ea-8215-45c7-abf6-d2c2423caa71.
[14777.283151] pci_bus 0001:10: busn_res: [bus 10-ff] is released
[14777.283203] NVMeVirt: GC stats: policy=cat-fig7 host_pages=14699876 gc_pages=2544543 gc_count=269437 WAF=1.173 k=4 scale_pct=50 age_ratio=4
[14777.354970] NVMeVirt: Virtual NVMe device closed
