[38272.409420] NVMeVirt: Version 1.10 for >> Samsung 970 Pro SSD <<
[38272.409428] NVMeVirt: Storage: 0x100100000-0x300000000 (8191 MiB)
[38272.416562] NVMeVirt: Total Capacity(GiB,MiB)=2,2048 chs=2 luns=4 lines=8192 blk-size(MiB,KiB)=0,64 line-size(MiB,KiB)=0,256
[38272.425813] NVMeVirt: [chmodel_init] bandwidth 800 max_credits 26 tx_time 152
[38272.432531] NVMeVirt: [chmodel_init] bandwidth 800 max_credits 26 tx_time 152
[38272.432544] NVMeVirt: [chmodel_init] bandwidth 3360 max_credits 110 tx_time 36
[38272.433763] NVMeVirt: pqueue: Copyright (c) 2014, Volkan Yazıcı <volkan.yazici@gmail.com>. All rights reserved.
[38272.433800] NVMeVirt: Init FTL instance with 2 channels (524288 pages)
[38272.433801] NVMeVirt: GC victim policy: cat-fig7 k=10 scale_pct=100 age_ratio=4
[38272.440389] NVMeVirt: [chmodel_init] bandwidth 800 max_credits 26 tx_time 152
[38272.446924] NVMeVirt: [chmodel_init] bandwidth 800 max_credits 26 tx_time 152
[38272.446939] NVMeVirt: [chmodel_init] bandwidth 3360 max_credits 110 tx_time 36
[38272.448191] NVMeVirt: Init FTL instance with 2 channels (524288 pages)
[38272.448192] NVMeVirt: GC victim policy: cat-fig7 k=10 scale_pct=100 age_ratio=4
[38272.454731] NVMeVirt: [chmodel_init] bandwidth 800 max_credits 26 tx_time 152
[38272.461219] NVMeVirt: [chmodel_init] bandwidth 800 max_credits 26 tx_time 152
[38272.461233] NVMeVirt: [chmodel_init] bandwidth 3360 max_credits 110 tx_time 36
[38272.462514] NVMeVirt: Init FTL instance with 2 channels (524288 pages)
[38272.462515] NVMeVirt: GC victim policy: cat-fig7 k=10 scale_pct=100 age_ratio=4
[38272.469099] NVMeVirt: [chmodel_init] bandwidth 800 max_credits 26 tx_time 152
[38272.475595] NVMeVirt: [chmodel_init] bandwidth 800 max_credits 26 tx_time 152
[38272.475610] NVMeVirt: [chmodel_init] bandwidth 3360 max_credits 110 tx_time 36
[38272.476847] NVMeVirt: Init FTL instance with 2 channels (524288 pages)
[38272.476849] NVMeVirt: GC victim policy: cat-fig7 k=10 scale_pct=100 age_ratio=4
[38272.476853] NVMeVirt: FTL physical space: 8588886016, logical space: 8026996276 (physical/logical * 100 = 107)
[38272.476854] NVMeVirt: ns 0/1: size 7655 MiB
[38272.476894] PCI host bridge to bus 0001:10
[38272.476896] pci_bus 0001:10: root bus resource [io  0x0000-0xffff]
[38272.476898] pci_bus 0001:10: root bus resource [mem 0x00000000-0x3fffffffffff]
[38272.476899] pci_bus 0001:10: root bus resource [bus 00-ff]
[38272.476905] pci 0001:10:00.0: [0c51:0110] type 00 class 0x010802 PCIe Endpoint
[38272.476908] pci 0001:10:00.0: BAR 0 [mem 0x100000000-0x100003fff 64bit]
[38272.476909] pci 0001:10:00.0: enabling Extended Tags
[38272.477018] NVMeVirt: Virtual PCI bus created (node 0)
[38272.477451] NVMeVirt: nvmev_io_worker_0 started on cpu 2 (node 0)
[38272.477560] NVMeVirt: nvmev_dispatcher started on cpu 1 (node 0)
[38272.477736] nvme nvme1: pci function 0001:10:00.0
[38272.481926] nvme nvme1: 20/0/0 default/read/poll queues
[38272.485433] NVMeVirt: Virtual NVMe device created
[38273.538850] EXT4-fs (nvme1n1): mounted filesystem c913bbd5-b459-493c-9283-3e04be3787ef r/w with ordered data mode. Quota mode: none.
[38273.569154] iCAT_SQLITE_LOAD_START run=20260901-120509-92098
[38379.493372] iCAT_SQLITE_LOAD_END run=20260901-120509-92098
[38379.896077] sh (92710): drop_caches: 3
[38379.924220] iCAT_SQLITE_RUN_START run=20260901-120509-92098
[38383.538405] sh (92709): drop_caches: 3
[38387.587825] sh (92709): drop_caches: 3
[38391.636469] sh (92709): drop_caches: 3
[38395.689168] sh (92709): drop_caches: 3
[38399.734668] sh (92709): drop_caches: 3
[38403.784558] sh (92709): drop_caches: 3
[38407.835365] sh (92709): drop_caches: 3
[38411.888696] sh (92709): drop_caches: 3
[38415.937486] sh (92709): drop_caches: 3
[38419.992429] sh (92709): drop_caches: 3
[38424.046020] sh (92709): drop_caches: 3
[38428.099903] sh (92709): drop_caches: 3
[38432.153661] sh (92709): drop_caches: 3
[38436.204221] sh (92709): drop_caches: 3
[38440.254045] sh (92709): drop_caches: 3
[38444.306634] sh (92709): drop_caches: 3
[38448.357842] sh (92709): drop_caches: 3
[38452.402949] sh (92709): drop_caches: 3
[38456.450350] sh (92709): drop_caches: 3
[38460.503246] sh (92709): drop_caches: 3
[38464.557463] sh (92709): drop_caches: 3
[38468.602237] sh (92709): drop_caches: 3
[38472.652452] sh (92709): drop_caches: 3
[38476.706288] sh (92709): drop_caches: 3
[38480.757706] sh (92709): drop_caches: 3
[38484.811925] sh (92709): drop_caches: 3
[38488.862680] sh (92709): drop_caches: 3
[38492.913887] sh (92709): drop_caches: 3
[38496.967259] sh (92709): drop_caches: 3
[38501.014629] sh (92709): drop_caches: 3
[38505.067632] sh (92709): drop_caches: 3
[38509.121105] sh (92709): drop_caches: 3
[38513.162594] sh (92709): drop_caches: 3
[38517.215363] sh (92709): drop_caches: 3
[38521.268318] sh (92709): drop_caches: 3
[38525.320907] sh (92709): drop_caches: 3
[38529.373838] sh (92709): drop_caches: 3
[38533.426780] sh (92709): drop_caches: 3
[38537.479132] sh (92709): drop_caches: 3
[38541.533289] sh (92709): drop_caches: 3
[38545.584743] sh (92709): drop_caches: 3
[38549.636762] sh (92709): drop_caches: 3
[38553.683363] sh (92709): drop_caches: 3
[38557.735646] sh (92709): drop_caches: 3
[38561.782677] sh (92709): drop_caches: 3
[38565.836102] sh (92709): drop_caches: 3
[38569.885923] sh (92709): drop_caches: 3
[38573.935769] sh (92709): drop_caches: 3
[38577.986069] sh (92709): drop_caches: 3
[38582.038328] sh (92709): drop_caches: 3
[38586.084457] sh (92709): drop_caches: 3
[38590.136828] sh (92709): drop_caches: 3
[38594.182444] sh (92709): drop_caches: 3
[38598.227738] sh (92709): drop_caches: 3
[38602.280290] sh (92709): drop_caches: 3
[38606.324995] sh (92709): drop_caches: 3
[38610.378472] sh (92709): drop_caches: 3
[38614.430780] sh (92709): drop_caches: 3
[38618.482180] sh (92709): drop_caches: 3
[38622.534977] sh (92709): drop_caches: 3
[38626.585006] sh (92709): drop_caches: 3
[38630.637941] sh (92709): drop_caches: 3
[38634.690743] sh (92709): drop_caches: 3
[38638.742376] sh (92709): drop_caches: 3
[38642.790951] sh (92709): drop_caches: 3
[38646.842209] sh (92709): drop_caches: 3
[38650.897976] sh (92709): drop_caches: 3
[38654.950251] sh (92709): drop_caches: 3
[38659.001922] sh (92709): drop_caches: 3
[38663.051357] sh (92709): drop_caches: 3
[38667.094999] sh (92709): drop_caches: 3
[38671.148432] sh (92709): drop_caches: 3
[38675.201371] sh (92709): drop_caches: 3
[38679.250843] sh (92709): drop_caches: 3
[38683.300020] sh (92709): drop_caches: 3
[38687.352604] sh (92709): drop_caches: 3
[38691.404521] sh (92709): drop_caches: 3
[38695.450632] sh (92709): drop_caches: 3
[38699.501719] sh (92709): drop_caches: 3
[38703.551523] sh (92709): drop_caches: 3
[38707.603609] sh (92709): drop_caches: 3
[38711.651989] sh (92709): drop_caches: 3
[38715.703758] sh (92709): drop_caches: 3
[38719.754258] sh (92709): drop_caches: 3
[38723.804143] sh (92709): drop_caches: 3
[38727.848863] sh (92709): drop_caches: 3
[38731.898518] sh (92709): drop_caches: 3
[38735.952711] sh (92709): drop_caches: 3
[38740.003930] sh (92709): drop_caches: 3
[38744.054615] sh (92709): drop_caches: 3
[38748.107167] sh (92709): drop_caches: 3
[38752.150783] sh (92709): drop_caches: 3
[38756.196696] sh (92709): drop_caches: 3
[38760.250738] sh (92709): drop_caches: 3
[38764.302894] sh (92709): drop_caches: 3
[38768.353169] sh (92709): drop_caches: 3
[38772.407838] sh (92709): drop_caches: 3
[38776.457062] sh (92709): drop_caches: 3
[38780.508028] sh (92709): drop_caches: 3
[38784.558414] sh (92709): drop_caches: 3
[38788.612844] sh (92709): drop_caches: 3
[38792.667073] sh (92709): drop_caches: 3
[38796.719197] sh (92709): drop_caches: 3
[38800.769650] sh (92709): drop_caches: 3
[38804.823040] sh (92709): drop_caches: 3
[38808.865512] sh (92709): drop_caches: 3
[38812.908915] sh (92709): drop_caches: 3
[38816.958383] sh (92709): drop_caches: 3
[38821.012215] sh (92709): drop_caches: 3
[38825.064156] sh (92709): drop_caches: 3
[38829.110905] sh (92709): drop_caches: 3
[38833.151478] sh (92709): drop_caches: 3
[38837.200997] sh (92709): drop_caches: 3
[38841.247547] sh (92709): drop_caches: 3
[38845.302950] sh (92709): drop_caches: 3
[38849.355292] sh (92709): drop_caches: 3
[38853.409907] sh (92709): drop_caches: 3
[38857.459529] sh (92709): drop_caches: 3
[38861.510611] sh (92709): drop_caches: 3
[38865.560491] sh (92709): drop_caches: 3
[38869.611196] sh (92709): drop_caches: 3
[38873.666270] sh (92709): drop_caches: 3
[38877.716731] sh (92709): drop_caches: 3
[38881.771599] sh (92709): drop_caches: 3
[38885.819694] sh (92709): drop_caches: 3
[38889.864244] sh (92709): drop_caches: 3
[38893.913816] sh (92709): drop_caches: 3
[38897.966032] sh (92709): drop_caches: 3
[38902.015514] sh (92709): drop_caches: 3
[38906.066423] sh (92709): drop_caches: 3
[38910.121901] sh (92709): drop_caches: 3
[38914.163649] sh (92709): drop_caches: 3
[38918.207282] sh (92709): drop_caches: 3
[38922.258609] sh (92709): drop_caches: 3
[38926.302034] sh (92709): drop_caches: 3
[38930.358859] sh (92709): drop_caches: 3
[38934.409527] sh (92709): drop_caches: 3
[38938.460249] sh (92709): drop_caches: 3
[38942.510413] sh (92709): drop_caches: 3
[38946.562205] sh (92709): drop_caches: 3
[38950.616324] sh (92709): drop_caches: 3
[38954.669307] sh (92709): drop_caches: 3
[38958.719603] sh (92709): drop_caches: 3
[38962.772316] sh (92709): drop_caches: 3
[38966.826701] sh (92709): drop_caches: 3
[38970.879165] sh (92709): drop_caches: 3
[38974.932366] sh (92709): drop_caches: 3
[38978.986563] sh (92709): drop_caches: 3
[38983.031197] sh (92709): drop_caches: 3
[38987.087276] sh (92709): drop_caches: 3
[38991.138483] sh (92709): drop_caches: 3
[38995.188100] sh (92709): drop_caches: 3
[38999.238533] sh (92709): drop_caches: 3
[39003.289038] sh (92709): drop_caches: 3
[39007.341798] sh (92709): drop_caches: 3
[39011.387036] sh (92709): drop_caches: 3
[39015.414921] sh (92709): drop_caches: 3
[39015.465760] iCAT_SQLITE_RUN_END run=20260901-120509-92098
[39015.485934] EXT4-fs (nvme1n1): unmounting filesystem c913bbd5-b459-493c-9283-3e04be3787ef.
[39015.565969] pci_bus 0001:10: busn_res: [bus 10-ff] is released
[39015.566005] NVMeVirt: GC stats: policy=cat-fig7 host_pages=14698025 gc_pages=2567569 gc_count=269768 WAF=1.174 k=10 scale_pct=100 age_ratio=4
[39015.631088] NVMeVirt: Virtual NVMe device closed
