[27198.241094] NVMeVirt: Version 1.10 for >> Samsung 970 Pro SSD <<
[27198.241103] NVMeVirt: Storage: 0x100100000-0x300000000 (8191 MiB)
[27198.246473] NVMeVirt: Total Capacity(GiB,MiB)=2,2048 chs=2 luns=4 lines=8192 blk-size(MiB,KiB)=0,64 line-size(MiB,KiB)=0,256
[27198.253298] NVMeVirt: [chmodel_init] bandwidth 800 max_credits 26 tx_time 152
[27198.259959] NVMeVirt: [chmodel_init] bandwidth 800 max_credits 26 tx_time 152
[27198.259973] NVMeVirt: [chmodel_init] bandwidth 3360 max_credits 110 tx_time 36
[27198.261166] NVMeVirt: pqueue: Copyright (c) 2014, Volkan Yazıcı <volkan.yazici@gmail.com>. All rights reserved.
[27198.261203] NVMeVirt: Init FTL instance with 2 channels (524288 pages)
[27198.261204] NVMeVirt: GC victim policy: cat-fig7 k=7 scale_pct=100 age_ratio=4
[27198.267649] NVMeVirt: [chmodel_init] bandwidth 800 max_credits 26 tx_time 152
[27198.274177] NVMeVirt: [chmodel_init] bandwidth 800 max_credits 26 tx_time 152
[27198.274193] NVMeVirt: [chmodel_init] bandwidth 3360 max_credits 110 tx_time 36
[27198.275418] NVMeVirt: Init FTL instance with 2 channels (524288 pages)
[27198.275420] NVMeVirt: GC victim policy: cat-fig7 k=7 scale_pct=100 age_ratio=4
[27198.281906] NVMeVirt: [chmodel_init] bandwidth 800 max_credits 26 tx_time 152
[27198.288329] NVMeVirt: [chmodel_init] bandwidth 800 max_credits 26 tx_time 152
[27198.288342] NVMeVirt: [chmodel_init] bandwidth 3360 max_credits 110 tx_time 36
[27198.289621] NVMeVirt: Init FTL instance with 2 channels (524288 pages)
[27198.289622] NVMeVirt: GC victim policy: cat-fig7 k=7 scale_pct=100 age_ratio=4
[27198.296104] NVMeVirt: [chmodel_init] bandwidth 800 max_credits 26 tx_time 152
[27198.302532] NVMeVirt: [chmodel_init] bandwidth 800 max_credits 26 tx_time 152
[27198.302546] NVMeVirt: [chmodel_init] bandwidth 3360 max_credits 110 tx_time 36
[27198.303788] NVMeVirt: Init FTL instance with 2 channels (524288 pages)
[27198.303789] NVMeVirt: GC victim policy: cat-fig7 k=7 scale_pct=100 age_ratio=4
[27198.303793] NVMeVirt: FTL physical space: 8588886016, logical space: 8026996276 (physical/logical * 100 = 107)
[27198.303794] NVMeVirt: ns 0/1: size 7655 MiB
[27198.303834] PCI host bridge to bus 0001:10
[27198.303835] pci_bus 0001:10: root bus resource [io  0x0000-0xffff]
[27198.303837] pci_bus 0001:10: root bus resource [mem 0x00000000-0x3fffffffffff]
[27198.303839] pci_bus 0001:10: root bus resource [bus 00-ff]
[27198.303845] pci 0001:10:00.0: [0c51:0110] type 00 class 0x010802 PCIe Endpoint
[27198.303847] pci 0001:10:00.0: BAR 0 [mem 0x100000000-0x100003fff 64bit]
[27198.303849] pci 0001:10:00.0: enabling Extended Tags
[27198.303960] NVMeVirt: Virtual PCI bus created (node 0)
[27198.304367] NVMeVirt: nvmev_dispatcher started on cpu 1 (node 0)
[27198.304414] NVMeVirt: nvmev_io_worker_0 started on cpu 2 (node 0)
[27198.304588] nvme nvme1: pci function 0001:10:00.0
[27198.307500] nvme nvme1: 20/0/0 default/read/poll queues
[27198.310852] NVMeVirt: Virtual NVMe device created
[27199.373490] EXT4-fs (nvme1n1): mounted filesystem d0aaf89a-bc23-4d08-badf-ea6ccc1a9d42 r/w with ordered data mode. Quota mode: none.
[27199.406296] iCAT_SQLITE_LOAD_START run=20260901-090035-47747
[27300.711499] iCAT_SQLITE_LOAD_END run=20260901-090035-47747
[27301.194143] sh (47873): drop_caches: 3
[27301.227579] iCAT_SQLITE_RUN_START run=20260901-090035-47747
[27304.753290] sh (47874): drop_caches: 3
[27308.795908] sh (47874): drop_caches: 3
[27312.842545] sh (47874): drop_caches: 3
[27316.885847] sh (47874): drop_caches: 3
[27320.931998] sh (47874): drop_caches: 3
[27324.977596] sh (47874): drop_caches: 3
[27329.026270] sh (47874): drop_caches: 3
[27333.072082] sh (47874): drop_caches: 3
[27337.120699] sh (47874): drop_caches: 3
[27341.167215] sh (47874): drop_caches: 3
[27345.213481] sh (47874): drop_caches: 3
[27349.262527] sh (47874): drop_caches: 3
[27353.306617] sh (47874): drop_caches: 3
[27357.354601] sh (47874): drop_caches: 3
[27361.399415] sh (47874): drop_caches: 3
[27365.445941] sh (47874): drop_caches: 3
[27369.492503] sh (47874): drop_caches: 3
[27373.539721] sh (47874): drop_caches: 3
[27377.586746] sh (47874): drop_caches: 3
[27381.625020] sh (47874): drop_caches: 3
[27385.672962] sh (47874): drop_caches: 3
[27389.721529] sh (47874): drop_caches: 3
[27393.768415] sh (47874): drop_caches: 3
[27397.813123] sh (47874): drop_caches: 3
[27401.853178] sh (47874): drop_caches: 3
[27405.892579] sh (47874): drop_caches: 3
[27409.936907] sh (47874): drop_caches: 3
[27413.980267] sh (47874): drop_caches: 3
[27418.025994] sh (47874): drop_caches: 3
[27422.070831] sh (47874): drop_caches: 3
[27426.115901] sh (47874): drop_caches: 3
[27430.161774] sh (47874): drop_caches: 3
[27434.208488] sh (47874): drop_caches: 3
[27438.252860] sh (47874): drop_caches: 3
[27442.296949] sh (47874): drop_caches: 3
[27446.344370] sh (47874): drop_caches: 3
[27450.388243] sh (47874): drop_caches: 3
[27454.434467] sh (47874): drop_caches: 3
[27458.474764] sh (47874): drop_caches: 3
[27462.521852] sh (47874): drop_caches: 3
[27466.571450] sh (47874): drop_caches: 3
[27470.620797] sh (47874): drop_caches: 3
[27474.666246] sh (47874): drop_caches: 3
[27478.712119] sh (47874): drop_caches: 3
[27482.756169] sh (47874): drop_caches: 3
[27486.802348] sh (47874): drop_caches: 3
[27490.851782] sh (47874): drop_caches: 3
[27494.898505] sh (47874): drop_caches: 3
[27498.946166] sh (47874): drop_caches: 3
[27502.992454] sh (47874): drop_caches: 3
[27507.036473] sh (47874): drop_caches: 3
[27511.084282] sh (47874): drop_caches: 3
[27515.131147] sh (47874): drop_caches: 3
[27519.179524] sh (47874): drop_caches: 3
[27523.228491] sh (47874): drop_caches: 3
[27527.278059] sh (47874): drop_caches: 3
[27531.326608] sh (47874): drop_caches: 3
[27535.373838] sh (47874): drop_caches: 3
[27539.419280] sh (47874): drop_caches: 3
[27543.464817] sh (47874): drop_caches: 3
[27547.502775] sh (47874): drop_caches: 3
[27551.545847] sh (47874): drop_caches: 3
[27555.593133] sh (47874): drop_caches: 3
[27559.640484] sh (47874): drop_caches: 3
[27563.687631] sh (47874): drop_caches: 3
[27567.735294] sh (47874): drop_caches: 3
[27571.782758] sh (47874): drop_caches: 3
[27575.831066] sh (47874): drop_caches: 3
[27579.881168] sh (47874): drop_caches: 3
[27583.928395] sh (47874): drop_caches: 3
[27587.975081] sh (47874): drop_caches: 3
[27592.021040] sh (47874): drop_caches: 3
[27596.066446] sh (47874): drop_caches: 3
[27600.113210] sh (47874): drop_caches: 3
[27604.160992] sh (47874): drop_caches: 3
[27608.208148] sh (47874): drop_caches: 3
[27612.252155] sh (47874): drop_caches: 3
[27616.295063] sh (47874): drop_caches: 3
[27620.340561] sh (47874): drop_caches: 3
[27624.388042] sh (47874): drop_caches: 3
[27628.432633] sh (47874): drop_caches: 3
[27632.483438] sh (47874): drop_caches: 3
[27636.526329] sh (47874): drop_caches: 3
[27640.570613] sh (47874): drop_caches: 3
[27644.613321] sh (47874): drop_caches: 3
[27648.661186] sh (47874): drop_caches: 3
[27652.708919] sh (47874): drop_caches: 3
[27656.753796] sh (47874): drop_caches: 3
[27660.797316] sh (47874): drop_caches: 3
[27664.844242] sh (47874): drop_caches: 3
[27668.893432] sh (47874): drop_caches: 3
[27672.937584] sh (47874): drop_caches: 3
[27676.984653] sh (47874): drop_caches: 3
[27681.031191] sh (47874): drop_caches: 3
[27685.075928] sh (47874): drop_caches: 3
[27689.125257] sh (47874): drop_caches: 3
[27693.170420] sh (47874): drop_caches: 3
[27697.220624] sh (47874): drop_caches: 3
[27701.270061] sh (47874): drop_caches: 3
[27705.318259] sh (47874): drop_caches: 3
[27709.356443] sh (47874): drop_caches: 3
[27713.404074] sh (47874): drop_caches: 3
[27717.450771] sh (47874): drop_caches: 3
[27721.494072] sh (47874): drop_caches: 3
[27725.532117] sh (47874): drop_caches: 3
[27729.578739] sh (47874): drop_caches: 3
[27733.627022] sh (47874): drop_caches: 3
[27737.672579] sh (47874): drop_caches: 3
[27741.719924] sh (47874): drop_caches: 3
[27745.767116] sh (47874): drop_caches: 3
[27749.816886] sh (47874): drop_caches: 3
[27753.855891] sh (47874): drop_caches: 3
[27757.895176] sh (47874): drop_caches: 3
[27761.942866] sh (47874): drop_caches: 3
[27765.990177] sh (47874): drop_caches: 3
[27770.036991] sh (47874): drop_caches: 3
[27774.080520] sh (47874): drop_caches: 3
[27778.129809] sh (47874): drop_caches: 3
[27782.176716] sh (47874): drop_caches: 3
[27786.226094] sh (47874): drop_caches: 3
[27790.272384] sh (47874): drop_caches: 3
[27794.317157] sh (47874): drop_caches: 3
[27798.365654] sh (47874): drop_caches: 3
[27802.408942] sh (47874): drop_caches: 3
[27806.453687] sh (47874): drop_caches: 3
[27810.497620] sh (47874): drop_caches: 3
[27814.541310] sh (47874): drop_caches: 3
[27818.588411] sh (47874): drop_caches: 3
[27822.634582] sh (47874): drop_caches: 3
[27826.681209] sh (47874): drop_caches: 3
[27830.727530] sh (47874): drop_caches: 3
[27834.775054] sh (47874): drop_caches: 3
[27838.821729] sh (47874): drop_caches: 3
[27842.867694] sh (47874): drop_caches: 3
[27846.914867] sh (47874): drop_caches: 3
[27850.961324] sh (47874): drop_caches: 3
[27855.007937] sh (47874): drop_caches: 3
[27859.055682] sh (47874): drop_caches: 3
[27863.100109] sh (47874): drop_caches: 3
[27867.144273] sh (47874): drop_caches: 3
[27871.188662] sh (47874): drop_caches: 3
[27875.236750] sh (47874): drop_caches: 3
[27879.281065] sh (47874): drop_caches: 3
[27883.326210] sh (47874): drop_caches: 3
[27887.373681] sh (47874): drop_caches: 3
[27891.420385] sh (47874): drop_caches: 3
[27895.458875] sh (47874): drop_caches: 3
[27899.499328] sh (47874): drop_caches: 3
[27903.545168] sh (47874): drop_caches: 3
[27907.592361] sh (47874): drop_caches: 3
[27911.635955] sh (47874): drop_caches: 3
[27915.683124] sh (47874): drop_caches: 3
[27919.728393] sh (47874): drop_caches: 3
[27923.772305] sh (47874): drop_caches: 3
[27927.819577] sh (47874): drop_caches: 3
[27931.863352] sh (47874): drop_caches: 3
[27935.886347] sh (47874): drop_caches: 3
[27935.937025] iCAT_SQLITE_RUN_END run=20260901-090035-47747
[27935.958598] EXT4-fs (nvme1n1): unmounting filesystem d0aaf89a-bc23-4d08-badf-ea6ccc1a9d42.
[27936.032145] pci_bus 0001:10: busn_res: [bus 10-ff] is released
[27936.032195] NVMeVirt: GC stats: policy=cat-fig7 host_pages=14696098 gc_pages=2607098 gc_count=270355 WAF=1.177 k=7 scale_pct=100 age_ratio=4
[27936.105353] NVMeVirt: Virtual NVMe device closed
