[19885.417867] NVMeVirt: Version 1.10 for >> Samsung 970 Pro SSD <<
[19885.417876] NVMeVirt: Storage: 0x100100000-0x300000000 (8191 MiB)
[19885.423436] NVMeVirt: Total Capacity(GiB,MiB)=2,2048 chs=2 luns=4 lines=8192 blk-size(MiB,KiB)=0,64 line-size(MiB,KiB)=0,256
[19885.432397] NVMeVirt: [chmodel_init] bandwidth 800 max_credits 26 tx_time 152
[19885.440223] NVMeVirt: [chmodel_init] bandwidth 800 max_credits 26 tx_time 152
[19885.440238] NVMeVirt: [chmodel_init] bandwidth 3360 max_credits 110 tx_time 36
[19885.441483] NVMeVirt: pqueue: Copyright (c) 2014, Volkan Yazıcı <volkan.yazici@gmail.com>. All rights reserved.
[19885.441526] NVMeVirt: Init FTL instance with 2 channels (524288 pages)
[19885.441527] NVMeVirt: GC victim policy: cat-fig7 k=4 scale_pct=200 age_ratio=16
[19885.448251] NVMeVirt: [chmodel_init] bandwidth 800 max_credits 26 tx_time 152
[19885.454826] NVMeVirt: [chmodel_init] bandwidth 800 max_credits 26 tx_time 152
[19885.454841] NVMeVirt: [chmodel_init] bandwidth 3360 max_credits 110 tx_time 36
[19885.456102] NVMeVirt: Init FTL instance with 2 channels (524288 pages)
[19885.456104] NVMeVirt: GC victim policy: cat-fig7 k=4 scale_pct=200 age_ratio=16
[19885.462539] NVMeVirt: [chmodel_init] bandwidth 800 max_credits 26 tx_time 152
[19885.468975] NVMeVirt: [chmodel_init] bandwidth 800 max_credits 26 tx_time 152
[19885.468988] NVMeVirt: [chmodel_init] bandwidth 3360 max_credits 110 tx_time 36
[19885.470233] NVMeVirt: Init FTL instance with 2 channels (524288 pages)
[19885.470235] NVMeVirt: GC victim policy: cat-fig7 k=4 scale_pct=200 age_ratio=16
[19885.476641] NVMeVirt: [chmodel_init] bandwidth 800 max_credits 26 tx_time 152
[19885.483080] NVMeVirt: [chmodel_init] bandwidth 800 max_credits 26 tx_time 152
[19885.483094] NVMeVirt: [chmodel_init] bandwidth 3360 max_credits 110 tx_time 36
[19885.484347] NVMeVirt: Init FTL instance with 2 channels (524288 pages)
[19885.484348] NVMeVirt: GC victim policy: cat-fig7 k=4 scale_pct=200 age_ratio=16
[19885.484352] NVMeVirt: FTL physical space: 8588886016, logical space: 8026996276 (physical/logical * 100 = 107)
[19885.484353] NVMeVirt: ns 0/1: size 7655 MiB
[19885.484393] PCI host bridge to bus 0001:10
[19885.484395] pci_bus 0001:10: root bus resource [io  0x0000-0xffff]
[19885.484397] pci_bus 0001:10: root bus resource [mem 0x00000000-0x3fffffffffff]
[19885.484398] pci_bus 0001:10: root bus resource [bus 00-ff]
[19885.484405] pci 0001:10:00.0: [0c51:0110] type 00 class 0x010802 PCIe Endpoint
[19885.484407] pci 0001:10:00.0: BAR 0 [mem 0x100000000-0x100003fff 64bit]
[19885.484409] pci 0001:10:00.0: enabling Extended Tags
[19885.484521] NVMeVirt: Virtual PCI bus created (node 0)
[19885.484946] NVMeVirt: nvmev_io_worker_0 started on cpu 2 (node 0)
[19885.485015] NVMeVirt: nvmev_dispatcher started on cpu 1 (node 0)
[19885.485201] nvme nvme1: pci function 0001:10:00.0
[19885.489685] nvme nvme1: 20/0/0 default/read/poll queues
[19885.492725] NVMeVirt: Virtual NVMe device created
[19886.553442] EXT4-fs (nvme1n1): mounted filesystem a9d0c3df-bb64-43a5-a0d2-1ffe1abbb5dc r/w with ordered data mode. Quota mode: none.
[19886.583876] iCAT_SQLITE_LOAD_START run=20260901-065842-43749
[19985.623251] iCAT_SQLITE_LOAD_END run=20260901-065842-43749
[19986.089005] sh (43875): drop_caches: 3
[19986.115866] iCAT_SQLITE_RUN_START run=20260901-065842-43749
[19989.663681] sh (43876): drop_caches: 3
[19993.706863] sh (43876): drop_caches: 3
[19997.748932] sh (43876): drop_caches: 3
[20001.794406] sh (43876): drop_caches: 3
[20005.837499] sh (43876): drop_caches: 3
[20009.884464] sh (43876): drop_caches: 3
[20013.925347] sh (43876): drop_caches: 3
[20017.968681] sh (43876): drop_caches: 3
[20022.017652] sh (43876): drop_caches: 3
[20026.060574] sh (43876): drop_caches: 3
[20030.104183] sh (43876): drop_caches: 3
[20034.149614] sh (43876): drop_caches: 3
[20038.193436] sh (43876): drop_caches: 3
[20042.240617] sh (43876): drop_caches: 3
[20046.277438] sh (43876): drop_caches: 3
[20050.324650] sh (43876): drop_caches: 3
[20054.370312] sh (43876): drop_caches: 3
[20058.420991] sh (43876): drop_caches: 3
[20062.467933] sh (43876): drop_caches: 3
[20066.517013] sh (43876): drop_caches: 3
[20070.563557] sh (43876): drop_caches: 3
[20074.608077] sh (43876): drop_caches: 3
[20078.654955] sh (43876): drop_caches: 3
[20082.702912] sh (43876): drop_caches: 3
[20086.749189] sh (43876): drop_caches: 3
[20090.796709] sh (43876): drop_caches: 3
[20094.844795] sh (43876): drop_caches: 3
[20098.889339] sh (43876): drop_caches: 3
[20102.938892] sh (43876): drop_caches: 3
[20106.986999] sh (43876): drop_caches: 3
[20111.034114] sh (43876): drop_caches: 3
[20115.082930] sh (43876): drop_caches: 3
[20119.130810] sh (43876): drop_caches: 3
[20123.169201] sh (43876): drop_caches: 3
[20127.218801] sh (43876): drop_caches: 3
[20131.266812] sh (43876): drop_caches: 3
[20135.313704] sh (43876): drop_caches: 3
[20139.359071] sh (43876): drop_caches: 3
[20143.405598] sh (43876): drop_caches: 3
[20147.452692] sh (43876): drop_caches: 3
[20151.500342] sh (43876): drop_caches: 3
[20155.549991] sh (43876): drop_caches: 3
[20159.591456] sh (43876): drop_caches: 3
[20163.637877] sh (43876): drop_caches: 3
[20167.684087] sh (43876): drop_caches: 3
[20171.730242] sh (43876): drop_caches: 3
[20175.778121] sh (43876): drop_caches: 3
[20179.827084] sh (43876): drop_caches: 3
[20183.874008] sh (43876): drop_caches: 3
[20187.920172] sh (43876): drop_caches: 3
[20191.963296] sh (43876): drop_caches: 3
[20196.012495] sh (43876): drop_caches: 3
[20200.060746] sh (43876): drop_caches: 3
[20204.107002] sh (43876): drop_caches: 3
[20208.155927] sh (43876): drop_caches: 3
[20212.201194] sh (43876): drop_caches: 3
[20216.248912] sh (43876): drop_caches: 3
[20220.298042] sh (43876): drop_caches: 3
[20224.345108] sh (43876): drop_caches: 3
[20228.388331] sh (43876): drop_caches: 3
[20232.434426] sh (43876): drop_caches: 3
[20236.477514] sh (43876): drop_caches: 3
[20240.524976] sh (43876): drop_caches: 3
[20244.570657] sh (43876): drop_caches: 3
[20248.616075] sh (43876): drop_caches: 3
[20252.665583] sh (43876): drop_caches: 3
[20256.710386] sh (43876): drop_caches: 3
[20260.759053] sh (43876): drop_caches: 3
[20264.806776] sh (43876): drop_caches: 3
[20268.852345] sh (43876): drop_caches: 3
[20272.898807] sh (43876): drop_caches: 3
[20276.945583] sh (43876): drop_caches: 3
[20280.991050] sh (43876): drop_caches: 3
[20285.036105] sh (43876): drop_caches: 3
[20289.082552] sh (43876): drop_caches: 3
[20293.131218] sh (43876): drop_caches: 3
[20297.169667] sh (43876): drop_caches: 3
[20301.219861] sh (43876): drop_caches: 3
[20305.266782] sh (43876): drop_caches: 3
[20309.312204] sh (43876): drop_caches: 3
[20313.356220] sh (43876): drop_caches: 3
[20317.401538] sh (43876): drop_caches: 3
[20321.445890] sh (43876): drop_caches: 3
[20325.489950] sh (43876): drop_caches: 3
[20329.533878] sh (43876): drop_caches: 3
[20333.578908] sh (43876): drop_caches: 3
[20337.626096] sh (43876): drop_caches: 3
[20341.673149] sh (43876): drop_caches: 3
[20345.721999] sh (43876): drop_caches: 3
[20349.767411] sh (43876): drop_caches: 3
[20353.814402] sh (43876): drop_caches: 3
[20357.862761] sh (43876): drop_caches: 3
[20361.910035] sh (43876): drop_caches: 3
[20365.951759] sh (43876): drop_caches: 3
[20369.997537] sh (43876): drop_caches: 3
[20374.037027] sh (43876): drop_caches: 3
[20378.081685] sh (43876): drop_caches: 3
[20382.134920] sh (43876): drop_caches: 3
[20386.184456] sh (43876): drop_caches: 3
[20390.229416] sh (43876): drop_caches: 3
[20394.276809] sh (43876): drop_caches: 3
[20398.323226] sh (43876): drop_caches: 3
[20402.370701] sh (43876): drop_caches: 3
[20406.420453] sh (43876): drop_caches: 3
[20410.470203] sh (43876): drop_caches: 3
[20414.517280] sh (43876): drop_caches: 3
[20418.561739] sh (43876): drop_caches: 3
[20422.606910] sh (43876): drop_caches: 3
[20426.654449] sh (43876): drop_caches: 3
[20430.700795] sh (43876): drop_caches: 3
[20434.747030] sh (43876): drop_caches: 3
[20438.790575] sh (43876): drop_caches: 3
[20442.835413] sh (43876): drop_caches: 3
[20446.880176] sh (43876): drop_caches: 3
[20450.927992] sh (43876): drop_caches: 3
[20454.972010] sh (43876): drop_caches: 3
[20459.017250] sh (43876): drop_caches: 3
[20463.060651] sh (43876): drop_caches: 3
[20467.105134] sh (43876): drop_caches: 3
[20471.151551] sh (43876): drop_caches: 3
[20475.199671] sh (43876): drop_caches: 3
[20479.243711] sh (43876): drop_caches: 3
[20483.290451] sh (43876): drop_caches: 3
[20487.336480] sh (43876): drop_caches: 3
[20491.383641] sh (43876): drop_caches: 3
[20495.427354] sh (43876): drop_caches: 3
[20499.473275] sh (43876): drop_caches: 3
[20503.520031] sh (43876): drop_caches: 3
[20507.561967] sh (43876): drop_caches: 3
[20511.603582] sh (43876): drop_caches: 3
[20515.647702] sh (43876): drop_caches: 3
[20519.695268] sh (43876): drop_caches: 3
[20523.740445] sh (43876): drop_caches: 3
[20527.787456] sh (43876): drop_caches: 3
[20531.831231] sh (43876): drop_caches: 3
[20535.875197] sh (43876): drop_caches: 3
[20539.919795] sh (43876): drop_caches: 3
[20543.965276] sh (43876): drop_caches: 3
[20548.012689] sh (43876): drop_caches: 3
[20552.060518] sh (43876): drop_caches: 3
[20556.106279] sh (43876): drop_caches: 3
[20560.151177] sh (43876): drop_caches: 3
[20564.198831] sh (43876): drop_caches: 3
[20568.248094] sh (43876): drop_caches: 3
[20572.293502] sh (43876): drop_caches: 3
[20576.337669] sh (43876): drop_caches: 3
[20580.377390] sh (43876): drop_caches: 3
[20584.424629] sh (43876): drop_caches: 3
[20588.471380] sh (43876): drop_caches: 3
[20592.518023] sh (43876): drop_caches: 3
[20596.558222] sh (43876): drop_caches: 3
[20600.599638] sh (43876): drop_caches: 3
[20604.643598] sh (43876): drop_caches: 3
[20608.688404] sh (43876): drop_caches: 3
[20612.724517] sh (43876): drop_caches: 3
[20612.774033] iCAT_SQLITE_RUN_END run=20260901-065842-43749
[20612.794960] EXT4-fs (nvme1n1): unmounting filesystem a9d0c3df-bb64-43a5-a0d2-1ffe1abbb5dc.
[20612.881019] pci_bus 0001:10: busn_res: [bus 10-ff] is released
[20612.881065] NVMeVirt: GC stats: policy=cat-fig7 host_pages=14701560 gc_pages=2080261 gc_count=262209 WAF=1.141 k=4 scale_pct=200 age_ratio=16
[20612.953488] NVMeVirt: Virtual NVMe device closed
