[41230.300340] NVMeVirt: Version 1.10 for >> Samsung 970 Pro SSD <<
[41230.300348] NVMeVirt: Storage: 0x100100000-0x300000000 (8191 MiB)
[41230.307454] NVMeVirt: Total Capacity(GiB,MiB)=2,2048 chs=2 luns=4 lines=8192 blk-size(MiB,KiB)=0,64 line-size(MiB,KiB)=0,256
[41230.319428] NVMeVirt: [chmodel_init] bandwidth 800 max_credits 26 tx_time 152
[41230.327619] NVMeVirt: [chmodel_init] bandwidth 800 max_credits 26 tx_time 152
[41230.327633] NVMeVirt: [chmodel_init] bandwidth 3360 max_credits 110 tx_time 36
[41230.328937] NVMeVirt: pqueue: Copyright (c) 2014, Volkan Yazıcı <volkan.yazici@gmail.com>. All rights reserved.
[41230.328976] NVMeVirt: Init FTL instance with 2 channels (524288 pages)
[41230.328977] NVMeVirt: GC victim policy: cat-fig7 k=10 scale_pct=200 age_ratio=7
[41230.335709] NVMeVirt: [chmodel_init] bandwidth 800 max_credits 26 tx_time 152
[41230.342448] NVMeVirt: [chmodel_init] bandwidth 800 max_credits 26 tx_time 152
[41230.342463] NVMeVirt: [chmodel_init] bandwidth 3360 max_credits 110 tx_time 36
[41230.343734] NVMeVirt: Init FTL instance with 2 channels (524288 pages)
[41230.343735] NVMeVirt: GC victim policy: cat-fig7 k=10 scale_pct=200 age_ratio=7
[41230.350248] NVMeVirt: [chmodel_init] bandwidth 800 max_credits 26 tx_time 152
[41230.356653] NVMeVirt: [chmodel_init] bandwidth 800 max_credits 26 tx_time 152
[41230.356667] NVMeVirt: [chmodel_init] bandwidth 3360 max_credits 110 tx_time 36
[41230.357922] NVMeVirt: Init FTL instance with 2 channels (524288 pages)
[41230.357923] NVMeVirt: GC victim policy: cat-fig7 k=10 scale_pct=200 age_ratio=7
[41230.364352] NVMeVirt: [chmodel_init] bandwidth 800 max_credits 26 tx_time 152
[41230.370791] NVMeVirt: [chmodel_init] bandwidth 800 max_credits 26 tx_time 152
[41230.370806] NVMeVirt: [chmodel_init] bandwidth 3360 max_credits 110 tx_time 36
[41230.372072] NVMeVirt: Init FTL instance with 2 channels (524288 pages)
[41230.372073] NVMeVirt: GC victim policy: cat-fig7 k=10 scale_pct=200 age_ratio=7
[41230.372077] NVMeVirt: FTL physical space: 8588886016, logical space: 8026996276 (physical/logical * 100 = 107)
[41230.372078] NVMeVirt: ns 0/1: size 7655 MiB
[41230.372119] PCI host bridge to bus 0001:10
[41230.372120] pci_bus 0001:10: root bus resource [io  0x0000-0xffff]
[41230.372122] pci_bus 0001:10: root bus resource [mem 0x00000000-0x3fffffffffff]
[41230.372124] pci_bus 0001:10: root bus resource [bus 00-ff]
[41230.372130] pci 0001:10:00.0: [0c51:0110] type 00 class 0x010802 PCIe Endpoint
[41230.372132] pci 0001:10:00.0: BAR 0 [mem 0x100000000-0x100003fff 64bit]
[41230.372134] pci 0001:10:00.0: enabling Extended Tags
[41230.372245] NVMeVirt: Virtual PCI bus created (node 0)
[41230.372685] NVMeVirt: nvmev_dispatcher started on cpu 1 (node 0)
[41230.372740] NVMeVirt: nvmev_io_worker_0 started on cpu 2 (node 0)
[41230.372944] nvme nvme1: pci function 0001:10:00.0
[41230.375598] nvme nvme1: 20/0/0 default/read/poll queues
[41230.378131] NVMeVirt: Virtual NVMe device created
[41231.434449] EXT4-fs (nvme1n1): mounted filesystem bd266cb2-86f6-4b38-9a01-04cfc49b03e5 r/w with ordered data mode. Quota mode: none.
[41231.466267] iCAT_SQLITE_LOAD_START run=20260901-125427-107009
[41335.109311] iCAT_SQLITE_LOAD_END run=20260901-125427-107009
[41335.537936] sh (107608): drop_caches: 3
[41335.566181] iCAT_SQLITE_RUN_START run=20260901-125427-107009
[41339.153355] sh (107605): drop_caches: 3
[41343.197849] sh (107605): drop_caches: 3
[41347.253054] sh (107605): drop_caches: 3
[41351.303897] sh (107605): drop_caches: 3
[41355.356662] sh (107605): drop_caches: 3
[41359.403741] sh (107605): drop_caches: 3
[41363.448178] sh (107605): drop_caches: 3
[41367.493424] sh (107605): drop_caches: 3
[41371.547250] sh (107605): drop_caches: 3
[41375.598897] sh (107605): drop_caches: 3
[41379.649000] sh (107605): drop_caches: 3
[41383.701959] sh (107605): drop_caches: 3
[41387.744540] sh (107605): drop_caches: 3
[41391.799965] sh (107605): drop_caches: 3
[41395.854231] sh (107605): drop_caches: 3
[41399.902053] sh (107605): drop_caches: 3
[41403.952413] sh (107605): drop_caches: 3
[41408.004636] sh (107605): drop_caches: 3
[41412.057461] sh (107605): drop_caches: 3
[41416.104712] sh (107605): drop_caches: 3
[41420.154596] sh (107605): drop_caches: 3
[41424.201689] sh (107605): drop_caches: 3
[41428.244702] sh (107605): drop_caches: 3
[41432.295797] sh (107605): drop_caches: 3
[41436.345244] sh (107605): drop_caches: 3
[41440.397574] sh (107605): drop_caches: 3
[41444.445202] sh (107605): drop_caches: 3
[41448.493789] sh (107605): drop_caches: 3
[41452.548296] sh (107605): drop_caches: 3
[41456.602164] sh (107605): drop_caches: 3
[41460.656203] sh (107605): drop_caches: 3
[41464.707833] sh (107605): drop_caches: 3
[41468.759281] sh (107605): drop_caches: 3
[41472.810380] sh (107605): drop_caches: 3
[41476.863611] sh (107605): drop_caches: 3
[41480.914456] sh (107605): drop_caches: 3
[41484.964387] sh (107605): drop_caches: 3
[41489.014300] sh (107605): drop_caches: 3
[41493.068596] sh (107605): drop_caches: 3
[41497.117265] sh (107605): drop_caches: 3
[41501.161223] sh (107605): drop_caches: 3
[41505.217827] sh (107605): drop_caches: 3
[41509.269245] sh (107605): drop_caches: 3
[41513.312936] sh (107605): drop_caches: 3
[41517.368051] sh (107605): drop_caches: 3
[41521.416508] sh (107605): drop_caches: 3
[41525.467389] sh (107605): drop_caches: 3
[41529.520803] sh (107605): drop_caches: 3
[41533.567391] sh (107605): drop_caches: 3
[41537.620847] sh (107605): drop_caches: 3
[41541.673474] sh (107605): drop_caches: 3
[41545.725908] sh (107605): drop_caches: 3
[41549.774113] sh (107605): drop_caches: 3
[41553.827501] sh (107605): drop_caches: 3
[41557.882295] sh (107605): drop_caches: 3
[41561.926211] sh (107605): drop_caches: 3
[41565.977330] sh (107605): drop_caches: 3
[41570.031040] sh (107605): drop_caches: 3
[41574.081938] sh (107605): drop_caches: 3
[41578.132229] sh (107605): drop_caches: 3
[41582.181795] sh (107605): drop_caches: 3
[41586.234991] sh (107605): drop_caches: 3
[41590.287141] sh (107605): drop_caches: 3
[41594.337808] sh (107605): drop_caches: 3
[41598.387049] sh (107605): drop_caches: 3
[41602.437111] sh (107605): drop_caches: 3
[41606.487919] sh (107605): drop_caches: 3
[41610.534566] sh (107605): drop_caches: 3
[41614.586849] sh (107605): drop_caches: 3
[41618.635773] sh (107605): drop_caches: 3
[41622.678966] sh (107605): drop_caches: 3
[41626.729550] sh (107605): drop_caches: 3
[41630.781314] sh (107605): drop_caches: 3
[41634.834691] sh (107605): drop_caches: 3
[41638.884161] sh (107605): drop_caches: 3
[41642.937524] sh (107605): drop_caches: 3
[41646.988566] sh (107605): drop_caches: 3
[41651.043040] sh (107605): drop_caches: 3
[41655.093717] sh (107605): drop_caches: 3
[41659.145865] sh (107605): drop_caches: 3
[41663.185258] sh (107605): drop_caches: 3
[41667.235489] sh (107605): drop_caches: 3
[41671.288219] sh (107605): drop_caches: 3
[41675.337500] sh (107605): drop_caches: 3
[41679.385840] sh (107605): drop_caches: 3
[41683.429788] sh (107605): drop_caches: 3
[41687.473908] sh (107605): drop_caches: 3
[41691.524607] sh (107605): drop_caches: 3
[41695.574292] sh (107605): drop_caches: 3
[41699.626769] sh (107605): drop_caches: 3
[41703.674181] sh (107605): drop_caches: 3
[41707.727784] sh (107605): drop_caches: 3
[41711.777731] sh (107605): drop_caches: 3
[41715.828912] sh (107605): drop_caches: 3
[41719.876215] sh (107605): drop_caches: 3
[41723.927403] sh (107605): drop_caches: 3
[41727.980343] sh (107605): drop_caches: 3
[41732.029961] sh (107605): drop_caches: 3
[41736.083315] sh (107605): drop_caches: 3
[41740.135096] sh (107605): drop_caches: 3
[41744.186515] sh (107605): drop_caches: 3
[41748.231412] sh (107605): drop_caches: 3
[41752.281690] sh (107605): drop_caches: 3
[41756.332576] sh (107605): drop_caches: 3
[41760.390336] sh (107605): drop_caches: 3
[41764.436605] sh (107605): drop_caches: 3
[41768.478789] sh (107605): drop_caches: 3
[41772.534728] sh (107605): drop_caches: 3
[41776.582118] sh (107605): drop_caches: 3
[41780.634347] sh (107605): drop_caches: 3
[41784.678808] sh (107605): drop_caches: 3
[41788.730821] sh (107605): drop_caches: 3
[41792.784264] sh (107605): drop_caches: 3
[41796.839942] sh (107605): drop_caches: 3
[41800.892150] sh (107605): drop_caches: 3
[41804.943438] sh (107605): drop_caches: 3
[41808.992483] sh (107605): drop_caches: 3
[41813.043186] sh (107605): drop_caches: 3
[41817.092717] sh (107605): drop_caches: 3
[41821.148797] sh (107605): drop_caches: 3
[41825.201794] sh (107605): drop_caches: 3
[41829.255036] sh (107605): drop_caches: 3
[41833.301260] sh (107605): drop_caches: 3
[41837.349299] sh (107605): drop_caches: 3
[41841.403154] sh (107605): drop_caches: 3
[41845.452346] sh (107605): drop_caches: 3
[41849.505087] sh (107605): drop_caches: 3
[41853.554000] sh (107605): drop_caches: 3
[41857.610080] sh (107605): drop_caches: 3
[41861.652865] sh (107605): drop_caches: 3
[41865.708218] sh (107605): drop_caches: 3
[41869.751431] sh (107605): drop_caches: 3
[41873.796905] sh (107605): drop_caches: 3
[41877.848591] sh (107605): drop_caches: 3
[41881.895914] sh (107605): drop_caches: 3
[41885.945939] sh (107605): drop_caches: 3
[41890.000874] sh (107605): drop_caches: 3
[41894.051664] sh (107605): drop_caches: 3
[41898.104366] sh (107605): drop_caches: 3
[41902.155831] sh (107605): drop_caches: 3
[41906.205161] sh (107605): drop_caches: 3
[41910.259405] sh (107605): drop_caches: 3
[41914.313124] sh (107605): drop_caches: 3
[41918.363695] sh (107605): drop_caches: 3
[41922.408784] sh (107605): drop_caches: 3
[41926.461509] sh (107605): drop_caches: 3
[41930.518366] sh (107605): drop_caches: 3
[41934.572051] sh (107605): drop_caches: 3
[41938.623223] sh (107605): drop_caches: 3
[41942.671716] sh (107605): drop_caches: 3
[41946.723133] sh (107605): drop_caches: 3
[41950.773883] sh (107605): drop_caches: 3
[41954.828338] sh (107605): drop_caches: 3
[41958.877158] sh (107605): drop_caches: 3
[41962.929122] sh (107605): drop_caches: 3
[41966.978688] sh (107605): drop_caches: 3
[41967.029863] iCAT_SQLITE_RUN_END run=20260901-125427-107009
[41967.050772] EXT4-fs (nvme1n1): unmounting filesystem bd266cb2-86f6-4b38-9a01-04cfc49b03e5.
[41967.119123] pci_bus 0001:10: busn_res: [bus 10-ff] is released
[41967.119191] NVMeVirt: GC stats: policy=cat-fig7 host_pages=14698695 gc_pages=2329480 gc_count=266058 WAF=1.158 k=10 scale_pct=200 age_ratio=7
[41967.193202] NVMeVirt: Virtual NVMe device closed
