[10384.117112] NVMeVirt: Version 1.10 for >> Samsung 970 Pro SSD <<
[10384.117119] NVMeVirt: Storage: 0x100100000-0x300000000 (8191 MiB)
[10384.123090] NVMeVirt: Total Capacity(GiB,MiB)=2,2048 chs=2 luns=4 lines=8192 blk-size(MiB,KiB)=0,64 line-size(MiB,KiB)=0,256
[10384.133533] NVMeVirt: [chmodel_init] bandwidth 800 max_credits 26 tx_time 152
[10384.140278] NVMeVirt: [chmodel_init] bandwidth 800 max_credits 26 tx_time 152
[10384.140292] NVMeVirt: [chmodel_init] bandwidth 3360 max_credits 110 tx_time 36
[10384.141491] NVMeVirt: pqueue: Copyright (c) 2014, Volkan Yazıcı <volkan.yazici@gmail.com>. All rights reserved.
[10384.141526] NVMeVirt: Init FTL instance with 2 channels (524288 pages)
[10384.141527] NVMeVirt: GC victim policy: cat-fig7 k=2 scale_pct=400 age_ratio=7
[10384.148033] NVMeVirt: [chmodel_init] bandwidth 800 max_credits 26 tx_time 152
[10384.154631] NVMeVirt: [chmodel_init] bandwidth 800 max_credits 26 tx_time 152
[10384.154647] NVMeVirt: [chmodel_init] bandwidth 3360 max_credits 110 tx_time 36
[10384.155966] NVMeVirt: Init FTL instance with 2 channels (524288 pages)
[10384.155968] NVMeVirt: GC victim policy: cat-fig7 k=2 scale_pct=400 age_ratio=7
[10384.162401] NVMeVirt: [chmodel_init] bandwidth 800 max_credits 26 tx_time 152
[10384.168865] NVMeVirt: [chmodel_init] bandwidth 800 max_credits 26 tx_time 152
[10384.168879] NVMeVirt: [chmodel_init] bandwidth 3360 max_credits 110 tx_time 36
[10384.170144] NVMeVirt: Init FTL instance with 2 channels (524288 pages)
[10384.170145] NVMeVirt: GC victim policy: cat-fig7 k=2 scale_pct=400 age_ratio=7
[10384.176564] NVMeVirt: [chmodel_init] bandwidth 800 max_credits 26 tx_time 152
[10384.182966] NVMeVirt: [chmodel_init] bandwidth 800 max_credits 26 tx_time 152
[10384.182981] NVMeVirt: [chmodel_init] bandwidth 3360 max_credits 110 tx_time 36
[10384.184227] NVMeVirt: Init FTL instance with 2 channels (524288 pages)
[10384.184228] NVMeVirt: GC victim policy: cat-fig7 k=2 scale_pct=400 age_ratio=7
[10384.184232] NVMeVirt: FTL physical space: 8588886016, logical space: 8026996276 (physical/logical * 100 = 107)
[10384.184234] NVMeVirt: ns 0/1: size 7655 MiB
[10384.184274] PCI host bridge to bus 0001:10
[10384.184275] pci_bus 0001:10: root bus resource [io  0x0000-0xffff]
[10384.184278] pci_bus 0001:10: root bus resource [mem 0x00000000-0x3fffffffffff]
[10384.184279] pci_bus 0001:10: root bus resource [bus 00-ff]
[10384.184285] pci 0001:10:00.0: [0c51:0110] type 00 class 0x010802 PCIe Endpoint
[10384.184288] pci 0001:10:00.0: BAR 0 [mem 0x100000000-0x100003fff 64bit]
[10384.184289] pci 0001:10:00.0: enabling Extended Tags
[10384.184398] NVMeVirt: Virtual PCI bus created (node 0)
[10384.185026] NVMeVirt: nvmev_io_worker_0 started on cpu 2 (node 0)
[10384.185128] NVMeVirt: nvmev_dispatcher started on cpu 1 (node 0)
[10384.185250] nvme nvme1: pci function 0001:10:00.0
[10384.189108] nvme nvme1: 20/0/0 default/read/poll queues
[10384.192699] NVMeVirt: Virtual NVMe device created
[10385.255818] EXT4-fs (nvme1n1): mounted filesystem c213b1c7-3eaa-4d5f-8962-f67daa5eeff6 r/w with ordered data mode. Quota mode: none.
[10385.285843] iCAT_SQLITE_LOAD_START run=20260901-042021-35588
[10484.414416] iCAT_SQLITE_LOAD_END run=20260901-042021-35588
[10484.817960] sh (35718): drop_caches: 3
[10484.850987] iCAT_SQLITE_RUN_START run=20260901-042021-35588
[10488.460055] sh (35719): drop_caches: 3
[10492.510922] sh (35719): drop_caches: 3
[10496.562837] sh (35719): drop_caches: 3
[10500.610242] sh (35719): drop_caches: 3
[10504.652316] sh (35719): drop_caches: 3
[10508.700350] sh (35719): drop_caches: 3
[10512.749573] sh (35719): drop_caches: 3
[10516.798379] sh (35719): drop_caches: 3
[10520.851243] sh (35719): drop_caches: 3
[10524.901172] sh (35719): drop_caches: 3
[10528.952705] sh (35719): drop_caches: 3
[10533.002480] sh (35719): drop_caches: 3
[10537.052330] sh (35719): drop_caches: 3
[10541.101084] sh (35719): drop_caches: 3
[10545.151985] sh (35719): drop_caches: 3
[10549.201506] sh (35719): drop_caches: 3
[10553.250095] sh (35719): drop_caches: 3
[10557.302025] sh (35719): drop_caches: 3
[10561.354191] sh (35719): drop_caches: 3
[10565.403941] sh (35719): drop_caches: 3
[10569.454272] sh (35719): drop_caches: 3
[10573.501777] sh (35719): drop_caches: 3
[10577.554300] sh (35719): drop_caches: 3
[10581.605702] sh (35719): drop_caches: 3
[10585.649678] sh (35719): drop_caches: 3
[10589.701451] sh (35719): drop_caches: 3
[10593.754861] sh (35719): drop_caches: 3
[10597.804154] sh (35719): drop_caches: 3
[10601.853990] sh (35719): drop_caches: 3
[10605.903348] sh (35719): drop_caches: 3
[10609.956068] sh (35719): drop_caches: 3
[10614.006797] sh (35719): drop_caches: 3
[10618.056256] sh (35719): drop_caches: 3
[10622.108095] sh (35719): drop_caches: 3
[10626.163025] sh (35719): drop_caches: 3
[10630.211315] sh (35719): drop_caches: 3
[10634.264044] sh (35719): drop_caches: 3
[10638.315199] sh (35719): drop_caches: 3
[10642.369888] sh (35719): drop_caches: 3
[10646.423143] sh (35719): drop_caches: 3
[10650.474454] sh (35719): drop_caches: 3
[10654.524819] sh (35719): drop_caches: 3
[10658.577736] sh (35719): drop_caches: 3
[10662.630365] sh (35719): drop_caches: 3
[10666.679224] sh (35719): drop_caches: 3
[10670.721454] sh (35719): drop_caches: 3
[10674.765149] sh (35719): drop_caches: 3
[10678.813729] sh (35719): drop_caches: 3
[10682.863371] sh (35719): drop_caches: 3
[10686.911109] sh (35719): drop_caches: 3
[10690.964917] sh (35719): drop_caches: 3
[10695.013644] sh (35719): drop_caches: 3
[10699.064485] sh (35719): drop_caches: 3
[10703.121207] sh (35719): drop_caches: 3
[10707.174729] sh (35719): drop_caches: 3
[10711.227362] sh (35719): drop_caches: 3
[10715.277341] sh (35719): drop_caches: 3
[10719.325378] sh (35719): drop_caches: 3
[10723.374791] sh (35719): drop_caches: 3
[10727.417151] sh (35719): drop_caches: 3
[10731.467970] sh (35719): drop_caches: 3
[10735.522724] sh (35719): drop_caches: 3
[10739.571180] sh (35719): drop_caches: 3
[10743.620836] sh (35719): drop_caches: 3
[10747.666051] sh (35719): drop_caches: 3
[10751.715145] sh (35719): drop_caches: 3
[10755.758579] sh (35719): drop_caches: 3
[10759.808158] sh (35719): drop_caches: 3
[10763.859366] sh (35719): drop_caches: 3
[10767.909530] sh (35719): drop_caches: 3
[10771.958946] sh (35719): drop_caches: 3
[10776.011796] sh (35719): drop_caches: 3
[10780.064078] sh (35719): drop_caches: 3
[10784.113704] sh (35719): drop_caches: 3
[10788.162731] sh (35719): drop_caches: 3
[10792.214220] sh (35719): drop_caches: 3
[10796.264511] sh (35719): drop_caches: 3
[10800.312909] sh (35719): drop_caches: 3
[10804.364917] sh (35719): drop_caches: 3
[10808.409030] sh (35719): drop_caches: 3
[10812.459917] sh (35719): drop_caches: 3
[10816.513774] sh (35719): drop_caches: 3
[10820.558152] sh (35719): drop_caches: 3
[10824.605573] sh (35719): drop_caches: 3
[10828.648031] sh (35719): drop_caches: 3
[10832.693337] sh (35719): drop_caches: 3
[10836.744484] sh (35719): drop_caches: 3
[10840.792941] sh (35719): drop_caches: 3
[10844.839685] sh (35719): drop_caches: 3
[10848.891900] sh (35719): drop_caches: 3
[10852.942706] sh (35719): drop_caches: 3
[10856.988660] sh (35719): drop_caches: 3
[10861.037264] sh (35719): drop_caches: 3
[10865.085120] sh (35719): drop_caches: 3
[10869.130657] sh (35719): drop_caches: 3
[10873.179301] sh (35719): drop_caches: 3
[10877.229250] sh (35719): drop_caches: 3
[10881.278588] sh (35719): drop_caches: 3
[10885.330926] sh (35719): drop_caches: 3
[10889.381711] sh (35719): drop_caches: 3
[10893.432725] sh (35719): drop_caches: 3
[10897.481448] sh (35719): drop_caches: 3
[10901.535175] sh (35719): drop_caches: 3
[10905.587648] sh (35719): drop_caches: 3
[10909.638679] sh (35719): drop_caches: 3
[10913.689243] sh (35719): drop_caches: 3
[10917.737768] sh (35719): drop_caches: 3
[10921.789453] sh (35719): drop_caches: 3
[10925.842645] sh (35719): drop_caches: 3
[10929.888867] sh (35719): drop_caches: 3
[10933.940941] sh (35719): drop_caches: 3
[10937.991564] sh (35719): drop_caches: 3
[10942.038567] sh (35719): drop_caches: 3
[10946.089900] sh (35719): drop_caches: 3
[10950.140532] sh (35719): drop_caches: 3
[10954.192066] sh (35719): drop_caches: 3
[10958.248389] sh (35719): drop_caches: 3
[10962.297448] sh (35719): drop_caches: 3
[10966.350581] sh (35719): drop_caches: 3
[10970.405279] sh (35719): drop_caches: 3
[10974.455191] sh (35719): drop_caches: 3
[10978.502901] sh (35719): drop_caches: 3
[10982.553096] sh (35719): drop_caches: 3
[10986.606927] sh (35719): drop_caches: 3
[10990.657236] sh (35719): drop_caches: 3
[10994.705654] sh (35719): drop_caches: 3
[10998.755366] sh (35719): drop_caches: 3
[11002.797504] sh (35719): drop_caches: 3
[11006.848634] sh (35719): drop_caches: 3
[11010.900093] sh (35719): drop_caches: 3
[11014.949995] sh (35719): drop_caches: 3
[11019.001018] sh (35719): drop_caches: 3
[11023.047619] sh (35719): drop_caches: 3
[11027.097716] sh (35719): drop_caches: 3
[11031.143635] sh (35719): drop_caches: 3
[11035.195154] sh (35719): drop_caches: 3
[11039.246028] sh (35719): drop_caches: 3
[11043.298401] sh (35719): drop_caches: 3
[11047.349336] sh (35719): drop_caches: 3
[11051.398056] sh (35719): drop_caches: 3
[11055.449526] sh (35719): drop_caches: 3
[11059.501736] sh (35719): drop_caches: 3
[11063.553542] sh (35719): drop_caches: 3
[11067.607680] sh (35719): drop_caches: 3
[11071.651139] sh (35719): drop_caches: 3
[11075.694963] sh (35719): drop_caches: 3
[11079.750466] sh (35719): drop_caches: 3
[11083.798618] sh (35719): drop_caches: 3
[11087.850402] sh (35719): drop_caches: 3
[11091.898908] sh (35719): drop_caches: 3
[11095.952892] sh (35719): drop_caches: 3
[11099.997781] sh (35719): drop_caches: 3
[11104.049713] sh (35719): drop_caches: 3
[11108.100581] sh (35719): drop_caches: 3
[11112.151921] sh (35719): drop_caches: 3
[11116.202216] sh (35719): drop_caches: 3
[11120.251649] sh (35719): drop_caches: 3
[11124.269848] sh (35719): drop_caches: 3
[11124.320411] iCAT_SQLITE_RUN_END run=20260901-042021-35588
[11124.340560] EXT4-fs (nvme1n1): unmounting filesystem c213b1c7-3eaa-4d5f-8962-f67daa5eeff6.
[11124.434083] pci_bus 0001:10: busn_res: [bus 10-ff] is released
[11124.434113] NVMeVirt: GC stats: policy=cat-fig7 host_pages=14700478 gc_pages=4155406 gc_count=294616 WAF=1.282 k=2 scale_pct=400 age_ratio=7
[11124.497895] NVMeVirt: Virtual NVMe device closed
