[11124.689094] NVMeVirt: Version 1.10 for >> Samsung 970 Pro SSD <<
[11124.689104] NVMeVirt: Storage: 0x100100000-0x300000000 (8191 MiB)
[11124.694393] NVMeVirt: Total Capacity(GiB,MiB)=2,2048 chs=2 luns=4 lines=8192 blk-size(MiB,KiB)=0,64 line-size(MiB,KiB)=0,256
[11124.701029] NVMeVirt: [chmodel_init] bandwidth 800 max_credits 26 tx_time 152
[11124.708017] NVMeVirt: [chmodel_init] bandwidth 800 max_credits 26 tx_time 152
[11124.708033] NVMeVirt: [chmodel_init] bandwidth 3360 max_credits 110 tx_time 36
[11124.709354] NVMeVirt: pqueue: Copyright (c) 2014, Volkan Yazıcı <volkan.yazici@gmail.com>. All rights reserved.
[11124.709399] NVMeVirt: Init FTL instance with 2 channels (524288 pages)
[11124.709400] NVMeVirt: GC victim policy: cat-fig7 k=2 scale_pct=400 age_ratio=16
[11124.716081] NVMeVirt: [chmodel_init] bandwidth 800 max_credits 26 tx_time 152
[11124.722614] NVMeVirt: [chmodel_init] bandwidth 800 max_credits 26 tx_time 152
[11124.722628] NVMeVirt: [chmodel_init] bandwidth 3360 max_credits 110 tx_time 36
[11124.723864] NVMeVirt: Init FTL instance with 2 channels (524288 pages)
[11124.723865] NVMeVirt: GC victim policy: cat-fig7 k=2 scale_pct=400 age_ratio=16
[11124.730243] NVMeVirt: [chmodel_init] bandwidth 800 max_credits 26 tx_time 152
[11124.736700] NVMeVirt: [chmodel_init] bandwidth 800 max_credits 26 tx_time 152
[11124.736718] NVMeVirt: [chmodel_init] bandwidth 3360 max_credits 110 tx_time 36
[11124.737963] NVMeVirt: Init FTL instance with 2 channels (524288 pages)
[11124.737964] NVMeVirt: GC victim policy: cat-fig7 k=2 scale_pct=400 age_ratio=16
[11124.744343] NVMeVirt: [chmodel_init] bandwidth 800 max_credits 26 tx_time 152
[11124.750702] NVMeVirt: [chmodel_init] bandwidth 800 max_credits 26 tx_time 152
[11124.750719] NVMeVirt: [chmodel_init] bandwidth 3360 max_credits 110 tx_time 36
[11124.751970] NVMeVirt: Init FTL instance with 2 channels (524288 pages)
[11124.751972] NVMeVirt: GC victim policy: cat-fig7 k=2 scale_pct=400 age_ratio=16
[11124.751975] NVMeVirt: FTL physical space: 8588886016, logical space: 8026996276 (physical/logical * 100 = 107)
[11124.751977] NVMeVirt: ns 0/1: size 7655 MiB
[11124.752018] PCI host bridge to bus 0001:10
[11124.752019] pci_bus 0001:10: root bus resource [io  0x0000-0xffff]
[11124.752021] pci_bus 0001:10: root bus resource [mem 0x00000000-0x3fffffffffff]
[11124.752023] pci_bus 0001:10: root bus resource [bus 00-ff]
[11124.752029] pci 0001:10:00.0: [0c51:0110] type 00 class 0x010802 PCIe Endpoint
[11124.752032] pci 0001:10:00.0: BAR 0 [mem 0x100000000-0x100003fff 64bit]
[11124.752033] pci 0001:10:00.0: enabling Extended Tags
[11124.752143] NVMeVirt: Virtual PCI bus created (node 0)
[11124.752665] NVMeVirt: nvmev_io_worker_0 started on cpu 2 (node 0)
[11124.752823] NVMeVirt: nvmev_dispatcher started on cpu 1 (node 0)
[11124.753013] nvme nvme1: pci function 0001:10:00.0
[11124.757415] nvme nvme1: 20/0/0 default/read/poll queues
[11124.760029] NVMeVirt: Virtual NVMe device created
[11125.822329] EXT4-fs (nvme1n1): mounted filesystem d0e437ed-460e-41b6-86b7-e62841b921ee r/w with ordered data mode. Quota mode: none.
[11125.850016] iCAT_SQLITE_LOAD_START run=20260901-043242-35990
[11225.439046] iCAT_SQLITE_LOAD_END run=20260901-043242-35990
[11225.869984] sh (36114): drop_caches: 3
[11225.901128] iCAT_SQLITE_RUN_START run=20260901-043242-35990
[11229.486014] sh (36115): drop_caches: 3
[11233.536656] sh (36115): drop_caches: 3
[11237.587512] sh (36115): drop_caches: 3
[11241.638004] sh (36115): drop_caches: 3
[11245.686039] sh (36115): drop_caches: 3
[11249.737676] sh (36115): drop_caches: 3
[11253.789292] sh (36115): drop_caches: 3
[11257.837736] sh (36115): drop_caches: 3
[11261.886168] sh (36115): drop_caches: 3
[11265.938142] sh (36115): drop_caches: 3
[11269.989429] sh (36115): drop_caches: 3
[11274.034709] sh (36115): drop_caches: 3
[11278.085285] sh (36115): drop_caches: 3
[11282.135122] sh (36115): drop_caches: 3
[11286.184110] sh (36115): drop_caches: 3
[11290.226419] sh (36115): drop_caches: 3
[11294.277218] sh (36115): drop_caches: 3
[11298.326394] sh (36115): drop_caches: 3
[11302.374530] sh (36115): drop_caches: 3
[11306.425433] sh (36115): drop_caches: 3
[11310.475891] sh (36115): drop_caches: 3
[11314.529523] sh (36115): drop_caches: 3
[11318.580419] sh (36115): drop_caches: 3
[11322.628327] sh (36115): drop_caches: 3
[11326.680166] sh (36115): drop_caches: 3
[11330.730276] sh (36115): drop_caches: 3
[11334.784662] sh (36115): drop_caches: 3
[11338.838225] sh (36115): drop_caches: 3
[11342.887804] sh (36115): drop_caches: 3
[11346.937805] sh (36115): drop_caches: 3
[11350.987569] sh (36115): drop_caches: 3
[11355.038701] sh (36115): drop_caches: 3
[11359.089703] sh (36115): drop_caches: 3
[11363.139720] sh (36115): drop_caches: 3
[11367.184764] sh (36115): drop_caches: 3
[11371.233499] sh (36115): drop_caches: 3
[11375.284801] sh (36115): drop_caches: 3
[11379.336146] sh (36115): drop_caches: 3
[11383.380495] sh (36115): drop_caches: 3
[11387.430318] sh (36115): drop_caches: 3
[11391.479035] sh (36115): drop_caches: 3
[11395.527437] sh (36115): drop_caches: 3
[11399.578948] sh (36115): drop_caches: 3
[11403.625518] sh (36115): drop_caches: 3
[11407.668952] sh (36115): drop_caches: 3
[11411.719521] sh (36115): drop_caches: 3
[11415.770821] sh (36115): drop_caches: 3
[11419.823334] sh (36115): drop_caches: 3
[11423.872774] sh (36115): drop_caches: 3
[11427.926387] sh (36115): drop_caches: 3
[11431.975948] sh (36115): drop_caches: 3
[11436.025549] sh (36115): drop_caches: 3
[11440.076757] sh (36115): drop_caches: 3
[11444.126436] sh (36115): drop_caches: 3
[11448.178410] sh (36115): drop_caches: 3
[11452.221098] sh (36115): drop_caches: 3
[11456.274200] sh (36115): drop_caches: 3
[11460.325094] sh (36115): drop_caches: 3
[11464.374400] sh (36115): drop_caches: 3
[11468.429948] sh (36115): drop_caches: 3
[11472.480352] sh (36115): drop_caches: 3
[11476.522339] sh (36115): drop_caches: 3
[11480.570865] sh (36115): drop_caches: 3
[11484.620124] sh (36115): drop_caches: 3
[11488.669228] sh (36115): drop_caches: 3
[11492.720242] sh (36115): drop_caches: 3
[11496.771314] sh (36115): drop_caches: 3
[11500.821156] sh (36115): drop_caches: 3
[11504.873081] sh (36115): drop_caches: 3
[11508.920944] sh (36115): drop_caches: 3
[11512.968660] sh (36115): drop_caches: 3
[11517.020645] sh (36115): drop_caches: 3
[11521.072530] sh (36115): drop_caches: 3
[11525.122513] sh (36115): drop_caches: 3
[11529.172214] sh (36115): drop_caches: 3
[11533.224066] sh (36115): drop_caches: 3
[11537.275033] sh (36115): drop_caches: 3
[11541.328706] sh (36115): drop_caches: 3
[11545.377655] sh (36115): drop_caches: 3
[11549.426419] sh (36115): drop_caches: 3
[11553.479078] sh (36115): drop_caches: 3
[11557.529281] sh (36115): drop_caches: 3
[11561.586445] sh (36115): drop_caches: 3
[11565.645013] sh (36115): drop_caches: 3
[11569.699726] sh (36115): drop_caches: 3
[11573.752724] sh (36115): drop_caches: 3
[11577.801563] sh (36115): drop_caches: 3
[11581.851399] sh (36115): drop_caches: 3
[11585.900293] sh (36115): drop_caches: 3
[11589.949500] sh (36115): drop_caches: 3
[11593.999135] sh (36115): drop_caches: 3
[11598.043521] sh (36115): drop_caches: 3
[11602.091931] sh (36115): drop_caches: 3
[11606.141771] sh (36115): drop_caches: 3
[11610.183910] sh (36115): drop_caches: 3
[11614.237704] sh (36115): drop_caches: 3
[11618.287300] sh (36115): drop_caches: 3
[11622.332679] sh (36115): drop_caches: 3
[11626.388828] sh (36115): drop_caches: 3
[11630.435721] sh (36115): drop_caches: 3
[11634.486138] sh (36115): drop_caches: 3
[11638.535141] sh (36115): drop_caches: 3
[11642.583622] sh (36115): drop_caches: 3
[11646.635542] sh (36115): drop_caches: 3
[11650.685481] sh (36115): drop_caches: 3
[11654.730359] sh (36115): drop_caches: 3
[11658.778938] sh (36115): drop_caches: 3
[11662.830863] sh (36115): drop_caches: 3
[11666.881228] sh (36115): drop_caches: 3
[11670.930888] sh (36115): drop_caches: 3
[11674.981937] sh (36115): drop_caches: 3
[11679.035570] sh (36115): drop_caches: 3
[11683.086383] sh (36115): drop_caches: 3
[11687.138130] sh (36115): drop_caches: 3
[11691.188638] sh (36115): drop_caches: 3
[11695.237580] sh (36115): drop_caches: 3
[11699.288791] sh (36115): drop_caches: 3
[11703.339657] sh (36115): drop_caches: 3
[11707.381825] sh (36115): drop_caches: 3
[11711.430415] sh (36115): drop_caches: 3
[11715.479295] sh (36115): drop_caches: 3
[11719.530271] sh (36115): drop_caches: 3
[11723.581653] sh (36115): drop_caches: 3
[11727.633422] sh (36115): drop_caches: 3
[11731.676103] sh (36115): drop_caches: 3
[11735.727709] sh (36115): drop_caches: 3
[11739.778133] sh (36115): drop_caches: 3
[11743.829657] sh (36115): drop_caches: 3
[11747.879095] sh (36115): drop_caches: 3
[11751.927164] sh (36115): drop_caches: 3
[11755.975748] sh (36115): drop_caches: 3
[11760.023950] sh (36115): drop_caches: 3
[11764.071936] sh (36115): drop_caches: 3
[11768.125728] sh (36115): drop_caches: 3
[11772.180844] sh (36115): drop_caches: 3
[11776.231162] sh (36115): drop_caches: 3
[11780.279633] sh (36115): drop_caches: 3
[11784.331534] sh (36115): drop_caches: 3
[11788.383043] sh (36115): drop_caches: 3
[11792.426305] sh (36115): drop_caches: 3
[11796.476965] sh (36115): drop_caches: 3
[11800.526296] sh (36115): drop_caches: 3
[11804.578519] sh (36115): drop_caches: 3
[11808.629910] sh (36115): drop_caches: 3
[11812.673245] sh (36115): drop_caches: 3
[11816.725462] sh (36115): drop_caches: 3
[11820.774471] sh (36115): drop_caches: 3
[11824.828433] sh (36115): drop_caches: 3
[11828.879347] sh (36115): drop_caches: 3
[11832.931902] sh (36115): drop_caches: 3
[11836.984204] sh (36115): drop_caches: 3
[11841.035626] sh (36115): drop_caches: 3
[11845.083705] sh (36115): drop_caches: 3
[11849.129534] sh (36115): drop_caches: 3
[11853.178124] sh (36115): drop_caches: 3
[11857.233188] sh (36115): drop_caches: 3
[11861.276625] sh (36115): drop_caches: 3
[11861.326963] iCAT_SQLITE_RUN_END run=20260901-043242-35990
[11861.346763] EXT4-fs (nvme1n1): unmounting filesystem d0e437ed-460e-41b6-86b7-e62841b921ee.
[11861.418678] pci_bus 0001:10: busn_res: [bus 10-ff] is released
[11861.418735] NVMeVirt: GC stats: policy=cat-fig7 host_pages=14699227 gc_pages=4123637 gc_count=294100 WAF=1.280 k=2 scale_pct=400 age_ratio=16
[11861.490762] NVMeVirt: Virtual NVMe device closed
