[36781.503799] NVMeVirt: Version 1.10 for >> Samsung 970 Pro SSD <<
[36781.503807] NVMeVirt: Storage: 0x100100000-0x300000000 (8191 MiB)
[36781.510924] NVMeVirt: Total Capacity(GiB,MiB)=2,2048 chs=2 luns=4 lines=8192 blk-size(MiB,KiB)=0,64 line-size(MiB,KiB)=0,256
[36781.521859] NVMeVirt: [chmodel_init] bandwidth 800 max_credits 26 tx_time 152
[36781.534278] NVMeVirt: [chmodel_init] bandwidth 800 max_credits 26 tx_time 152
[36781.534294] NVMeVirt: [chmodel_init] bandwidth 3360 max_credits 110 tx_time 36
[36781.535618] NVMeVirt: pqueue: Copyright (c) 2014, Volkan Yazıcı <volkan.yazici@gmail.com>. All rights reserved.
[36781.535656] NVMeVirt: Init FTL instance with 2 channels (524288 pages)
[36781.535657] NVMeVirt: GC victim policy: cat-fig7 k=10 scale_pct=50 age_ratio=7
[36781.542273] NVMeVirt: [chmodel_init] bandwidth 800 max_credits 26 tx_time 152
[36781.548741] NVMeVirt: [chmodel_init] bandwidth 800 max_credits 26 tx_time 152
[36781.548755] NVMeVirt: [chmodel_init] bandwidth 3360 max_credits 110 tx_time 36
[36781.549989] NVMeVirt: Init FTL instance with 2 channels (524288 pages)
[36781.549990] NVMeVirt: GC victim policy: cat-fig7 k=10 scale_pct=50 age_ratio=7
[36781.556454] NVMeVirt: [chmodel_init] bandwidth 800 max_credits 26 tx_time 152
[36781.562914] NVMeVirt: [chmodel_init] bandwidth 800 max_credits 26 tx_time 152
[36781.562927] NVMeVirt: [chmodel_init] bandwidth 3360 max_credits 110 tx_time 36
[36781.564185] NVMeVirt: Init FTL instance with 2 channels (524288 pages)
[36781.564186] NVMeVirt: GC victim policy: cat-fig7 k=10 scale_pct=50 age_ratio=7
[36781.570657] NVMeVirt: [chmodel_init] bandwidth 800 max_credits 26 tx_time 152
[36781.577020] NVMeVirt: [chmodel_init] bandwidth 800 max_credits 26 tx_time 152
[36781.577035] NVMeVirt: [chmodel_init] bandwidth 3360 max_credits 110 tx_time 36
[36781.578305] NVMeVirt: Init FTL instance with 2 channels (524288 pages)
[36781.578306] NVMeVirt: GC victim policy: cat-fig7 k=10 scale_pct=50 age_ratio=7
[36781.578310] NVMeVirt: FTL physical space: 8588886016, logical space: 8026996276 (physical/logical * 100 = 107)
[36781.578312] NVMeVirt: ns 0/1: size 7655 MiB
[36781.578352] PCI host bridge to bus 0001:10
[36781.578354] pci_bus 0001:10: root bus resource [io  0x0000-0xffff]
[36781.578356] pci_bus 0001:10: root bus resource [mem 0x00000000-0x3fffffffffff]
[36781.578358] pci_bus 0001:10: root bus resource [bus 00-ff]
[36781.578364] pci 0001:10:00.0: [0c51:0110] type 00 class 0x010802 PCIe Endpoint
[36781.578366] pci 0001:10:00.0: BAR 0 [mem 0x100000000-0x100003fff 64bit]
[36781.578368] pci 0001:10:00.0: enabling Extended Tags
[36781.578476] NVMeVirt: Virtual PCI bus created (node 0)
[36781.579006] NVMeVirt: nvmev_io_worker_0 started on cpu 2 (node 0)
[36781.579149] NVMeVirt: nvmev_dispatcher started on cpu 1 (node 0)
[36781.579362] nvme nvme1: pci function 0001:10:00.0
[36781.583732] nvme nvme1: 20/0/0 default/read/poll queues
[36781.587406] NVMeVirt: Virtual NVMe device created
[36782.649045] EXT4-fs (nvme1n1): mounted filesystem 783a3758-322c-4b0b-b5c4-17fca726aba5 r/w with ordered data mode. Quota mode: none.
[36782.680922] iCAT_SQLITE_LOAD_START run=20260901-114019-84049
[36900.777556] iCAT_SQLITE_LOAD_END run=20260901-114019-84049
[36901.231942] sh (85247): drop_caches: 3
[36901.259383] iCAT_SQLITE_RUN_START run=20260901-114019-84049
[36904.822475] sh (85248): drop_caches: 3
[36908.874035] sh (85248): drop_caches: 3
[36912.922766] sh (85248): drop_caches: 3
[36916.973200] sh (85248): drop_caches: 3
[36921.024424] sh (85248): drop_caches: 3
[36925.076874] sh (85248): drop_caches: 3
[36929.120502] sh (85248): drop_caches: 3
[36933.165680] sh (85248): drop_caches: 3
[36937.216444] sh (85248): drop_caches: 3
[36941.267422] sh (85248): drop_caches: 3
[36945.316226] sh (85248): drop_caches: 3
[36949.369614] sh (85248): drop_caches: 3
[36953.421487] sh (85248): drop_caches: 3
[36957.475471] sh (85248): drop_caches: 3
[36961.527029] sh (85248): drop_caches: 3
[36965.574015] sh (85248): drop_caches: 3
[36969.619154] sh (85248): drop_caches: 3
[36973.668791] sh (85248): drop_caches: 3
[36977.718893] sh (85248): drop_caches: 3
[36981.770417] sh (85248): drop_caches: 3
[36985.814791] sh (85248): drop_caches: 3
[36989.857999] sh (85248): drop_caches: 3
[36993.907695] sh (85248): drop_caches: 3
[36997.957873] sh (85248): drop_caches: 3
[37002.009263] sh (85248): drop_caches: 3
[37006.060526] sh (85248): drop_caches: 3
[37010.111237] sh (85248): drop_caches: 3
[37014.164432] sh (85248): drop_caches: 3
[37018.206537] sh (85248): drop_caches: 3
[37022.255852] sh (85248): drop_caches: 3
[37026.305660] sh (85248): drop_caches: 3
[37030.351121] sh (85248): drop_caches: 3
[37034.403561] sh (85248): drop_caches: 3
[37038.453598] sh (85248): drop_caches: 3
[37042.500620] sh (85248): drop_caches: 3
[37046.546619] sh (85248): drop_caches: 3
[37050.594027] sh (85248): drop_caches: 3
[37054.647995] sh (85248): drop_caches: 3
[37058.698705] sh (85248): drop_caches: 3
[37062.751763] sh (85248): drop_caches: 3
[37066.803948] sh (85248): drop_caches: 3
[37070.852604] sh (85248): drop_caches: 3
[37074.896942] sh (85248): drop_caches: 3
[37078.949181] sh (85248): drop_caches: 3
[37083.001007] sh (85248): drop_caches: 3
[37087.050328] sh (85248): drop_caches: 3
[37091.099503] sh (85248): drop_caches: 3
[37095.151757] sh (85248): drop_caches: 3
[37099.202388] sh (85248): drop_caches: 3
[37103.251210] sh (85248): drop_caches: 3
[37107.303810] sh (85248): drop_caches: 3
[37111.353231] sh (85248): drop_caches: 3
[37115.405710] sh (85248): drop_caches: 3
[37119.449236] sh (85248): drop_caches: 3
[37123.496681] sh (85248): drop_caches: 3
[37127.551298] sh (85248): drop_caches: 3
[37131.604114] sh (85248): drop_caches: 3
[37135.661654] sh (85248): drop_caches: 3
[37139.715461] sh (85248): drop_caches: 3
[37143.766147] sh (85248): drop_caches: 3
[37147.814898] sh (85248): drop_caches: 3
[37151.864811] sh (85248): drop_caches: 3
[37155.915102] sh (85248): drop_caches: 3
[37159.963960] sh (85248): drop_caches: 3
[37164.015364] sh (85248): drop_caches: 3
[37168.066948] sh (85248): drop_caches: 3
[37172.118039] sh (85248): drop_caches: 3
[37176.165186] sh (85248): drop_caches: 3
[37180.214381] sh (85248): drop_caches: 3
[37184.263465] sh (85248): drop_caches: 3
[37188.314545] sh (85248): drop_caches: 3
[37192.365503] sh (85248): drop_caches: 3
[37196.416560] sh (85248): drop_caches: 3
[37200.463175] sh (85248): drop_caches: 3
[37204.518711] sh (85248): drop_caches: 3
[37208.563242] sh (85248): drop_caches: 3
[37212.614922] sh (85248): drop_caches: 3
[37216.664504] sh (85248): drop_caches: 3
[37220.714024] sh (85248): drop_caches: 3
[37224.763777] sh (85248): drop_caches: 3
[37228.815042] sh (85248): drop_caches: 3
[37232.863636] sh (85248): drop_caches: 3
[37236.918874] sh (85248): drop_caches: 3
[37240.968641] sh (85248): drop_caches: 3
[37245.018761] sh (85248): drop_caches: 3
[37249.072496] sh (85248): drop_caches: 3
[37253.114648] sh (85248): drop_caches: 3
[37257.167027] sh (85248): drop_caches: 3
[37261.216371] sh (85248): drop_caches: 3
[37265.268285] sh (85248): drop_caches: 3
[37269.310934] sh (85248): drop_caches: 3
[37273.359938] sh (85248): drop_caches: 3
[37277.412143] sh (85248): drop_caches: 3
[37281.462716] sh (85248): drop_caches: 3
[37285.505332] sh (85248): drop_caches: 3
[37289.558462] sh (85248): drop_caches: 3
[37293.610028] sh (85248): drop_caches: 3
[37297.662508] sh (85248): drop_caches: 3
[37301.705839] sh (85248): drop_caches: 3
[37305.750039] sh (85248): drop_caches: 3
[37309.797675] sh (85248): drop_caches: 3
[37313.849095] sh (85248): drop_caches: 3
[37317.898045] sh (85248): drop_caches: 3
[37321.940772] sh (85248): drop_caches: 3
[37325.997074] sh (85248): drop_caches: 3
[37330.051274] sh (85248): drop_caches: 3
[37334.100058] sh (85248): drop_caches: 3
[37338.140529] sh (85248): drop_caches: 3
[37342.192585] sh (85248): drop_caches: 3
[37346.245084] sh (85248): drop_caches: 3
[37350.297200] sh (85248): drop_caches: 3
[37354.347319] sh (85248): drop_caches: 3
[37358.398276] sh (85248): drop_caches: 3
[37362.451512] sh (85248): drop_caches: 3
[37366.501871] sh (85248): drop_caches: 3
[37370.551315] sh (85248): drop_caches: 3
[37374.603157] sh (85248): drop_caches: 3
[37378.652107] sh (85248): drop_caches: 3
[37382.703654] sh (85248): drop_caches: 3
[37386.748285] sh (85248): drop_caches: 3
[37390.799828] sh (85248): drop_caches: 3
[37394.851099] sh (85248): drop_caches: 3
[37398.903521] sh (85248): drop_caches: 3
[37402.955227] sh (85248): drop_caches: 3
[37407.007849] sh (85248): drop_caches: 3
[37411.059591] sh (85248): drop_caches: 3
[37415.112726] sh (85248): drop_caches: 3
[37419.157636] sh (85248): drop_caches: 3
[37423.202632] sh (85248): drop_caches: 3
[37427.250568] sh (85248): drop_caches: 3
[37431.301807] sh (85248): drop_caches: 3
[37435.346903] sh (85248): drop_caches: 3
[37439.401349] sh (85248): drop_caches: 3
[37443.449901] sh (85248): drop_caches: 3
[37447.496072] sh (85248): drop_caches: 3
[37451.550402] sh (85248): drop_caches: 3
[37455.597512] sh (85248): drop_caches: 3
[37459.646562] sh (85248): drop_caches: 3
[37463.698027] sh (85248): drop_caches: 3
[37467.748852] sh (85248): drop_caches: 3
[37471.800544] sh (85248): drop_caches: 3
[37475.851005] sh (85248): drop_caches: 3
[37479.902941] sh (85248): drop_caches: 3
[37483.952594] sh (85248): drop_caches: 3
[37488.003706] sh (85248): drop_caches: 3
[37492.055159] sh (85248): drop_caches: 3
[37496.099367] sh (85248): drop_caches: 3
[37500.152087] sh (85248): drop_caches: 3
[37504.201764] sh (85248): drop_caches: 3
[37508.252882] sh (85248): drop_caches: 3
[37512.305219] sh (85248): drop_caches: 3
[37516.357800] sh (85248): drop_caches: 3
[37520.402152] sh (85248): drop_caches: 3
[37524.447951] sh (85248): drop_caches: 3
[37528.500411] sh (85248): drop_caches: 3
[37532.550262] sh (85248): drop_caches: 3
[37536.602474] sh (85248): drop_caches: 3
[37536.653595] iCAT_SQLITE_RUN_END run=20260901-114019-84049
[37536.673623] EXT4-fs (nvme1n1): unmounting filesystem 783a3758-322c-4b0b-b5c4-17fca726aba5.
[37536.739534] pci_bus 0001:10: busn_res: [bus 10-ff] is released
[37536.739595] NVMeVirt: GC stats: policy=cat-fig7 host_pages=14701348 gc_pages=1651576 gc_count=255507 WAF=1.112 k=10 scale_pct=50 age_ratio=7
[37536.810369] NVMeVirt: Virtual NVMe device closed
