[24995.873507] NVMeVirt: Version 1.10 for >> Samsung 970 Pro SSD <<
[24995.873516] NVMeVirt: Storage: 0x100100000-0x300000000 (8191 MiB)
[24995.879305] NVMeVirt: Total Capacity(GiB,MiB)=2,2048 chs=2 luns=4 lines=8192 blk-size(MiB,KiB)=0,64 line-size(MiB,KiB)=0,256
[24995.886066] NVMeVirt: [chmodel_init] bandwidth 800 max_credits 26 tx_time 152
[24995.892713] NVMeVirt: [chmodel_init] bandwidth 800 max_credits 26 tx_time 152
[24995.892728] NVMeVirt: [chmodel_init] bandwidth 3360 max_credits 110 tx_time 36
[24995.893949] NVMeVirt: pqueue: Copyright (c) 2014, Volkan Yazıcı <volkan.yazici@gmail.com>. All rights reserved.
[24995.893986] NVMeVirt: Init FTL instance with 2 channels (524288 pages)
[24995.893987] NVMeVirt: GC victim policy: cat-fig7 k=7 scale_pct=50 age_ratio=4
[24995.900463] NVMeVirt: [chmodel_init] bandwidth 800 max_credits 26 tx_time 152
[24995.906867] NVMeVirt: [chmodel_init] bandwidth 800 max_credits 26 tx_time 152
[24995.906881] NVMeVirt: [chmodel_init] bandwidth 3360 max_credits 110 tx_time 36
[24995.908112] NVMeVirt: Init FTL instance with 2 channels (524288 pages)
[24995.908114] NVMeVirt: GC victim policy: cat-fig7 k=7 scale_pct=50 age_ratio=4
[24995.914531] NVMeVirt: [chmodel_init] bandwidth 800 max_credits 26 tx_time 152
[24995.920996] NVMeVirt: [chmodel_init] bandwidth 800 max_credits 26 tx_time 152
[24995.921010] NVMeVirt: [chmodel_init] bandwidth 3360 max_credits 110 tx_time 36
[24995.922269] NVMeVirt: Init FTL instance with 2 channels (524288 pages)
[24995.922270] NVMeVirt: GC victim policy: cat-fig7 k=7 scale_pct=50 age_ratio=4
[24995.928714] NVMeVirt: [chmodel_init] bandwidth 800 max_credits 26 tx_time 152
[24995.935165] NVMeVirt: [chmodel_init] bandwidth 800 max_credits 26 tx_time 152
[24995.935179] NVMeVirt: [chmodel_init] bandwidth 3360 max_credits 110 tx_time 36
[24995.936430] NVMeVirt: Init FTL instance with 2 channels (524288 pages)
[24995.936431] NVMeVirt: GC victim policy: cat-fig7 k=7 scale_pct=50 age_ratio=4
[24995.936434] NVMeVirt: FTL physical space: 8588886016, logical space: 8026996276 (physical/logical * 100 = 107)
[24995.936435] NVMeVirt: ns 0/1: size 7655 MiB
[24995.936473] PCI host bridge to bus 0001:10
[24995.936475] pci_bus 0001:10: root bus resource [io  0x0000-0xffff]
[24995.936477] pci_bus 0001:10: root bus resource [mem 0x00000000-0x3fffffffffff]
[24995.936479] pci_bus 0001:10: root bus resource [bus 00-ff]
[24995.936484] pci 0001:10:00.0: [0c51:0110] type 00 class 0x010802 PCIe Endpoint
[24995.936487] pci 0001:10:00.0: BAR 0 [mem 0x100000000-0x100003fff 64bit]
[24995.936489] pci 0001:10:00.0: enabling Extended Tags
[24995.936597] NVMeVirt: Virtual PCI bus created (node 0)
[24995.937130] NVMeVirt: nvmev_io_worker_0 started on cpu 2 (node 0)
[24995.937287] NVMeVirt: nvmev_dispatcher started on cpu 1 (node 0)
[24995.937411] nvme nvme1: pci function 0001:10:00.0
[24995.941703] nvme nvme1: 20/0/0 default/read/poll queues
[24995.945243] NVMeVirt: Virtual NVMe device created
[24997.006944] EXT4-fs (nvme1n1): mounted filesystem 1aa4dd1c-fa2f-4b2f-adf6-d3ffae1fc7b9 r/w with ordered data mode. Quota mode: none.
[24997.038632] iCAT_SQLITE_LOAD_START run=20260901-082353-46552
[25097.573418] iCAT_SQLITE_LOAD_END run=20260901-082353-46552
[25098.050631] sh (46682): drop_caches: 3
[25098.078509] iCAT_SQLITE_RUN_START run=20260901-082353-46552
[25101.617229] sh (46681): drop_caches: 3
[25105.662735] sh (46681): drop_caches: 3
[25109.708769] sh (46681): drop_caches: 3
[25113.754308] sh (46681): drop_caches: 3
[25117.801011] sh (46681): drop_caches: 3
[25121.846953] sh (46681): drop_caches: 3
[25125.887706] sh (46681): drop_caches: 3
[25129.931556] sh (46681): drop_caches: 3
[25133.976883] sh (46681): drop_caches: 3
[25138.025562] sh (46681): drop_caches: 3
[25142.070989] sh (46681): drop_caches: 3
[25146.117835] sh (46681): drop_caches: 3
[25150.165073] sh (46681): drop_caches: 3
[25154.210317] sh (46681): drop_caches: 3
[25158.256569] sh (46681): drop_caches: 3
[25162.300384] sh (46681): drop_caches: 3
[25166.343926] sh (46681): drop_caches: 3
[25170.391183] sh (46681): drop_caches: 3
[25174.440343] sh (46681): drop_caches: 3
[25178.488623] sh (46681): drop_caches: 3
[25182.534265] sh (46681): drop_caches: 3
[25186.579589] sh (46681): drop_caches: 3
[25190.625817] sh (46681): drop_caches: 3
[25194.670961] sh (46681): drop_caches: 3
[25198.720569] sh (46681): drop_caches: 3
[25202.766757] sh (46681): drop_caches: 3
[25206.813051] sh (46681): drop_caches: 3
[25210.858481] sh (46681): drop_caches: 3
[25214.904886] sh (46681): drop_caches: 3
[25218.955055] sh (46681): drop_caches: 3
[25223.004013] sh (46681): drop_caches: 3
[25227.047990] sh (46681): drop_caches: 3
[25231.095802] sh (46681): drop_caches: 3
[25235.141741] sh (46681): drop_caches: 3
[25239.188909] sh (46681): drop_caches: 3
[25243.234934] sh (46681): drop_caches: 3
[25247.279668] sh (46681): drop_caches: 3
[25251.324428] sh (46681): drop_caches: 3
[25255.365935] sh (46681): drop_caches: 3
[25259.413154] sh (46681): drop_caches: 3
[25263.460022] sh (46681): drop_caches: 3
[25267.507097] sh (46681): drop_caches: 3
[25271.549854] sh (46681): drop_caches: 3
[25275.594174] sh (46681): drop_caches: 3
[25279.641454] sh (46681): drop_caches: 3
[25283.687847] sh (46681): drop_caches: 3
[25287.734875] sh (46681): drop_caches: 3
[25291.783379] sh (46681): drop_caches: 3
[25295.829509] sh (46681): drop_caches: 3
[25299.875711] sh (46681): drop_caches: 3
[25303.921887] sh (46681): drop_caches: 3
[25307.961750] sh (46681): drop_caches: 3
[25312.008753] sh (46681): drop_caches: 3
[25316.056343] sh (46681): drop_caches: 3
[25320.100442] sh (46681): drop_caches: 3
[25324.147735] sh (46681): drop_caches: 3
[25328.191883] sh (46681): drop_caches: 3
[25332.237132] sh (46681): drop_caches: 3
[25336.282481] sh (46681): drop_caches: 3
[25340.329458] sh (46681): drop_caches: 3
[25344.373643] sh (46681): drop_caches: 3
[25348.419221] sh (46681): drop_caches: 3
[25352.466154] sh (46681): drop_caches: 3
[25356.503289] sh (46681): drop_caches: 3
[25360.541113] sh (46681): drop_caches: 3
[25364.584976] sh (46681): drop_caches: 3
[25368.630136] sh (46681): drop_caches: 3
[25372.673256] sh (46681): drop_caches: 3
[25376.721044] sh (46681): drop_caches: 3
[25380.767171] sh (46681): drop_caches: 3
[25384.812915] sh (46681): drop_caches: 3
[25388.859305] sh (46681): drop_caches: 3
[25392.904731] sh (46681): drop_caches: 3
[25396.950981] sh (46681): drop_caches: 3
[25400.997530] sh (46681): drop_caches: 3
[25405.044974] sh (46681): drop_caches: 3
[25409.088811] sh (46681): drop_caches: 3
[25413.136471] sh (46681): drop_caches: 3
[25417.180434] sh (46681): drop_caches: 3
[25421.225293] sh (46681): drop_caches: 3
[25425.269541] sh (46681): drop_caches: 3
[25429.312790] sh (46681): drop_caches: 3
[25433.359837] sh (46681): drop_caches: 3
[25437.405336] sh (46681): drop_caches: 3
[25441.449499] sh (46681): drop_caches: 3
[25445.492906] sh (46681): drop_caches: 3
[25449.540188] sh (46681): drop_caches: 3
[25453.587341] sh (46681): drop_caches: 3
[25457.633777] sh (46681): drop_caches: 3
[25461.677638] sh (46681): drop_caches: 3
[25465.721721] sh (46681): drop_caches: 3
[25469.768652] sh (46681): drop_caches: 3
[25473.817377] sh (46681): drop_caches: 3
[25477.860694] sh (46681): drop_caches: 3
[25481.902402] sh (46681): drop_caches: 3
[25485.948750] sh (46681): drop_caches: 3
[25489.992783] sh (46681): drop_caches: 3
[25494.040738] sh (46681): drop_caches: 3
[25498.093535] sh (46681): drop_caches: 3
[25502.137892] sh (46681): drop_caches: 3
[25506.184935] sh (46681): drop_caches: 3
[25510.233271] sh (46681): drop_caches: 3
[25514.278689] sh (46681): drop_caches: 3
[25518.322706] sh (46681): drop_caches: 3
[25522.362356] sh (46681): drop_caches: 3
[25526.405257] sh (46681): drop_caches: 3
[25530.448119] sh (46681): drop_caches: 3
[25534.497810] sh (46681): drop_caches: 3
[25538.544174] sh (46681): drop_caches: 3
[25542.588404] sh (46681): drop_caches: 3
[25546.632607] sh (46681): drop_caches: 3
[25550.678436] sh (46681): drop_caches: 3
[25554.726948] sh (46681): drop_caches: 3
[25558.777221] sh (46681): drop_caches: 3
[25562.824668] sh (46681): drop_caches: 3
[25566.871289] sh (46681): drop_caches: 3
[25570.919831] sh (46681): drop_caches: 3
[25574.966076] sh (46681): drop_caches: 3
[25579.010445] sh (46681): drop_caches: 3
[25583.054813] sh (46681): drop_caches: 3
[25587.101098] sh (46681): drop_caches: 3
[25591.147684] sh (46681): drop_caches: 3
[25595.192068] sh (46681): drop_caches: 3
[25599.242837] sh (46681): drop_caches: 3
[25603.286506] sh (46681): drop_caches: 3
[25607.334191] sh (46681): drop_caches: 3
[25611.379452] sh (46681): drop_caches: 3
[25615.426823] sh (46681): drop_caches: 3
[25619.470053] sh (46681): drop_caches: 3
[25623.509568] sh (46681): drop_caches: 3
[25627.546190] sh (46681): drop_caches: 3
[25631.589351] sh (46681): drop_caches: 3
[25635.633186] sh (46681): drop_caches: 3
[25639.681496] sh (46681): drop_caches: 3
[25643.728015] sh (46681): drop_caches: 3
[25647.771523] sh (46681): drop_caches: 3
[25651.819355] sh (46681): drop_caches: 3
[25655.865875] sh (46681): drop_caches: 3
[25659.903942] sh (46681): drop_caches: 3
[25663.954199] sh (46681): drop_caches: 3
[25668.002830] sh (46681): drop_caches: 3
[25672.046544] sh (46681): drop_caches: 3
[25676.090283] sh (46681): drop_caches: 3
[25680.135511] sh (46681): drop_caches: 3
[25684.182591] sh (46681): drop_caches: 3
[25688.226369] sh (46681): drop_caches: 3
[25692.270076] sh (46681): drop_caches: 3
[25696.316887] sh (46681): drop_caches: 3
[25700.360072] sh (46681): drop_caches: 3
[25704.405932] sh (46681): drop_caches: 3
[25708.454864] sh (46681): drop_caches: 3
[25712.502576] sh (46681): drop_caches: 3
[25716.544612] sh (46681): drop_caches: 3
[25720.591466] sh (46681): drop_caches: 3
[25724.637401] sh (46681): drop_caches: 3
[25728.685494] sh (46681): drop_caches: 3
[25732.712006] sh (46681): drop_caches: 3
[25732.763621] iCAT_SQLITE_RUN_END run=20260901-082353-46552
[25732.785793] EXT4-fs (nvme1n1): unmounting filesystem 1aa4dd1c-fa2f-4b2f-adf6-d3ffae1fc7b9.
[25732.864268] pci_bus 0001:10: busn_res: [bus 10-ff] is released
[25732.864327] NVMeVirt: GC stats: policy=cat-fig7 host_pages=14698408 gc_pages=2374019 gc_count=266749 WAF=1.161 k=7 scale_pct=50 age_ratio=4
[25732.935443] NVMeVirt: Virtual NVMe device closed
