[ 7943.661104] NVMeVirt: Version 1.10 for >> Samsung 970 Pro SSD <<
[ 7943.661114] NVMeVirt: Storage: 0x100100000-0x300000000 (8191 MiB)
[ 7943.668282] NVMeVirt: Total Capacity(GiB,MiB)=2,2048 chs=2 luns=4 lines=8192 blk-size(MiB,KiB)=0,64 line-size(MiB,KiB)=0,256
[ 7943.682676] NVMeVirt: [chmodel_init] bandwidth 800 max_credits 26 tx_time 152
[ 7943.690569] NVMeVirt: [chmodel_init] bandwidth 800 max_credits 26 tx_time 152
[ 7943.690584] NVMeVirt: [chmodel_init] bandwidth 3360 max_credits 110 tx_time 36
[ 7943.691805] NVMeVirt: pqueue: Copyright (c) 2014, Volkan Yazıcı <volkan.yazici@gmail.com>. All rights reserved.
[ 7943.691841] NVMeVirt: Init FTL instance with 2 channels (524288 pages)
[ 7943.691842] NVMeVirt: GC victim policy: cat-fig7 k=2 scale_pct=50 age_ratio=16
[ 7943.698484] NVMeVirt: [chmodel_init] bandwidth 800 max_credits 26 tx_time 152
[ 7943.705016] NVMeVirt: [chmodel_init] bandwidth 800 max_credits 26 tx_time 152
[ 7943.705031] NVMeVirt: [chmodel_init] bandwidth 3360 max_credits 110 tx_time 36
[ 7943.706291] NVMeVirt: Init FTL instance with 2 channels (524288 pages)
[ 7943.706292] NVMeVirt: GC victim policy: cat-fig7 k=2 scale_pct=50 age_ratio=16
[ 7943.712713] NVMeVirt: [chmodel_init] bandwidth 800 max_credits 26 tx_time 152
[ 7943.719130] NVMeVirt: [chmodel_init] bandwidth 800 max_credits 26 tx_time 152
[ 7943.719144] NVMeVirt: [chmodel_init] bandwidth 3360 max_credits 110 tx_time 36
[ 7943.720405] NVMeVirt: Init FTL instance with 2 channels (524288 pages)
[ 7943.720406] NVMeVirt: GC victim policy: cat-fig7 k=2 scale_pct=50 age_ratio=16
[ 7943.726851] NVMeVirt: [chmodel_init] bandwidth 800 max_credits 26 tx_time 152
[ 7943.733278] NVMeVirt: [chmodel_init] bandwidth 800 max_credits 26 tx_time 152
[ 7943.733293] NVMeVirt: [chmodel_init] bandwidth 3360 max_credits 110 tx_time 36
[ 7943.734549] NVMeVirt: Init FTL instance with 2 channels (524288 pages)
[ 7943.734550] NVMeVirt: GC victim policy: cat-fig7 k=2 scale_pct=50 age_ratio=16
[ 7943.734554] NVMeVirt: FTL physical space: 8588886016, logical space: 8026996276 (physical/logical * 100 = 107)
[ 7943.734555] NVMeVirt: ns 0/1: size 7655 MiB
[ 7943.734596] PCI host bridge to bus 0001:10
[ 7943.734597] pci_bus 0001:10: root bus resource [io  0x0000-0xffff]
[ 7943.734599] pci_bus 0001:10: root bus resource [mem 0x00000000-0x3fffffffffff]
[ 7943.734601] pci_bus 0001:10: root bus resource [bus 00-ff]
[ 7943.734607] pci 0001:10:00.0: [0c51:0110] type 00 class 0x010802 PCIe Endpoint
[ 7943.734610] pci 0001:10:00.0: BAR 0 [mem 0x100000000-0x100003fff 64bit]
[ 7943.734611] pci 0001:10:00.0: enabling Extended Tags
[ 7943.734719] NVMeVirt: Virtual PCI bus created (node 0)
[ 7943.735257] NVMeVirt: nvmev_io_worker_0 started on cpu 2 (node 0)
[ 7943.735379] NVMeVirt: nvmev_dispatcher started on cpu 1 (node 0)
[ 7943.735574] nvme nvme1: pci function 0001:10:00.0
[ 7943.740301] nvme nvme1: 20/0/0 default/read/poll queues
[ 7943.744415] NVMeVirt: Virtual NVMe device created
[ 7944.805020] EXT4-fs (nvme1n1): mounted filesystem 17253e70-f622-4aec-9b8b-8e6803665a95 r/w with ordered data mode. Quota mode: none.
[ 7944.827831] iCAT_LLAMA_PREPARE_START run=20260831-005309-3041891
[ 7944.878579] sh (3041971): drop_caches: 3
[ 7946.299291] iCAT_LLAMA_PREPARE_END run=20260831-005309-3041891
[ 7946.552616] sh (3041985): drop_caches: 3
[ 7951.596279] iCAT_LLAMA_RUN_START run=20260831-005309-3041891
[ 8066.435139] iCAT_LLAMA_RUN_END run=20260831-005309-3041891
[ 8066.476907] EXT4-fs (nvme1n1): unmounting filesystem 17253e70-f622-4aec-9b8b-8e6803665a95.
[ 8066.574496] pci_bus 0001:10: busn_res: [bus 10-ff] is released
[ 8066.574554] NVMeVirt: GC stats: policy=cat-fig7 host_pages=0 gc_pages=0 gc_count=0 WAF=N/A k=2 scale_pct=50 age_ratio=16
[ 8066.637512] NVMeVirt: Virtual NVMe device closed
