[ 7202.693047] NVMeVirt: Version 1.10 for >> Samsung 970 Pro SSD <<
[ 7202.693057] NVMeVirt: Storage: 0x100100000-0x300000000 (8191 MiB)
[ 7202.701025] NVMeVirt: Total Capacity(GiB,MiB)=2,2048 chs=2 luns=4 lines=8192 blk-size(MiB,KiB)=0,64 line-size(MiB,KiB)=0,256
[ 7202.715677] NVMeVirt: [chmodel_init] bandwidth 800 max_credits 26 tx_time 152
[ 7202.722917] NVMeVirt: [chmodel_init] bandwidth 800 max_credits 26 tx_time 152
[ 7202.722932] NVMeVirt: [chmodel_init] bandwidth 3360 max_credits 110 tx_time 36
[ 7202.724155] NVMeVirt: pqueue: Copyright (c) 2014, Volkan Yazıcı <volkan.yazici@gmail.com>. All rights reserved.
[ 7202.724192] NVMeVirt: Init FTL instance with 2 channels (524288 pages)
[ 7202.724193] NVMeVirt: GC victim policy: greedy k=0 scale_pct=0 age_ratio=0
[ 7202.730809] NVMeVirt: [chmodel_init] bandwidth 800 max_credits 26 tx_time 152
[ 7202.737311] NVMeVirt: [chmodel_init] bandwidth 800 max_credits 26 tx_time 152
[ 7202.737325] NVMeVirt: [chmodel_init] bandwidth 3360 max_credits 110 tx_time 36
[ 7202.738575] NVMeVirt: Init FTL instance with 2 channels (524288 pages)
[ 7202.738576] NVMeVirt: GC victim policy: greedy k=0 scale_pct=0 age_ratio=0
[ 7202.745034] NVMeVirt: [chmodel_init] bandwidth 800 max_credits 26 tx_time 152
[ 7202.751473] NVMeVirt: [chmodel_init] bandwidth 800 max_credits 26 tx_time 152
[ 7202.751488] NVMeVirt: [chmodel_init] bandwidth 3360 max_credits 110 tx_time 36
[ 7202.752747] NVMeVirt: Init FTL instance with 2 channels (524288 pages)
[ 7202.752748] NVMeVirt: GC victim policy: greedy k=0 scale_pct=0 age_ratio=0
[ 7202.759178] NVMeVirt: [chmodel_init] bandwidth 800 max_credits 26 tx_time 152
[ 7202.765615] NVMeVirt: [chmodel_init] bandwidth 800 max_credits 26 tx_time 152
[ 7202.765629] NVMeVirt: [chmodel_init] bandwidth 3360 max_credits 110 tx_time 36
[ 7202.766889] NVMeVirt: Init FTL instance with 2 channels (524288 pages)
[ 7202.766890] NVMeVirt: GC victim policy: greedy k=0 scale_pct=0 age_ratio=0
[ 7202.766894] NVMeVirt: FTL physical space: 8588886016, logical space: 8026996276 (physical/logical * 100 = 107)
[ 7202.766896] NVMeVirt: ns 0/1: size 7655 MiB
[ 7202.766937] PCI host bridge to bus 0001:10
[ 7202.766938] pci_bus 0001:10: root bus resource [io  0x0000-0xffff]
[ 7202.766941] pci_bus 0001:10: root bus resource [mem 0x00000000-0x3fffffffffff]
[ 7202.766942] pci_bus 0001:10: root bus resource [bus 00-ff]
[ 7202.766948] pci 0001:10:00.0: [0c51:0110] type 00 class 0x010802 PCIe Endpoint
[ 7202.766951] pci 0001:10:00.0: BAR 0 [mem 0x100000000-0x100003fff 64bit]
[ 7202.766953] pci 0001:10:00.0: enabling Extended Tags
[ 7202.767065] NVMeVirt: Virtual PCI bus created (node 0)
[ 7202.767505] NVMeVirt: nvmev_dispatcher started on cpu 1 (node 0)
[ 7202.767584] NVMeVirt: nvmev_io_worker_0 started on cpu 2 (node 0)
[ 7202.767744] nvme nvme1: pci function 0001:10:00.0
[ 7202.770296] nvme nvme1: 20/0/0 default/read/poll queues
[ 7202.774808] NVMeVirt: Virtual NVMe device created
[ 7203.837092] EXT4-fs (nvme1n1): mounted filesystem f4a2dec6-71ed-440e-b72a-7aaae89b8955 r/w with ordered data mode. Quota mode: none.
[ 7203.860605] iCAT_LLAMA_PREPARE_START run=20260831-004048-3037533
[ 7203.895349] sh (3037624): drop_caches: 3
[ 7205.297659] iCAT_LLAMA_PREPARE_END run=20260831-004048-3037533
[ 7205.554395] sh (3037676): drop_caches: 3
[ 7210.585827] iCAT_LLAMA_RUN_START run=20260831-004048-3037533
[ 7229.929805] perf: interrupt took too long (3941 > 3925), lowering kernel.perf_event_max_sample_rate to 50000
[ 7325.108621] iCAT_LLAMA_RUN_END run=20260831-004048-3037533
[ 7325.152918] EXT4-fs (nvme1n1): unmounting filesystem f4a2dec6-71ed-440e-b72a-7aaae89b8955.
[ 7325.242711] pci_bus 0001:10: busn_res: [bus 10-ff] is released
[ 7325.242743] NVMeVirt: GC stats: policy=greedy host_pages=0 gc_pages=0 gc_count=0 WAF=N/A k=0 scale_pct=0 age_ratio=0
[ 7325.307488] NVMeVirt: Virtual NVMe device closed
