[ 8313.335369] NVMeVirt: Version 1.10 for >> Samsung 970 Pro SSD <<
[ 8313.335378] NVMeVirt: Storage: 0x100100000-0x300000000 (8191 MiB)
[ 8313.342428] NVMeVirt: Total Capacity(GiB,MiB)=2,2048 chs=2 luns=4 lines=8192 blk-size(MiB,KiB)=0,64 line-size(MiB,KiB)=0,256
[ 8313.354649] NVMeVirt: [chmodel_init] bandwidth 800 max_credits 26 tx_time 152
[ 8313.361188] NVMeVirt: [chmodel_init] bandwidth 800 max_credits 26 tx_time 152
[ 8313.361202] NVMeVirt: [chmodel_init] bandwidth 3360 max_credits 110 tx_time 36
[ 8313.362413] NVMeVirt: pqueue: Copyright (c) 2014, Volkan Yazıcı <volkan.yazici@gmail.com>. All rights reserved.
[ 8313.362449] NVMeVirt: Init FTL instance with 2 channels (524288 pages)
[ 8313.362450] NVMeVirt: GC victim policy: cat-fig7 k=2 scale_pct=100 age_ratio=16
[ 8313.368904] NVMeVirt: [chmodel_init] bandwidth 800 max_credits 26 tx_time 152
[ 8313.375397] NVMeVirt: [chmodel_init] bandwidth 800 max_credits 26 tx_time 152
[ 8313.375412] NVMeVirt: [chmodel_init] bandwidth 3360 max_credits 110 tx_time 36
[ 8313.376683] NVMeVirt: Init FTL instance with 2 channels (524288 pages)
[ 8313.376684] NVMeVirt: GC victim policy: cat-fig7 k=2 scale_pct=100 age_ratio=16
[ 8313.383213] NVMeVirt: [chmodel_init] bandwidth 800 max_credits 26 tx_time 152
[ 8313.389708] NVMeVirt: [chmodel_init] bandwidth 800 max_credits 26 tx_time 152
[ 8313.389721] NVMeVirt: [chmodel_init] bandwidth 3360 max_credits 110 tx_time 36
[ 8313.390990] NVMeVirt: Init FTL instance with 2 channels (524288 pages)
[ 8313.390991] NVMeVirt: GC victim policy: cat-fig7 k=2 scale_pct=100 age_ratio=16
[ 8313.397529] NVMeVirt: [chmodel_init] bandwidth 800 max_credits 26 tx_time 152
[ 8313.404010] NVMeVirt: [chmodel_init] bandwidth 800 max_credits 26 tx_time 152
[ 8313.404023] NVMeVirt: [chmodel_init] bandwidth 3360 max_credits 110 tx_time 36
[ 8313.405268] NVMeVirt: Init FTL instance with 2 channels (524288 pages)
[ 8313.405270] NVMeVirt: GC victim policy: cat-fig7 k=2 scale_pct=100 age_ratio=16
[ 8313.405273] NVMeVirt: FTL physical space: 8588886016, logical space: 8026996276 (physical/logical * 100 = 107)
[ 8313.405275] NVMeVirt: ns 0/1: size 7655 MiB
[ 8313.405316] PCI host bridge to bus 0001:10
[ 8313.405317] pci_bus 0001:10: root bus resource [io  0x0000-0xffff]
[ 8313.405319] pci_bus 0001:10: root bus resource [mem 0x00000000-0x3fffffffffff]
[ 8313.405321] pci_bus 0001:10: root bus resource [bus 00-ff]
[ 8313.405327] pci 0001:10:00.0: [0c51:0110] type 00 class 0x010802 PCIe Endpoint
[ 8313.405329] pci 0001:10:00.0: BAR 0 [mem 0x100000000-0x100003fff 64bit]
[ 8313.405331] pci 0001:10:00.0: enabling Extended Tags
[ 8313.405442] NVMeVirt: Virtual PCI bus created (node 0)
[ 8313.405996] NVMeVirt: nvmev_io_worker_0 started on cpu 2 (node 0)
[ 8313.406115] NVMeVirt: nvmev_dispatcher started on cpu 1 (node 0)
[ 8313.406220] nvme nvme1: pci function 0001:10:00.0
[ 8313.410590] nvme nvme1: 20/0/0 default/read/poll queues
[ 8313.413015] NVMeVirt: Virtual NVMe device created
[ 8314.472147] EXT4-fs (nvme1n1): mounted filesystem 3de57659-7712-4861-aa04-92675c517d04 r/w with ordered data mode. Quota mode: none.
[ 8314.496812] iCAT_LLAMA_PREPARE_START run=20260831-005919-3042374
[ 8314.548741] sh (3042455): drop_caches: 3
[ 8315.991825] iCAT_LLAMA_PREPARE_END run=20260831-005919-3042374
[ 8316.245395] sh (3042469): drop_caches: 3
[ 8321.287490] iCAT_LLAMA_RUN_START run=20260831-005919-3042374
[ 8436.302788] iCAT_LLAMA_RUN_END run=20260831-005919-3042374
[ 8436.331089] EXT4-fs (nvme1n1): unmounting filesystem 3de57659-7712-4861-aa04-92675c517d04.
[ 8436.389489] pci_bus 0001:10: busn_res: [bus 10-ff] is released
[ 8436.389530] NVMeVirt: GC stats: policy=cat-fig7 host_pages=0 gc_pages=0 gc_count=0 WAF=N/A k=2 scale_pct=100 age_ratio=16
[ 8436.455589] NVMeVirt: Virtual NVMe device closed
