[ 8066.822180] NVMeVirt: Version 1.10 for >> Samsung 970 Pro SSD <<
[ 8066.822189] NVMeVirt: Storage: 0x100100000-0x300000000 (8191 MiB)
[ 8066.829319] NVMeVirt: Total Capacity(GiB,MiB)=2,2048 chs=2 luns=4 lines=8192 blk-size(MiB,KiB)=0,64 line-size(MiB,KiB)=0,256
[ 8066.841502] NVMeVirt: [chmodel_init] bandwidth 800 max_credits 26 tx_time 152
[ 8066.852531] NVMeVirt: [chmodel_init] bandwidth 800 max_credits 26 tx_time 152
[ 8066.852545] NVMeVirt: [chmodel_init] bandwidth 3360 max_credits 110 tx_time 36
[ 8066.853824] NVMeVirt: pqueue: Copyright (c) 2014, Volkan Yazıcı <volkan.yazici@gmail.com>. All rights reserved.
[ 8066.853861] NVMeVirt: Init FTL instance with 2 channels (524288 pages)
[ 8066.853862] NVMeVirt: GC victim policy: cat-fig7 k=2 scale_pct=100 age_ratio=4
[ 8066.860514] NVMeVirt: [chmodel_init] bandwidth 800 max_credits 26 tx_time 152
[ 8066.867029] NVMeVirt: [chmodel_init] bandwidth 800 max_credits 26 tx_time 152
[ 8066.867043] NVMeVirt: [chmodel_init] bandwidth 3360 max_credits 110 tx_time 36
[ 8066.868331] NVMeVirt: Init FTL instance with 2 channels (524288 pages)
[ 8066.868332] NVMeVirt: GC victim policy: cat-fig7 k=2 scale_pct=100 age_ratio=4
[ 8066.874848] NVMeVirt: [chmodel_init] bandwidth 800 max_credits 26 tx_time 152
[ 8066.881330] NVMeVirt: [chmodel_init] bandwidth 800 max_credits 26 tx_time 152
[ 8066.881346] NVMeVirt: [chmodel_init] bandwidth 3360 max_credits 110 tx_time 36
[ 8066.882618] NVMeVirt: Init FTL instance with 2 channels (524288 pages)
[ 8066.882619] NVMeVirt: GC victim policy: cat-fig7 k=2 scale_pct=100 age_ratio=4
[ 8066.889071] NVMeVirt: [chmodel_init] bandwidth 800 max_credits 26 tx_time 152
[ 8066.895501] NVMeVirt: [chmodel_init] bandwidth 800 max_credits 26 tx_time 152
[ 8066.895516] NVMeVirt: [chmodel_init] bandwidth 3360 max_credits 110 tx_time 36
[ 8066.896782] NVMeVirt: Init FTL instance with 2 channels (524288 pages)
[ 8066.896783] NVMeVirt: GC victim policy: cat-fig7 k=2 scale_pct=100 age_ratio=4
[ 8066.896787] NVMeVirt: FTL physical space: 8588886016, logical space: 8026996276 (physical/logical * 100 = 107)
[ 8066.896788] NVMeVirt: ns 0/1: size 7655 MiB
[ 8066.896834] PCI host bridge to bus 0001:10
[ 8066.896836] pci_bus 0001:10: root bus resource [io  0x0000-0xffff]
[ 8066.896838] pci_bus 0001:10: root bus resource [mem 0x00000000-0x3fffffffffff]
[ 8066.896840] pci_bus 0001:10: root bus resource [bus 00-ff]
[ 8066.896846] pci 0001:10:00.0: [0c51:0110] type 00 class 0x010802 PCIe Endpoint
[ 8066.896849] pci 0001:10:00.0: BAR 0 [mem 0x100000000-0x100003fff 64bit]
[ 8066.896851] pci 0001:10:00.0: enabling Extended Tags
[ 8066.896962] NVMeVirt: Virtual PCI bus created (node 0)
[ 8066.897402] NVMeVirt: nvmev_io_worker_0 started on cpu 2 (node 0)
[ 8066.897430] NVMeVirt: nvmev_dispatcher started on cpu 1 (node 0)
[ 8066.897679] nvme nvme1: pci function 0001:10:00.0
[ 8066.902398] nvme nvme1: 20/0/0 default/read/poll queues
[ 8066.906205] NVMeVirt: Virtual NVMe device created
[ 8067.967926] EXT4-fs (nvme1n1): mounted filesystem a08fc3f1-54ad-4eab-a4d2-bbbd1588d241 r/w with ordered data mode. Quota mode: none.
[ 8067.990446] iCAT_LLAMA_PREPARE_START run=20260831-005512-3042058
[ 8068.036307] sh (3042136): drop_caches: 3
[ 8069.458981] iCAT_LLAMA_PREPARE_END run=20260831-005512-3042058
[ 8069.715144] sh (3042150): drop_caches: 3
[ 8074.756982] iCAT_LLAMA_RUN_START run=20260831-005512-3042058
[ 8189.410125] iCAT_LLAMA_RUN_END run=20260831-005512-3042058
[ 8189.450967] EXT4-fs (nvme1n1): unmounting filesystem a08fc3f1-54ad-4eab-a4d2-bbbd1588d241.
[ 8189.559211] pci_bus 0001:10: busn_res: [bus 10-ff] is released
[ 8189.559246] NVMeVirt: GC stats: policy=cat-fig7 host_pages=0 gc_pages=0 gc_count=0 WAF=N/A k=2 scale_pct=100 age_ratio=4
[ 8189.625140] NVMeVirt: Virtual NVMe device closed
