[  579.622694] NVMeVirt: Version 1.10 for >> Samsung 970 Pro SSD <<
[  579.622702] NVMeVirt: Storage: 0x100100000-0x300000000 (8191 MiB)
[  579.629660] NVMeVirt: Total Capacity(GiB,MiB)=2,2048 chs=2 luns=4 lines=8192 blk-size(MiB,KiB)=0,64 line-size(MiB,KiB)=0,256
[  579.643382] NVMeVirt: [chmodel_init] bandwidth 800 max_credits 26 tx_time 152
[  579.650826] NVMeVirt: [chmodel_init] bandwidth 800 max_credits 26 tx_time 152
[  579.650843] NVMeVirt: [chmodel_init] bandwidth 3360 max_credits 110 tx_time 36
[  579.652137] NVMeVirt: pqueue: Copyright (c) 2014, Volkan Yazıcı <volkan.yazici@gmail.com>. All rights reserved.
[  579.652173] NVMeVirt: Init FTL instance with 2 channels (524288 pages)
[  579.652174] NVMeVirt: GC victim policy: cat-fig7 k=2 scale_pct=25 age_ratio=4
[  579.658697] NVMeVirt: [chmodel_init] bandwidth 800 max_credits 26 tx_time 152
[  579.665103] NVMeVirt: [chmodel_init] bandwidth 800 max_credits 26 tx_time 152
[  579.665116] NVMeVirt: [chmodel_init] bandwidth 3360 max_credits 110 tx_time 36
[  579.666340] NVMeVirt: Init FTL instance with 2 channels (524288 pages)
[  579.666341] NVMeVirt: GC victim policy: cat-fig7 k=2 scale_pct=25 age_ratio=4
[  579.672702] NVMeVirt: [chmodel_init] bandwidth 800 max_credits 26 tx_time 152
[  579.679091] NVMeVirt: [chmodel_init] bandwidth 800 max_credits 26 tx_time 152
[  579.679105] NVMeVirt: [chmodel_init] bandwidth 3360 max_credits 110 tx_time 36
[  579.680338] NVMeVirt: Init FTL instance with 2 channels (524288 pages)
[  579.680339] NVMeVirt: GC victim policy: cat-fig7 k=2 scale_pct=25 age_ratio=4
[  579.686740] NVMeVirt: [chmodel_init] bandwidth 800 max_credits 26 tx_time 152
[  579.693135] NVMeVirt: [chmodel_init] bandwidth 800 max_credits 26 tx_time 152
[  579.693149] NVMeVirt: [chmodel_init] bandwidth 3360 max_credits 110 tx_time 36
[  579.694382] NVMeVirt: Init FTL instance with 2 channels (524288 pages)
[  579.694383] NVMeVirt: GC victim policy: cat-fig7 k=2 scale_pct=25 age_ratio=4
[  579.694387] NVMeVirt: FTL physical space: 8588886016, logical space: 8026996276 (physical/logical * 100 = 107)
[  579.694388] NVMeVirt: ns 0/1: size 7655 MiB
[  579.694430] PCI host bridge to bus 0001:10
[  579.694432] pci_bus 0001:10: root bus resource [io  0x0000-0xffff]
[  579.694434] pci_bus 0001:10: root bus resource [mem 0x00000000-0x3fffffffffff]
[  579.694436] pci_bus 0001:10: root bus resource [bus 00-ff]
[  579.694442] pci 0001:10:00.0: [0c51:0110] type 00 class 0x010802 PCIe Endpoint
[  579.694445] pci 0001:10:00.0: BAR 0 [mem 0x100000000-0x100003fff 64bit]
[  579.694446] pci 0001:10:00.0: enabling Extended Tags
[  579.694557] NVMeVirt: Virtual PCI bus created (node 0)
[  579.695009] NVMeVirt: nvmev_dispatcher started on cpu 1 (node 0)
[  579.695089] NVMeVirt: nvmev_io_worker_0 started on cpu 2 (node 0)
[  579.695168] nvme nvme1: pci function 0001:10:00.0
[  579.697919] nvme nvme1: 20/0/0 default/read/poll queues
[  579.701521] NVMeVirt: Virtual NVMe device created
[  580.761513] EXT4-fs (nvme1n1): mounted filesystem 1d4e53dd-81b5-4119-8bf7-3260582e3b91 r/w with ordered data mode. Quota mode: none.
[  584.010754] iCAT_FILEBENCH_MEASURE_START run=20260830-225025-21053
[  585.253853] sh (21160): drop_caches: 3
[  589.454708] sh (21160): drop_caches: 3
[  593.596636] sh (21160): drop_caches: 3
[  597.731600] sh (21160): drop_caches: 3
[  601.861036] sh (21160): drop_caches: 3
[  605.987642] sh (21160): drop_caches: 3
[  610.144772] sh (21160): drop_caches: 3
[  614.288067] sh (21160): drop_caches: 3
[  618.420813] sh (21160): drop_caches: 3
[  622.546368] sh (21160): drop_caches: 3
[  626.673422] sh (21160): drop_caches: 3
[  630.800378] sh (21160): drop_caches: 3
[  634.919381] sh (21160): drop_caches: 3
[  639.043553] sh (21160): drop_caches: 3
[  643.171720] sh (21160): drop_caches: 3
[  646.153164] iCAT_FILEBENCH_MEASURE_END run=20260830-225025-21053
[  647.227399] EXT4-fs (nvme1n1): unmounting filesystem 1d4e53dd-81b5-4119-8bf7-3260582e3b91.
[  647.287005] pci_bus 0001:10: busn_res: [bus 10-ff] is released
[  647.287040] NVMeVirt: GC stats: policy=cat-fig7 host_pages=2750743 gc_pages=1831564 gc_count=71588 WAF=1.665 k=2 scale_pct=25 age_ratio=4
[  647.349843] NVMeVirt: Virtual NVMe device closed
