[  783.381185] NVMeVirt: Version 1.10 for >> Samsung 970 Pro SSD <<
[  783.381194] NVMeVirt: Storage: 0x100100000-0x300000000 (8191 MiB)
[  783.387208] NVMeVirt: Total Capacity(GiB,MiB)=2,2048 chs=2 luns=4 lines=8192 blk-size(MiB,KiB)=0,64 line-size(MiB,KiB)=0,256
[  783.398744] NVMeVirt: [chmodel_init] bandwidth 800 max_credits 26 tx_time 152
[  783.406388] NVMeVirt: [chmodel_init] bandwidth 800 max_credits 26 tx_time 152
[  783.406402] NVMeVirt: [chmodel_init] bandwidth 3360 max_credits 110 tx_time 36
[  783.407699] NVMeVirt: pqueue: Copyright (c) 2014, Volkan Yazıcı <volkan.yazici@gmail.com>. All rights reserved.
[  783.407736] NVMeVirt: Init FTL instance with 2 channels (524288 pages)
[  783.407737] NVMeVirt: GC victim policy: cat-fig7 k=2 scale_pct=50 age_ratio=4
[  783.414423] NVMeVirt: [chmodel_init] bandwidth 800 max_credits 26 tx_time 152
[  783.420995] NVMeVirt: [chmodel_init] bandwidth 800 max_credits 26 tx_time 152
[  783.421009] NVMeVirt: [chmodel_init] bandwidth 3360 max_credits 110 tx_time 36
[  783.422276] NVMeVirt: Init FTL instance with 2 channels (524288 pages)
[  783.422277] NVMeVirt: GC victim policy: cat-fig7 k=2 scale_pct=50 age_ratio=4
[  783.428841] NVMeVirt: [chmodel_init] bandwidth 800 max_credits 26 tx_time 152
[  783.435338] NVMeVirt: [chmodel_init] bandwidth 800 max_credits 26 tx_time 152
[  783.435351] NVMeVirt: [chmodel_init] bandwidth 3360 max_credits 110 tx_time 36
[  783.436618] NVMeVirt: Init FTL instance with 2 channels (524288 pages)
[  783.436619] NVMeVirt: GC victim policy: cat-fig7 k=2 scale_pct=50 age_ratio=4
[  783.443080] NVMeVirt: [chmodel_init] bandwidth 800 max_credits 26 tx_time 152
[  783.449533] NVMeVirt: [chmodel_init] bandwidth 800 max_credits 26 tx_time 152
[  783.449546] NVMeVirt: [chmodel_init] bandwidth 3360 max_credits 110 tx_time 36
[  783.450870] NVMeVirt: Init FTL instance with 2 channels (524288 pages)
[  783.450871] NVMeVirt: GC victim policy: cat-fig7 k=2 scale_pct=50 age_ratio=4
[  783.450874] NVMeVirt: FTL physical space: 8588886016, logical space: 8026996276 (physical/logical * 100 = 107)
[  783.450875] NVMeVirt: ns 0/1: size 7655 MiB
[  783.450914] PCI host bridge to bus 0001:10
[  783.450916] pci_bus 0001:10: root bus resource [io  0x0000-0xffff]
[  783.450918] pci_bus 0001:10: root bus resource [mem 0x00000000-0x3fffffffffff]
[  783.450919] pci_bus 0001:10: root bus resource [bus 00-ff]
[  783.450925] pci 0001:10:00.0: [0c51:0110] type 00 class 0x010802 PCIe Endpoint
[  783.450928] pci 0001:10:00.0: BAR 0 [mem 0x100000000-0x100003fff 64bit]
[  783.450930] pci 0001:10:00.0: enabling Extended Tags
[  783.451039] NVMeVirt: Virtual PCI bus created (node 0)
[  783.451591] NVMeVirt: nvmev_io_worker_0 started on cpu 2 (node 0)
[  783.451652] NVMeVirt: nvmev_dispatcher started on cpu 1 (node 0)
[  783.451820] nvme nvme1: pci function 0001:10:00.0
[  783.455720] nvme nvme1: 20/0/0 default/read/poll queues
[  783.459308] NVMeVirt: Virtual NVMe device created
[  784.521459] EXT4-fs (nvme1n1): mounted filesystem 1bacbcef-0c98-4181-a37b-a1a46f75ce0c r/w with ordered data mode. Quota mode: none.
[  787.738073] iCAT_FILEBENCH_MEASURE_START run=20260830-225349-167385
[  789.029624] sh (167486): drop_caches: 3
[  793.214315] sh (167486): drop_caches: 3
[  797.370485] sh (167486): drop_caches: 3
[  801.509356] sh (167486): drop_caches: 3
[  805.645206] sh (167486): drop_caches: 3
[  809.774029] sh (167486): drop_caches: 3
[  813.898407] sh (167486): drop_caches: 3
[  818.028362] sh (167486): drop_caches: 3
[  822.155987] sh (167486): drop_caches: 3
[  826.285282] sh (167486): drop_caches: 3
[  830.413130] sh (167486): drop_caches: 3
[  834.543486] sh (167486): drop_caches: 3
[  838.664781] sh (167486): drop_caches: 3
[  842.793388] sh (167486): drop_caches: 3
[  846.945932] sh (167486): drop_caches: 3
[  849.892504] iCAT_FILEBENCH_MEASURE_END run=20260830-225349-167385
[  850.998048] EXT4-fs (nvme1n1): unmounting filesystem 1bacbcef-0c98-4181-a37b-a1a46f75ce0c.
[  851.085841] pci_bus 0001:10: busn_res: [bus 10-ff] is released
[  851.085879] NVMeVirt: GC stats: policy=cat-fig7 host_pages=3117980 gc_pages=2006327 gc_count=80058 WAF=1.643 k=2 scale_pct=50 age_ratio=4
[  851.150311] NVMeVirt: Virtual NVMe device closed
