[ 2754.466983] NVMeVirt: Version 1.10 for >> Samsung 970 Pro SSD <<
[ 2754.466991] NVMeVirt: Storage: 0x100100000-0x300000000 (8191 MiB)
[ 2754.473943] NVMeVirt: Total Capacity(GiB,MiB)=2,2048 chs=2 luns=4 lines=8192 blk-size(MiB,KiB)=0,64 line-size(MiB,KiB)=0,256
[ 2754.487862] NVMeVirt: [chmodel_init] bandwidth 800 max_credits 26 tx_time 152
[ 2754.495501] NVMeVirt: [chmodel_init] bandwidth 800 max_credits 26 tx_time 152
[ 2754.495516] NVMeVirt: [chmodel_init] bandwidth 3360 max_credits 110 tx_time 36
[ 2754.496782] NVMeVirt: pqueue: Copyright (c) 2014, Volkan Yazıcı <volkan.yazici@gmail.com>. All rights reserved.
[ 2754.496818] NVMeVirt: Init FTL instance with 2 channels (524288 pages)
[ 2754.496819] NVMeVirt: GC victim policy: cat-fig7 k=7 scale_pct=25 age_ratio=16
[ 2754.503545] NVMeVirt: [chmodel_init] bandwidth 800 max_credits 26 tx_time 152
[ 2754.510163] NVMeVirt: [chmodel_init] bandwidth 800 max_credits 26 tx_time 152
[ 2754.510176] NVMeVirt: [chmodel_init] bandwidth 3360 max_credits 110 tx_time 36
[ 2754.511452] NVMeVirt: Init FTL instance with 2 channels (524288 pages)
[ 2754.511453] NVMeVirt: GC victim policy: cat-fig7 k=7 scale_pct=25 age_ratio=16
[ 2754.517964] NVMeVirt: [chmodel_init] bandwidth 800 max_credits 26 tx_time 152
[ 2754.524484] NVMeVirt: [chmodel_init] bandwidth 800 max_credits 26 tx_time 152
[ 2754.524497] NVMeVirt: [chmodel_init] bandwidth 3360 max_credits 110 tx_time 36
[ 2754.525774] NVMeVirt: Init FTL instance with 2 channels (524288 pages)
[ 2754.525775] NVMeVirt: GC victim policy: cat-fig7 k=7 scale_pct=25 age_ratio=16
[ 2754.532213] NVMeVirt: [chmodel_init] bandwidth 800 max_credits 26 tx_time 152
[ 2754.538583] NVMeVirt: [chmodel_init] bandwidth 800 max_credits 26 tx_time 152
[ 2754.538598] NVMeVirt: [chmodel_init] bandwidth 3360 max_credits 110 tx_time 36
[ 2754.539851] NVMeVirt: Init FTL instance with 2 channels (524288 pages)
[ 2754.539852] NVMeVirt: GC victim policy: cat-fig7 k=7 scale_pct=25 age_ratio=16
[ 2754.539855] NVMeVirt: FTL physical space: 8588886016, logical space: 8026996276 (physical/logical * 100 = 107)
[ 2754.539857] NVMeVirt: ns 0/1: size 7655 MiB
[ 2754.539895] PCI host bridge to bus 0001:10
[ 2754.539897] pci_bus 0001:10: root bus resource [io  0x0000-0xffff]
[ 2754.539899] pci_bus 0001:10: root bus resource [mem 0x00000000-0x3fffffffffff]
[ 2754.539900] pci_bus 0001:10: root bus resource [bus 00-ff]
[ 2754.539906] pci 0001:10:00.0: [0c51:0110] type 00 class 0x010802 PCIe Endpoint
[ 2754.539909] pci 0001:10:00.0: BAR 0 [mem 0x100000000-0x100003fff 64bit]
[ 2754.539911] pci 0001:10:00.0: enabling Extended Tags
[ 2754.540021] NVMeVirt: Virtual PCI bus created (node 0)
[ 2754.540518] NVMeVirt: nvmev_io_worker_0 started on cpu 2 (node 0)
[ 2754.540544] NVMeVirt: nvmev_dispatcher started on cpu 1 (node 0)
[ 2754.540732] nvme nvme1: pci function 0001:10:00.0
[ 2754.545281] nvme nvme1: 20/0/0 default/read/poll queues
[ 2754.547746] NVMeVirt: Virtual NVMe device created
[ 2755.601149] EXT4-fs (nvme1n1): mounted filesystem bfc0a220-58d8-4620-8ace-074d4d888a29 r/w with ordered data mode. Quota mode: none.
[ 2758.822346] iCAT_FILEBENCH_MEASURE_START run=20260830-232640-1622168
[ 2760.098987] sh (1622269): drop_caches: 3
[ 2764.298173] sh (1622269): drop_caches: 3
[ 2768.446036] sh (1622269): drop_caches: 3
[ 2772.589326] sh (1622269): drop_caches: 3
[ 2776.719102] sh (1622269): drop_caches: 3
[ 2780.854865] sh (1622269): drop_caches: 3
[ 2784.974512] sh (1622269): drop_caches: 3
[ 2789.108440] sh (1622269): drop_caches: 3
[ 2793.243160] sh (1622269): drop_caches: 3
[ 2797.381193] sh (1622269): drop_caches: 3
[ 2801.515292] sh (1622269): drop_caches: 3
[ 2805.654084] sh (1622269): drop_caches: 3
[ 2809.808596] sh (1622269): drop_caches: 3
[ 2813.941245] sh (1622269): drop_caches: 3
[ 2818.079713] sh (1622269): drop_caches: 3
[ 2820.946918] iCAT_FILEBENCH_MEASURE_END run=20260830-232640-1622168
[ 2822.133798] EXT4-fs (nvme1n1): unmounting filesystem bfc0a220-58d8-4620-8ace-074d4d888a29.
[ 2822.212382] pci_bus 0001:10: busn_res: [bus 10-ff] is released
[ 2822.212449] NVMeVirt: GC stats: policy=cat-fig7 host_pages=2928318 gc_pages=1978038 gc_count=76653 WAF=1.675 k=7 scale_pct=25 age_ratio=16
[ 2822.277104] NVMeVirt: Virtual NVMe device closed
