[ 3773.516398] NVMeVirt: Version 1.10 for >> Samsung 970 Pro SSD <<
[ 3773.516407] NVMeVirt: Storage: 0x100100000-0x300000000 (8191 MiB)
[ 3773.523448] NVMeVirt: Total Capacity(GiB,MiB)=2,2048 chs=2 luns=4 lines=8192 blk-size(MiB,KiB)=0,64 line-size(MiB,KiB)=0,256
[ 3773.537723] NVMeVirt: [chmodel_init] bandwidth 800 max_credits 26 tx_time 152
[ 3773.545512] NVMeVirt: [chmodel_init] bandwidth 800 max_credits 26 tx_time 152
[ 3773.545525] NVMeVirt: [chmodel_init] bandwidth 3360 max_credits 110 tx_time 36
[ 3773.546780] NVMeVirt: pqueue: Copyright (c) 2014, Volkan Yazıcı <volkan.yazici@gmail.com>. All rights reserved.
[ 3773.546817] NVMeVirt: Init FTL instance with 2 channels (524288 pages)
[ 3773.546818] NVMeVirt: GC victim policy: cat-fig7 k=10 scale_pct=25 age_ratio=16
[ 3773.553570] NVMeVirt: [chmodel_init] bandwidth 800 max_credits 26 tx_time 152
[ 3773.560237] NVMeVirt: [chmodel_init] bandwidth 800 max_credits 26 tx_time 152
[ 3773.560251] NVMeVirt: [chmodel_init] bandwidth 3360 max_credits 110 tx_time 36
[ 3773.561511] NVMeVirt: Init FTL instance with 2 channels (524288 pages)
[ 3773.561512] NVMeVirt: GC victim policy: cat-fig7 k=10 scale_pct=25 age_ratio=16
[ 3773.568023] NVMeVirt: [chmodel_init] bandwidth 800 max_credits 26 tx_time 152
[ 3773.574496] NVMeVirt: [chmodel_init] bandwidth 800 max_credits 26 tx_time 152
[ 3773.574509] NVMeVirt: [chmodel_init] bandwidth 3360 max_credits 110 tx_time 36
[ 3773.575800] NVMeVirt: Init FTL instance with 2 channels (524288 pages)
[ 3773.575802] NVMeVirt: GC victim policy: cat-fig7 k=10 scale_pct=25 age_ratio=16
[ 3773.582279] NVMeVirt: [chmodel_init] bandwidth 800 max_credits 26 tx_time 152
[ 3773.588720] NVMeVirt: [chmodel_init] bandwidth 800 max_credits 26 tx_time 152
[ 3773.588734] NVMeVirt: [chmodel_init] bandwidth 3360 max_credits 110 tx_time 36
[ 3773.589980] NVMeVirt: Init FTL instance with 2 channels (524288 pages)
[ 3773.589982] NVMeVirt: GC victim policy: cat-fig7 k=10 scale_pct=25 age_ratio=16
[ 3773.589985] NVMeVirt: FTL physical space: 8588886016, logical space: 8026996276 (physical/logical * 100 = 107)
[ 3773.589987] NVMeVirt: ns 0/1: size 7655 MiB
[ 3773.590029] PCI host bridge to bus 0001:10
[ 3773.590030] pci_bus 0001:10: root bus resource [io  0x0000-0xffff]
[ 3773.590032] pci_bus 0001:10: root bus resource [mem 0x00000000-0x3fffffffffff]
[ 3773.590034] pci_bus 0001:10: root bus resource [bus 00-ff]
[ 3773.590040] pci 0001:10:00.0: [0c51:0110] type 00 class 0x010802 PCIe Endpoint
[ 3773.590042] pci 0001:10:00.0: BAR 0 [mem 0x100000000-0x100003fff 64bit]
[ 3773.590044] pci 0001:10:00.0: enabling Extended Tags
[ 3773.590153] NVMeVirt: Virtual PCI bus created (node 0)
[ 3773.590795] NVMeVirt: nvmev_io_worker_0 started on cpu 2 (node 0)
[ 3773.590865] NVMeVirt: nvmev_dispatcher started on cpu 1 (node 0)
[ 3773.590987] nvme nvme1: pci function 0001:10:00.0
[ 3773.595561] nvme nvme1: 20/0/0 default/read/poll queues
[ 3773.598673] NVMeVirt: Virtual NVMe device created
[ 3774.659157] EXT4-fs (nvme1n1): mounted filesystem 706602a6-f849-439c-9431-7442efa32182 r/w with ordered data mode. Quota mode: none.
[ 3777.869358] iCAT_FILEBENCH_MEASURE_START run=20260830-234339-2389273
[ 3779.137622] sh (2389366): drop_caches: 3
[ 3783.310931] sh (2389366): drop_caches: 3
[ 3787.482061] sh (2389366): drop_caches: 3
[ 3791.610135] sh (2389366): drop_caches: 3
[ 3795.753146] sh (2389366): drop_caches: 3
[ 3799.879185] sh (2389366): drop_caches: 3
[ 3804.009812] sh (2389366): drop_caches: 3
[ 3808.140138] sh (2389366): drop_caches: 3
[ 3812.262102] sh (2389366): drop_caches: 3
[ 3816.382729] sh (2389366): drop_caches: 3
[ 3820.508282] sh (2389366): drop_caches: 3
[ 3824.640188] sh (2389366): drop_caches: 3
[ 3828.757821] sh (2389366): drop_caches: 3
[ 3832.883841] sh (2389366): drop_caches: 3
[ 3837.015204] sh (2389366): drop_caches: 3
[ 3840.040558] iCAT_FILEBENCH_MEASURE_END run=20260830-234339-2389273
[ 3841.074430] EXT4-fs (nvme1n1): unmounting filesystem 706602a6-f849-439c-9431-7442efa32182.
[ 3841.154182] pci_bus 0001:10: busn_res: [bus 10-ff] is released
[ 3841.154223] NVMeVirt: GC stats: policy=cat-fig7 host_pages=2981218 gc_pages=1811641 gc_count=74879 WAF=1.607 k=10 scale_pct=25 age_ratio=16
[ 3841.223336] NVMeVirt: Virtual NVMe device closed
