[ 2006.322301] NVMeVirt: Version 1.10 for >> Samsung 970 Pro SSD <<
[ 2006.322310] NVMeVirt: Storage: 0x100100000-0x300000000 (8191 MiB)
[ 2006.329530] NVMeVirt: Total Capacity(GiB,MiB)=2,2048 chs=2 luns=4 lines=8192 blk-size(MiB,KiB)=0,64 line-size(MiB,KiB)=0,256
[ 2006.343780] NVMeVirt: [chmodel_init] bandwidth 800 max_credits 26 tx_time 152
[ 2006.351716] NVMeVirt: [chmodel_init] bandwidth 800 max_credits 26 tx_time 152
[ 2006.351730] NVMeVirt: [chmodel_init] bandwidth 3360 max_credits 110 tx_time 36
[ 2006.353121] NVMeVirt: pqueue: Copyright (c) 2014, Volkan Yazıcı <volkan.yazici@gmail.com>. All rights reserved.
[ 2006.353157] NVMeVirt: Init FTL instance with 2 channels (524288 pages)
[ 2006.353158] NVMeVirt: GC victim policy: cat-fig7 k=4 scale_pct=100 age_ratio=4
[ 2006.359902] NVMeVirt: [chmodel_init] bandwidth 800 max_credits 26 tx_time 152
[ 2006.366546] NVMeVirt: [chmodel_init] bandwidth 800 max_credits 26 tx_time 152
[ 2006.366560] NVMeVirt: [chmodel_init] bandwidth 3360 max_credits 110 tx_time 36
[ 2006.367818] NVMeVirt: Init FTL instance with 2 channels (524288 pages)
[ 2006.367819] NVMeVirt: GC victim policy: cat-fig7 k=4 scale_pct=100 age_ratio=4
[ 2006.374371] NVMeVirt: [chmodel_init] bandwidth 800 max_credits 26 tx_time 152
[ 2006.380887] NVMeVirt: [chmodel_init] bandwidth 800 max_credits 26 tx_time 152
[ 2006.380901] NVMeVirt: [chmodel_init] bandwidth 3360 max_credits 110 tx_time 36
[ 2006.382173] NVMeVirt: Init FTL instance with 2 channels (524288 pages)
[ 2006.382174] NVMeVirt: GC victim policy: cat-fig7 k=4 scale_pct=100 age_ratio=4
[ 2006.388697] NVMeVirt: [chmodel_init] bandwidth 800 max_credits 26 tx_time 152
[ 2006.395173] NVMeVirt: [chmodel_init] bandwidth 800 max_credits 26 tx_time 152
[ 2006.395188] NVMeVirt: [chmodel_init] bandwidth 3360 max_credits 110 tx_time 36
[ 2006.396446] NVMeVirt: Init FTL instance with 2 channels (524288 pages)
[ 2006.396447] NVMeVirt: GC victim policy: cat-fig7 k=4 scale_pct=100 age_ratio=4
[ 2006.396451] NVMeVirt: FTL physical space: 8588886016, logical space: 8026996276 (physical/logical * 100 = 107)
[ 2006.396452] NVMeVirt: ns 0/1: size 7655 MiB
[ 2006.396495] PCI host bridge to bus 0001:10
[ 2006.396497] pci_bus 0001:10: root bus resource [io  0x0000-0xffff]
[ 2006.396499] pci_bus 0001:10: root bus resource [mem 0x00000000-0x3fffffffffff]
[ 2006.396500] pci_bus 0001:10: root bus resource [bus 00-ff]
[ 2006.396506] pci 0001:10:00.0: [0c51:0110] type 00 class 0x010802 PCIe Endpoint
[ 2006.396508] pci 0001:10:00.0: BAR 0 [mem 0x100000000-0x100003fff 64bit]
[ 2006.396510] pci 0001:10:00.0: enabling Extended Tags
[ 2006.396618] NVMeVirt: Virtual PCI bus created (node 0)
[ 2006.397240] NVMeVirt: nvmev_io_worker_0 started on cpu 2 (node 0)
[ 2006.397384] NVMeVirt: nvmev_dispatcher started on cpu 1 (node 0)
[ 2006.397542] nvme nvme1: pci function 0001:10:00.0
[ 2006.401642] nvme nvme1: 20/0/0 default/read/poll queues
[ 2006.405313] NVMeVirt: Virtual NVMe device created
[ 2007.465510] EXT4-fs (nvme1n1): mounted filesystem 87bb79c7-bf0b-42d9-ab13-698c20780c61 r/w with ordered data mode. Quota mode: none.
[ 2010.681855] iCAT_FILEBENCH_MEASURE_START run=20260830-231412-1167638
[ 2011.950374] sh (1167715): drop_caches: 3
[ 2016.148674] sh (1167715): drop_caches: 3
[ 2020.288758] sh (1167715): drop_caches: 3
[ 2024.421999] sh (1167715): drop_caches: 3
[ 2028.538287] sh (1167715): drop_caches: 3
[ 2032.665348] sh (1167715): drop_caches: 3
[ 2036.790642] sh (1167715): drop_caches: 3
[ 2040.919912] sh (1167715): drop_caches: 3
[ 2045.038815] sh (1167715): drop_caches: 3
[ 2049.162533] sh (1167715): drop_caches: 3
[ 2053.299118] sh (1167715): drop_caches: 3
[ 2057.424617] sh (1167715): drop_caches: 3
[ 2061.551259] sh (1167715): drop_caches: 3
[ 2065.682598] sh (1167715): drop_caches: 3
[ 2069.802327] sh (1167715): drop_caches: 3
[ 2072.856601] iCAT_FILEBENCH_MEASURE_END run=20260830-231412-1167638
[ 2073.854220] EXT4-fs (nvme1n1): unmounting filesystem 87bb79c7-bf0b-42d9-ab13-698c20780c61.
[ 2073.948760] pci_bus 0001:10: busn_res: [bus 10-ff] is released
[ 2073.948801] NVMeVirt: GC stats: policy=cat-fig7 host_pages=3007222 gc_pages=1793624 gc_count=75003 WAF=1.596 k=4 scale_pct=100 age_ratio=4
[ 2074.013432] NVMeVirt: Virtual NVMe device closed
