[  919.428004] NVMeVirt: Version 1.10 for >> Samsung 970 Pro SSD <<
[  919.428012] NVMeVirt: Storage: 0x100100000-0x300000000 (8191 MiB)
[  919.435080] NVMeVirt: Total Capacity(GiB,MiB)=2,2048 chs=2 luns=4 lines=8192 blk-size(MiB,KiB)=0,64 line-size(MiB,KiB)=0,256
[  919.445105] NVMeVirt: [chmodel_init] bandwidth 800 max_credits 26 tx_time 152
[  919.451878] NVMeVirt: [chmodel_init] bandwidth 800 max_credits 26 tx_time 152
[  919.451892] NVMeVirt: [chmodel_init] bandwidth 3360 max_credits 110 tx_time 36
[  919.453143] NVMeVirt: pqueue: Copyright (c) 2014, Volkan Yazıcı <volkan.yazici@gmail.com>. All rights reserved.
[  919.453180] NVMeVirt: Init FTL instance with 2 channels (524288 pages)
[  919.453181] NVMeVirt: GC victim policy: cat-fig7 k=2 scale_pct=50 age_ratio=16
[  919.459830] NVMeVirt: [chmodel_init] bandwidth 800 max_credits 26 tx_time 152
[  919.466285] NVMeVirt: [chmodel_init] bandwidth 800 max_credits 26 tx_time 152
[  919.466300] NVMeVirt: [chmodel_init] bandwidth 3360 max_credits 110 tx_time 36
[  919.467578] NVMeVirt: Init FTL instance with 2 channels (524288 pages)
[  919.467579] NVMeVirt: GC victim policy: cat-fig7 k=2 scale_pct=50 age_ratio=16
[  919.474053] NVMeVirt: [chmodel_init] bandwidth 800 max_credits 26 tx_time 152
[  919.480534] NVMeVirt: [chmodel_init] bandwidth 800 max_credits 26 tx_time 152
[  919.480548] NVMeVirt: [chmodel_init] bandwidth 3360 max_credits 110 tx_time 36
[  919.481822] NVMeVirt: Init FTL instance with 2 channels (524288 pages)
[  919.481823] NVMeVirt: GC victim policy: cat-fig7 k=2 scale_pct=50 age_ratio=16
[  919.488237] NVMeVirt: [chmodel_init] bandwidth 800 max_credits 26 tx_time 152
[  919.494677] NVMeVirt: [chmodel_init] bandwidth 800 max_credits 26 tx_time 152
[  919.494690] NVMeVirt: [chmodel_init] bandwidth 3360 max_credits 110 tx_time 36
[  919.495944] NVMeVirt: Init FTL instance with 2 channels (524288 pages)
[  919.495945] NVMeVirt: GC victim policy: cat-fig7 k=2 scale_pct=50 age_ratio=16
[  919.495949] NVMeVirt: FTL physical space: 8588886016, logical space: 8026996276 (physical/logical * 100 = 107)
[  919.495950] NVMeVirt: ns 0/1: size 7655 MiB
[  919.495989] PCI host bridge to bus 0001:10
[  919.495990] pci_bus 0001:10: root bus resource [io  0x0000-0xffff]
[  919.495992] pci_bus 0001:10: root bus resource [mem 0x00000000-0x3fffffffffff]
[  919.495993] pci_bus 0001:10: root bus resource [bus 00-ff]
[  919.495999] pci 0001:10:00.0: [0c51:0110] type 00 class 0x010802 PCIe Endpoint
[  919.496002] pci 0001:10:00.0: BAR 0 [mem 0x100000000-0x100003fff 64bit]
[  919.496003] pci 0001:10:00.0: enabling Extended Tags
[  919.496111] NVMeVirt: Virtual PCI bus created (node 0)
[  919.496584] NVMeVirt: nvmev_io_worker_0 started on cpu 2 (node 0)
[  919.496608] NVMeVirt: nvmev_dispatcher started on cpu 1 (node 0)
[  919.496884] nvme nvme1: pci function 0001:10:00.0
[  919.502176] nvme nvme1: 20/0/0 default/read/poll queues
[  919.504965] NVMeVirt: Virtual NVMe device created
[  920.564589] EXT4-fs (nvme1n1): mounted filesystem f6787b56-50e6-4213-9609-171955a287be r/w with ordered data mode. Quota mode: none.
[  923.805055] iCAT_FILEBENCH_MEASURE_START run=20260830-225605-271781
[  925.123907] sh (271882): drop_caches: 3
[  929.312671] sh (271882): drop_caches: 3
[  933.469256] sh (271882): drop_caches: 3
[  937.614821] sh (271882): drop_caches: 3
[  941.743662] sh (271882): drop_caches: 3
[  945.878574] sh (271882): drop_caches: 3
[  950.012561] sh (271882): drop_caches: 3
[  954.147178] sh (271882): drop_caches: 3
[  958.286409] sh (271882): drop_caches: 3
[  962.427668] sh (271882): drop_caches: 3
[  966.569226] sh (271882): drop_caches: 3
[  970.712642] sh (271882): drop_caches: 3
[  974.848364] sh (271882): drop_caches: 3
[  978.983876] sh (271882): drop_caches: 3
[  983.121604] sh (271882): drop_caches: 3
[  985.977836] iCAT_FILEBENCH_MEASURE_END run=20260830-225605-271781
[  987.178606] EXT4-fs (nvme1n1): unmounting filesystem f6787b56-50e6-4213-9609-171955a287be.
[  987.259597] pci_bus 0001:10: busn_res: [bus 10-ff] is released
[  987.259656] NVMeVirt: GC stats: policy=cat-fig7 host_pages=3140558 gc_pages=2137346 gc_count=82458 WAF=1.680 k=2 scale_pct=50 age_ratio=16
[  987.335207] NVMeVirt: Virtual NVMe device closed
