[162624.460282] NVMeVirt: Version 1.10 for >> Samsung 970 Pro SSD <<
[162624.460292] NVMeVirt: Storage: 0x100100000-0x300000000 (8191 MiB)
[162624.466732] NVMeVirt: Total Capacity(GiB,MiB)=2,2048 chs=2 luns=4 lines=8192 blk-size(MiB,KiB)=0,64 line-size(MiB,KiB)=0,256
[162624.473412] NVMeVirt: [chmodel_init] bandwidth 800 max_credits 26 tx_time 152
[162624.480264] NVMeVirt: [chmodel_init] bandwidth 800 max_credits 26 tx_time 152
[162624.480278] NVMeVirt: [chmodel_init] bandwidth 3360 max_credits 110 tx_time 36
[162624.481820] NVMeVirt: pqueue: Copyright (c) 2014, Volkan Yazıcı <volkan.yazici@gmail.com>. All rights reserved.
[162624.481856] NVMeVirt: Init FTL instance with 2 channels (524288 pages)
[162624.481857] NVMeVirt: GC victim policy: cat-fig7 k=4 scale_pct=400 age_ratio=7
[162624.488800] NVMeVirt: [chmodel_init] bandwidth 800 max_credits 26 tx_time 152
[162624.495723] NVMeVirt: [chmodel_init] bandwidth 800 max_credits 26 tx_time 152
[162624.495737] NVMeVirt: [chmodel_init] bandwidth 3360 max_credits 110 tx_time 36
[162624.497166] NVMeVirt: Init FTL instance with 2 channels (524288 pages)
[162624.497167] NVMeVirt: GC victim policy: cat-fig7 k=4 scale_pct=400 age_ratio=7
[162624.504075] NVMeVirt: [chmodel_init] bandwidth 800 max_credits 26 tx_time 152
[162624.510881] NVMeVirt: [chmodel_init] bandwidth 800 max_credits 26 tx_time 152
[162624.510895] NVMeVirt: [chmodel_init] bandwidth 3360 max_credits 110 tx_time 36
[162624.512319] NVMeVirt: Init FTL instance with 2 channels (524288 pages)
[162624.512320] NVMeVirt: GC victim policy: cat-fig7 k=4 scale_pct=400 age_ratio=7
[162624.519223] NVMeVirt: [chmodel_init] bandwidth 800 max_credits 26 tx_time 152
[162624.526002] NVMeVirt: [chmodel_init] bandwidth 800 max_credits 26 tx_time 152
[162624.526015] NVMeVirt: [chmodel_init] bandwidth 3360 max_credits 110 tx_time 36
[162624.527364] NVMeVirt: Init FTL instance with 2 channels (524288 pages)
[162624.527365] NVMeVirt: GC victim policy: cat-fig7 k=4 scale_pct=400 age_ratio=7
[162624.527370] NVMeVirt: FTL physical space: 8588886016, logical space: 8026996276 (physical/logical * 100 = 107)
[162624.527371] NVMeVirt: ns 0/1: size 7655 MiB
[162624.527412] PCI host bridge to bus 0001:10
[162624.527414] pci_bus 0001:10: root bus resource [io  0x0000-0xffff]
[162624.527416] pci_bus 0001:10: root bus resource [mem 0x00000000-0x3fffffffffff]
[162624.527418] pci_bus 0001:10: root bus resource [bus 00-ff]
[162624.527424] pci 0001:10:00.0: [0c51:0110] type 00 class 0x010802 PCIe Endpoint
[162624.527427] pci 0001:10:00.0: BAR 0 [mem 0x100000000-0x100003fff 64bit]
[162624.527429] pci 0001:10:00.0: enabling Extended Tags
[162624.527546] NVMeVirt: Virtual PCI bus created (node 0)
[162624.527954] NVMeVirt: nvmev_io_worker_0 started on cpu 2 (node 0)
[162624.528029] NVMeVirt: nvmev_dispatcher started on cpu 1 (node 0)
[162624.528170] nvme nvme1: pci function 0001:10:00.0
[162624.532178] nvme nvme1: 20/0/0 default/read/poll queues
[162624.536775] NVMeVirt: Virtual NVMe device created
[162625.598712] EXT4-fs (nvme1n1): mounted filesystem 6cb972be-e6fd-4f7c-9338-90f9c18b1be8 r/w with ordered data mode. Quota mode: none.
[162628.654909] iCAT_FILEBENCH_MEASURE_START run=20260830-184901-154433
[162629.894175] sh (154508): drop_caches: 3
[162634.001838] sh (154508): drop_caches: 3
[162638.110286] sh (154508): drop_caches: 3
[162642.222889] sh (154508): drop_caches: 3
[162646.332805] sh (154508): drop_caches: 3
[162650.447616] sh (154508): drop_caches: 3
[162654.556134] sh (154508): drop_caches: 3
[162658.670553] sh (154508): drop_caches: 3
[162662.780573] sh (154508): drop_caches: 3
[162666.889681] sh (154508): drop_caches: 3
[162670.998093] sh (154508): drop_caches: 3
[162675.112876] sh (154508): drop_caches: 3
[162679.228085] sh (154508): drop_caches: 3
[162683.335456] sh (154508): drop_caches: 3
[162687.450711] sh (154508): drop_caches: 3
[162689.678248] iCAT_FILEBENCH_MEASURE_END run=20260830-184901-154433
[162691.567327] EXT4-fs (nvme1n1): unmounting filesystem 6cb972be-e6fd-4f7c-9338-90f9c18b1be8.
[162691.648885] pci_bus 0001:10: busn_res: [bus 10-ff] is released
[162691.648957] NVMeVirt: GC stats: policy=cat-fig7 host_pages=17795970 gc_pages=6002779 gc_count=371849 WAF=1.337 k=4 scale_pct=400 age_ratio=7
[162691.721878] NVMeVirt: Virtual NVMe device closed
