[163231.697140] NVMeVirt: Version 1.10 for >> Samsung 970 Pro SSD <<
[163231.697149] NVMeVirt: Storage: 0x100100000-0x300000000 (8191 MiB)
[163231.702453] NVMeVirt: Total Capacity(GiB,MiB)=2,2048 chs=2 luns=4 lines=8192 blk-size(MiB,KiB)=0,64 line-size(MiB,KiB)=0,256
[163231.709240] NVMeVirt: [chmodel_init] bandwidth 800 max_credits 26 tx_time 152
[163231.718809] NVMeVirt: [chmodel_init] bandwidth 800 max_credits 26 tx_time 152
[163231.718826] NVMeVirt: [chmodel_init] bandwidth 3360 max_credits 110 tx_time 36
[163231.720270] NVMeVirt: pqueue: Copyright (c) 2014, Volkan Yazıcı <volkan.yazici@gmail.com>. All rights reserved.
[163231.720311] NVMeVirt: Init FTL instance with 2 channels (524288 pages)
[163231.720312] NVMeVirt: GC victim policy: cat-fig7 k=7 scale_pct=100 age_ratio=7
[163231.727646] NVMeVirt: [chmodel_init] bandwidth 800 max_credits 26 tx_time 152
[163231.734578] NVMeVirt: [chmodel_init] bandwidth 800 max_credits 26 tx_time 152
[163231.734592] NVMeVirt: [chmodel_init] bandwidth 3360 max_credits 110 tx_time 36
[163231.736212] NVMeVirt: Init FTL instance with 2 channels (524288 pages)
[163231.736213] NVMeVirt: GC victim policy: cat-fig7 k=7 scale_pct=100 age_ratio=7
[163231.743072] NVMeVirt: [chmodel_init] bandwidth 800 max_credits 26 tx_time 152
[163231.749836] NVMeVirt: [chmodel_init] bandwidth 800 max_credits 26 tx_time 152
[163231.749850] NVMeVirt: [chmodel_init] bandwidth 3360 max_credits 110 tx_time 36
[163231.751192] NVMeVirt: Init FTL instance with 2 channels (524288 pages)
[163231.751193] NVMeVirt: GC victim policy: cat-fig7 k=7 scale_pct=100 age_ratio=7
[163231.757954] NVMeVirt: [chmodel_init] bandwidth 800 max_credits 26 tx_time 152
[163231.764578] NVMeVirt: [chmodel_init] bandwidth 800 max_credits 26 tx_time 152
[163231.764592] NVMeVirt: [chmodel_init] bandwidth 3360 max_credits 110 tx_time 36
[163231.765922] NVMeVirt: Init FTL instance with 2 channels (524288 pages)
[163231.765923] NVMeVirt: GC victim policy: cat-fig7 k=7 scale_pct=100 age_ratio=7
[163231.765927] NVMeVirt: FTL physical space: 8588886016, logical space: 8026996276 (physical/logical * 100 = 107)
[163231.765928] NVMeVirt: ns 0/1: size 7655 MiB
[163231.765967] PCI host bridge to bus 0001:10
[163231.765969] pci_bus 0001:10: root bus resource [io  0x0000-0xffff]
[163231.765971] pci_bus 0001:10: root bus resource [mem 0x00000000-0x3fffffffffff]
[163231.765973] pci_bus 0001:10: root bus resource [bus 00-ff]
[163231.765979] pci 0001:10:00.0: [0c51:0110] type 00 class 0x010802 PCIe Endpoint
[163231.765982] pci 0001:10:00.0: BAR 0 [mem 0x100000000-0x100003fff 64bit]
[163231.765984] pci 0001:10:00.0: enabling Extended Tags
[163231.766096] NVMeVirt: Virtual PCI bus created (node 0)
[163231.766547] NVMeVirt: nvmev_dispatcher started on cpu 1 (node 0)
[163231.766546] NVMeVirt: nvmev_io_worker_0 started on cpu 2 (node 0)
[163231.766745] nvme nvme1: pci function 0001:10:00.0
[163231.769640] nvme nvme1: 20/0/0 default/read/poll queues
[163231.771713] NVMeVirt: Virtual NVMe device created
[163232.833310] EXT4-fs (nvme1n1): mounted filesystem 9577628b-0df4-4824-9660-c53555ceacf8 r/w with ordered data mode. Quota mode: none.
[163235.892967] iCAT_FILEBENCH_MEASURE_START run=20260830-185909-156028
[163237.121291] sh (156101): drop_caches: 3
[163241.236579] sh (156101): drop_caches: 3
[163245.352608] sh (156101): drop_caches: 3
[163249.464344] sh (156101): drop_caches: 3
[163253.577893] sh (156101): drop_caches: 3
[163257.693004] sh (156101): drop_caches: 3
[163261.808004] sh (156101): drop_caches: 3
[163265.917329] sh (156101): drop_caches: 3
[163270.029202] sh (156101): drop_caches: 3
[163274.138484] sh (156101): drop_caches: 3
[163278.251667] sh (156101): drop_caches: 3
[163282.364195] sh (156101): drop_caches: 3
[163286.477496] sh (156101): drop_caches: 3
[163290.584758] sh (156101): drop_caches: 3
[163294.697873] sh (156101): drop_caches: 3
[163296.922767] iCAT_FILEBENCH_MEASURE_END run=20260830-185909-156028
[163298.809354] EXT4-fs (nvme1n1): unmounting filesystem 9577628b-0df4-4824-9660-c53555ceacf8.
[163298.903878] pci_bus 0001:10: busn_res: [bus 10-ff] is released
[163298.903918] NVMeVirt: GC stats: policy=cat-fig7 host_pages=17301798 gc_pages=6042089 gc_count=364742 WAF=1.349 k=7 scale_pct=100 age_ratio=7
[163298.978097] NVMeVirt: Virtual NVMe device closed
