[162219.629012] NVMeVirt: Version 1.10 for >> Samsung 970 Pro SSD <<
[162219.629016] NVMeVirt: Storage: 0x100100000-0x300000000 (8191 MiB)
[162219.633052] NVMeVirt: Total Capacity(GiB,MiB)=2,2048 chs=2 luns=4 lines=8192 blk-size(MiB,KiB)=0,64 line-size(MiB,KiB)=0,256
[162219.642884] NVMeVirt: [chmodel_init] bandwidth 800 max_credits 26 tx_time 152
[162219.650034] NVMeVirt: [chmodel_init] bandwidth 800 max_credits 26 tx_time 152
[162219.650047] NVMeVirt: [chmodel_init] bandwidth 3360 max_credits 110 tx_time 36
[162219.651641] NVMeVirt: pqueue: Copyright (c) 2014, Volkan Yazıcı <volkan.yazici@gmail.com>. All rights reserved.
[162219.651679] NVMeVirt: Init FTL instance with 2 channels (524288 pages)
[162219.651681] NVMeVirt: GC victim policy: cat-fig7 k=4 scale_pct=100 age_ratio=7
[162219.658707] NVMeVirt: [chmodel_init] bandwidth 800 max_credits 26 tx_time 152
[162219.665653] NVMeVirt: [chmodel_init] bandwidth 800 max_credits 26 tx_time 152
[162219.665668] NVMeVirt: [chmodel_init] bandwidth 3360 max_credits 110 tx_time 36
[162219.667092] NVMeVirt: Init FTL instance with 2 channels (524288 pages)
[162219.667093] NVMeVirt: GC victim policy: cat-fig7 k=4 scale_pct=100 age_ratio=7
[162219.673990] NVMeVirt: [chmodel_init] bandwidth 800 max_credits 26 tx_time 152
[162219.680838] NVMeVirt: [chmodel_init] bandwidth 800 max_credits 26 tx_time 152
[162219.680853] NVMeVirt: [chmodel_init] bandwidth 3360 max_credits 110 tx_time 36
[162219.682186] NVMeVirt: Init FTL instance with 2 channels (524288 pages)
[162219.682187] NVMeVirt: GC victim policy: cat-fig7 k=4 scale_pct=100 age_ratio=7
[162219.688922] NVMeVirt: [chmodel_init] bandwidth 800 max_credits 26 tx_time 152
[162219.695531] NVMeVirt: [chmodel_init] bandwidth 800 max_credits 26 tx_time 152
[162219.695545] NVMeVirt: [chmodel_init] bandwidth 3360 max_credits 110 tx_time 36
[162219.696885] NVMeVirt: Init FTL instance with 2 channels (524288 pages)
[162219.696886] NVMeVirt: GC victim policy: cat-fig7 k=4 scale_pct=100 age_ratio=7
[162219.696890] NVMeVirt: FTL physical space: 8588886016, logical space: 8026996276 (physical/logical * 100 = 107)
[162219.696891] NVMeVirt: ns 0/1: size 7655 MiB
[162219.696933] PCI host bridge to bus 0001:10
[162219.696934] pci_bus 0001:10: root bus resource [io  0x0000-0xffff]
[162219.696936] pci_bus 0001:10: root bus resource [mem 0x00000000-0x3fffffffffff]
[162219.696938] pci_bus 0001:10: root bus resource [bus 00-ff]
[162219.696944] pci 0001:10:00.0: [0c51:0110] type 00 class 0x010802 PCIe Endpoint
[162219.696947] pci 0001:10:00.0: BAR 0 [mem 0x100000000-0x100003fff 64bit]
[162219.696949] pci 0001:10:00.0: enabling Extended Tags
[162219.697060] NVMeVirt: Virtual PCI bus created (node 0)
[162219.697514] NVMeVirt: nvmev_dispatcher started on cpu 1 (node 0)
[162219.697555] NVMeVirt: nvmev_io_worker_0 started on cpu 2 (node 0)
[162219.697641] nvme nvme1: pci function 0001:10:00.0
[162219.701415] nvme nvme1: 20/0/0 default/read/poll queues
[162219.704963] NVMeVirt: Virtual NVMe device created
[162220.767830] EXT4-fs (nvme1n1): mounted filesystem 1cf9e5c8-c933-4926-9267-fb91a171bb7d r/w with ordered data mode. Quota mode: none.
[162223.839155] iCAT_FILEBENCH_MEASURE_START run=20260830-184217-153369
[162225.091106] sh (153444): drop_caches: 3
[162229.206682] sh (153444): drop_caches: 3
[162233.320050] sh (153444): drop_caches: 3
[162237.434832] sh (153444): drop_caches: 3
[162241.547793] sh (153444): drop_caches: 3
[162245.660065] sh (153444): drop_caches: 3
[162249.770845] sh (153444): drop_caches: 3
[162253.878895] sh (153444): drop_caches: 3
[162257.987346] sh (153444): drop_caches: 3
[162262.096651] sh (153444): drop_caches: 3
[162266.206591] sh (153444): drop_caches: 3
[162270.318745] sh (153444): drop_caches: 3
[162274.423179] sh (153444): drop_caches: 3
[162278.538282] sh (153444): drop_caches: 3
[162282.652523] sh (153444): drop_caches: 3
[162284.871622] iCAT_FILEBENCH_MEASURE_END run=20260830-184217-153369
[162286.765604] EXT4-fs (nvme1n1): unmounting filesystem 1cf9e5c8-c933-4926-9267-fb91a171bb7d.
[162286.870244] pci_bus 0001:10: busn_res: [bus 10-ff] is released
[162286.870306] NVMeVirt: GC stats: policy=cat-fig7 host_pages=17715315 gc_pages=6029348 gc_count=371004 WAF=1.340 k=4 scale_pct=100 age_ratio=7
[162286.945494] NVMeVirt: Virtual NVMe device closed
