[ 1216.212947] NVMeVirt: Version 1.10 for >> Samsung 970 Pro SSD <<
[ 1216.212951] NVMeVirt: Storage: 0x100100000-0x300000000 (8191 MiB)
[ 1216.216324] NVMeVirt: Total Capacity(GiB,MiB)=2,2048 chs=2 luns=4 lines=8192 blk-size(MiB,KiB)=0,64 line-size(MiB,KiB)=0,256
[ 1216.223970] NVMeVirt: [chmodel_init] bandwidth 800 max_credits 26 tx_time 152
[ 1216.230828] NVMeVirt: [chmodel_init] bandwidth 800 max_credits 26 tx_time 152
[ 1216.230843] NVMeVirt: [chmodel_init] bandwidth 3360 max_credits 110 tx_time 36
[ 1216.232098] NVMeVirt: pqueue: Copyright (c) 2014, Volkan Yazıcı <volkan.yazici@gmail.com>. All rights reserved.
[ 1216.232136] NVMeVirt: Init FTL instance with 2 channels (524288 pages)
[ 1216.232137] NVMeVirt: GC victim policy: cat-fig7 k=2 scale_pct=400 age_ratio=7
[ 1216.238811] NVMeVirt: [chmodel_init] bandwidth 800 max_credits 26 tx_time 152
[ 1216.245285] NVMeVirt: [chmodel_init] bandwidth 800 max_credits 26 tx_time 152
[ 1216.245299] NVMeVirt: [chmodel_init] bandwidth 3360 max_credits 110 tx_time 36
[ 1216.246560] NVMeVirt: Init FTL instance with 2 channels (524288 pages)
[ 1216.246561] NVMeVirt: GC victim policy: cat-fig7 k=2 scale_pct=400 age_ratio=7
[ 1216.253025] NVMeVirt: [chmodel_init] bandwidth 800 max_credits 26 tx_time 152
[ 1216.259459] NVMeVirt: [chmodel_init] bandwidth 800 max_credits 26 tx_time 152
[ 1216.259474] NVMeVirt: [chmodel_init] bandwidth 3360 max_credits 110 tx_time 36
[ 1216.260714] NVMeVirt: Init FTL instance with 2 channels (524288 pages)
[ 1216.260715] NVMeVirt: GC victim policy: cat-fig7 k=2 scale_pct=400 age_ratio=7
[ 1216.267166] NVMeVirt: [chmodel_init] bandwidth 800 max_credits 26 tx_time 152
[ 1216.273746] NVMeVirt: [chmodel_init] bandwidth 800 max_credits 26 tx_time 152
[ 1216.273761] NVMeVirt: [chmodel_init] bandwidth 3360 max_credits 110 tx_time 36
[ 1216.275058] NVMeVirt: Init FTL instance with 2 channels (524288 pages)
[ 1216.275060] NVMeVirt: GC victim policy: cat-fig7 k=2 scale_pct=400 age_ratio=7
[ 1216.275064] NVMeVirt: FTL physical space: 8588886016, logical space: 8026996276 (physical/logical * 100 = 107)
[ 1216.275065] NVMeVirt: ns 0/1: size 7655 MiB
[ 1216.275110] PCI host bridge to bus 0001:10
[ 1216.275112] pci_bus 0001:10: root bus resource [io  0x0000-0xffff]
[ 1216.275114] pci_bus 0001:10: root bus resource [mem 0x00000000-0x3fffffffffff]
[ 1216.275115] pci_bus 0001:10: root bus resource [bus 00-ff]
[ 1216.275122] pci 0001:10:00.0: [0c51:0110] type 00 class 0x010802 PCIe Endpoint
[ 1216.275124] pci 0001:10:00.0: BAR 0 [mem 0x100000000-0x100003fff 64bit]
[ 1216.275126] pci 0001:10:00.0: enabling Extended Tags
[ 1216.275240] NVMeVirt: Virtual PCI bus created (node 0)
[ 1216.275631] NVMeVirt: nvmev_io_worker_0 started on cpu 2 (node 0)
[ 1216.275685] NVMeVirt: nvmev_dispatcher started on cpu 1 (node 0)
[ 1216.275818] nvme nvme1: pci function 0001:10:00.0
[ 1216.280190] nvme nvme1: 20/0/0 default/read/poll queues
[ 1216.283298] NVMeVirt: Virtual NVMe device created
[ 1217.344040] EXT4-fs (nvme1n1): mounted filesystem 20b80210-754a-4b3e-b58f-0ca2acc5a625 r/w with ordered data mode. Quota mode: none.
[ 1220.271360] iCAT_FILEBENCH_MEASURE_START run=20260830-211318-19582
[ 1220.817232] sh (19697): drop_caches: 3
[ 1225.256679] sh (19697): drop_caches: 3
[ 1229.584900] sh (19697): drop_caches: 3
[ 1233.848940] sh (19697): drop_caches: 3
[ 1238.080534] sh (19697): drop_caches: 3
[ 1242.290589] sh (19697): drop_caches: 3
[ 1246.485111] sh (19697): drop_caches: 3
[ 1250.686729] sh (19697): drop_caches: 3
[ 1254.878239] sh (19697): drop_caches: 3
[ 1259.071034] sh (19697): drop_caches: 3
[ 1263.251563] sh (19697): drop_caches: 3
[ 1267.437420] sh (19697): drop_caches: 3
[ 1271.611485] sh (19697): drop_caches: 3
[ 1275.789311] sh (19697): drop_caches: 3
[ 1279.968951] sh (19697): drop_caches: 3
[ 1281.291613] iCAT_FILEBENCH_MEASURE_END run=20260830-211318-19582
[ 1284.047290] EXT4-fs (nvme1n1): unmounting filesystem 20b80210-754a-4b3e-b58f-0ca2acc5a625.
[ 1284.149272] pci_bus 0001:10: busn_res: [bus 10-ff] is released
[ 1284.149309] NVMeVirt: GC stats: policy=cat-fig7 host_pages=4802906 gc_pages=13752323 gc_count=289917 WAF=3.863 k=2 scale_pct=400 age_ratio=7
[ 1284.220732] NVMeVirt: Virtual NVMe device closed
