[  875.224542] NVMeVirt: Version 1.10 for >> Samsung 970 Pro SSD <<
[  875.224547] NVMeVirt: Storage: 0x100100000-0x300000000 (8191 MiB)
[  875.229193] NVMeVirt: Total Capacity(GiB,MiB)=2,2048 chs=2 luns=4 lines=8192 blk-size(MiB,KiB)=0,64 line-size(MiB,KiB)=0,256
[  875.239207] NVMeVirt: [chmodel_init] bandwidth 800 max_credits 26 tx_time 152
[  875.245859] NVMeVirt: [chmodel_init] bandwidth 800 max_credits 26 tx_time 152
[  875.245874] NVMeVirt: [chmodel_init] bandwidth 3360 max_credits 110 tx_time 36
[  875.247111] NVMeVirt: pqueue: Copyright (c) 2014, Volkan Yazıcı <volkan.yazici@gmail.com>. All rights reserved.
[  875.247146] NVMeVirt: Init FTL instance with 2 channels (524288 pages)
[  875.247147] NVMeVirt: GC victim policy: cat-fig7 k=2 scale_pct=100 age_ratio=16
[  875.253705] NVMeVirt: [chmodel_init] bandwidth 800 max_credits 26 tx_time 152
[  875.260170] NVMeVirt: [chmodel_init] bandwidth 800 max_credits 26 tx_time 152
[  875.260184] NVMeVirt: [chmodel_init] bandwidth 3360 max_credits 110 tx_time 36
[  875.261439] NVMeVirt: Init FTL instance with 2 channels (524288 pages)
[  875.261440] NVMeVirt: GC victim policy: cat-fig7 k=2 scale_pct=100 age_ratio=16
[  875.267858] NVMeVirt: [chmodel_init] bandwidth 800 max_credits 26 tx_time 152
[  875.274242] NVMeVirt: [chmodel_init] bandwidth 800 max_credits 26 tx_time 152
[  875.274257] NVMeVirt: [chmodel_init] bandwidth 3360 max_credits 110 tx_time 36
[  875.275499] NVMeVirt: Init FTL instance with 2 channels (524288 pages)
[  875.275500] NVMeVirt: GC victim policy: cat-fig7 k=2 scale_pct=100 age_ratio=16
[  875.281924] NVMeVirt: [chmodel_init] bandwidth 800 max_credits 26 tx_time 152
[  875.288366] NVMeVirt: [chmodel_init] bandwidth 800 max_credits 26 tx_time 152
[  875.288380] NVMeVirt: [chmodel_init] bandwidth 3360 max_credits 110 tx_time 36
[  875.289629] NVMeVirt: Init FTL instance with 2 channels (524288 pages)
[  875.289630] NVMeVirt: GC victim policy: cat-fig7 k=2 scale_pct=100 age_ratio=16
[  875.289633] NVMeVirt: FTL physical space: 8588886016, logical space: 8026996276 (physical/logical * 100 = 107)
[  875.289635] NVMeVirt: ns 0/1: size 7655 MiB
[  875.289679] PCI host bridge to bus 0001:10
[  875.289681] pci_bus 0001:10: root bus resource [io  0x0000-0xffff]
[  875.289683] pci_bus 0001:10: root bus resource [mem 0x00000000-0x3fffffffffff]
[  875.289685] pci_bus 0001:10: root bus resource [bus 00-ff]
[  875.289691] pci 0001:10:00.0: [0c51:0110] type 00 class 0x010802 PCIe Endpoint
[  875.289693] pci 0001:10:00.0: BAR 0 [mem 0x100000000-0x100003fff 64bit]
[  875.289695] pci 0001:10:00.0: enabling Extended Tags
[  875.289805] NVMeVirt: Virtual PCI bus created (node 0)
[  875.290378] NVMeVirt: nvmev_dispatcher started on cpu 1 (node 0)
[  875.290452] NVMeVirt: nvmev_io_worker_0 started on cpu 2 (node 0)
[  875.290589] nvme nvme1: pci function 0001:10:00.0
[  875.294422] nvme nvme1: 20/0/0 default/read/poll queues
[  875.296856] NVMeVirt: Virtual NVMe device created
[  876.356843] EXT4-fs (nvme1n1): mounted filesystem 0fdaf3cc-4783-4c9d-b271-463fbb974d5a r/w with ordered data mode. Quota mode: none.
[  879.294398] iCAT_FILEBENCH_MEASURE_START run=20260830-210737-13645
[  879.839479] sh (13746): drop_caches: 3
[  884.269422] sh (13746): drop_caches: 3
[  888.600037] sh (13746): drop_caches: 3
[  892.874123] sh (13746): drop_caches: 3
[  897.101906] sh (13746): drop_caches: 3
[  901.316937] sh (13746): drop_caches: 3
[  905.519160] sh (13746): drop_caches: 3
[  909.717261] sh (13746): drop_caches: 3
[  913.916794] sh (13746): drop_caches: 3
[  918.114551] sh (13746): drop_caches: 3
[  922.298093] sh (13746): drop_caches: 3
[  926.477957] sh (13746): drop_caches: 3
[  930.652772] sh (13746): drop_caches: 3
[  934.831179] sh (13746): drop_caches: 3
[  939.010666] sh (13746): drop_caches: 3
[  940.331062] iCAT_FILEBENCH_MEASURE_END run=20260830-210737-13645
[  943.076594] EXT4-fs (nvme1n1): unmounting filesystem 0fdaf3cc-4783-4c9d-b271-463fbb974d5a.
[  943.172476] pci_bus 0001:10: busn_res: [bus 10-ff] is released
[  943.172548] NVMeVirt: GC stats: policy=cat-fig7 host_pages=4764249 gc_pages=13794383 gc_count=289970 WAF=3.895 k=2 scale_pct=100 age_ratio=16
[  943.246082] NVMeVirt: Virtual NVMe device closed
