[164311.218284] NVMeVirt: Version 1.10 for >> Samsung 970 Pro SSD <<
[164311.218293] NVMeVirt: Storage: 0x100100000-0x300000000 (8191 MiB)
[164311.224945] NVMeVirt: Total Capacity(GiB,MiB)=2,2048 chs=2 luns=4 lines=8192 blk-size(MiB,KiB)=0,64 line-size(MiB,KiB)=0,256
[164311.232039] NVMeVirt: [chmodel_init] bandwidth 800 max_credits 26 tx_time 152
[164311.238654] NVMeVirt: [chmodel_init] bandwidth 800 max_credits 26 tx_time 152
[164311.238669] NVMeVirt: [chmodel_init] bandwidth 3360 max_credits 110 tx_time 36
[164311.239969] NVMeVirt: pqueue: Copyright (c) 2014, Volkan Yazıcı <volkan.yazici@gmail.com>. All rights reserved.
[164311.240004] NVMeVirt: Init FTL instance with 2 channels (524288 pages)
[164311.240005] NVMeVirt: GC victim policy: cat-fig7 k=10 scale_pct=100 age_ratio=16
[164311.246857] NVMeVirt: [chmodel_init] bandwidth 800 max_credits 26 tx_time 152
[164311.253634] NVMeVirt: [chmodel_init] bandwidth 800 max_credits 26 tx_time 152
[164311.253649] NVMeVirt: [chmodel_init] bandwidth 3360 max_credits 110 tx_time 36
[164311.255073] NVMeVirt: Init FTL instance with 2 channels (524288 pages)
[164311.255075] NVMeVirt: GC victim policy: cat-fig7 k=10 scale_pct=100 age_ratio=16
[164311.261786] NVMeVirt: [chmodel_init] bandwidth 800 max_credits 26 tx_time 152
[164311.268514] NVMeVirt: [chmodel_init] bandwidth 800 max_credits 26 tx_time 152
[164311.268528] NVMeVirt: [chmodel_init] bandwidth 3360 max_credits 110 tx_time 36
[164311.269975] NVMeVirt: Init FTL instance with 2 channels (524288 pages)
[164311.269976] NVMeVirt: GC victim policy: cat-fig7 k=10 scale_pct=100 age_ratio=16
[164311.276839] NVMeVirt: [chmodel_init] bandwidth 800 max_credits 26 tx_time 152
[164311.283463] NVMeVirt: [chmodel_init] bandwidth 800 max_credits 26 tx_time 152
[164311.283477] NVMeVirt: [chmodel_init] bandwidth 3360 max_credits 110 tx_time 36
[164311.284848] NVMeVirt: Init FTL instance with 2 channels (524288 pages)
[164311.284850] NVMeVirt: GC victim policy: cat-fig7 k=10 scale_pct=100 age_ratio=16
[164311.284854] NVMeVirt: FTL physical space: 8588886016, logical space: 8026996276 (physical/logical * 100 = 107)
[164311.284855] NVMeVirt: ns 0/1: size 7655 MiB
[164311.284893] PCI host bridge to bus 0001:10
[164311.284895] pci_bus 0001:10: root bus resource [io  0x0000-0xffff]
[164311.284897] pci_bus 0001:10: root bus resource [mem 0x00000000-0x3fffffffffff]
[164311.284899] pci_bus 0001:10: root bus resource [bus 00-ff]
[164311.284904] pci 0001:10:00.0: [0c51:0110] type 00 class 0x010802 PCIe Endpoint
[164311.284907] pci 0001:10:00.0: BAR 0 [mem 0x100000000-0x100003fff 64bit]
[164311.284909] pci 0001:10:00.0: enabling Extended Tags
[164311.285021] NVMeVirt: Virtual PCI bus created (node 0)
[164311.285538] NVMeVirt: nvmev_io_worker_0 started on cpu 2 (node 0)
[164311.285742] NVMeVirt: nvmev_dispatcher started on cpu 1 (node 0)
[164311.285898] nvme nvme1: pci function 0001:10:00.0
[164311.290483] nvme nvme1: 20/0/0 default/read/poll queues
[164311.293718] NVMeVirt: Virtual NVMe device created
[164312.356439] EXT4-fs (nvme1n1): mounted filesystem c1103ac9-bacd-4999-97f6-45c36cbc99f2 r/w with ordered data mode. Quota mode: none.
[164315.417699] iCAT_FILEBENCH_MEASURE_START run=20260830-191708-158871
[164316.664380] sh (158946): drop_caches: 3
[164320.784682] sh (158946): drop_caches: 3
[164324.902455] sh (158946): drop_caches: 3
[164329.008056] sh (158946): drop_caches: 3
[164333.122160] sh (158946): drop_caches: 3
[164337.236934] sh (158946): drop_caches: 3
[164341.368655] sh (158946): drop_caches: 3
[164345.479776] sh (158946): drop_caches: 3
[164349.587519] sh (158946): drop_caches: 3
[164353.698329] sh (158946): drop_caches: 3
[164357.812904] sh (158946): drop_caches: 3
[164361.927324] sh (158946): drop_caches: 3
[164366.037695] sh (158946): drop_caches: 3
[164370.151510] sh (158946): drop_caches: 3
[164374.262302] sh (158946): drop_caches: 3
[164376.452918] iCAT_FILEBENCH_MEASURE_END run=20260830-191708-158871
[164378.374223] EXT4-fs (nvme1n1): unmounting filesystem c1103ac9-bacd-4999-97f6-45c36cbc99f2.
[164378.438451] pci_bus 0001:10: busn_res: [bus 10-ff] is released
[164378.438492] NVMeVirt: GC stats: policy=cat-fig7 host_pages=17280352 gc_pages=5885084 gc_count=361954 WAF=1.340 k=10 scale_pct=100 age_ratio=16
[164378.505372] NVMeVirt: Virtual NVMe device closed
