[162961.844721] NVMeVirt: Version 1.10 for >> Samsung 970 Pro SSD <<
[162961.844733] NVMeVirt: Storage: 0x100100000-0x300000000 (8191 MiB)
[162961.851604] NVMeVirt: Total Capacity(GiB,MiB)=2,2048 chs=2 luns=4 lines=8192 blk-size(MiB,KiB)=0,64 line-size(MiB,KiB)=0,256
[162961.860836] NVMeVirt: [chmodel_init] bandwidth 800 max_credits 26 tx_time 152
[162961.867399] NVMeVirt: [chmodel_init] bandwidth 800 max_credits 26 tx_time 152
[162961.867412] NVMeVirt: [chmodel_init] bandwidth 3360 max_credits 110 tx_time 36
[162961.868685] NVMeVirt: pqueue: Copyright (c) 2014, Volkan Yazıcı <volkan.yazici@gmail.com>. All rights reserved.
[162961.868720] NVMeVirt: Init FTL instance with 2 channels (524288 pages)
[162961.868721] NVMeVirt: GC victim policy: cat-fig7 k=7 scale_pct=50 age_ratio=4
[162961.875836] NVMeVirt: [chmodel_init] bandwidth 800 max_credits 26 tx_time 152
[162961.882797] NVMeVirt: [chmodel_init] bandwidth 800 max_credits 26 tx_time 152
[162961.882810] NVMeVirt: [chmodel_init] bandwidth 3360 max_credits 110 tx_time 36
[162961.884254] NVMeVirt: Init FTL instance with 2 channels (524288 pages)
[162961.884256] NVMeVirt: GC victim policy: cat-fig7 k=7 scale_pct=50 age_ratio=4
[162961.891258] NVMeVirt: [chmodel_init] bandwidth 800 max_credits 26 tx_time 152
[162961.898172] NVMeVirt: [chmodel_init] bandwidth 800 max_credits 26 tx_time 152
[162961.898185] NVMeVirt: [chmodel_init] bandwidth 3360 max_credits 110 tx_time 36
[162961.899622] NVMeVirt: Init FTL instance with 2 channels (524288 pages)
[162961.899624] NVMeVirt: GC victim policy: cat-fig7 k=7 scale_pct=50 age_ratio=4
[162961.906531] NVMeVirt: [chmodel_init] bandwidth 800 max_credits 26 tx_time 152
[162961.913477] NVMeVirt: [chmodel_init] bandwidth 800 max_credits 26 tx_time 152
[162961.913491] NVMeVirt: [chmodel_init] bandwidth 3360 max_credits 110 tx_time 36
[162961.914936] NVMeVirt: Init FTL instance with 2 channels (524288 pages)
[162961.914937] NVMeVirt: GC victim policy: cat-fig7 k=7 scale_pct=50 age_ratio=4
[162961.914940] NVMeVirt: FTL physical space: 8588886016, logical space: 8026996276 (physical/logical * 100 = 107)
[162961.914942] NVMeVirt: ns 0/1: size 7655 MiB
[162961.914983] PCI host bridge to bus 0001:10
[162961.914985] pci_bus 0001:10: root bus resource [io  0x0000-0xffff]
[162961.914987] pci_bus 0001:10: root bus resource [mem 0x00000000-0x3fffffffffff]
[162961.914988] pci_bus 0001:10: root bus resource [bus 00-ff]
[162961.914994] pci 0001:10:00.0: [0c51:0110] type 00 class 0x010802 PCIe Endpoint
[162961.914997] pci 0001:10:00.0: BAR 0 [mem 0x100000000-0x100003fff 64bit]
[162961.914999] pci 0001:10:00.0: enabling Extended Tags
[162961.915110] NVMeVirt: Virtual PCI bus created (node 0)
[162961.915443] NVMeVirt: nvmev_io_worker_0 started on cpu 2 (node 0)
[162961.915564] NVMeVirt: nvmev_dispatcher started on cpu 1 (node 0)
[162961.915711] nvme nvme1: pci function 0001:10:00.0
[162961.920483] nvme nvme1: 20/0/0 default/read/poll queues
[162961.924043] NVMeVirt: Virtual NVMe device created
[162962.986081] EXT4-fs (nvme1n1): mounted filesystem 87a09b99-6e45-4175-a36f-562a86f35db3 r/w with ordered data mode. Quota mode: none.
[162966.043518] iCAT_FILEBENCH_MEASURE_START run=20260830-185439-155316
[162967.281488] sh (155389): drop_caches: 3
[162971.390075] sh (155389): drop_caches: 3
[162975.502968] sh (155389): drop_caches: 3
[162979.617282] sh (155389): drop_caches: 3
[162983.723920] sh (155389): drop_caches: 3
[162987.831277] sh (155389): drop_caches: 3
[162991.943703] sh (155389): drop_caches: 3
[162996.052851] sh (155389): drop_caches: 3
[163000.160062] sh (155389): drop_caches: 3
[163004.272720] sh (155389): drop_caches: 3
[163008.380232] sh (155389): drop_caches: 3
[163012.487709] sh (155389): drop_caches: 3
[163016.596292] sh (155389): drop_caches: 3
[163020.710715] sh (155389): drop_caches: 3
[163024.823375] sh (155389): drop_caches: 3
[163027.076934] iCAT_FILEBENCH_MEASURE_END run=20260830-185439-155316
[163028.931787] EXT4-fs (nvme1n1): unmounting filesystem 87a09b99-6e45-4175-a36f-562a86f35db3.
[163029.024289] pci_bus 0001:10: busn_res: [bus 10-ff] is released
[163029.024330] NVMeVirt: GC stats: policy=cat-fig7 host_pages=17374789 gc_pages=5782982 gc_count=361833 WAF=1.332 k=7 scale_pct=50 age_ratio=4
[163029.099018] NVMeVirt: Virtual NVMe device closed
