[163771.424507] NVMeVirt: Version 1.10 for >> Samsung 970 Pro SSD <<
[163771.424516] NVMeVirt: Storage: 0x100100000-0x300000000 (8191 MiB)
[163771.431994] NVMeVirt: Total Capacity(GiB,MiB)=2,2048 chs=2 luns=4 lines=8192 blk-size(MiB,KiB)=0,64 line-size(MiB,KiB)=0,256
[163771.441849] NVMeVirt: [chmodel_init] bandwidth 800 max_credits 26 tx_time 152
[163771.448921] NVMeVirt: [chmodel_init] bandwidth 800 max_credits 26 tx_time 152
[163771.448936] NVMeVirt: [chmodel_init] bandwidth 3360 max_credits 110 tx_time 36
[163771.450305] NVMeVirt: pqueue: Copyright (c) 2014, Volkan Yazıcı <volkan.yazici@gmail.com>. All rights reserved.
[163771.450341] NVMeVirt: Init FTL instance with 2 channels (524288 pages)
[163771.450343] NVMeVirt: GC victim policy: cat-fig7 k=10 scale_pct=25 age_ratio=4
[163771.457235] NVMeVirt: [chmodel_init] bandwidth 800 max_credits 26 tx_time 152
[163771.464164] NVMeVirt: [chmodel_init] bandwidth 800 max_credits 26 tx_time 152
[163771.464177] NVMeVirt: [chmodel_init] bandwidth 3360 max_credits 110 tx_time 36
[163771.465609] NVMeVirt: Init FTL instance with 2 channels (524288 pages)
[163771.465610] NVMeVirt: GC victim policy: cat-fig7 k=10 scale_pct=25 age_ratio=4
[163771.472467] NVMeVirt: [chmodel_init] bandwidth 800 max_credits 26 tx_time 152
[163771.479380] NVMeVirt: [chmodel_init] bandwidth 800 max_credits 26 tx_time 152
[163771.479461] NVMeVirt: [chmodel_init] bandwidth 3360 max_credits 110 tx_time 36
[163771.480891] NVMeVirt: Init FTL instance with 2 channels (524288 pages)
[163771.480892] NVMeVirt: GC victim policy: cat-fig7 k=10 scale_pct=25 age_ratio=4
[163771.487760] NVMeVirt: [chmodel_init] bandwidth 800 max_credits 26 tx_time 152
[163771.494562] NVMeVirt: [chmodel_init] bandwidth 800 max_credits 26 tx_time 152
[163771.494576] NVMeVirt: [chmodel_init] bandwidth 3360 max_credits 110 tx_time 36
[163771.495906] NVMeVirt: Init FTL instance with 2 channels (524288 pages)
[163771.495907] NVMeVirt: GC victim policy: cat-fig7 k=10 scale_pct=25 age_ratio=4
[163771.495912] NVMeVirt: FTL physical space: 8588886016, logical space: 8026996276 (physical/logical * 100 = 107)
[163771.495913] NVMeVirt: ns 0/1: size 7655 MiB
[163771.495952] PCI host bridge to bus 0001:10
[163771.495954] pci_bus 0001:10: root bus resource [io  0x0000-0xffff]
[163771.495956] pci_bus 0001:10: root bus resource [mem 0x00000000-0x3fffffffffff]
[163771.495957] pci_bus 0001:10: root bus resource [bus 00-ff]
[163771.495963] pci 0001:10:00.0: [0c51:0110] type 00 class 0x010802 PCIe Endpoint
[163771.495966] pci 0001:10:00.0: BAR 0 [mem 0x100000000-0x100003fff 64bit]
[163771.495968] pci 0001:10:00.0: enabling Extended Tags
[163771.496077] NVMeVirt: Virtual PCI bus created (node 0)
[163771.496648] NVMeVirt: nvmev_dispatcher started on cpu 1 (node 0)
[163771.496738] NVMeVirt: nvmev_io_worker_0 started on cpu 2 (node 0)
[163771.496811] nvme nvme1: pci function 0001:10:00.0
[163771.500950] nvme nvme1: 20/0/0 default/read/poll queues
[163771.504485] NVMeVirt: Virtual NVMe device created
[163772.565860] EXT4-fs (nvme1n1): mounted filesystem b59b008c-8b52-438e-a6b1-3daf9f79f0be r/w with ordered data mode. Quota mode: none.
[163775.657777] iCAT_FILEBENCH_MEASURE_START run=20260830-190808-157445
[163776.874397] sh (157519): drop_caches: 3
[163780.988239] sh (157519): drop_caches: 3
[163785.104142] sh (157519): drop_caches: 3
[163789.219392] sh (157519): drop_caches: 3
[163793.332354] sh (157519): drop_caches: 3
[163797.446007] sh (157519): drop_caches: 3
[163801.560739] sh (157519): drop_caches: 3
[163805.670672] sh (157519): drop_caches: 3
[163809.783935] sh (157519): drop_caches: 3
[163813.896602] sh (157519): drop_caches: 3
[163818.002394] sh (157519): drop_caches: 3
[163822.115082] sh (157519): drop_caches: 3
[163826.221903] sh (157519): drop_caches: 3
[163830.329703] sh (157519): drop_caches: 3
[163834.440105] sh (157519): drop_caches: 3
[163836.689411] iCAT_FILEBENCH_MEASURE_END run=20260830-190808-157445
[163838.542998] EXT4-fs (nvme1n1): unmounting filesystem b59b008c-8b52-438e-a6b1-3daf9f79f0be.
[163838.636623] pci_bus 0001:10: busn_res: [bus 10-ff] is released
[163838.636696] NVMeVirt: GC stats: policy=cat-fig7 host_pages=15801070 gc_pages=4882903 gc_count=323181 WAF=1.309 k=10 scale_pct=25 age_ratio=4
[163838.709708] NVMeVirt: Virtual NVMe device closed
