[164513.643270] NVMeVirt: Version 1.10 for >> Samsung 970 Pro SSD <<
[164513.643279] NVMeVirt: Storage: 0x100100000-0x300000000 (8191 MiB)
[164513.650686] NVMeVirt: Total Capacity(GiB,MiB)=2,2048 chs=2 luns=4 lines=8192 blk-size(MiB,KiB)=0,64 line-size(MiB,KiB)=0,256
[164513.661519] NVMeVirt: [chmodel_init] bandwidth 800 max_credits 26 tx_time 152
[164513.668417] NVMeVirt: [chmodel_init] bandwidth 800 max_credits 26 tx_time 152
[164513.668431] NVMeVirt: [chmodel_init] bandwidth 3360 max_credits 110 tx_time 36
[164513.669921] NVMeVirt: pqueue: Copyright (c) 2014, Volkan Yazıcı <volkan.yazici@gmail.com>. All rights reserved.
[164513.669960] NVMeVirt: Init FTL instance with 2 channels (524288 pages)
[164513.669961] NVMeVirt: GC victim policy: cat-fig7 k=10 scale_pct=200 age_ratio=16
[164513.676901] NVMeVirt: [chmodel_init] bandwidth 800 max_credits 26 tx_time 152
[164513.683913] NVMeVirt: [chmodel_init] bandwidth 800 max_credits 26 tx_time 152
[164513.683927] NVMeVirt: [chmodel_init] bandwidth 3360 max_credits 110 tx_time 36
[164513.685559] NVMeVirt: Init FTL instance with 2 channels (524288 pages)
[164513.685560] NVMeVirt: GC victim policy: cat-fig7 k=10 scale_pct=200 age_ratio=16
[164513.692435] NVMeVirt: [chmodel_init] bandwidth 800 max_credits 26 tx_time 152
[164513.699261] NVMeVirt: [chmodel_init] bandwidth 800 max_credits 26 tx_time 152
[164513.699275] NVMeVirt: [chmodel_init] bandwidth 3360 max_credits 110 tx_time 36
[164513.700619] NVMeVirt: Init FTL instance with 2 channels (524288 pages)
[164513.700620] NVMeVirt: GC victim policy: cat-fig7 k=10 scale_pct=200 age_ratio=16
[164513.707389] NVMeVirt: [chmodel_init] bandwidth 800 max_credits 26 tx_time 152
[164513.714145] NVMeVirt: [chmodel_init] bandwidth 800 max_credits 26 tx_time 152
[164513.714159] NVMeVirt: [chmodel_init] bandwidth 3360 max_credits 110 tx_time 36
[164513.715517] NVMeVirt: Init FTL instance with 2 channels (524288 pages)
[164513.715518] NVMeVirt: GC victim policy: cat-fig7 k=10 scale_pct=200 age_ratio=16
[164513.715522] NVMeVirt: FTL physical space: 8588886016, logical space: 8026996276 (physical/logical * 100 = 107)
[164513.715523] NVMeVirt: ns 0/1: size 7655 MiB
[164513.715562] PCI host bridge to bus 0001:10
[164513.715564] pci_bus 0001:10: root bus resource [io  0x0000-0xffff]
[164513.715566] pci_bus 0001:10: root bus resource [mem 0x00000000-0x3fffffffffff]
[164513.715568] pci_bus 0001:10: root bus resource [bus 00-ff]
[164513.715574] pci 0001:10:00.0: [0c51:0110] type 00 class 0x010802 PCIe Endpoint
[164513.715576] pci 0001:10:00.0: BAR 0 [mem 0x100000000-0x100003fff 64bit]
[164513.715578] pci 0001:10:00.0: enabling Extended Tags
[164513.715689] NVMeVirt: Virtual PCI bus created (node 0)
[164513.716138] NVMeVirt: nvmev_io_worker_0 started on cpu 2 (node 0)
[164513.716236] NVMeVirt: nvmev_dispatcher started on cpu 1 (node 0)
[164513.716390] nvme nvme1: pci function 0001:10:00.0
[164513.721079] nvme nvme1: 20/0/0 default/read/poll queues
[164513.723485] NVMeVirt: Virtual NVMe device created
[164514.786909] EXT4-fs (nvme1n1): mounted filesystem f404f340-9ca2-49a0-81a7-5a94e9f155a1 r/w with ordered data mode. Quota mode: none.
[164517.844646] iCAT_FILEBENCH_MEASURE_START run=20260830-192031-159406
[164519.084971] sh (159480): drop_caches: 3
[164523.200384] sh (159480): drop_caches: 3
[164527.310713] sh (159480): drop_caches: 3
[164531.416688] sh (159480): drop_caches: 3
[164535.527782] sh (159480): drop_caches: 3
[164539.641660] sh (159480): drop_caches: 3
[164543.756649] sh (159480): drop_caches: 3
[164547.867890] sh (159480): drop_caches: 3
[164551.983651] sh (159480): drop_caches: 3
[164556.090313] sh (159480): drop_caches: 3
[164560.200677] sh (159480): drop_caches: 3
[164564.316132] sh (159480): drop_caches: 3
[164568.426215] sh (159480): drop_caches: 3
[164572.538698] sh (159480): drop_caches: 3
[164576.652755] sh (159480): drop_caches: 3
[164578.869061] iCAT_FILEBENCH_MEASURE_END run=20260830-192031-159406
[164580.761739] EXT4-fs (nvme1n1): unmounting filesystem f404f340-9ca2-49a0-81a7-5a94e9f155a1.
[164580.848825] pci_bus 0001:10: busn_res: [bus 10-ff] is released
[164580.848886] NVMeVirt: GC stats: policy=cat-fig7 host_pages=17618073 gc_pages=6005664 gc_count=369115 WAF=1.340 k=10 scale_pct=200 age_ratio=16
[164580.915987] NVMeVirt: Virtual NVMe device closed
