[161882.267040] NVMeVirt: Version 1.10 for >> Samsung 970 Pro SSD <<
[161882.267050] NVMeVirt: Storage: 0x100100000-0x300000000 (8191 MiB)
[161882.273064] NVMeVirt: Total Capacity(GiB,MiB)=2,2048 chs=2 luns=4 lines=8192 blk-size(MiB,KiB)=0,64 line-size(MiB,KiB)=0,256
[161882.279715] NVMeVirt: [chmodel_init] bandwidth 800 max_credits 26 tx_time 152
[161882.286411] NVMeVirt: [chmodel_init] bandwidth 800 max_credits 26 tx_time 152
[161882.286425] NVMeVirt: [chmodel_init] bandwidth 3360 max_credits 110 tx_time 36
[161882.287936] NVMeVirt: pqueue: Copyright (c) 2014, Volkan Yazıcı <volkan.yazici@gmail.com>. All rights reserved.
[161882.287974] NVMeVirt: Init FTL instance with 2 channels (524288 pages)
[161882.287975] NVMeVirt: GC victim policy: cat-fig7 k=4 scale_pct=25 age_ratio=16
[161882.294920] NVMeVirt: [chmodel_init] bandwidth 800 max_credits 26 tx_time 152
[161882.301961] NVMeVirt: [chmodel_init] bandwidth 800 max_credits 26 tx_time 152
[161882.301975] NVMeVirt: [chmodel_init] bandwidth 3360 max_credits 110 tx_time 36
[161882.303455] NVMeVirt: Init FTL instance with 2 channels (524288 pages)
[161882.303457] NVMeVirt: GC victim policy: cat-fig7 k=4 scale_pct=25 age_ratio=16
[161882.310380] NVMeVirt: [chmodel_init] bandwidth 800 max_credits 26 tx_time 152
[161882.317295] NVMeVirt: [chmodel_init] bandwidth 800 max_credits 26 tx_time 152
[161882.317310] NVMeVirt: [chmodel_init] bandwidth 3360 max_credits 110 tx_time 36
[161882.318727] NVMeVirt: Init FTL instance with 2 channels (524288 pages)
[161882.318728] NVMeVirt: GC victim policy: cat-fig7 k=4 scale_pct=25 age_ratio=16
[161882.325522] NVMeVirt: [chmodel_init] bandwidth 800 max_credits 26 tx_time 152
[161882.332244] NVMeVirt: [chmodel_init] bandwidth 800 max_credits 26 tx_time 152
[161882.332257] NVMeVirt: [chmodel_init] bandwidth 3360 max_credits 110 tx_time 36
[161882.333586] NVMeVirt: Init FTL instance with 2 channels (524288 pages)
[161882.333587] NVMeVirt: GC victim policy: cat-fig7 k=4 scale_pct=25 age_ratio=16
[161882.333591] NVMeVirt: FTL physical space: 8588886016, logical space: 8026996276 (physical/logical * 100 = 107)
[161882.333593] NVMeVirt: ns 0/1: size 7655 MiB
[161882.333630] PCI host bridge to bus 0001:10
[161882.333632] pci_bus 0001:10: root bus resource [io  0x0000-0xffff]
[161882.333634] pci_bus 0001:10: root bus resource [mem 0x00000000-0x3fffffffffff]
[161882.333636] pci_bus 0001:10: root bus resource [bus 00-ff]
[161882.333642] pci 0001:10:00.0: [0c51:0110] type 00 class 0x010802 PCIe Endpoint
[161882.333645] pci 0001:10:00.0: BAR 0 [mem 0x100000000-0x100003fff 64bit]
[161882.333647] pci 0001:10:00.0: enabling Extended Tags
[161882.333757] NVMeVirt: Virtual PCI bus created (node 0)
[161882.334156] NVMeVirt: nvmev_dispatcher started on cpu 1 (node 0)
[161882.334241] NVMeVirt: nvmev_io_worker_0 started on cpu 2 (node 0)
[161882.334306] nvme nvme1: pci function 0001:10:00.0
[161882.337082] nvme nvme1: 20/0/0 default/read/poll queues
[161882.339556] NVMeVirt: Virtual NVMe device created
[161883.402708] EXT4-fs (nvme1n1): mounted filesystem e5b59ff0-ecdc-4bf5-819b-5051334456c8 r/w with ordered data mode. Quota mode: none.
[161886.492650] iCAT_FILEBENCH_MEASURE_START run=20260830-183639-152487
[161887.712485] sh (152562): drop_caches: 3
[161891.831193] sh (152562): drop_caches: 3
[161895.941757] sh (152562): drop_caches: 3
[161900.054228] sh (152562): drop_caches: 3
[161904.168410] sh (152562): drop_caches: 3
[161908.283026] sh (152562): drop_caches: 3
[161912.395512] sh (152562): drop_caches: 3
[161916.508825] sh (152562): drop_caches: 3
[161920.619878] sh (152562): drop_caches: 3
[161924.730711] sh (152562): drop_caches: 3
[161928.842363] sh (152562): drop_caches: 3
[161932.956607] sh (152562): drop_caches: 3
[161937.069860] sh (152562): drop_caches: 3
[161941.181804] sh (152562): drop_caches: 3
[161945.296611] sh (152562): drop_caches: 3
[161947.524769] iCAT_FILEBENCH_MEASURE_END run=20260830-183639-152487
[161949.408543] EXT4-fs (nvme1n1): unmounting filesystem e5b59ff0-ecdc-4bf5-819b-5051334456c8.
[161949.482790] pci_bus 0001:10: busn_res: [bus 10-ff] is released
[161949.482959] NVMeVirt: GC stats: policy=cat-fig7 host_pages=17615651 gc_pages=6037703 gc_count=369577 WAF=1.342 k=4 scale_pct=25 age_ratio=16
[161949.548870] NVMeVirt: Virtual NVMe device closed
