[162354.625533] NVMeVirt: Version 1.10 for >> Samsung 970 Pro SSD <<
[162354.625546] NVMeVirt: Storage: 0x100100000-0x300000000 (8191 MiB)
[162354.634321] NVMeVirt: Total Capacity(GiB,MiB)=2,2048 chs=2 luns=4 lines=8192 blk-size(MiB,KiB)=0,64 line-size(MiB,KiB)=0,256
[162354.643885] NVMeVirt: [chmodel_init] bandwidth 800 max_credits 26 tx_time 152
[162354.651122] NVMeVirt: [chmodel_init] bandwidth 800 max_credits 26 tx_time 152
[162354.651136] NVMeVirt: [chmodel_init] bandwidth 3360 max_credits 110 tx_time 36
[162354.652576] NVMeVirt: pqueue: Copyright (c) 2014, Volkan Yazıcı <volkan.yazici@gmail.com>. All rights reserved.
[162354.652619] NVMeVirt: Init FTL instance with 2 channels (524288 pages)
[162354.652620] NVMeVirt: GC victim policy: cat-fig7 k=4 scale_pct=200 age_ratio=4
[162354.660205] NVMeVirt: [chmodel_init] bandwidth 800 max_credits 26 tx_time 152
[162354.667233] NVMeVirt: [chmodel_init] bandwidth 800 max_credits 26 tx_time 152
[162354.667248] NVMeVirt: [chmodel_init] bandwidth 3360 max_credits 110 tx_time 36
[162354.668751] NVMeVirt: Init FTL instance with 2 channels (524288 pages)
[162354.668753] NVMeVirt: GC victim policy: cat-fig7 k=4 scale_pct=200 age_ratio=4
[162354.675656] NVMeVirt: [chmodel_init] bandwidth 800 max_credits 26 tx_time 152
[162354.682459] NVMeVirt: [chmodel_init] bandwidth 800 max_credits 26 tx_time 152
[162354.682474] NVMeVirt: [chmodel_init] bandwidth 3360 max_credits 110 tx_time 36
[162354.683952] NVMeVirt: Init FTL instance with 2 channels (524288 pages)
[162354.683953] NVMeVirt: GC victim policy: cat-fig7 k=4 scale_pct=200 age_ratio=4
[162354.690772] NVMeVirt: [chmodel_init] bandwidth 800 max_credits 26 tx_time 152
[162354.697654] NVMeVirt: [chmodel_init] bandwidth 800 max_credits 26 tx_time 152
[162354.697668] NVMeVirt: [chmodel_init] bandwidth 3360 max_credits 110 tx_time 36
[162354.699184] NVMeVirt: Init FTL instance with 2 channels (524288 pages)
[162354.699185] NVMeVirt: GC victim policy: cat-fig7 k=4 scale_pct=200 age_ratio=4
[162354.699189] NVMeVirt: FTL physical space: 8588886016, logical space: 8026996276 (physical/logical * 100 = 107)
[162354.699191] NVMeVirt: ns 0/1: size 7655 MiB
[162354.699232] PCI host bridge to bus 0001:10
[162354.699234] pci_bus 0001:10: root bus resource [io  0x0000-0xffff]
[162354.699236] pci_bus 0001:10: root bus resource [mem 0x00000000-0x3fffffffffff]
[162354.699238] pci_bus 0001:10: root bus resource [bus 00-ff]
[162354.699244] pci 0001:10:00.0: [0c51:0110] type 00 class 0x010802 PCIe Endpoint
[162354.699247] pci 0001:10:00.0: BAR 0 [mem 0x100000000-0x100003fff 64bit]
[162354.699248] pci 0001:10:00.0: enabling Extended Tags
[162354.699362] NVMeVirt: Virtual PCI bus created (node 0)
[162354.699866] NVMeVirt: nvmev_io_worker_0 started on cpu 2 (node 0)
[162354.699939] NVMeVirt: nvmev_dispatcher started on cpu 1 (node 0)
[162354.700026] nvme nvme1: pci function 0001:10:00.0
[162354.704454] nvme nvme1: 20/0/0 default/read/poll queues
[162354.706804] NVMeVirt: Virtual NVMe device created
[162355.770401] EXT4-fs (nvme1n1): mounted filesystem 45be71b7-a910-47f3-b43a-3c2573c25553 r/w with ordered data mode. Quota mode: none.
[162358.880931] iCAT_FILEBENCH_MEASURE_START run=20260830-184432-153723
[162360.068108] sh (153798): drop_caches: 3
[162364.182177] sh (153798): drop_caches: 3
[162368.291680] sh (153798): drop_caches: 3
[162372.404099] sh (153798): drop_caches: 3
[162376.516486] sh (153798): drop_caches: 3
[162380.629204] sh (153798): drop_caches: 3
[162384.743609] sh (153798): drop_caches: 3
[162388.856125] sh (153798): drop_caches: 3
[162392.962983] sh (153798): drop_caches: 3
[162397.072493] sh (153798): drop_caches: 3
[162401.185819] sh (153798): drop_caches: 3
[162405.296120] sh (153798): drop_caches: 3
[162409.409343] sh (153798): drop_caches: 3
[162413.524282] sh (153798): drop_caches: 3
[162417.636718] sh (153798): drop_caches: 3
[162419.915384] iCAT_FILEBENCH_MEASURE_END run=20260830-184432-153723
[162421.742784] EXT4-fs (nvme1n1): unmounting filesystem 45be71b7-a910-47f3-b43a-3c2573c25553.
[162421.821610] pci_bus 0001:10: busn_res: [bus 10-ff] is released
[162421.821650] NVMeVirt: GC stats: policy=cat-fig7 host_pages=17783457 gc_pages=6147061 gc_count=373908 WAF=1.345 k=4 scale_pct=200 age_ratio=4
[162421.890584] NVMeVirt: Virtual NVMe device closed
